Archive member included because of file (symbol)

c:/devkitPro/libnds/lib\libnds9.a(console.o)
                              main.o (consoleDemoInit)
c:/devkitPro/libnds/lib\libnds9.a(initSystem.o)
                              c:/devkitpro/devkitarm/bin/../lib/gcc/arm-eabi/4.6.1/../../../../arm-eabi/lib/thumb/ds_arm9_crt0.o (initSystem)
c:/devkitPro/libnds/lib\libnds9.a(fifosystem.o)
                              c:/devkitPro/libnds/lib\libnds9.a(initSystem.o) (fifoSendValue32)
c:/devkitPro/libnds/lib\libnds9.a(interrupts.o)
                              c:/devkitPro/libnds/lib\libnds9.a(fifosystem.o) (irqSet)
c:/devkitPro/libnds/lib\libnds9.a(libnds_exit.o)
                              c:/devkitpro/devkitarm/bin/../lib/gcc/arm-eabi/4.6.1/../../../../arm-eabi/lib/thumb/ds_arm9_crt0.o (__libnds_exit)
c:/devkitPro/libnds/lib\libnds9.a(mpu_setup.o)
                              c:/devkitpro/devkitarm/bin/../lib/gcc/arm-eabi/4.6.1/../../../../arm-eabi/lib/thumb/ds_arm9_crt0.o (__libnds_mpu_setup)
c:/devkitPro/libnds/lib\libnds9.a(biosCalls.o)
                              c:/devkitPro/libnds/lib\libnds9.a(fifosystem.o) (swiIntrWait)
c:/devkitPro/libnds/lib\libnds9.a(debugprint.o)
                              c:/devkitPro/libnds/lib\libnds9.a(console.o) (nocashWrite)
c:/devkitPro/libnds/lib\libnds9.a(interruptDispatcher.o)
                              c:/devkitPro/libnds/lib\libnds9.a(interrupts.o) (IntrMain)
c:/devkitPro/libnds/lib\libnds9.a(swiSoftReset.o)
                              c:/devkitPro/libnds/lib\libnds9.a(fifosystem.o) (swiSoftReset)
c:/devkitPro/libnds/lib\libnds9.a(default_font.bin.o)
                              c:/devkitPro/libnds/lib\libnds9.a(console.o) (default_font_bin)
c:/devkitPro/libnds/lib\libnds9.a(background.o)
                              c:/devkitPro/libnds/lib\libnds9.a(console.o) (bgState)
c:/devkitPro/libnds/lib\libnds9.a(system.o)
                              c:/devkitPro/libnds/lib\libnds9.a(initSystem.o) (systemMsgHandler)
c:/devkitPro/libnds/lib\libnds9.a(trig.o)
                              c:/devkitPro/libnds/lib\libnds9.a(background.o) (sinLerp)
c:/devkitPro/libnds/lib\libnds9.a(video.o)
                              c:/devkitPro/libnds/lib\libnds9.a(initSystem.o) (vramDefault)
d:/Dropbox/studia/informatyka/magisterka/code/phase01/sandbox/lib\liblibs.a(basic_lib.o)
                              test.o (print_int)
c:/devkitpro/devkitarm/bin/../lib/gcc/arm-eabi/4.6.1/thumb\libgcc.a(_divsi3.o)
                              c:/devkitPro/libnds/lib\libnds9.a(console.o) (__aeabi_idivmod)
c:/devkitpro/devkitarm/bin/../lib/gcc/arm-eabi/4.6.1/thumb\libgcc.a(_dvmd_tls.o)
                              c:/devkitpro/devkitarm/bin/../lib/gcc/arm-eabi/4.6.1/thumb\libgcc.a(_divsi3.o) (__aeabi_idiv0)
c:/devkitpro/devkitarm/bin/../lib/gcc/arm-eabi/4.6.1/../../../../arm-eabi/lib/thumb\libg.a(lib_a-bsearch.o)
                              c:/devkitPro/libnds/lib\libnds9.a(trig.o) (bsearch)
c:/devkitpro/devkitarm/bin/../lib/gcc/arm-eabi/4.6.1/../../../../arm-eabi/lib/thumb\libg.a(lib_a-impure.o)
                              c:/devkitPro/libnds/lib\libnds9.a(console.o) (_impure_ptr)
c:/devkitpro/devkitarm/bin/../lib/gcc/arm-eabi/4.6.1/../../../../arm-eabi/lib/thumb\libg.a(lib_a-init.o)
                              c:/devkitpro/devkitarm/bin/../lib/gcc/arm-eabi/4.6.1/../../../../arm-eabi/lib/thumb/ds_arm9_crt0.o (__libc_init_array)
c:/devkitpro/devkitarm/bin/../lib/gcc/arm-eabi/4.6.1/../../../../arm-eabi/lib/thumb\libg.a(lib_a-iprintf.o)
                              main.o (iprintf)
c:/devkitpro/devkitarm/bin/../lib/gcc/arm-eabi/4.6.1/../../../../arm-eabi/lib/thumb\libg.a(lib_a-malloc.o)
                              main.o (malloc)
c:/devkitpro/devkitarm/bin/../lib/gcc/arm-eabi/4.6.1/../../../../arm-eabi/lib/thumb\libg.a(lib_a-mallocr.o)
                              c:/devkitpro/devkitarm/bin/../lib/gcc/arm-eabi/4.6.1/../../../../arm-eabi/lib/thumb\libg.a(lib_a-malloc.o) (_malloc_r)
c:/devkitpro/devkitarm/bin/../lib/gcc/arm-eabi/4.6.1/../../../../arm-eabi/lib/thumb\libg.a(lib_a-memcpy.o)
                              c:/devkitPro/libnds/lib\libnds9.a(console.o) (memcpy)
c:/devkitpro/devkitarm/bin/../lib/gcc/arm-eabi/4.6.1/../../../../arm-eabi/lib/thumb\libg.a(lib_a-mlock.o)
                              c:/devkitpro/devkitarm/bin/../lib/gcc/arm-eabi/4.6.1/../../../../arm-eabi/lib/thumb\libg.a(lib_a-mallocr.o) (__malloc_lock)
c:/devkitpro/devkitarm/bin/../lib/gcc/arm-eabi/4.6.1/../../../../arm-eabi/lib/thumb\libg.a(lib_a-setvbuf.o)
                              c:/devkitPro/libnds/lib\libnds9.a(console.o) (setvbuf)
c:/devkitpro/devkitarm/bin/../lib/gcc/arm-eabi/4.6.1/../../../../arm-eabi/lib/thumb\libg.a(lib_a-siscanf.o)
                              c:/devkitPro/libnds/lib\libnds9.a(console.o) (siscanf)
c:/devkitpro/devkitarm/bin/../lib/gcc/arm-eabi/4.6.1/../../../../arm-eabi/lib/thumb\libg.a(lib_a-stdio.o)
[...]
Memory Configuration

Name             Origin             Length             Attributes
rom              0x08000000         0x02000000
ewram            0x02000000         0x003ff000
dtcm             0x0b000000         0x00004000
vectors          0x01000000         0x00000100
itcm             0x01000100         0x00007f00
*default*        0x00000000         0xffffffff

Linker script and memory map

                0x01000000                __vectors_start = ORIGIN (vectors)
                0x01000100                __itcm_start = ORIGIN (itcm)
                0x023ff000                __ewram_end = (ORIGIN (ewram) + 0x3ff000)
                0x023ff000                __eheap_end = (ORIGIN (ewram) + 0x3ff000)
                0x0b000000                __dtcm_start = ORIGIN (dtcm)
                0x0b004000                __dtcm_top = (ORIGIN (dtcm) + 0x4000)
                0x0b003ff8                __irq_flags = (__dtcm_top - 0x8)
                0x0b003ffc                __irq_vector = (__dtcm_top - 0x4)
                0x0b003f00                __sp_svc = (__dtcm_top - 0x100)
                0x0b003e00                __sp_irq = (__sp_svc - 0x100)
                0x0b003d00                __sp_usr = (__sp_irq - 0x100)

.init           0x02000000      0x23c
                0x02000000                __text_start = .
 *(.init)
 .init          0x02000000      0x230 c:/devkitpro/devkitarm/bin/../lib/gcc/arm-eabi/4.6.1/../../../../arm-eabi/lib/thumb/ds_arm9_crt0.o
                0x02000000                _start
 .init          0x02000230        0x4 c:/devkitpro/devkitarm/bin/../lib/gcc/arm-eabi/4.6.1/thumb/crti.o
                0x02000230                _init
 .init          0x02000234        0x8 c:/devkitpro/devkitarm/bin/../lib/gcc/arm-eabi/4.6.1/thumb/crtn.o
                0x0200023c                . = ALIGN (0x4)

.plt
 *(.plt)

.text           0x02000240     0xb890
 *(EXCLUDE_FILE(*.itcm*) .text)
 .text          0x02000240        0x0 c:/devkitpro/devkitarm/bin/../lib/gcc/arm-eabi/4.6.1/../../../../arm-eabi/lib/thumb/ds_arm9_crt0.o
 .text          0x02000240        0x0 c:/devkitpro/devkitarm/bin/../lib/gcc/arm-eabi/4.6.1/thumb/crti.o
 .text          0x02000240       0x6c c:/devkitpro/devkitarm/bin/../lib/gcc/arm-eabi/4.6.1/thumb/crtbegin.o
 .text          0x020002ac        0x0 main.o
 .text          0x020002ac     0x2750 test.o
                0x020002ac                scheme_entry
 .text          0x020029fc      0xa34 c:/devkitPro/libnds/lib\libnds9.a(console.o)
                0x020029fc                nocash_write
                0x02002abc                consoleGetDefault
                0x02002ac8                consoleSelect
                0x02002ad8                consoleDebugInit
                0x02002b28                consolePrintChar
                0x02002cdc                consoleLoadFont
                0x02002f74                consoleSetFont
                0x02002f94                consoleInit
                0x020030f8                consoleDemoInit
                0x0200313c                con_write
                0x020033fc                consoleClear
                0x0200340c                consoleSetWindow
 .text          0x02003430      0x19c c:/devkitPro/libnds/lib\libnds9.a(initSystem.o)
                0x02003430                initSystem
 .text          0x020035cc      0xc8c c:/devkitPro/libnds/lib\libnds9.a(fifosystem.o)
                0x0200382c                fifoSendAddress
                0x02003858                fifoSendValue32
                0x02003898                fifoSendDatamsg
                0x02003908                fifoGetAddress
                0x0200397c                fifoSetAddressHandler
                0x020039f0                fifoGetValue32
                0x02003a64                fifoSetValue32Handler
                0x02003ad8                fifoGetDatamsg
                0x02003f80                fifoSetDatamsgHandler
                0x02004018                fifoCheckAddress
                0x0200403c                fifoCheckDatamsg
                0x02004060                fifoCheckValue32
                0x02004084                fifoInit
 .text          0x02004258      0x1f4 c:/devkitPro/libnds/lib\libnds9.a(interrupts.o)
                0x02004258                irqDummy
                0x0200425c                irqSet
                0x020042cc                irqInit
                0x02004318                irqInitHandler
                0x02004348                irqEnable
                0x020043ac                irqDisable
                0x02004410                irqClear
 .text          0x0200444c       0x40 c:/devkitPro/libnds/lib\libnds9.a(libnds_exit.o)
                0x0200444c                systemErrorExit
                0x02004450                __libnds_exit
 .text          0x0200448c      0x1b4 c:/devkitPro/libnds/lib\libnds9.a(mpu_setup.o)
                0x0200448c                __libnds_mpu_setup
                0x020045cc                memCached
                0x020045e4                memUncached
 .text          0x02004640       0x70 c:/devkitPro/libnds/lib\libnds9.a(biosCalls.o)
                0x02004640                swiDelay
                0x02004644                swiIntrWait
                0x02004648                swiWaitForVBlank
                0x0200464c                swiSleep
                0x02004650                swiChangeSoundBias
                0x02004654                swiDivide
                0x02004658                swiRemainder
                0x0200465e                swiDivMod
                0x0200466a                swiCopy
                0x0200466e                swiFastCopy
                0x02004672                swiSqrt
                0x02004676                swiCRC16
                0x0200467a                swiIsDebugger
                0x0200467e                swiUnpackBits
                0x02004682                swiDecompressLZSSWram
                0x02004686                swiDecompressLZSSVramNTR
                0x0200468a                swiDecompressLZSSVramTWL
                0x0200468e                swiDecompressHuffman
                0x02004692                swiDecompressRLEWram
                0x02004696                swiDecompressRLEVram
                0x0200469a                swiWaitForIRQ
                0x0200469e                swiDecodeDelta8
                0x020046a2                swiDecodeDelta16
                0x020046a6                swiSetHaltCR
 .text          0x020046b0       0xa4 c:/devkitPro/libnds/lib\libnds9.a(debugprint.o)
                0x020046b0                nocashWrite
                0x020046b2                nocashMessage
 .text          0x02004754        0x0 c:/devkitPro/libnds/lib\libnds9.a(interruptDispatcher.o)
 *fill*         0x02004754        0xc ff
 .text          0x02004760       0x30 c:/devkitPro/libnds/lib\libnds9.a(swiSoftReset.o)
                0x02004760                swiSoftReset
 .text          0x02004790        0x0 c:/devkitPro/libnds/lib\libnds9.a(default_font.bin.o)
 .text          0x02004790      0x314 c:/devkitPro/libnds/lib\libnds9.a(background.o)
                0x02004790                bgIsText
                0x0200479c                checkIfText
                0x020047fc                bgUpdate
                0x0200490c                bgInit_call
                0x020049d0                bgInitSub_call
 .text          0x02004aa4       0xf0 c:/devkitPro/libnds/lib\libnds9.a(system.o)
                0x02004aa4                systemMsgHandler
                0x02004ae8                systemSleep
                0x02004b00                powerValueHandler
                0x02004b10                powerOn
                0x02004b3c                powerOff
                0x02004b64                ledBlink
                0x02004b74                getBatteryLevel
 .text          0x02004b94      0x248 c:/devkitPro/libnds/lib\libnds9.a(trig.o)
                0x02004b94                asinComp
                0x02004bb8                sinLutLookup
                0x02004bf4                sinLerp
                0x02004c2c                cosLerp
                0x02004c40                tanLutLookup
                0x02004c78                tanLerp
                0x02004d28                asinLerp
                0x02004da4                acosLerp
                0x02004db8                atanComp
 .text          0x02004ddc      0x1f8 c:/devkitPro/libnds/lib\libnds9.a(video.o)
                0x02004ddc                vramSetPrimaryBanks
                0x02004e20                vramSetMainBanks
                0x02004e64                vramSetBanks_EFG
                0x02004e9c                vramRestorePrimaryBanks
                0x02004ea8                vramRestoreMainBanks
                0x02004eb4                vramRestoreBanks_EFG
                0x02004ec0                setBrightness
                0x02004f00                vramDefault
 .text          0x02004fd4       0x30 d:/Dropbox/studia/informatyka/magisterka/code/phase01/sandbox/lib\liblibs.a(basic_lib.o)
                0x02004fd4                print_int
                0x02004fe4                print_bool
 .text          0x02005004      0x150 c:/devkitpro/devkitarm/bin/../lib/gcc/arm-eabi/4.6.1/thumb\libgcc.a(_divsi3.o)
                0x02005004                __divsi3
                0x02005004                __aeabi_idiv
                0x02005134                __aeabi_idivmod
 .text          0x02005154        0x4 c:/devkitpro/devkitarm/bin/../lib/gcc/arm-eabi/4.6.1/thumb\libgcc.a(_dvmd_tls.o)
                0x02005154                __aeabi_idiv0
                0x02005154                __aeabi_ldiv0
 .text          0x02005158       0x64 c:/devkitpro/devkitarm/bin/../lib/gcc/arm-eabi/4.6.1/../../../../arm-eabi/lib/thumb\libg.a(lib_a-bsearch.o)
                0x02005158                bsearch
 .text          0x020051bc        0x0 c:/devkitpro/devkitarm/bin/../lib/gcc/arm-eabi/4.6.1/../../../../arm-eabi/lib/thumb\libg.a(lib_a-impure.o)
 .text          0x020051bc       0x50 c:/devkitpro/devkitarm/bin/../lib/gcc/arm-eabi/4.6.1/../../../../arm-eabi/lib/thumb\libg.a(lib_a-init.o)
                0x020051bc                __libc_init_array
 .text          0x0200520c       0x40 c:/devkitpro/devkitarm/bin/../lib/gcc/arm-eabi/4.6.1/../../../../arm-eabi/lib/thumb\libg.a(lib_a-iprintf.o)
                0x0200520c                iprintf
                0x02005230                _iprintf_r
 .text          0x0200524c       0x30 c:/devkitpro/devkitarm/bin/../lib/gcc/arm-eabi/4.6.1/../../../../arm-eabi/lib/thumb\libg.a(lib_a-malloc.o)
                0x0200524c                malloc
                0x02005264                free
 .text          0x0200527c      0x514 c:/devkitpro/devkitarm/bin/../lib/gcc/arm-eabi/4.6.1/../../../../arm-eabi/lib/thumb\libg.a(lib_a-mallocr.o)
                0x0200527c                _malloc_r
 .text          0x02005790       0x80 c:/devkitpro/devkitarm/bin/../lib/gcc/arm-eabi/4.6.1/../../../../arm-eabi/lib/thumb\libg.a(lib_a-memcpy.o)
                0x02005790                memcpy
 .text          0x02005810        0x8 c:/devkitpro/devkitarm/bin/../lib/gcc/arm-eabi/4.6.1/../../../../arm-eabi/lib/thumb\libg.a(lib_a-mlock.o)
                0x02005810                __malloc_lock
                0x02005814                __malloc_unlock
 .text          0x02005818      0x118 c:/devkitpro/devkitarm/bin/../lib/gcc/arm-eabi/4.6.1/../../../../arm-eabi/lib/thumb\libg.a(lib_a-setvbuf.o)
                0x02005818                setvbuf
 .text          0x02005930       0xa0 c:/devkitpro/devkitarm/bin/../lib/gcc/arm-eabi/4.6.1/../../../../arm-eabi/lib/thumb\libg.a(lib_a-siscanf.o)
                0x02005930                siscanf
                0x02005980                _siscanf_r
 .text          0x020059d0       0xac c:/devkitpro/devkitarm/bin/../lib/gcc/arm-eabi/4.6.1/../../../../arm-eabi/lib/thumb\libg.a(lib_a-stdio.o)
                0x020059d0                __sread
                0x020059fc                __seofread
                0x02005a00                __swrite
                0x02005a3c                __sseek
                0x02005a6c                __sclose
 .text          0x02005a7c       0x10 c:/devkitpro/devkitarm/bin/../lib/gcc/arm-eabi/4.6.1/../../../../arm-eabi/lib/thumb\libg.a(lib_a-strlen.o)
                0x02005a7c                strlen
 .text          0x02005a8c      0xab0 c:/devkitpro/devkitarm/bin/../lib/gcc/arm-eabi/4.6.1/../../../../arm-eabi/lib/thumb\libg.a(lib_a-svfiscanf.o)
                0x02005a8c                _sungetc_r
                0x02005b14                __ssrefill_r
                0x02005b58                _sfread_r
                0x02005be4                __ssvfiscanf_r
 .text          0x0200653c      0x180 c:/devkitpro/devkitarm/bin/../lib/gcc/arm-eabi/4.6.1/../../../../arm-eabi/lib/thumb\libg.a(lib_a-ungetc.o)
                0x0200653c                __submore
                0x020065c4                _ungetc_r
                0x020066a0                ungetc
 .text          0x020066bc      0xea8 c:/devkitpro/devkitarm/bin/../lib/gcc/arm-eabi/4.6.1/../../../../arm-eabi/lib/thumb\libg.a(lib_a-vfiprintf.o)
                0x020066bc                __sprint_r
                0x02006740                _vfiprintf_r
                0x02007540                vfiprintf
 .text          0x02007564       0xdc c:/devkitpro/devkitarm/bin/../lib/gcc/arm-eabi/4.6.1/../../../../arm-eabi/lib/thumb\libg.a(lib_a-wcrtomb.o)
                0x02007564                _wcrtomb_r
                0x020075c8                wcrtomb
 .text          0x02007640       0x40 c:/devkitpro/devkitarm/bin/../lib/gcc/arm-eabi/4.6.1/../../../../arm-eabi/lib/thumb\libg.a(lib_a-wcsrtombs.o)
                0x02007640                _wcsrtombs_r
                0x02007658                wcsrtombs
 .text          0x02007680      0x27c c:/devkitpro/devkitarm/bin/../lib/gcc/arm-eabi/4.6.1/../../../../arm-eabi/lib/thumb\libg.a(lib_a-wctomb_r.o)
                0x02007680                __utf8_wctomb
                0x02007740                _wctomb_r
                0x02007778                __ascii_wctomb
                0x02007798                __sjis_wctomb
                0x02007804                __eucjp_wctomb
                0x02007880                __jis_wctomb
 .text          0x020078fc       0xbc c:/devkitpro/devkitarm/bin/../lib/gcc/arm-eabi/4.6.1/../../../../arm-eabi/lib/thumb\libg.a(lib_a-wsetup.o)
                0x020078fc                __swsetup_r
 .text          0x020079b8       0x10 c:/devkitpro/devkitarm/bin/../lib/gcc/arm-eabi/4.6.1/../../../../arm-eabi/lib/thumb\libg.a(lib_a-ctype_.o)
                0x020079b8                __set_ctype
 .text          0x020079c8      0x18c c:/devkitpro/devkitarm/bin/../lib/gcc/arm-eabi/4.6.1/../../../../arm-eabi/lib/thumb\libg.a(lib_a-fflush.o)
                0x020079c8                _fflush_r
                0x02007b24                fflush
 .text          0x02007b54      0x1ec c:/devkitpro/devkitarm/bin/../lib/gcc/arm-eabi/4.6.1/../../../../arm-eabi/lib/thumb\libg.a(lib_a-findfp.o)
                0x02007b5c                _cleanup_r
                0x02007bbc                __sfmoreglue
                0x02007bec                _cleanup
                0x02007c00                __sinit
                0x02007c54                __sfp
                0x02007cf8                __sfp_lock_acquire
                0x02007cfc                __sfp_lock_release
                0x02007d00                __sinit_lock_acquire
                0x02007d04                __sinit_lock_release
                0x02007d08                __fp_lock_all
                0x02007d24                __fp_unlock_all
 .text          0x02007d40      0x108 c:/devkitpro/devkitarm/bin/../lib/gcc/arm-eabi/4.6.1/../../../../arm-eabi/lib/thumb\libg.a(lib_a-fputwc.o)
                0x02007d40                _fputwc_r
                0x02007e1c                fputwc
 .text          0x02007e48      0x248 c:/devkitpro/devkitarm/bin/../lib/gcc/arm-eabi/4.6.1/../../../../arm-eabi/lib/thumb\libg.a(lib_a-freer.o)
                0x02007e48                _malloc_trim_r
                0x02007ef4                _free_r
 .text          0x02008090      0x31c c:/devkitpro/devkitarm/bin/../lib/gcc/arm-eabi/4.6.1/../../../../arm-eabi/lib/thumb\libg.a(lib_a-fvwrite.o)
                0x02008090                __sfvwrite_r
 .text          0x020083ac       0xc4 c:/devkitpro/devkitarm/bin/../lib/gcc/arm-eabi/4.6.1/../../../../arm-eabi/lib/thumb\libg.a(lib_a-fwalk.o)
                0x020083ac                _fwalk
                0x02008408                _fwalk_reent
 .text          0x02008470       0x84 c:/devkitpro/devkitarm/bin/../lib/gcc/arm-eabi/4.6.1/../../../../arm-eabi/lib/thumb\libg.a(lib_a-iswspace.o)
                0x02008470                iswspace
 .text          0x020084f4      0x1f4 c:/devkitpro/devkitarm/bin/../lib/gcc/arm-eabi/4.6.1/../../../../arm-eabi/lib/thumb\libg.a(lib_a-jp2uc.o)
                0x02008684                _jp2uc
 .text          0x020086e8      0x938 c:/devkitpro/devkitarm/bin/../lib/gcc/arm-eabi/4.6.1/../../../../arm-eabi/lib/thumb\libg.a(lib_a-locale.o)
                0x02008da4                _setlocale_r
                0x02008fc0                __locale_charset
                0x02008fc8                __locale_mb_cur_max
                0x02008fd4                __locale_msgcharset
                0x02008fe0                __locale_cjk_lang
                0x02008fec                _localeconv_r
                0x02008ff8                setlocale
                0x02009014                localeconv
 .text          0x02009020       0xe4 c:/devkitpro/devkitarm/bin/../lib/gcc/arm-eabi/4.6.1/../../../../arm-eabi/lib/thumb\libg.a(lib_a-makebuf.o)
                0x02009020                __smakebuf_r
 .text          0x02009104       0xfc c:/devkitpro/devkitarm/bin/../lib/gcc/arm-eabi/4.6.1/../../../../arm-eabi/lib/thumb\libg.a(lib_a-mbrtowc.o)
                0x02009104                _mbrtowc_r
                0x02009178                mbrtowc
 .text          0x02009200      0x5f8 c:/devkitpro/devkitarm/bin/../lib/gcc/arm-eabi/4.6.1/../../../../arm-eabi/lib/thumb\libg.a(lib_a-mbtowc_r.o)
                0x02009200                __utf8_mbtowc
                0x020094c8                _mbtowc_r
                0x02009504                __ascii_mbtowc
                0x02009530                __sjis_mbtowc
                0x020095ec                __eucjp_mbtowc
                0x020096cc                __jis_mbtowc
 .text          0x020097f8       0x94 c:/devkitpro/devkitarm/bin/../lib/gcc/arm-eabi/4.6.1/../../../../arm-eabi/lib/thumb\libg.a(lib_a-memchr.o)
                0x020097f8                memchr
 .text          0x0200988c       0xa8 c:/devkitpro/devkitarm/bin/../lib/gcc/arm-eabi/4.6.1/../../../../arm-eabi/lib/thumb\libg.a(lib_a-memmove.o)
                0x0200988c                memmove
 .text          0x02009934       0x98 c:/devkitpro/devkitarm/bin/../lib/gcc/arm-eabi/4.6.1/../../../../arm-eabi/lib/thumb\libg.a(lib_a-memset.o)
                0x02009934                memset
 .text          0x020099cc      0x3c4 c:/devkitpro/devkitarm/bin/../lib/gcc/arm-eabi/4.6.1/../../../../arm-eabi/lib/thumb\libg.a(lib_a-reallocr.o)
                0x020099cc                _realloc_r
 .text          0x02009d90       0x7c c:/devkitpro/devkitarm/bin/../lib/gcc/arm-eabi/4.6.1/../../../../arm-eabi/lib/thumb\libg.a(lib_a-sccl.o)
                0x02009d90                __sccl
 .text          0x02009e0c       0x50 c:/devkitpro/devkitarm/bin/../lib/gcc/arm-eabi/4.6.1/../../../../arm-eabi/lib/thumb\libg.a(lib_a-strcasecmp.o)
                0x02009e0c                strcasecmp
 .text          0x02009e5c       0x58 c:/devkitpro/devkitarm/bin/../lib/gcc/arm-eabi/4.6.1/../../../../arm-eabi/lib/thumb\libg.a(lib_a-strcat.o)
                0x02009e5c                strcat
 .text          0x02009eb4       0xe4 c:/devkitpro/devkitarm/bin/../lib/gcc/arm-eabi/4.6.1/../../../../arm-eabi/lib/thumb\libg.a(lib_a-strchr.o)
                0x02009eb4                strchr
 .text          0x02009f98       0x14 c:/devkitpro/devkitarm/bin/../lib/gcc/arm-eabi/4.6.1/../../../../arm-eabi/lib/thumb\libg.a(lib_a-strcmp.o)
                0x02009f98                strcmp
 .text          0x02009fac       0x10 c:/devkitpro/devkitarm/bin/../lib/gcc/arm-eabi/4.6.1/../../../../arm-eabi/lib/thumb\libg.a(lib_a-strcpy.o)
                0x02009fac                strcpy
 .text          0x02009fbc       0x4c c:/devkitpro/devkitarm/bin/../lib/gcc/arm-eabi/4.6.1/../../../../arm-eabi/lib/thumb\libg.a(lib_a-strlcpy.o)
                0x02009fbc                strlcpy
 .text          0x0200a008       0x60 c:/devkitpro/devkitarm/bin/../lib/gcc/arm-eabi/4.6.1/../../../../arm-eabi/lib/thumb\libg.a(lib_a-strncasecmp.o)
                0x0200a008                strncasecmp
 .text          0x0200a068       0xc0 c:/devkitpro/devkitarm/bin/../lib/gcc/arm-eabi/4.6.1/../../../../arm-eabi/lib/thumb\libg.a(lib_a-strncmp.o)
                0x0200a068                strncmp
 .text          0x0200a128       0x78 c:/devkitpro/devkitarm/bin/../lib/gcc/arm-eabi/4.6.1/../../../../arm-eabi/lib/thumb\libg.a(lib_a-strncpy.o)
                0x0200a128                strncpy
 .text          0x0200a1a0      0x184 c:/devkitpro/devkitarm/bin/../lib/gcc/arm-eabi/4.6.1/../../../../arm-eabi/lib/thumb\libg.a(lib_a-strtol.o)
                0x0200a1a0                _strtol_r
                0x0200a304                strtol
 *fill*         0x0200a324        0x4 ff
 .text          0x0200a328      0x210 c:/devkitpro/devkitarm/bin/../lib/gcc/arm-eabi/4.6.1/../../../../arm-eabi/lib/thumb\libg.a(lib_a-strtoll_r.o)
                0x0200a328                _strtoll_r
 .text          0x0200a538      0x198 c:/devkitpro/devkitarm/bin/../lib/gcc/arm-eabi/4.6.1/../../../../arm-eabi/lib/thumb\libg.a(lib_a-strtoul.o)
                0x0200a538                _strtoul_r
                0x0200a6b0                strtoul
 .text          0x0200a6d0      0x220 c:/devkitpro/devkitarm/bin/../lib/gcc/arm-eabi/4.6.1/../../../../arm-eabi/lib/thumb\libg.a(lib_a-strtoull_r.o)
                0x0200a6d0                _strtoull_r
 .text          0x0200a8f0       0xe4 c:/devkitpro/devkitarm/bin/../lib/gcc/arm-eabi/4.6.1/../../../../arm-eabi/lib/thumb\libg.a(lib_a-wbuf.o)
                0x0200a8f0                __swbuf_r
                0x0200a9b8                __swbuf
 .text          0x0200a9d4      0x13c c:/devkitpro/devkitarm/bin/../lib/gcc/arm-eabi/4.6.1/../../../../arm-eabi/lib/thumb\libg.a(lib_a-wcsnrtombs.o)
                0x0200a9d4                _wcsnrtombs_r
                0x0200aae0                wcsnrtombs
 .text          0x0200ab10       0xc0 c:/devkitpro/devkitarm/bin/../lib/gcc/arm-eabi/4.6.1/../../../../arm-eabi/lib/thumb\libg.a(lib_a-fclose.o)
                0x0200ab10                _fclose_r
                0x0200abb4                fclose
 .text          0x0200abd0       0xa8 c:/devkitpro/devkitarm/bin/../lib/gcc/arm-eabi/4.6.1/../../../../arm-eabi/lib/thumb\libg.a(lib_a-getenv_r.o)
                0x0200abd0                _findenv_r
                0x0200ac68                _getenv_r
 .text          0x0200ac78        0x0 c:/devkitpro/devkitarm/bin/../lib/gcc/arm-eabi/4.6.1/../../../../arm-eabi/lib/thumb\libg.a(lib_a-environ.o)
 .text          0x0200ac78        0x8 c:/devkitpro/devkitarm/bin/../lib/gcc/arm-eabi/4.6.1/../../../../arm-eabi/lib/thumb\libg.a(lib_a-envlock.o)
                0x0200ac78                __env_lock
                0x0200ac7c                __env_unlock
 .text          0x0200ac80      0x144 c:/devkitpro/devkitarm/bin/../lib/gcc/arm-eabi/4.6.1/../../../../arm-eabi/lib/thumb\libsysbase.a(iosupport.o)
                0x0200ac80                setDefaultDevice
                0x0200ac94                FindDevice
                0x0200ad04                RemoveDevice
                0x0200ad28                AddDevice
                0x0200ada4                GetDeviceOpTab
 .text          0x0200adc4       0x50 c:/devkitpro/devkitarm/bin/../lib/gcc/arm-eabi/4.6.1/../../../../arm-eabi/lib/thumb\libsysbase.a(close.o)
                0x0200adc4                _close_r
 .text          0x0200ae14       0x58 c:/devkitpro/devkitarm/bin/../lib/gcc/arm-eabi/4.6.1/../../../../arm-eabi/lib/thumb\libsysbase.a(fstat.o)
                0x0200ae14                _fstat_r
 .text          0x0200ae6c        0x4 c:/devkitpro/devkitarm/bin/../lib/gcc/arm-eabi/4.6.1/../../../../arm-eabi/lib/thumb\libsysbase.a(isatty.o)
                0x0200ae6c                _isatty_r
 .text          0x0200ae70       0x54 c:/devkitpro/devkitarm/bin/../lib/gcc/arm-eabi/4.6.1/../../../../arm-eabi/lib/thumb\libsysbase.a(lseek.o)
                0x0200ae70                _lseek_r
 .text          0x0200aec4       0x54 c:/devkitpro/devkitarm/bin/../lib/gcc/arm-eabi/4.6.1/../../../../arm-eabi/lib/thumb\libsysbase.a(read.o)
                0x0200aec4                _read_r
 .text          0x0200af18       0x54 c:/devkitpro/devkitarm/bin/../lib/gcc/arm-eabi/4.6.1/../../../../arm-eabi/lib/thumb\libsysbase.a(sbrk.o)
                0x0200af18                _sbrk_r
 .text          0x0200af6c       0x48 c:/devkitpro/devkitarm/bin/../lib/gcc/arm-eabi/4.6.1/../../../../arm-eabi/lib/thumb\libsysbase.a(times.o)
                0x0200af6c                _times
                0x0200af80                _times_r
                0x0200af88                _gettimeofday_r
 .text          0x0200afb4       0x54 c:/devkitpro/devkitarm/bin/../lib/gcc/arm-eabi/4.6.1/../../../../arm-eabi/lib/thumb\libsysbase.a(write.o)
                0x0200afb4                _write_r
 .text          0x0200b008        0x0 c:/devkitpro/devkitarm/bin/../lib/gcc/arm-eabi/4.6.1/../../../../arm-eabi/lib/thumb\libsysbase.a(malloc_vars.o)
 .text          0x0200b008       0x48 c:/devkitpro/devkitarm/bin/../lib/gcc/arm-eabi/4.6.1/../../../../arm-eabi/lib/thumb\libsysbase.a(build_argv.o)
                0x0200b008                build_argv
 .text          0x0200b050        0x0 c:/devkitpro/devkitarm/bin/../lib/gcc/arm-eabi/4.6.1/../../../../arm-eabi/lib/thumb\libsysbase.a(syscall_support.o)
 .text          0x0200b050       0x80 c:/devkitpro/devkitarm/bin/../lib/gcc/arm-eabi/4.6.1/../../../../arm-eabi/lib/thumb\libsysbase.a(handle_manager.o)
                0x0200b050                __release_handle
                0x0200b07c                __alloc_handle
                0x0200b0b4                __get_handle
 .text          0x0200b0d0      0x11c c:/devkitpro/devkitarm/bin/../lib/gcc/arm-eabi/4.6.1/thumb\libgcc.a(_udivsi3.o)
                0x0200b0d0                __aeabi_uidiv
                0x0200b0d0                __udivsi3
                0x0200b1cc                __aeabi_uidivmod
 .text          0x0200b1ec       0x3c c:/devkitpro/devkitarm/bin/../lib/gcc/arm-eabi/4.6.1/thumb\libgcc.a(_aeabi_uldivmod.o)
                0x0200b1ec                __aeabi_uldivmod
 .text          0x0200b228       0x4c c:/devkitpro/devkitarm/bin/../lib/gcc/arm-eabi/4.6.1/thumb\libgcc.a(_muldi3.o)
                0x0200b228                __muldi3
                0x0200b228                __aeabi_lmul
 .text          0x0200b274       0x74 c:/devkitpro/devkitarm/bin/../lib/gcc/arm-eabi/4.6.1/thumb\libgcc.a(bpabi.o)
                0x0200b274                __gnu_ldivmod_helper
                0x0200b2b0                __gnu_uldivmod_helper
 .text          0x0200b2e8      0x3c8 c:/devkitpro/devkitarm/bin/../lib/gcc/arm-eabi/4.6.1/thumb\libgcc.a(_divdi3.o)
                0x0200b2e8                __divdi3
 .text          0x0200b6b0      0x370 c:/devkitpro/devkitarm/bin/../lib/gcc/arm-eabi/4.6.1/thumb\libgcc.a(_udivdi3.o)
                0x0200b6b0                __udivdi3
 .text          0x0200ba20       0x48 c:/devkitpro/devkitarm/bin/../lib/gcc/arm-eabi/4.6.1/thumb\libgcc.a(_clzsi2.o)
                0x0200ba20                __clzsi2
 .text          0x0200ba68        0xc c:/devkitpro/devkitarm/bin/../lib/gcc/arm-eabi/4.6.1/../../../../arm-eabi/lib/thumb\libg.a(lib_a-errno.o)
                0x0200ba68                __errno
 .text          0x0200ba74        0x0 c:/devkitpro/devkitarm/bin/../lib/gcc/arm-eabi/4.6.1/thumb/crtend.o
 .text          0x0200ba74        0x0 c:/devkitpro/devkitarm/bin/../lib/gcc/arm-eabi/4.6.1/thumb/crtn.o
 *(.text.*)
 .text.startup  0x0200ba74       0x48 main.o
                0x0200ba74                main
 *fill*         0x0200babc        0x4 ff
 .text.startup.stub
                0x0200bac0       0x10 linker stubs
 *(.stub)
 *(.gnu.warning)
 *(.gnu.linkonce.t*)
 *(.glue_7)
 .glue_7        0x00000000        0x0 linker stubs
 *(.glue_7t)
 .glue_7t       0x00000000        0x0 linker stubs
                0x0200bad0                . = ALIGN (0x4)

.vfp11_veneer   0x0200bad0        0x0
 .vfp11_veneer  0x00000000        0x0 linker stubs

.v4_bx          0x0200bad0        0x0
 .v4_bx         0x00000000        0x0 linker stubs

.fini           0x0200bad0        0xc
 *(.fini)
 .fini          0x0200bad0        0x4 c:/devkitpro/devkitarm/bin/../lib/gcc/arm-eabi/4.6.1/thumb/crti.o
                0x0200bad0                _fini
 .fini          0x0200bad4        0x8 c:/devkitpro/devkitarm/bin/../lib/gcc/arm-eabi/4.6.1/thumb/crtn.o
                0x0200badc                __text_end = .

.rodata         0x0200badc     0x6408
 *(.rodata)
 .rodata        0x0200badc      0x200 c:/devkitPro/libnds/lib\libnds9.a(console.o)
 .rodata        0x0200bcdc     0x2004 c:/devkitPro/libnds/lib\libnds9.a(default_font.bin.o)
                0x0200bcdc                default_font_bin
                0x0200dcdc                default_font_bin_size
                0x0200dcdc                default_font_bin_end
 .rodata        0x0200dce0      0x308 c:/devkitPro/libnds/lib\libnds9.a(trig.o)
                0x0200dce0                SIN_LUT
                0x0200dde4                TAN_LUT
 .rodata        0x0200dfe8        0x4 c:/devkitpro/devkitarm/bin/../lib/gcc/arm-eabi/4.6.1/../../../../arm-eabi/lib/thumb\libg.a(lib_a-impure.o)
                0x0200dfe8                _global_impure_ptr
 .rodata        0x0200dfec      0x340 c:/devkitpro/devkitarm/bin/../lib/gcc/arm-eabi/4.6.1/../../../../arm-eabi/lib/thumb\libg.a(lib_a-svfiscanf.o)
 .rodata        0x0200e32c      0x184 c:/devkitpro/devkitarm/bin/../lib/gcc/arm-eabi/4.6.1/../../../../arm-eabi/lib/thumb\libg.a(lib_a-vfiprintf.o)
 .rodata        0x0200e4b0      0x104 c:/devkitpro/devkitarm/bin/../lib/gcc/arm-eabi/4.6.1/../../../../arm-eabi/lib/thumb\libg.a(lib_a-ctype_.o)
                0x0200e4b0                _ctype_
 .rodata        0x0200e5b4     0x34f0 c:/devkitpro/devkitarm/bin/../lib/gcc/arm-eabi/4.6.1/../../../../arm-eabi/lib/thumb\libg.a(lib_a-jp2uc.o)
 .rodata        0x02011aa4       0xf0 c:/devkitpro/devkitarm/bin/../lib/gcc/arm-eabi/4.6.1/../../../../arm-eabi/lib/thumb\libg.a(lib_a-locale.o)
 .rodata        0x02011b94       0xa8 c:/devkitpro/devkitarm/bin/../lib/gcc/arm-eabi/4.6.1/../../../../arm-eabi/lib/thumb\libg.a(lib_a-mbtowc_r.o)
 .rodata        0x02011c3c       0x64 c:/devkitpro/devkitarm/bin/../lib/gcc/arm-eabi/4.6.1/../../../../arm-eabi/lib/thumb\libsysbase.a(iosupport.o)
                0x02011c3c                dotab_stdnull
 *all.rodata*(*)
 *(.roda)
 *(.rodata.*)
 .rodata.str1.4
                0x02011ca0       0x5a main.o
                                 0x5c (size before relaxing)
 *fill*         0x02011cfa        0x2 ff
 .rodata.str1.4
                0x02011cfc       0x49 c:/devkitPro/libnds/lib\libnds9.a(console.o)
                                 0x4c (size before relaxing)
 *fill*         0x02011d45        0x3 ff
 .rodata.str1.4
                0x02011d48       0x37 d:/Dropbox/studia/informatyka/magisterka/code/phase01/sandbox/lib\liblibs.a(basic_lib.o)
                                 0x38 (size before relaxing)
 *fill*         0x02011d7f        0x1 ff
 .rodata.str1.4
                0x02011d80        0x2 c:/devkitpro/devkitarm/bin/../lib/gcc/arm-eabi/4.6.1/../../../../arm-eabi/lib/thumb\libg.a(lib_a-impure.o)
                                  0x4 (size before relaxing)
 *fill*         0x02011d82        0x2 ff
 .rodata.str1.4
                0x02011d84       0x2f c:/devkitpro/devkitarm/bin/../lib/gcc/arm-eabi/4.6.1/../../../../arm-eabi/lib/thumb\libg.a(lib_a-vfiprintf.o)
                                 0x30 (size before relaxing)
 *fill*         0x02011db3        0x1 ff
 .rodata.str1.4
                0x02011db4       0x12 c:/devkitpro/devkitarm/bin/../lib/gcc/arm-eabi/4.6.1/../../../../arm-eabi/lib/thumb\libg.a(lib_a-jp2uc.o)
                                 0x14 (size before relaxing)
 *fill*         0x02011dc6        0x2 ff
 .rodata.str1.4
                0x02011dc8      0x112 c:/devkitpro/devkitarm/bin/../lib/gcc/arm-eabi/4.6.1/../../../../arm-eabi/lib/thumb\libg.a(lib_a-locale.o)
                                0x130 (size before relaxing)
 .rodata.str1.4
                0x00000000        0x4 c:/devkitpro/devkitarm/bin/../lib/gcc/arm-eabi/4.6.1/../../../../arm-eabi/lib/thumb\libg.a(lib_a-mbrtowc.o)
 *fill*         0x02011eda        0x2 ff
 .rodata.str1.4
                0x02011edc        0x8 c:/devkitpro/devkitarm/bin/../lib/gcc/arm-eabi/4.6.1/../../../../arm-eabi/lib/thumb\libsysbase.a(iosupport.o)
 *(.gnu.linkonce.r*)
                0x02011ee4                . = ALIGN (0x4)

.ARM.extab
 *(.ARM.extab* .gnu.linkonce.armextab.*)
                0x02011ee4                __exidx_start = .

ARM.exidx
 *(.ARM.exidx* .gnu.linkonce.armexidx.*)
                0x02011ee4                __exidx_end = .
                0x02011ee4                . = ALIGN (0x4)
                0x02011ee4                PROVIDE (__preinit_array_start, .)

.preinit_array
 *(.preinit_array)
                0x02011ee4                PROVIDE (__preinit_array_end, .)
                0x02011ee4                PROVIDE (__init_array_start, .)

.init_array     0x02011ee4        0x4
 *(SORT(.init_array.*))
 *(.init_array)
 .init_array    0x02011ee4        0x4 c:/devkitpro/devkitarm/bin/../lib/gcc/arm-eabi/4.6.1/thumb/crtbegin.o
                0x02011ee8                PROVIDE (__init_array_end, .)
                0x02011ee8                PROVIDE (__fini_array_start, .)

.fini_array     0x02011ee8        0x4
 *(.fini_array)
 .fini_array    0x02011ee8        0x4 c:/devkitpro/devkitarm/bin/../lib/gcc/arm-eabi/4.6.1/thumb/crtbegin.o
 *(SORT(.fini_array.*))
                0x02011eec                PROVIDE (__fini_array_end, .)

.ctors          0x02011eec        0x0
 *crtbegin.o(.ctors)
 *(EXCLUDE_FILE(*crtend.o) .ctors)
 *(SORT(.ctors.*))
 *(.ctors)
                0x02011eec                . = ALIGN (0x4)

.dtors          0x02011eec        0x0
 *crtbegin.o(.dtors)
 *(EXCLUDE_FILE(*crtend.o) .dtors)
 *(SORT(.dtors.*))
 *(.dtors)
                0x02011eec                . = ALIGN (0x4)

.eh_frame       0x02011eec        0x4
 *(.eh_frame)
 .eh_frame      0x02011eec        0x0 c:/devkitpro/devkitarm/bin/../lib/gcc/arm-eabi/4.6.1/thumb/crtbegin.o
 .eh_frame      0x02011eec        0x4 c:/devkitpro/devkitarm/bin/../lib/gcc/arm-eabi/4.6.1/thumb/crtend.o
                0x02011ef0                . = ALIGN (0x4)

.gcc_except_table
                0x02011ef0        0x0
 *(.gcc_except_table)
                0x02011ef0                . = ALIGN (0x4)

.jcr            0x02011ef0        0x4
 *(.jcr)
 .jcr           0x02011ef0        0x0 c:/devkitpro/devkitarm/bin/../lib/gcc/arm-eabi/4.6.1/thumb/crtbegin.o
 .jcr           0x02011ef0        0x4 c:/devkitpro/devkitarm/bin/../lib/gcc/arm-eabi/4.6.1/thumb/crtend.o

.got
 *(.got.plt)
 *(.got)
 *(.rel.got)

.ewram          0x02011ef4        0x0
                0x02011ef4                __ewram_start = ABSOLUTE (.)
 *(.ewram)
 *ewram.*(.text)
                0x02011ef4                . = ALIGN (0x4)

.data           0x02011ef4      0xaec
                0x02011ef4                __data_start = ABSOLUTE (.)
 *(.data)
 .data          0x02011ef4        0x0 c:/devkitpro/devkitarm/bin/../lib/gcc/arm-eabi/4.6.1/../../../../arm-eabi/lib/thumb/ds_arm9_crt0.o
 .data          0x02011ef4        0x0 c:/devkitpro/devkitarm/bin/../lib/gcc/arm-eabi/4.6.1/thumb/crti.o
 .data          0x02011ef4        0x4 c:/devkitpro/devkitarm/bin/../lib/gcc/arm-eabi/4.6.1/thumb/crtbegin.o
                0x02011ef4                __dso_handle
 .data          0x02011ef8        0x0 main.o
 .data          0x02011ef8        0x0 test.o
 .data          0x02011ef8       0x64 c:/devkitPro/libnds/lib\libnds9.a(console.o)
                0x02011ef8                currentConsole
                0x02011efc                defaultConsole
 .data          0x02011f5c        0x0 c:/devkitPro/libnds/lib\libnds9.a(initSystem.o)
 .data          0x02011f5c       0x10 c:/devkitPro/libnds/lib\libnds9.a(fifosystem.o)
                0x02011f5c                fifo_freewords
                0x02011f60                fifo_buffer_free
                0x02011f64                fifo_send_queue
                0x02011f68                fifo_receive_queue
 .data          0x02011f6c        0x0 c:/devkitPro/libnds/lib\libnds9.a(interrupts.o)
 .data          0x02011f6c        0x0 c:/devkitPro/libnds/lib\libnds9.a(libnds_exit.o)
 .data          0x02011f6c        0x0 c:/devkitPro/libnds/lib\libnds9.a(mpu_setup.o)
 .data          0x02011f6c        0x0 c:/devkitPro/libnds/lib\libnds9.a(biosCalls.o)
 .data          0x02011f6c        0x0 c:/devkitPro/libnds/lib\libnds9.a(debugprint.o)
 .data          0x02011f6c        0x0 c:/devkitPro/libnds/lib\libnds9.a(interruptDispatcher.o)
 .data          0x02011f6c        0x0 c:/devkitPro/libnds/lib\libnds9.a(swiSoftReset.o)
 .data          0x02011f6c        0x0 c:/devkitPro/libnds/lib\libnds9.a(default_font.bin.o)
 .data          0x02011f6c       0x60 c:/devkitPro/libnds/lib\libnds9.a(background.o)
                0x02011f6c                bgScrollTable
                0x02011f8c                bgTransform
                0x02011fac                bgControl
 .data          0x02011fcc        0x0 c:/devkitPro/libnds/lib\libnds9.a(system.o)
 .data          0x02011fcc        0x0 c:/devkitPro/libnds/lib\libnds9.a(trig.o)
 .data          0x02011fcc        0x0 c:/devkitPro/libnds/lib\libnds9.a(video.o)
 .data          0x02011fcc        0x0 d:/Dropbox/studia/informatyka/magisterka/code/phase01/sandbox/lib\liblibs.a(basic_lib.o)
 .data          0x02011fcc        0x0 c:/devkitpro/devkitarm/bin/../lib/gcc/arm-eabi/4.6.1/thumb\libgcc.a(_divsi3.o)
 .data          0x02011fcc        0x0 c:/devkitpro/devkitarm/bin/../lib/gcc/arm-eabi/4.6.1/thumb\libgcc.a(_dvmd_tls.o)
 .data          0x02011fcc        0x0 c:/devkitpro/devkitarm/bin/../lib/gcc/arm-eabi/4.6.1/../../../../arm-eabi/lib/thumb\libg.a(lib_a-bsearch.o)
 *fill*         0x02011fcc        0x4 ff
 .data          0x02011fd0      0x430 c:/devkitpro/devkitarm/bin/../lib/gcc/arm-eabi/4.6.1/../../../../arm-eabi/lib/thumb\libg.a(lib_a-impure.o)
                0x02011fd0                _impure_ptr
 .data          0x02012400        0x0 c:/devkitpro/devkitarm/bin/../lib/gcc/arm-eabi/4.6.1/../../../../arm-eabi/lib/thumb\libg.a(lib_a-init.o)
 .data          0x02012400        0x0 c:/devkitpro/devkitarm/bin/../lib/gcc/arm-eabi/4.6.1/../../../../arm-eabi/lib/thumb\libg.a(lib_a-iprintf.o)
 .data          0x02012400        0x0 c:/devkitpro/devkitarm/bin/../lib/gcc/arm-eabi/4.6.1/../../../../arm-eabi/lib/thumb\libg.a(lib_a-malloc.o)
 .data          0x02012400      0x410 c:/devkitpro/devkitarm/bin/../lib/gcc/arm-eabi/4.6.1/../../../../arm-eabi/lib/thumb\libg.a(lib_a-mallocr.o)
                0x02012400                __malloc_av_
                0x02012808                __malloc_sbrk_base
                0x0201280c                __malloc_trim_threshold
 .data          0x02012810        0x0 c:/devkitpro/devkitarm/bin/../lib/gcc/arm-eabi/4.6.1/../../../../arm-eabi/lib/thumb\libg.a(lib_a-memcpy.o)
 .data          0x02012810        0x0 c:/devkitpro/devkitarm/bin/../lib/gcc/arm-eabi/4.6.1/../../../../arm-eabi/lib/thumb\libg.a(lib_a-mlock.o)
 .data          0x02012810        0x0 c:/devkitpro/devkitarm/bin/../lib/gcc/arm-eabi/4.6.1/../../../../arm-eabi/lib/thumb\libg.a(lib_a-setvbuf.o)
 .data          0x02012810        0x0 c:/devkitpro/devkitarm/bin/../lib/gcc/arm-eabi/4.6.1/../../../../arm-eabi/lib/thumb\libg.a(lib_a-siscanf.o)
 .data          0x02012810        0x0 c:/devkitpro/devkitarm/bin/../lib/gcc/arm-eabi/4.6.1/../../../../arm-eabi/lib/thumb\libg.a(lib_a-stdio.o)
 .data          0x02012810        0x0 c:/devkitpro/devkitarm/bin/../lib/gcc/arm-eabi/4.6.1/../../../../arm-eabi/lib/thumb\libg.a(lib_a-strlen.o)
 .data          0x02012810        0x0 c:/devkitpro/devkitarm/bin/../lib/gcc/arm-eabi/4.6.1/../../../../arm-eabi/lib/thumb\libg.a(lib_a-svfiscanf.o)
 .data          0x02012810        0x0 c:/devkitpro/devkitarm/bin/../lib/gcc/arm-eabi/4.6.1/../../../../arm-eabi/lib/thumb\libg.a(lib_a-ungetc.o)
 .data          0x02012810        0x0 c:/devkitpro/devkitarm/bin/../lib/gcc/arm-eabi/4.6.1/../../../../arm-eabi/lib/thumb\libg.a(lib_a-vfiprintf.o)
 .data          0x02012810        0x0 c:/devkitpro/devkitarm/bin/../lib/gcc/arm-eabi/4.6.1/../../../../arm-eabi/lib/thumb\libg.a(lib_a-wcrtomb.o)
 .data          0x02012810        0x0 c:/devkitpro/devkitarm/bin/../lib/gcc/arm-eabi/4.6.1/../../../../arm-eabi/lib/thumb\libg.a(lib_a-wcsrtombs.o)
 .data          0x02012810        0x4 c:/devkitpro/devkitarm/bin/../lib/gcc/arm-eabi/4.6.1/../../../../arm-eabi/lib/thumb\libg.a(lib_a-wctomb_r.o)
                0x02012810                __wctomb
 .data          0x02012814        0x0 c:/devkitpro/devkitarm/bin/../lib/gcc/arm-eabi/4.6.1/../../../../arm-eabi/lib/thumb\libg.a(lib_a-wsetup.o)
 .data          0x02012814        0x4 c:/devkitpro/devkitarm/bin/../lib/gcc/arm-eabi/4.6.1/../../../../arm-eabi/lib/thumb\libg.a(lib_a-ctype_.o)
                0x02012814                __ctype_ptr__
 .data          0x02012818        0x0 c:/devkitpro/devkitarm/bin/../lib/gcc/arm-eabi/4.6.1/../../../../arm-eabi/lib/thumb\libg.a(lib_a-fflush.o)
 .data          0x02012818        0x0 c:/devkitpro/devkitarm/bin/../lib/gcc/arm-eabi/4.6.1/../../../../arm-eabi/lib/thumb\libg.a(lib_a-findfp.o)
 .data          0x02012818        0x0 c:/devkitpro/devkitarm/bin/../lib/gcc/arm-eabi/4.6.1/../../../../arm-eabi/lib/thumb\libg.a(lib_a-fputwc.o)
 .data          0x02012818        0x0 c:/devkitpro/devkitarm/bin/../lib/gcc/arm-eabi/4.6.1/../../../../arm-eabi/lib/thumb\libg.a(lib_a-freer.o)
 .data          0x02012818        0x0 c:/devkitpro/devkitarm/bin/../lib/gcc/arm-eabi/4.6.1/../../../../arm-eabi/lib/thumb\libg.a(lib_a-fvwrite.o)
 .data          0x02012818        0x0 c:/devkitpro/devkitarm/bin/../lib/gcc/arm-eabi/4.6.1/../../../../arm-eabi/lib/thumb\libg.a(lib_a-fwalk.o)
 .data          0x02012818        0x0 c:/devkitpro/devkitarm/bin/../lib/gcc/arm-eabi/4.6.1/../../../../arm-eabi/lib/thumb\libg.a(lib_a-iswspace.o)
 .data          0x02012818        0x0 c:/devkitpro/devkitarm/bin/../lib/gcc/arm-eabi/4.6.1/../../../../arm-eabi/lib/thumb\libg.a(lib_a-jp2uc.o)
 .data          0x02012818      0x17c c:/devkitpro/devkitarm/bin/../lib/gcc/arm-eabi/4.6.1/../../../../arm-eabi/lib/thumb\libg.a(lib_a-locale.o)
                0x02012818                __default_locale
                0x02012938                __mb_cur_max
 .data          0x02012994        0x0 c:/devkitpro/devkitarm/bin/../lib/gcc/arm-eabi/4.6.1/../../../../arm-eabi/lib/thumb\libg.a(lib_a-makebuf.o)
 .data          0x02012994        0x0 c:/devkitpro/devkitarm/bin/../lib/gcc/arm-eabi/4.6.1/../../../../arm-eabi/lib/thumb\libg.a(lib_a-mbrtowc.o)
 .data          0x02012994        0x4 c:/devkitpro/devkitarm/bin/../lib/gcc/arm-eabi/4.6.1/../../../../arm-eabi/lib/thumb\libg.a(lib_a-mbtowc_r.o)
                0x02012994                __mbtowc
 .data          0x02012998        0x0 c:/devkitpro/devkitarm/bin/../lib/gcc/arm-eabi/4.6.1/../../../../arm-eabi/lib/thumb\libg.a(lib_a-memchr.o)
 .data          0x02012998        0x0 c:/devkitpro/devkitarm/bin/../lib/gcc/arm-eabi/4.6.1/../../../../arm-eabi/lib/thumb\libg.a(lib_a-memmove.o)
 .data          0x02012998        0x0 c:/devkitpro/devkitarm/bin/../lib/gcc/arm-eabi/4.6.1/../../../../arm-eabi/lib/thumb\libg.a(lib_a-memset.o)
 .data          0x02012998        0x0 c:/devkitpro/devkitarm/bin/../lib/gcc/arm-eabi/4.6.1/../../../../arm-eabi/lib/thumb\libg.a(lib_a-reallocr.o)
 .data          0x02012998        0x0 c:/devkitpro/devkitarm/bin/../lib/gcc/arm-eabi/4.6.1/../../../../arm-eabi/lib/thumb\libg.a(lib_a-sccl.o)
 .data          0x02012998        0x0 c:/devkitpro/devkitarm/bin/../lib/gcc/arm-eabi/4.6.1/../../../../arm-eabi/lib/thumb\libg.a(lib_a-strcasecmp.o)
 .data          0x02012998        0x0 c:/devkitpro/devkitarm/bin/../lib/gcc/arm-eabi/4.6.1/../../../../arm-eabi/lib/thumb\libg.a(lib_a-strcat.o)
 .data          0x02012998        0x0 c:/devkitpro/devkitarm/bin/../lib/gcc/arm-eabi/4.6.1/../../../../arm-eabi/lib/thumb\libg.a(lib_a-strchr.o)
 .data          0x02012998        0x0 c:/devkitpro/devkitarm/bin/../lib/gcc/arm-eabi/4.6.1/../../../../arm-eabi/lib/thumb\libg.a(lib_a-strcmp.o)
 .data          0x02012998        0x0 c:/devkitpro/devkitarm/bin/../lib/gcc/arm-eabi/4.6.1/../../../../arm-eabi/lib/thumb\libg.a(lib_a-strcpy.o)
 .data          0x02012998        0x0 c:/devkitpro/devkitarm/bin/../lib/gcc/arm-eabi/4.6.1/../../../../arm-eabi/lib/thumb\libg.a(lib_a-strlcpy.o)
 .data          0x02012998        0x0 c:/devkitpro/devkitarm/bin/../lib/gcc/arm-eabi/4.6.1/../../../../arm-eabi/lib/thumb\libg.a(lib_a-strncasecmp.o)
 .data          0x02012998        0x0 c:/devkitpro/devkitarm/bin/../lib/gcc/arm-eabi/4.6.1/../../../../arm-eabi/lib/thumb\libg.a(lib_a-strncmp.o)
 .data          0x02012998        0x0 c:/devkitpro/devkitarm/bin/../lib/gcc/arm-eabi/4.6.1/../../../../arm-eabi/lib/thumb\libg.a(lib_a-strncpy.o)
 .data          0x02012998        0x0 c:/devkitpro/devkitarm/bin/../lib/gcc/arm-eabi/4.6.1/../../../../arm-eabi/lib/thumb\libg.a(lib_a-strtol.o)
 .data          0x02012998        0x0 c:/devkitpro/devkitarm/bin/../lib/gcc/arm-eabi/4.6.1/../../../../arm-eabi/lib/thumb\libg.a(lib_a-strtoll_r.o)
 .data          0x02012998        0x0 c:/devkitpro/devkitarm/bin/../lib/gcc/arm-eabi/4.6.1/../../../../arm-eabi/lib/thumb\libg.a(lib_a-strtoul.o)
 .data          0x02012998        0x0 c:/devkitpro/devkitarm/bin/../lib/gcc/arm-eabi/4.6.1/../../../../arm-eabi/lib/thumb\libg.a(lib_a-strtoull_r.o)
 .data          0x02012998        0x0 c:/devkitpro/devkitarm/bin/../lib/gcc/arm-eabi/4.6.1/../../../../arm-eabi/lib/thumb\libg.a(lib_a-wbuf.o)
 .data          0x02012998        0x0 c:/devkitpro/devkitarm/bin/../lib/gcc/arm-eabi/4.6.1/../../../../arm-eabi/lib/thumb\libg.a(lib_a-wcsnrtombs.o)
 .data          0x02012998        0x0 c:/devkitpro/devkitarm/bin/../lib/gcc/arm-eabi/4.6.1/../../../../arm-eabi/lib/thumb\libg.a(lib_a-fclose.o)
 .data          0x02012998        0x0 c:/devkitpro/devkitarm/bin/../lib/gcc/arm-eabi/4.6.1/../../../../arm-eabi/lib/thumb\libg.a(lib_a-getenv_r.o)
 .data          0x02012998        0x4 c:/devkitpro/devkitarm/bin/../lib/gcc/arm-eabi/4.6.1/../../../../arm-eabi/lib/thumb\libg.a(lib_a-environ.o)
                0x02012998                environ
 .data          0x0201299c        0x0 c:/devkitpro/devkitarm/bin/../lib/gcc/arm-eabi/4.6.1/../../../../arm-eabi/lib/thumb\libg.a(lib_a-envlock.o)
 .data          0x0201299c       0x44 c:/devkitpro/devkitarm/bin/../lib/gcc/arm-eabi/4.6.1/../../../../arm-eabi/lib/thumb\libsysbase.a(iosupport.o)
                0x020129a0                devoptab_list
 .data          0x020129e0        0x0 c:/devkitpro/devkitarm/bin/../lib/gcc/arm-eabi/4.6.1/../../../../arm-eabi/lib/thumb\libsysbase.a(close.o)
 .data          0x020129e0        0x0 c:/devkitpro/devkitarm/bin/../lib/gcc/arm-eabi/4.6.1/../../../../arm-eabi/lib/thumb\libsysbase.a(fstat.o)
 .data          0x020129e0        0x0 c:/devkitpro/devkitarm/bin/../lib/gcc/arm-eabi/4.6.1/../../../../arm-eabi/lib/thumb\libsysbase.a(isatty.o)
 .data          0x020129e0        0x0 c:/devkitpro/devkitarm/bin/../lib/gcc/arm-eabi/4.6.1/../../../../arm-eabi/lib/thumb\libsysbase.a(lseek.o)
 .data          0x020129e0        0x0 c:/devkitpro/devkitarm/bin/../lib/gcc/arm-eabi/4.6.1/../../../../arm-eabi/lib/thumb\libsysbase.a(read.o)
 .data          0x020129e0        0x0 c:/devkitpro/devkitarm/bin/../lib/gcc/arm-eabi/4.6.1/../../../../arm-eabi/lib/thumb\libsysbase.a(sbrk.o)
 .data          0x020129e0        0x0 c:/devkitpro/devkitarm/bin/../lib/gcc/arm-eabi/4.6.1/../../../../arm-eabi/lib/thumb\libsysbase.a(times.o)
 .data          0x020129e0        0x0 c:/devkitpro/devkitarm/bin/../lib/gcc/arm-eabi/4.6.1/../../../../arm-eabi/lib/thumb\libsysbase.a(write.o)
 .data          0x020129e0        0x0 c:/devkitpro/devkitarm/bin/../lib/gcc/arm-eabi/4.6.1/../../../../arm-eabi/lib/thumb\libsysbase.a(malloc_vars.o)
 .data          0x020129e0        0x0 c:/devkitpro/devkitarm/bin/../lib/gcc/arm-eabi/4.6.1/../../../../arm-eabi/lib/thumb\libsysbase.a(build_argv.o)
 .data          0x020129e0        0x0 c:/devkitpro/devkitarm/bin/../lib/gcc/arm-eabi/4.6.1/../../../../arm-eabi/lib/thumb\libsysbase.a(syscall_support.o)
 .data          0x020129e0        0x0 c:/devkitpro/devkitarm/bin/../lib/gcc/arm-eabi/4.6.1/../../../../arm-eabi/lib/thumb\libsysbase.a(handle_manager.o)
 .data          0x020129e0        0x0 c:/devkitpro/devkitarm/bin/../lib/gcc/arm-eabi/4.6.1/thumb\libgcc.a(_udivsi3.o)
 .data          0x020129e0        0x0 c:/devkitpro/devkitarm/bin/../lib/gcc/arm-eabi/4.6.1/thumb\libgcc.a(_aeabi_uldivmod.o)
 .data          0x020129e0        0x0 c:/devkitpro/devkitarm/bin/../lib/gcc/arm-eabi/4.6.1/thumb\libgcc.a(_muldi3.o)
 .data          0x020129e0        0x0 c:/devkitpro/devkitarm/bin/../lib/gcc/arm-eabi/4.6.1/thumb\libgcc.a(bpabi.o)
 .data          0x020129e0        0x0 c:/devkitpro/devkitarm/bin/../lib/gcc/arm-eabi/4.6.1/thumb\libgcc.a(_divdi3.o)
 .data          0x020129e0        0x0 c:/devkitpro/devkitarm/bin/../lib/gcc/arm-eabi/4.6.1/thumb\libgcc.a(_udivdi3.o)
 .data          0x020129e0        0x0 c:/devkitpro/devkitarm/bin/../lib/gcc/arm-eabi/4.6.1/thumb\libgcc.a(_clzsi2.o)
 .data          0x020129e0        0x0 c:/devkitpro/devkitarm/bin/../lib/gcc/arm-eabi/4.6.1/../../../../arm-eabi/lib/thumb\libg.a(lib_a-errno.o)
 .data          0x020129e0        0x0 c:/devkitpro/devkitarm/bin/../lib/gcc/arm-eabi/4.6.1/thumb/crtend.o
 .data          0x020129e0        0x0 c:/devkitpro/devkitarm/bin/../lib/gcc/arm-eabi/4.6.1/thumb/crtn.o
 *(.data.*)
 *(.gnu.linkonce.d*)
                0x020129e0                . = ALIGN (0x4)
                0x020129e0                __data_end = ABSOLUTE (.)
                0x020129e0                __dtcm_lma = .
                0x020129e0                __bss_vma = .

.dtcm           0x0b000000        0x0 load address 0x020129e0
 *(.dtcm)
 *(.dtcm.*)
                0x0b000000                . = ALIGN (0x4)
                0x0b000000                __dtcm_end = ABSOLUTE (.)
                0x020129e0                __itcm_lma = (__dtcm_lma + SIZEOF (.dtcm))

.itcm           0x01000100      0x194 load address 0x020129e0
 *(.itcm)
 .itcm          0x01000100       0xc8 c:/devkitPro/libnds/lib\libnds9.a(interrupts.o)
                0x01000100                irqTable
 .itcm          0x010001c8       0xcc c:/devkitPro/libnds/lib\libnds9.a(interruptDispatcher.o)
                0x010001c8                IntrMain
 *itcm.*(.text)
                0x01000294                . = ALIGN (0x4)
                0x01000294                __itcm_end = ABSOLUTE (.)
                0x02012b74                __vectors_lma = (__itcm_lma + SIZEOF (.itcm))

.vectors        0x01000000        0x0 load address 0x02012b74
 *(.vectors)
 *vectors.*(.text)
                0x01000000                . = ALIGN (0x4)
                0x01000000                __vectors_end = ABSOLUTE (.)

.sbss           0x0b000000        0x0
                0x0b000000                __sbss_start = ABSOLUTE (.)
                0x0b000000                __sbss_start__ = ABSOLUTE (.)
 *(.sbss)
                0x0b000000                . = ALIGN (0x4)
                0x0b000000                __sbss_end = ABSOLUTE (.)

.bss            0x020129e0     0x1f14
                0x020129e0                __bss_start = ABSOLUTE (.)
                0x020129e0                __bss_start__ = ABSOLUTE (.)
 *(.dynbss)
 *(.gnu.linkonce.b*)
 *(.bss*)
 .bss           0x020129e0        0x0 c:/devkitpro/devkitarm/bin/../lib/gcc/arm-eabi/4.6.1/../../../../arm-eabi/lib/thumb/ds_arm9_crt0.o
 .bss           0x020129e0        0x0 c:/devkitpro/devkitarm/bin/../lib/gcc/arm-eabi/4.6.1/thumb/crti.o
 .bss           0x020129e0       0x1c c:/devkitpro/devkitarm/bin/../lib/gcc/arm-eabi/4.6.1/thumb/crtbegin.o
 .bss           0x020129fc        0x0 main.o
 .bss           0x020129fc        0x0 test.o
 .bss           0x020129fc        0x0 c:/devkitPro/libnds/lib\libnds9.a(console.o)
 .bss           0x020129fc        0x0 c:/devkitPro/libnds/lib\libnds9.a(initSystem.o)
 .bss           0x020129fc        0x8 c:/devkitPro/libnds/lib\libnds9.a(fifosystem.o)
                0x02012a00                processing
 .bss           0x02012a04        0x0 c:/devkitPro/libnds/lib\libnds9.a(interrupts.o)
 .bss           0x02012a04        0x0 c:/devkitPro/libnds/lib\libnds9.a(libnds_exit.o)
 .bss           0x02012a04        0x0 c:/devkitPro/libnds/lib\libnds9.a(mpu_setup.o)
 .bss           0x02012a04        0x0 c:/devkitPro/libnds/lib\libnds9.a(biosCalls.o)
 .bss           0x02012a04        0x0 c:/devkitPro/libnds/lib\libnds9.a(debugprint.o)
 .bss           0x02012a04        0x0 c:/devkitPro/libnds/lib\libnds9.a(interruptDispatcher.o)
 .bss           0x02012a04        0x0 c:/devkitPro/libnds/lib\libnds9.a(swiSoftReset.o)
 .bss           0x02012a04        0x0 c:/devkitPro/libnds/lib\libnds9.a(default_font.bin.o)
 .bss           0x02012a04        0x0 c:/devkitPro/libnds/lib\libnds9.a(background.o)
 .bss           0x02012a04        0x0 c:/devkitPro/libnds/lib\libnds9.a(system.o)
 .bss           0x02012a04        0x0 c:/devkitPro/libnds/lib\libnds9.a(trig.o)
 .bss           0x02012a04        0x0 c:/devkitPro/libnds/lib\libnds9.a(video.o)
 .bss           0x02012a04        0x0 d:/Dropbox/studia/informatyka/magisterka/code/phase01/sandbox/lib\liblibs.a(basic_lib.o)
 .bss           0x02012a04        0x0 c:/devkitpro/devkitarm/bin/../lib/gcc/arm-eabi/4.6.1/thumb\libgcc.a(_divsi3.o)
 .bss           0x02012a04        0x0 c:/devkitpro/devkitarm/bin/../lib/gcc/arm-eabi/4.6.1/thumb\libgcc.a(_dvmd_tls.o)
 .bss           0x02012a04        0x0 c:/devkitpro/devkitarm/bin/../lib/gcc/arm-eabi/4.6.1/../../../../arm-eabi/lib/thumb\libg.a(lib_a-bsearch.o)
 .bss           0x02012a04        0x0 c:/devkitpro/devkitarm/bin/../lib/gcc/arm-eabi/4.6.1/../../../../arm-eabi/lib/thumb\libg.a(lib_a-impure.o)
 .bss           0x02012a04        0x0 c:/devkitpro/devkitarm/bin/../lib/gcc/arm-eabi/4.6.1/../../../../arm-eabi/lib/thumb\libg.a(lib_a-init.o)
 .bss           0x02012a04        0x0 c:/devkitpro/devkitarm/bin/../lib/gcc/arm-eabi/4.6.1/../../../../arm-eabi/lib/thumb\libg.a(lib_a-iprintf.o)
 .bss           0x02012a04        0x0 c:/devkitpro/devkitarm/bin/../lib/gcc/arm-eabi/4.6.1/../../../../arm-eabi/lib/thumb\libg.a(lib_a-malloc.o)
 .bss           0x02012a04       0x34 c:/devkitpro/devkitarm/bin/../lib/gcc/arm-eabi/4.6.1/../../../../arm-eabi/lib/thumb\libg.a(lib_a-mallocr.o)
                0x02012a04                __malloc_top_pad
                0x02012a08                __malloc_current_mallinfo
                0x02012a30                __malloc_max_sbrked_mem
                0x02012a34                __malloc_max_total_mem
 .bss           0x02012a38        0x0 c:/devkitpro/devkitarm/bin/../lib/gcc/arm-eabi/4.6.1/../../../../arm-eabi/lib/thumb\libg.a(lib_a-memcpy.o)
 .bss           0x02012a38        0x0 c:/devkitpro/devkitarm/bin/../lib/gcc/arm-eabi/4.6.1/../../../../arm-eabi/lib/thumb\libg.a(lib_a-mlock.o)
 .bss           0x02012a38        0x0 c:/devkitpro/devkitarm/bin/../lib/gcc/arm-eabi/4.6.1/../../../../arm-eabi/lib/thumb\libg.a(lib_a-setvbuf.o)
 .bss           0x02012a38        0x0 c:/devkitpro/devkitarm/bin/../lib/gcc/arm-eabi/4.6.1/../../../../arm-eabi/lib/thumb\libg.a(lib_a-siscanf.o)
 .bss           0x02012a38        0x0 c:/devkitpro/devkitarm/bin/../lib/gcc/arm-eabi/4.6.1/../../../../arm-eabi/lib/thumb\libg.a(lib_a-stdio.o)
 .bss           0x02012a38        0x0 c:/devkitpro/devkitarm/bin/../lib/gcc/arm-eabi/4.6.1/../../../../arm-eabi/lib/thumb\libg.a(lib_a-strlen.o)
 .bss           0x02012a38        0x0 c:/devkitpro/devkitarm/bin/../lib/gcc/arm-eabi/4.6.1/../../../../arm-eabi/lib/thumb\libg.a(lib_a-svfiscanf.o)
 .bss           0x02012a38        0x0 c:/devkitpro/devkitarm/bin/../lib/gcc/arm-eabi/4.6.1/../../../../arm-eabi/lib/thumb\libg.a(lib_a-ungetc.o)
 .bss           0x02012a38        0x0 c:/devkitpro/devkitarm/bin/../lib/gcc/arm-eabi/4.6.1/../../../../arm-eabi/lib/thumb\libg.a(lib_a-vfiprintf.o)
 .bss           0x02012a38        0x0 c:/devkitpro/devkitarm/bin/../lib/gcc/arm-eabi/4.6.1/../../../../arm-eabi/lib/thumb\libg.a(lib_a-wcrtomb.o)
 .bss           0x02012a38        0x0 c:/devkitpro/devkitarm/bin/../lib/gcc/arm-eabi/4.6.1/../../../../arm-eabi/lib/thumb\libg.a(lib_a-wcsrtombs.o)
 .bss           0x02012a38        0x0 c:/devkitpro/devkitarm/bin/../lib/gcc/arm-eabi/4.6.1/../../../../arm-eabi/lib/thumb\libg.a(lib_a-wctomb_r.o)
 .bss           0x02012a38        0x0 c:/devkitpro/devkitarm/bin/../lib/gcc/arm-eabi/4.6.1/../../../../arm-eabi/lib/thumb\libg.a(lib_a-wsetup.o)
 .bss           0x02012a38        0x0 c:/devkitpro/devkitarm/bin/../lib/gcc/arm-eabi/4.6.1/../../../../arm-eabi/lib/thumb\libg.a(lib_a-ctype_.o)
 .bss           0x02012a38        0x0 c:/devkitpro/devkitarm/bin/../lib/gcc/arm-eabi/4.6.1/../../../../arm-eabi/lib/thumb\libg.a(lib_a-fflush.o)
 .bss           0x02012a38        0x0 c:/devkitpro/devkitarm/bin/../lib/gcc/arm-eabi/4.6.1/../../../../arm-eabi/lib/thumb\libg.a(lib_a-findfp.o)
 .bss           0x02012a38        0x0 c:/devkitpro/devkitarm/bin/../lib/gcc/arm-eabi/4.6.1/../../../../arm-eabi/lib/thumb\libg.a(lib_a-fputwc.o)
 .bss           0x02012a38        0x0 c:/devkitpro/devkitarm/bin/../lib/gcc/arm-eabi/4.6.1/../../../../arm-eabi/lib/thumb\libg.a(lib_a-freer.o)
 .bss           0x02012a38        0x0 c:/devkitpro/devkitarm/bin/../lib/gcc/arm-eabi/4.6.1/../../../../arm-eabi/lib/thumb\libg.a(lib_a-fvwrite.o)
 .bss           0x02012a38        0x0 c:/devkitpro/devkitarm/bin/../lib/gcc/arm-eabi/4.6.1/../../../../arm-eabi/lib/thumb\libg.a(lib_a-fwalk.o)
 .bss           0x02012a38        0x0 c:/devkitpro/devkitarm/bin/../lib/gcc/arm-eabi/4.6.1/../../../../arm-eabi/lib/thumb\libg.a(lib_a-iswspace.o)
 .bss           0x02012a38        0x0 c:/devkitpro/devkitarm/bin/../lib/gcc/arm-eabi/4.6.1/../../../../arm-eabi/lib/thumb\libg.a(lib_a-jp2uc.o)
 .bss           0x02012a38      0x2b8 c:/devkitpro/devkitarm/bin/../lib/gcc/arm-eabi/4.6.1/../../../../arm-eabi/lib/thumb\libg.a(lib_a-locale.o)
                0x02012ce4                _PathLocale
                0x02012ce8                __mlocale_changed
                0x02012cec                __nlocale_changed
 .bss           0x02012cf0        0x0 c:/devkitpro/devkitarm/bin/../lib/gcc/arm-eabi/4.6.1/../../../../arm-eabi/lib/thumb\libg.a(lib_a-makebuf.o)
 .bss           0x02012cf0        0x0 c:/devkitpro/devkitarm/bin/../lib/gcc/arm-eabi/4.6.1/../../../../arm-eabi/lib/thumb\libg.a(lib_a-mbrtowc.o)
 .bss           0x02012cf0        0x0 c:/devkitpro/devkitarm/bin/../lib/gcc/arm-eabi/4.6.1/../../../../arm-eabi/lib/thumb\libg.a(lib_a-mbtowc_r.o)
 .bss           0x02012cf0        0x0 c:/devkitpro/devkitarm/bin/../lib/gcc/arm-eabi/4.6.1/../../../../arm-eabi/lib/thumb\libg.a(lib_a-memchr.o)
 .bss           0x02012cf0        0x0 c:/devkitpro/devkitarm/bin/../lib/gcc/arm-eabi/4.6.1/../../../../arm-eabi/lib/thumb\libg.a(lib_a-memmove.o)
 .bss           0x02012cf0        0x0 c:/devkitpro/devkitarm/bin/../lib/gcc/arm-eabi/4.6.1/../../../../arm-eabi/lib/thumb\libg.a(lib_a-memset.o)
 .bss           0x02012cf0        0x0 c:/devkitpro/devkitarm/bin/../lib/gcc/arm-eabi/4.6.1/../../../../arm-eabi/lib/thumb\libg.a(lib_a-reallocr.o)
 .bss           0x02012cf0        0x0 c:/devkitpro/devkitarm/bin/../lib/gcc/arm-eabi/4.6.1/../../../../arm-eabi/lib/thumb\libg.a(lib_a-sccl.o)
 .bss           0x02012cf0        0x0 c:/devkitpro/devkitarm/bin/../lib/gcc/arm-eabi/4.6.1/../../../../arm-eabi/lib/thumb\libg.a(lib_a-strcasecmp.o)
 .bss           0x02012cf0        0x0 c:/devkitpro/devkitarm/bin/../lib/gcc/arm-eabi/4.6.1/../../../../arm-eabi/lib/thumb\libg.a(lib_a-strcat.o)
 .bss           0x02012cf0        0x0 c:/devkitpro/devkitarm/bin/../lib/gcc/arm-eabi/4.6.1/../../../../arm-eabi/lib/thumb\libg.a(lib_a-strchr.o)
 .bss           0x02012cf0        0x0 c:/devkitpro/devkitarm/bin/../lib/gcc/arm-eabi/4.6.1/../../../../arm-eabi/lib/thumb\libg.a(lib_a-strcmp.o)
 .bss           0x02012cf0        0x0 c:/devkitpro/devkitarm/bin/../lib/gcc/arm-eabi/4.6.1/../../../../arm-eabi/lib/thumb\libg.a(lib_a-strcpy.o)
 .bss           0x02012cf0        0x0 c:/devkitpro/devkitarm/bin/../lib/gcc/arm-eabi/4.6.1/../../../../arm-eabi/lib/thumb\libg.a(lib_a-strlcpy.o)
 .bss           0x02012cf0        0x0 c:/devkitpro/devkitarm/bin/../lib/gcc/arm-eabi/4.6.1/../../../../arm-eabi/lib/thumb\libg.a(lib_a-strncasecmp.o)
 .bss           0x02012cf0        0x0 c:/devkitpro/devkitarm/bin/../lib/gcc/arm-eabi/4.6.1/../../../../arm-eabi/lib/thumb\libg.a(lib_a-strncmp.o)
 .bss           0x02012cf0        0x0 c:/devkitpro/devkitarm/bin/../lib/gcc/arm-eabi/4.6.1/../../../../arm-eabi/lib/thumb\libg.a(lib_a-strncpy.o)
 .bss           0x02012cf0        0x0 c:/devkitpro/devkitarm/bin/../lib/gcc/arm-eabi/4.6.1/../../../../arm-eabi/lib/thumb\libg.a(lib_a-strtol.o)
 .bss           0x02012cf0        0x0 c:/devkitpro/devkitarm/bin/../lib/gcc/arm-eabi/4.6.1/../../../../arm-eabi/lib/thumb\libg.a(lib_a-strtoll_r.o)
 .bss           0x02012cf0        0x0 c:/devkitpro/devkitarm/bin/../lib/gcc/arm-eabi/4.6.1/../../../../arm-eabi/lib/thumb\libg.a(lib_a-strtoul.o)
 .bss           0x02012cf0        0x0 c:/devkitpro/devkitarm/bin/../lib/gcc/arm-eabi/4.6.1/../../../../arm-eabi/lib/thumb\libg.a(lib_a-strtoull_r.o)
 .bss           0x02012cf0        0x0 c:/devkitpro/devkitarm/bin/../lib/gcc/arm-eabi/4.6.1/../../../../arm-eabi/lib/thumb\libg.a(lib_a-wbuf.o)
 .bss           0x02012cf0        0x0 c:/devkitpro/devkitarm/bin/../lib/gcc/arm-eabi/4.6.1/../../../../arm-eabi/lib/thumb\libg.a(lib_a-wcsnrtombs.o)
 .bss           0x02012cf0        0x0 c:/devkitpro/devkitarm/bin/../lib/gcc/arm-eabi/4.6.1/../../../../arm-eabi/lib/thumb\libg.a(lib_a-fclose.o)
 .bss           0x02012cf0        0x0 c:/devkitpro/devkitarm/bin/../lib/gcc/arm-eabi/4.6.1/../../../../arm-eabi/lib/thumb\libg.a(lib_a-getenv_r.o)
 .bss           0x02012cf0        0x4 c:/devkitpro/devkitarm/bin/../lib/gcc/arm-eabi/4.6.1/../../../../arm-eabi/lib/thumb\libg.a(lib_a-environ.o)
 .bss           0x02012cf4        0x0 c:/devkitpro/devkitarm/bin/../lib/gcc/arm-eabi/4.6.1/../../../../arm-eabi/lib/thumb\libg.a(lib_a-envlock.o)
 .bss           0x02012cf4        0x0 c:/devkitpro/devkitarm/bin/../lib/gcc/arm-eabi/4.6.1/../../../../arm-eabi/lib/thumb\libsysbase.a(iosupport.o)
 .bss           0x02012cf4        0x0 c:/devkitpro/devkitarm/bin/../lib/gcc/arm-eabi/4.6.1/../../../../arm-eabi/lib/thumb\libsysbase.a(close.o)
 .bss           0x02012cf4        0x0 c:/devkitpro/devkitarm/bin/../lib/gcc/arm-eabi/4.6.1/../../../../arm-eabi/lib/thumb\libsysbase.a(fstat.o)
 .bss           0x02012cf4        0x0 c:/devkitpro/devkitarm/bin/../lib/gcc/arm-eabi/4.6.1/../../../../arm-eabi/lib/thumb\libsysbase.a(isatty.o)
 .bss           0x02012cf4        0x0 c:/devkitpro/devkitarm/bin/../lib/gcc/arm-eabi/4.6.1/../../../../arm-eabi/lib/thumb\libsysbase.a(lseek.o)
 .bss           0x02012cf4        0x0 c:/devkitpro/devkitarm/bin/../lib/gcc/arm-eabi/4.6.1/../../../../arm-eabi/lib/thumb\libsysbase.a(read.o)
 .bss           0x02012cf4        0x4 c:/devkitpro/devkitarm/bin/../lib/gcc/arm-eabi/4.6.1/../../../../arm-eabi/lib/thumb\libsysbase.a(sbrk.o)
 .bss           0x02012cf8        0x0 c:/devkitpro/devkitarm/bin/../lib/gcc/arm-eabi/4.6.1/../../../../arm-eabi/lib/thumb\libsysbase.a(times.o)
 .bss           0x02012cf8        0x0 c:/devkitpro/devkitarm/bin/../lib/gcc/arm-eabi/4.6.1/../../../../arm-eabi/lib/thumb\libsysbase.a(write.o)
 .bss           0x02012cf8        0x8 c:/devkitpro/devkitarm/bin/../lib/gcc/arm-eabi/4.6.1/../../../../arm-eabi/lib/thumb\libsysbase.a(malloc_vars.o)
                0x02012cf8                fake_heap_start
                0x02012cfc                fake_heap_end
 .bss           0x02012d00        0x0 c:/devkitpro/devkitarm/bin/../lib/gcc/arm-eabi/4.6.1/../../../../arm-eabi/lib/thumb\libsysbase.a(build_argv.o)
 .bss           0x02012d00        0x8 c:/devkitpro/devkitarm/bin/../lib/gcc/arm-eabi/4.6.1/../../../../arm-eabi/lib/thumb\libsysbase.a(syscall_support.o)
                0x02012d00                __syscalls
 .bss           0x02012d08     0x1000 c:/devkitpro/devkitarm/bin/../lib/gcc/arm-eabi/4.6.1/../../../../arm-eabi/lib/thumb\libsysbase.a(handle_manager.o)
 .bss           0x02013d08        0x0 c:/devkitpro/devkitarm/bin/../lib/gcc/arm-eabi/4.6.1/thumb\libgcc.a(_udivsi3.o)
 .bss           0x02013d08        0x0 c:/devkitpro/devkitarm/bin/../lib/gcc/arm-eabi/4.6.1/thumb\libgcc.a(_aeabi_uldivmod.o)
 .bss           0x02013d08        0x0 c:/devkitpro/devkitarm/bin/../lib/gcc/arm-eabi/4.6.1/thumb\libgcc.a(_muldi3.o)
 .bss           0x02013d08        0x0 c:/devkitpro/devkitarm/bin/../lib/gcc/arm-eabi/4.6.1/thumb\libgcc.a(bpabi.o)
 .bss           0x02013d08        0x0 c:/devkitpro/devkitarm/bin/../lib/gcc/arm-eabi/4.6.1/thumb\libgcc.a(_divdi3.o)
 .bss           0x02013d08        0x0 c:/devkitpro/devkitarm/bin/../lib/gcc/arm-eabi/4.6.1/thumb\libgcc.a(_udivdi3.o)
 .bss           0x02013d08        0x0 c:/devkitpro/devkitarm/bin/../lib/gcc/arm-eabi/4.6.1/thumb\libgcc.a(_clzsi2.o)
 .bss           0x02013d08        0x0 c:/devkitpro/devkitarm/bin/../lib/gcc/arm-eabi/4.6.1/../../../../arm-eabi/lib/thumb\libg.a(lib_a-errno.o)
 .bss           0x02013d08        0x0 c:/devkitpro/devkitarm/bin/../lib/gcc/arm-eabi/4.6.1/thumb/crtend.o
 .bss           0x02013d08        0x0 c:/devkitpro/devkitarm/bin/../lib/gcc/arm-eabi/4.6.1/thumb/crtn.o
 *(COMMON)
 COMMON         0x02013d08       0x5c c:/devkitPro/libnds/lib\libnds9.a(console.o)
                0x02013d08                currentCopy
 COMMON         0x02013d64        0x1 c:/devkitPro/libnds/lib\libnds9.a(initSystem.o)
                0x02013d64                __dsimode
 *fill*         0x02013d65        0x3 00
 COMMON         0x02013d68      0xa40 c:/devkitPro/libnds/lib\libnds9.a(fifosystem.o)
                0x02013d68                fifo_datamsg_data
                0x02013da8                fifo_buffer
                0x020145a8                fifo_value32_func
                0x020145e8                fifo_address_func
                0x02014628                fifo_value32_data
                0x02014668                fifo_value32_queue
                0x020146a8                fifo_data_queue
                0x020146e8                fifo_address_data
                0x02014728                fifo_datamsg_func
                0x02014768                fifo_address_queue
 COMMON         0x020147a8      0x148 c:/devkitPro/libnds/lib\libnds9.a(background.o)
                0x020147a8                bgState
                0x020148e8                bgIsTextLut
 COMMON         0x020148f0        0x4 c:/devkitpro/devkitarm/bin/../lib/gcc/arm-eabi/4.6.1/../../../../arm-eabi/lib/thumb\libsysbase.a(times.o)
                0x020148f0                punixTime
                0x020148f4                . = ALIGN (0x4)
                0x020148f4                __bss_end__ = ABSOLUTE (.)
                0x020148f4                __end__ = ABSOLUTE (.)

.stab
 *(.stab)

.stabstr
 *(.stabstr)

.stab.excl
 *(.stab.excl)

.stab.exclstr
 *(.stab.exclstr)

.stab.index
 *(.stab.index)

.stab.indexstr
 *(.stab.indexstr)

.comment        0x00000000       0x44
 *(.comment)
 .comment       0x00000000       0x22 c:/devkitpro/devkitarm/bin/../lib/gcc/arm-eabi/4.6.1/thumb/crtbegin.o
                                 0x23 (size before relaxing)
 .comment       0x00000000       0x23 main.o
 .comment       0x00000022       0x22 c:/devkitPro/libnds/lib\libnds9.a(console.o)
                                 0x23 (size before relaxing)
 .comment       0x00000000       0x23 c:/devkitPro/libnds/lib\libnds9.a(initSystem.o)
 .comment       0x00000000       0x23 c:/devkitPro/libnds/lib\libnds9.a(fifosystem.o)
 .comment       0x00000000       0x23 c:/devkitPro/libnds/lib\libnds9.a(interrupts.o)
 .comment       0x00000000       0x23 c:/devkitPro/libnds/lib\libnds9.a(libnds_exit.o)
 .comment       0x00000000       0x23 c:/devkitPro/libnds/lib\libnds9.a(background.o)
 .comment       0x00000000       0x23 c:/devkitPro/libnds/lib\libnds9.a(system.o)
 .comment       0x00000000       0x23 c:/devkitPro/libnds/lib\libnds9.a(trig.o)
 .comment       0x00000000       0x23 c:/devkitPro/libnds/lib\libnds9.a(video.o)
 .comment       0x00000000       0x23 d:/Dropbox/studia/informatyka/magisterka/code/phase01/sandbox/lib\liblibs.a(basic_lib.o)
 .comment       0x00000000       0x23 c:/devkitpro/devkitarm/bin/../lib/gcc/arm-eabi/4.6.1/../../../../arm-eabi/lib/thumb\libg.a(lib_a-bsearch.o)
 .comment       0x00000000       0x23 c:/devkitpro/devkitarm/bin/../lib/gcc/arm-eabi/4.6.1/../../../../arm-eabi/lib/thumb\libg.a(lib_a-impure.o)
 .comment       0x00000000       0x23 c:/devkitpro/devkitarm/bin/../lib/gcc/arm-eabi/4.6.1/../../../../arm-eabi/lib/thumb\libg.a(lib_a-init.o)
 .comment       0x00000000       0x23 c:/devkitpro/devkitarm/bin/../lib/gcc/arm-eabi/4.6.1/../../../../arm-eabi/lib/thumb\libg.a(lib_a-iprintf.o)
 .comment       0x00000000       0x23 c:/devkitpro/devkitarm/bin/../lib/gcc/arm-eabi/4.6.1/../../../../arm-eabi/lib/thumb\libg.a(lib_a-malloc.o)
 .comment       0x00000000       0x23 c:/devkitpro/devkitarm/bin/../lib/gcc/arm-eabi/4.6.1/../../../../arm-eabi/lib/thumb\libg.a(lib_a-mallocr.o)
 .comment       0x00000000       0x23 c:/devkitpro/devkitarm/bin/../lib/gcc/arm-eabi/4.6.1/../../../../arm-eabi/lib/thumb\libg.a(lib_a-memcpy.o)
 .comment       0x00000000       0x23 c:/devkitpro/devkitarm/bin/../lib/gcc/arm-eabi/4.6.1/../../../../arm-eabi/lib/thumb\libg.a(lib_a-mlock.o)
 .comment       0x00000000       0x23 c:/devkitpro/devkitarm/bin/../lib/gcc/arm-eabi/4.6.1/../../../../arm-eabi/lib/thumb\libg.a(lib_a-setvbuf.o)
 .comment       0x00000000       0x23 c:/devkitpro/devkitarm/bin/../lib/gcc/arm-eabi/4.6.1/../../../../arm-eabi/lib/thumb\libg.a(lib_a-siscanf.o)
 .comment       0x00000000       0x23 c:/devkitpro/devkitarm/bin/../lib/gcc/arm-eabi/4.6.1/../../../../arm-eabi/lib/thumb\libg.a(lib_a-stdio.o)
 .comment       0x00000000       0x23 c:/devkitpro/devkitarm/bin/../lib/gcc/arm-eabi/4.6.1/../../../../arm-eabi/lib/thumb\libg.a(lib_a-strlen.o)
 .comment       0x00000000       0x23 c:/devkitpro/devkitarm/bin/../lib/gcc/arm-eabi/4.6.1/../../../../arm-eabi/lib/thumb\libg.a(lib_a-svfiscanf.o)
 .comment       0x00000000       0x23 c:/devkitpro/devkitarm/bin/../lib/gcc/arm-eabi/4.6.1/../../../../arm-eabi/lib/thumb\libg.a(lib_a-ungetc.o)
 .comment       0x00000000       0x23 c:/devkitpro/devkitarm/bin/../lib/gcc/arm-eabi/4.6.1/../../../../arm-eabi/lib/thumb\libg.a(lib_a-vfiprintf.o)
 .comment       0x00000000       0x23 c:/devkitpro/devkitarm/bin/../lib/gcc/arm-eabi/4.6.1/../../../../arm-eabi/lib/thumb\libg.a(lib_a-wcrtomb.o)
 .comment       0x00000000       0x23 c:/devkitpro/devkitarm/bin/../lib/gcc/arm-eabi/4.6.1/../../../../arm-eabi/lib/thumb\libg.a(lib_a-wcsrtombs.o)
 .comment       0x00000000       0x23 c:/devkitpro/devkitarm/bin/../lib/gcc/arm-eabi/4.6.1/../../../../arm-eabi/lib/thumb\libg.a(lib_a-wctomb_r.o)
 .comment       0x00000000       0x23 c:/devkitpro/devkitarm/bin/../lib/gcc/arm-eabi/4.6.1/../../../../arm-eabi/lib/thumb\libg.a(lib_a-wsetup.o)
 .comment       0x00000000       0x23 c:/devkitpro/devkitarm/bin/../lib/gcc/arm-eabi/4.6.1/../../../../arm-eabi/lib/thumb\libg.a(lib_a-ctype_.o)
 .comment       0x00000000       0x23 c:/devkitpro/devkitarm/bin/../lib/gcc/arm-eabi/4.6.1/../../../../arm-eabi/lib/thumb\libg.a(lib_a-fflush.o)
 .comment       0x00000000       0x23 c:/devkitpro/devkitarm/bin/../lib/gcc/arm-eabi/4.6.1/../../../../arm-eabi/lib/thumb\libg.a(lib_a-findfp.o)
 .comment       0x00000000       0x23 c:/devkitpro/devkitarm/bin/../lib/gcc/arm-eabi/4.6.1/../../../../arm-eabi/lib/thumb\libg.a(lib_a-fputwc.o)
 .comment       0x00000000       0x23 c:/devkitpro/devkitarm/bin/../lib/gcc/arm-eabi/4.6.1/../../../../arm-eabi/lib/thumb\libg.a(lib_a-freer.o)
 .comment       0x00000000       0x23 c:/devkitpro/devkitarm/bin/../lib/gcc/arm-eabi/4.6.1/../../../../arm-eabi/lib/thumb\libg.a(lib_a-fvwrite.o)
 .comment       0x00000000       0x23 c:/devkitpro/devkitarm/bin/../lib/gcc/arm-eabi/4.6.1/../../../../arm-eabi/lib/thumb\libg.a(lib_a-fwalk.o)
 .comment       0x00000000       0x23 c:/devkitpro/devkitarm/bin/../lib/gcc/arm-eabi/4.6.1/../../../../arm-eabi/lib/thumb\libg.a(lib_a-iswspace.o)
 .comment       0x00000000       0x23 c:/devkitpro/devkitarm/bin/../lib/gcc/arm-eabi/4.6.1/../../../../arm-eabi/lib/thumb\libg.a(lib_a-jp2uc.o)
 .comment       0x00000000       0x23 c:/devkitpro/devkitarm/bin/../lib/gcc/arm-eabi/4.6.1/../../../../arm-eabi/lib/thumb\libg.a(lib_a-locale.o)
 .comment       0x00000000       0x23 c:/devkitpro/devkitarm/bin/../lib/gcc/arm-eabi/4.6.1/../../../../arm-eabi/lib/thumb\libg.a(lib_a-makebuf.o)
 .comment       0x00000000       0x23 c:/devkitpro/devkitarm/bin/../lib/gcc/arm-eabi/4.6.1/../../../../arm-eabi/lib/thumb\libg.a(lib_a-mbrtowc.o)
 .comment       0x00000000       0x23 c:/devkitpro/devkitarm/bin/../lib/gcc/arm-eabi/4.6.1/../../../../arm-eabi/lib/thumb\libg.a(lib_a-mbtowc_r.o)
 .comment       0x00000000       0x23 c:/devkitpro/devkitarm/bin/../lib/gcc/arm-eabi/4.6.1/../../../../arm-eabi/lib/thumb\libg.a(lib_a-memchr.o)
 .comment       0x00000000       0x23 c:/devkitpro/devkitarm/bin/../lib/gcc/arm-eabi/4.6.1/../../../../arm-eabi/lib/thumb\libg.a(lib_a-memmove.o)
 .comment       0x00000000       0x23 c:/devkitpro/devkitarm/bin/../lib/gcc/arm-eabi/4.6.1/../../../../arm-eabi/lib/thumb\libg.a(lib_a-memset.o)
 .comment       0x00000000       0x23 c:/devkitpro/devkitarm/bin/../lib/gcc/arm-eabi/4.6.1/../../../../arm-eabi/lib/thumb\libg.a(lib_a-reallocr.o)
 .comment       0x00000000       0x23 c:/devkitpro/devkitarm/bin/../lib/gcc/arm-eabi/4.6.1/../../../../arm-eabi/lib/thumb\libg.a(lib_a-sccl.o)
 .comment       0x00000000       0x23 c:/devkitpro/devkitarm/bin/../lib/gcc/arm-eabi/4.6.1/../../../../arm-eabi/lib/thumb\libg.a(lib_a-strcasecmp.o)
 .comment       0x00000000       0x23 c:/devkitpro/devkitarm/bin/../lib/gcc/arm-eabi/4.6.1/../../../../arm-eabi/lib/thumb\libg.a(lib_a-strcat.o)
 .comment       0x00000000       0x23 c:/devkitpro/devkitarm/bin/../lib/gcc/arm-eabi/4.6.1/../../../../arm-eabi/lib/thumb\libg.a(lib_a-strchr.o)
 .comment       0x00000000       0x23 c:/devkitpro/devkitarm/bin/../lib/gcc/arm-eabi/4.6.1/../../../../arm-eabi/lib/thumb\libg.a(lib_a-strcmp.o)
 .comment       0x00000000       0x23 c:/devkitpro/devkitarm/bin/../lib/gcc/arm-eabi/4.6.1/../../../../arm-eabi/lib/thumb\libg.a(lib_a-strcpy.o)
 .comment       0x00000000       0x23 c:/devkitpro/devkitarm/bin/../lib/gcc/arm-eabi/4.6.1/../../../../arm-eabi/lib/thumb\libg.a(lib_a-strlcpy.o)
 .comment       0x00000000       0x23 c:/devkitpro/devkitarm/bin/../lib/gcc/arm-eabi/4.6.1/../../../../arm-eabi/lib/thumb\libg.a(lib_a-strncasecmp.o)
 .comment       0x00000000       0x23 c:/devkitpro/devkitarm/bin/../lib/gcc/arm-eabi/4.6.1/../../../../arm-eabi/lib/thumb\libg.a(lib_a-strncmp.o)
 .comment       0x00000000       0x23 c:/devkitpro/devkitarm/bin/../lib/gcc/arm-eabi/4.6.1/../../../../arm-eabi/lib/thumb\libg.a(lib_a-strncpy.o)
 .comment       0x00000000       0x23 c:/devkitpro/devkitarm/bin/../lib/gcc/arm-eabi/4.6.1/../../../../arm-eabi/lib/thumb\libg.a(lib_a-strtol.o)
 .comment       0x00000000       0x23 c:/devkitpro/devkitarm/bin/../lib/gcc/arm-eabi/4.6.1/../../../../arm-eabi/lib/thumb\libg.a(lib_a-strtoll_r.o)
 .comment       0x00000000       0x23 c:/devkitpro/devkitarm/bin/../lib/gcc/arm-eabi/4.6.1/../../../../arm-eabi/lib/thumb\libg.a(lib_a-strtoul.o)
 .comment       0x00000000       0x23 c:/devkitpro/devkitarm/bin/../lib/gcc/arm-eabi/4.6.1/../../../../arm-eabi/lib/thumb\libg.a(lib_a-strtoull_r.o)
 .comment       0x00000000       0x23 c:/devkitpro/devkitarm/bin/../lib/gcc/arm-eabi/4.6.1/../../../../arm-eabi/lib/thumb\libg.a(lib_a-wbuf.o)
 .comment       0x00000000       0x23 c:/devkitpro/devkitarm/bin/../lib/gcc/arm-eabi/4.6.1/../../../../arm-eabi/lib/thumb\libg.a(lib_a-wcsnrtombs.o)
 .comment       0x00000000       0x23 c:/devkitpro/devkitarm/bin/../lib/gcc/arm-eabi/4.6.1/../../../../arm-eabi/lib/thumb\libg.a(lib_a-fclose.o)
 .comment       0x00000000       0x23 c:/devkitpro/devkitarm/bin/../lib/gcc/arm-eabi/4.6.1/../../../../arm-eabi/lib/thumb\libg.a(lib_a-getenv_r.o)
 .comment       0x00000000       0x23 c:/devkitpro/devkitarm/bin/../lib/gcc/arm-eabi/4.6.1/../../../../arm-eabi/lib/thumb\libg.a(lib_a-environ.o)
 .comment       0x00000000       0x23 c:/devkitpro/devkitarm/bin/../lib/gcc/arm-eabi/4.6.1/../../../../arm-eabi/lib/thumb\libg.a(lib_a-envlock.o)
 .comment       0x00000000       0x23 c:/devkitpro/devkitarm/bin/../lib/gcc/arm-eabi/4.6.1/../../../../arm-eabi/lib/thumb\libsysbase.a(iosupport.o)
 .comment       0x00000000       0x23 c:/devkitpro/devkitarm/bin/../lib/gcc/arm-eabi/4.6.1/../../../../arm-eabi/lib/thumb\libsysbase.a(close.o)
 .comment       0x00000000       0x23 c:/devkitpro/devkitarm/bin/../lib/gcc/arm-eabi/4.6.1/../../../../arm-eabi/lib/thumb\libsysbase.a(fstat.o)
 .comment       0x00000000       0x23 c:/devkitpro/devkitarm/bin/../lib/gcc/arm-eabi/4.6.1/../../../../arm-eabi/lib/thumb\libsysbase.a(isatty.o)
 .comment       0x00000000       0x23 c:/devkitpro/devkitarm/bin/../lib/gcc/arm-eabi/4.6.1/../../../../arm-eabi/lib/thumb\libsysbase.a(lseek.o)
 .comment       0x00000000       0x23 c:/devkitpro/devkitarm/bin/../lib/gcc/arm-eabi/4.6.1/../../../../arm-eabi/lib/thumb\libsysbase.a(read.o)
 .comment       0x00000000       0x23 c:/devkitpro/devkitarm/bin/../lib/gcc/arm-eabi/4.6.1/../../../../arm-eabi/lib/thumb\libsysbase.a(sbrk.o)
 .comment       0x00000000       0x23 c:/devkitpro/devkitarm/bin/../lib/gcc/arm-eabi/4.6.1/../../../../arm-eabi/lib/thumb\libsysbase.a(times.o)
 .comment       0x00000000       0x23 c:/devkitpro/devkitarm/bin/../lib/gcc/arm-eabi/4.6.1/../../../../arm-eabi/lib/thumb\libsysbase.a(write.o)
 .comment       0x00000000       0x23 c:/devkitpro/devkitarm/bin/../lib/gcc/arm-eabi/4.6.1/../../../../arm-eabi/lib/thumb\libsysbase.a(malloc_vars.o)
 .comment       0x00000000       0x23 c:/devkitpro/devkitarm/bin/../lib/gcc/arm-eabi/4.6.1/../../../../arm-eabi/lib/thumb\libsysbase.a(build_argv.o)
 .comment       0x00000000       0x23 c:/devkitpro/devkitarm/bin/../lib/gcc/arm-eabi/4.6.1/../../../../arm-eabi/lib/thumb\libsysbase.a(syscall_support.o)
 .comment       0x00000000       0x23 c:/devkitpro/devkitarm/bin/../lib/gcc/arm-eabi/4.6.1/../../../../arm-eabi/lib/thumb\libsysbase.a(handle_manager.o)
 .comment       0x00000000       0x23 c:/devkitpro/devkitarm/bin/../lib/gcc/arm-eabi/4.6.1/thumb\libgcc.a(_muldi3.o)
 .comment       0x00000000       0x23 c:/devkitpro/devkitarm/bin/../lib/gcc/arm-eabi/4.6.1/thumb\libgcc.a(bpabi.o)
 .comment       0x00000000       0x23 c:/devkitpro/devkitarm/bin/../lib/gcc/arm-eabi/4.6.1/thumb\libgcc.a(_divdi3.o)
 .comment       0x00000000       0x23 c:/devkitpro/devkitarm/bin/../lib/gcc/arm-eabi/4.6.1/thumb\libgcc.a(_udivdi3.o)
 .comment       0x00000000       0x23 c:/devkitpro/devkitarm/bin/../lib/gcc/arm-eabi/4.6.1/../../../../arm-eabi/lib/thumb\libg.a(lib_a-errno.o)
 .comment       0x00000000       0x23 c:/devkitpro/devkitarm/bin/../lib/gcc/arm-eabi/4.6.1/thumb/crtend.o

.ARM.attributes
                0x00000000       0x2f
 .ARM.attributes
                0x00000000       0x23 c:/devkitpro/devkitarm/bin/../lib/gcc/arm-eabi/4.6.1/../../../../arm-eabi/lib/thumb/ds_arm9_crt0.o
 .ARM.attributes
                0x00000023       0x18 c:/devkitpro/devkitarm/bin/../lib/gcc/arm-eabi/4.6.1/thumb/crti.o
 .ARM.attributes
                0x0000003b       0x32 c:/devkitpro/devkitarm/bin/../lib/gcc/arm-eabi/4.6.1/thumb/crtbegin.o
 .ARM.attributes
                0x0000006d       0x29 main.o
 .ARM.attributes
                0x00000096       0x1d test.o
 .ARM.attributes
                0x000000b3       0x29 c:/devkitPro/libnds/lib\libnds9.a(console.o)
 .ARM.attributes
                0x000000dc       0x29 c:/devkitPro/libnds/lib\libnds9.a(initSystem.o)
 .ARM.attributes
                0x00000105       0x29 c:/devkitPro/libnds/lib\libnds9.a(fifosystem.o)
 .ARM.attributes
                0x0000012e       0x29 c:/devkitPro/libnds/lib\libnds9.a(interrupts.o)
 .ARM.attributes
                0x00000157       0x29 c:/devkitPro/libnds/lib\libnds9.a(libnds_exit.o)
 .ARM.attributes
                0x00000180       0x23 c:/devkitPro/libnds/lib\libnds9.a(mpu_setup.o)
 .ARM.attributes
                0x000001a3       0x1d c:/devkitPro/libnds/lib\libnds9.a(biosCalls.o)
 .ARM.attributes
                0x000001c0       0x1d c:/devkitPro/libnds/lib\libnds9.a(debugprint.o)
 .ARM.attributes
                0x000001dd       0x1d c:/devkitPro/libnds/lib\libnds9.a(interruptDispatcher.o)
 .ARM.attributes
                0x000001fa       0x23 c:/devkitPro/libnds/lib\libnds9.a(swiSoftReset.o)
 .ARM.attributes
                0x0000021d       0x16 c:/devkitPro/libnds/lib\libnds9.a(default_font.bin.o)
 .ARM.attributes
                0x00000233       0x29 c:/devkitPro/libnds/lib\libnds9.a(background.o)
 .ARM.attributes
                0x0000025c       0x29 c:/devkitPro/libnds/lib\libnds9.a(system.o)
 .ARM.attributes
                0x00000285       0x29 c:/devkitPro/libnds/lib\libnds9.a(trig.o)
 .ARM.attributes
                0x000002ae       0x29 c:/devkitPro/libnds/lib\libnds9.a(video.o)
 .ARM.attributes
                0x000002d7       0x29 d:/Dropbox/studia/informatyka/magisterka/code/phase01/sandbox/lib\liblibs.a(basic_lib.o)
 .ARM.attributes
                0x00000300       0x1a c:/devkitpro/devkitarm/bin/../lib/gcc/arm-eabi/4.6.1/thumb\libgcc.a(_divsi3.o)
 .ARM.attributes
                0x0000031a       0x18 c:/devkitpro/devkitarm/bin/../lib/gcc/arm-eabi/4.6.1/thumb\libgcc.a(_dvmd_tls.o)
 .ARM.attributes
                0x00000332       0x32 c:/devkitpro/devkitarm/bin/../lib/gcc/arm-eabi/4.6.1/../../../../arm-eabi/lib/thumb\libg.a(lib_a-bsearch.o)
 .ARM.attributes
                0x00000364       0x32 c:/devkitpro/devkitarm/bin/../lib/gcc/arm-eabi/4.6.1/../../../../arm-eabi/lib/thumb\libg.a(lib_a-impure.o)
 .ARM.attributes
                0x00000396       0x32 c:/devkitpro/devkitarm/bin/../lib/gcc/arm-eabi/4.6.1/../../../../arm-eabi/lib/thumb\libg.a(lib_a-init.o)
 .ARM.attributes
                0x000003c8       0x32 c:/devkitpro/devkitarm/bin/../lib/gcc/arm-eabi/4.6.1/../../../../arm-eabi/lib/thumb\libg.a(lib_a-iprintf.o)
 .ARM.attributes
                0x000003fa       0x32 c:/devkitpro/devkitarm/bin/../lib/gcc/arm-eabi/4.6.1/../../../../arm-eabi/lib/thumb\libg.a(lib_a-malloc.o)
 .ARM.attributes
                0x0000042c       0x32 c:/devkitpro/devkitarm/bin/../lib/gcc/arm-eabi/4.6.1/../../../../arm-eabi/lib/thumb\libg.a(lib_a-mallocr.o)
 .ARM.attributes
                0x0000045e       0x32 c:/devkitpro/devkitarm/bin/../lib/gcc/arm-eabi/4.6.1/../../../../arm-eabi/lib/thumb\libg.a(lib_a-memcpy.o)
 .ARM.attributes
                0x00000490       0x32 c:/devkitpro/devkitarm/bin/../lib/gcc/arm-eabi/4.6.1/../../../../arm-eabi/lib/thumb\libg.a(lib_a-mlock.o)
 .ARM.attributes
                0x000004c2       0x32 c:/devkitpro/devkitarm/bin/../lib/gcc/arm-eabi/4.6.1/../../../../arm-eabi/lib/thumb\libg.a(lib_a-setvbuf.o)
 .ARM.attributes
                0x000004f4       0x32 c:/devkitpro/devkitarm/bin/../lib/gcc/arm-eabi/4.6.1/../../../../arm-eabi/lib/thumb\libg.a(lib_a-siscanf.o)
 .ARM.attributes
                0x00000526       0x32 c:/devkitpro/devkitarm/bin/../lib/gcc/arm-eabi/4.6.1/../../../../arm-eabi/lib/thumb\libg.a(lib_a-stdio.o)
 .ARM.attributes
                0x00000558       0x32 c:/devkitpro/devkitarm/bin/../lib/gcc/arm-eabi/4.6.1/../../../../arm-eabi/lib/thumb\libg.a(lib_a-strlen.o)
 .ARM.attributes
                0x0000058a       0x32 c:/devkitpro/devkitarm/bin/../lib/gcc/arm-eabi/4.6.1/../../../../arm-eabi/lib/thumb\libg.a(lib_a-svfiscanf.o)
 .ARM.attributes
                0x000005bc       0x32 c:/devkitpro/devkitarm/bin/../lib/gcc/arm-eabi/4.6.1/../../../../arm-eabi/lib/thumb\libg.a(lib_a-ungetc.o)
 .ARM.attributes
                0x000005ee       0x32 c:/devkitpro/devkitarm/bin/../lib/gcc/arm-eabi/4.6.1/../../../../arm-eabi/lib/thumb\libg.a(lib_a-vfiprintf.o)
 .ARM.attributes
                0x00000620       0x32 c:/devkitpro/devkitarm/bin/../lib/gcc/arm-eabi/4.6.1/../../../../arm-eabi/lib/thumb\libg.a(lib_a-wcrtomb.o)
 .ARM.attributes
                0x00000652       0x32 c:/devkitpro/devkitarm/bin/../lib/gcc/arm-eabi/4.6.1/../../../../arm-eabi/lib/thumb\libg.a(lib_a-wcsrtombs.o)
 .ARM.attributes
                0x00000684       0x32 c:/devkitpro/devkitarm/bin/../lib/gcc/arm-eabi/4.6.1/../../../../arm-eabi/lib/thumb\libg.a(lib_a-wctomb_r.o)
 .ARM.attributes
                0x000006b6       0x32 c:/devkitpro/devkitarm/bin/../lib/gcc/arm-eabi/4.6.1/../../../../arm-eabi/lib/thumb\libg.a(lib_a-wsetup.o)
 .ARM.attributes
                0x000006e8       0x32 c:/devkitpro/devkitarm/bin/../lib/gcc/arm-eabi/4.6.1/../../../../arm-eabi/lib/thumb\libg.a(lib_a-ctype_.o)
 .ARM.attributes
                0x0000071a       0x32 c:/devkitpro/devkitarm/bin/../lib/gcc/arm-eabi/4.6.1/../../../../arm-eabi/lib/thumb\libg.a(lib_a-fflush.o)
 .ARM.attributes
                0x0000074c       0x32 c:/devkitpro/devkitarm/bin/../lib/gcc/arm-eabi/4.6.1/../../../../arm-eabi/lib/thumb\libg.a(lib_a-findfp.o)
 .ARM.attributes
                0x0000077e       0x32 c:/devkitpro/devkitarm/bin/../lib/gcc/arm-eabi/4.6.1/../../../../arm-eabi/lib/thumb\libg.a(lib_a-fputwc.o)
 .ARM.attributes
                0x000007b0       0x32 c:/devkitpro/devkitarm/bin/../lib/gcc/arm-eabi/4.6.1/../../../../arm-eabi/lib/thumb\libg.a(lib_a-freer.o)
 .ARM.attributes
                0x000007e2       0x32 c:/devkitpro/devkitarm/bin/../lib/gcc/arm-eabi/4.6.1/../../../../arm-eabi/lib/thumb\libg.a(lib_a-fvwrite.o)
 .ARM.attributes
                0x00000814       0x32 c:/devkitpro/devkitarm/bin/../lib/gcc/arm-eabi/4.6.1/../../../../arm-eabi/lib/thumb\libg.a(lib_a-fwalk.o)
 .ARM.attributes
                0x00000846       0x32 c:/devkitpro/devkitarm/bin/../lib/gcc/arm-eabi/4.6.1/../../../../arm-eabi/lib/thumb\libg.a(lib_a-iswspace.o)
 .ARM.attributes
                0x00000878       0x32 c:/devkitpro/devkitarm/bin/../lib/gcc/arm-eabi/4.6.1/../../../../arm-eabi/lib/thumb\libg.a(lib_a-jp2uc.o)
 .ARM.attributes
                0x000008aa       0x32 c:/devkitpro/devkitarm/bin/../lib/gcc/arm-eabi/4.6.1/../../../../arm-eabi/lib/thumb\libg.a(lib_a-locale.o)
 .ARM.attributes
                0x000008dc       0x32 c:/devkitpro/devkitarm/bin/../lib/gcc/arm-eabi/4.6.1/../../../../arm-eabi/lib/thumb\libg.a(lib_a-makebuf.o)
 .ARM.attributes
                0x0000090e       0x32 c:/devkitpro/devkitarm/bin/../lib/gcc/arm-eabi/4.6.1/../../../../arm-eabi/lib/thumb\libg.a(lib_a-mbrtowc.o)
 .ARM.attributes
                0x00000940       0x32 c:/devkitpro/devkitarm/bin/../lib/gcc/arm-eabi/4.6.1/../../../../arm-eabi/lib/thumb\libg.a(lib_a-mbtowc_r.o)
 .ARM.attributes
                0x00000972       0x32 c:/devkitpro/devkitarm/bin/../lib/gcc/arm-eabi/4.6.1/../../../../arm-eabi/lib/thumb\libg.a(lib_a-memchr.o)
 .ARM.attributes
                0x000009a4       0x32 c:/devkitpro/devkitarm/bin/../lib/gcc/arm-eabi/4.6.1/../../../../arm-eabi/lib/thumb\libg.a(lib_a-memmove.o)
 .ARM.attributes
                0x000009d6       0x32 c:/devkitpro/devkitarm/bin/../lib/gcc/arm-eabi/4.6.1/../../../../arm-eabi/lib/thumb\libg.a(lib_a-memset.o)
 .ARM.attributes
                0x00000a08       0x32 c:/devkitpro/devkitarm/bin/../lib/gcc/arm-eabi/4.6.1/../../../../arm-eabi/lib/thumb\libg.a(lib_a-reallocr.o)
 .ARM.attributes
                0x00000a3a       0x32 c:/devkitpro/devkitarm/bin/../lib/gcc/arm-eabi/4.6.1/../../../../arm-eabi/lib/thumb\libg.a(lib_a-sccl.o)
 .ARM.attributes
                0x00000a6c       0x32 c:/devkitpro/devkitarm/bin/../lib/gcc/arm-eabi/4.6.1/../../../../arm-eabi/lib/thumb\libg.a(lib_a-strcasecmp.o)
 .ARM.attributes
                0x00000a9e       0x32 c:/devkitpro/devkitarm/bin/../lib/gcc/arm-eabi/4.6.1/../../../../arm-eabi/lib/thumb\libg.a(lib_a-strcat.o)
 .ARM.attributes
                0x00000ad0       0x32 c:/devkitpro/devkitarm/bin/../lib/gcc/arm-eabi/4.6.1/../../../../arm-eabi/lib/thumb\libg.a(lib_a-strchr.o)
 .ARM.attributes
                0x00000b02       0x32 c:/devkitpro/devkitarm/bin/../lib/gcc/arm-eabi/4.6.1/../../../../arm-eabi/lib/thumb\libg.a(lib_a-strcmp.o)
 .ARM.attributes
                0x00000b34       0x32 c:/devkitpro/devkitarm/bin/../lib/gcc/arm-eabi/4.6.1/../../../../arm-eabi/lib/thumb\libg.a(lib_a-strcpy.o)
 .ARM.attributes
                0x00000b66       0x32 c:/devkitpro/devkitarm/bin/../lib/gcc/arm-eabi/4.6.1/../../../../arm-eabi/lib/thumb\libg.a(lib_a-strlcpy.o)
 .ARM.attributes
                0x00000b98       0x32 c:/devkitpro/devkitarm/bin/../lib/gcc/arm-eabi/4.6.1/../../../../arm-eabi/lib/thumb\libg.a(lib_a-strncasecmp.o)
 .ARM.attributes
                0x00000bca       0x32 c:/devkitpro/devkitarm/bin/../lib/gcc/arm-eabi/4.6.1/../../../../arm-eabi/lib/thumb\libg.a(lib_a-strncmp.o)
 .ARM.attributes
                0x00000bfc       0x32 c:/devkitpro/devkitarm/bin/../lib/gcc/arm-eabi/4.6.1/../../../../arm-eabi/lib/thumb\libg.a(lib_a-strncpy.o)
 .ARM.attributes
                0x00000c2e       0x32 c:/devkitpro/devkitarm/bin/../lib/gcc/arm-eabi/4.6.1/../../../../arm-eabi/lib/thumb\libg.a(lib_a-strtol.o)
 .ARM.attributes
                0x00000c60       0x32 c:/devkitpro/devkitarm/bin/../lib/gcc/arm-eabi/4.6.1/../../../../arm-eabi/lib/thumb\libg.a(lib_a-strtoll_r.o)
 .ARM.attributes
                0x00000c92       0x32 c:/devkitpro/devkitarm/bin/../lib/gcc/arm-eabi/4.6.1/../../../../arm-eabi/lib/thumb\libg.a(lib_a-strtoul.o)
 .ARM.attributes
                0x00000cc4       0x32 c:/devkitpro/devkitarm/bin/../lib/gcc/arm-eabi/4.6.1/../../../../arm-eabi/lib/thumb\libg.a(lib_a-strtoull_r.o)
 .ARM.attributes
                0x00000cf6       0x32 c:/devkitpro/devkitarm/bin/../lib/gcc/arm-eabi/4.6.1/../../../../arm-eabi/lib/thumb\libg.a(lib_a-wbuf.o)
 .ARM.attributes
                0x00000d28       0x32 c:/devkitpro/devkitarm/bin/../lib/gcc/arm-eabi/4.6.1/../../../../arm-eabi/lib/thumb\libg.a(lib_a-wcsnrtombs.o)
 .ARM.attributes
                0x00000d5a       0x32 c:/devkitpro/devkitarm/bin/../lib/gcc/arm-eabi/4.6.1/../../../../arm-eabi/lib/thumb\libg.a(lib_a-fclose.o)
 .ARM.attributes
                0x00000d8c       0x32 c:/devkitpro/devkitarm/bin/../lib/gcc/arm-eabi/4.6.1/../../../../arm-eabi/lib/thumb\libg.a(lib_a-getenv_r.o)
 .ARM.attributes
                0x00000dbe       0x32 c:/devkitpro/devkitarm/bin/../lib/gcc/arm-eabi/4.6.1/../../../../arm-eabi/lib/thumb\libg.a(lib_a-environ.o)
 .ARM.attributes
                0x00000df0       0x32 c:/devkitpro/devkitarm/bin/../lib/gcc/arm-eabi/4.6.1/../../../../arm-eabi/lib/thumb\libg.a(lib_a-envlock.o)
 .ARM.attributes
                0x00000e22       0x32 c:/devkitpro/devkitarm/bin/../lib/gcc/arm-eabi/4.6.1/../../../../arm-eabi/lib/thumb\libsysbase.a(iosupport.o)
 .ARM.attributes
                0x00000e54       0x32 c:/devkitpro/devkitarm/bin/../lib/gcc/arm-eabi/4.6.1/../../../../arm-eabi/lib/thumb\libsysbase.a(close.o)
 .ARM.attributes
                0x00000e86       0x32 c:/devkitpro/devkitarm/bin/../lib/gcc/arm-eabi/4.6.1/../../../../arm-eabi/lib/thumb\libsysbase.a(fstat.o)
 .ARM.attributes
                0x00000eb8       0x32 c:/devkitpro/devkitarm/bin/../lib/gcc/arm-eabi/4.6.1/../../../../arm-eabi/lib/thumb\libsysbase.a(isatty.o)
 .ARM.attributes
                0x00000eea       0x32 c:/devkitpro/devkitarm/bin/../lib/gcc/arm-eabi/4.6.1/../../../../arm-eabi/lib/thumb\libsysbase.a(lseek.o)
 .ARM.attributes
                0x00000f1c       0x32 c:/devkitpro/devkitarm/bin/../lib/gcc/arm-eabi/4.6.1/../../../../arm-eabi/lib/thumb\libsysbase.a(read.o)
 .ARM.attributes
                0x00000f4e       0x32 c:/devkitpro/devkitarm/bin/../lib/gcc/arm-eabi/4.6.1/../../../../arm-eabi/lib/thumb\libsysbase.a(sbrk.o)
 .ARM.attributes
                0x00000f80       0x32 c:/devkitpro/devkitarm/bin/../lib/gcc/arm-eabi/4.6.1/../../../../arm-eabi/lib/thumb\libsysbase.a(times.o)
 .ARM.attributes
                0x00000fb2       0x32 c:/devkitpro/devkitarm/bin/../lib/gcc/arm-eabi/4.6.1/../../../../arm-eabi/lib/thumb\libsysbase.a(write.o)
 .ARM.attributes
                0x00000fe4       0x32 c:/devkitpro/devkitarm/bin/../lib/gcc/arm-eabi/4.6.1/../../../../arm-eabi/lib/thumb\libsysbase.a(malloc_vars.o)
 .ARM.attributes
                0x00001016       0x32 c:/devkitpro/devkitarm/bin/../lib/gcc/arm-eabi/4.6.1/../../../../arm-eabi/lib/thumb\libsysbase.a(build_argv.o)
 .ARM.attributes
                0x00001048       0x32 c:/devkitpro/devkitarm/bin/../lib/gcc/arm-eabi/4.6.1/../../../../arm-eabi/lib/thumb\libsysbase.a(syscall_support.o)
 .ARM.attributes
                0x0000107a       0x32 c:/devkitpro/devkitarm/bin/../lib/gcc/arm-eabi/4.6.1/../../../../arm-eabi/lib/thumb\libsysbase.a(handle_manager.o)
 .ARM.attributes
                0x000010ac       0x1a c:/devkitpro/devkitarm/bin/../lib/gcc/arm-eabi/4.6.1/thumb\libgcc.a(_udivsi3.o)
 .ARM.attributes
                0x000010c6       0x1a c:/devkitpro/devkitarm/bin/../lib/gcc/arm-eabi/4.6.1/thumb\libgcc.a(_aeabi_uldivmod.o)
 .ARM.attributes
                0x000010e0       0x32 c:/devkitpro/devkitarm/bin/../lib/gcc/arm-eabi/4.6.1/thumb\libgcc.a(_muldi3.o)
 .ARM.attributes
                0x00001112       0x32 c:/devkitpro/devkitarm/bin/../lib/gcc/arm-eabi/4.6.1/thumb\libgcc.a(bpabi.o)
 .ARM.attributes
                0x00001144       0x32 c:/devkitpro/devkitarm/bin/../lib/gcc/arm-eabi/4.6.1/thumb\libgcc.a(_divdi3.o)
 .ARM.attributes
                0x00001176       0x32 c:/devkitpro/devkitarm/bin/../lib/gcc/arm-eabi/4.6.1/thumb\libgcc.a(_udivdi3.o)