Archive member included because of file (symbol)

/opt/devkitPRO/libnds/lib/libnds9.a(console.o)
                              main.o (consoleDemoInit)
/opt/devkitPRO/libnds/lib/libnds9.a(initSystem.o)
                              /opt/devkitPRO/devkitARM/bin/../lib/gcc/arm-none-eabi/4.7.1/../../../../arm-none-eabi/lib/thumb/ds_arm9_crt0.o (initSystem)
/opt/devkitPRO/libnds/lib/libnds9.a(fifosystem.o)
                              /opt/devkitPRO/libnds/lib/libnds9.a(initSystem.o) (fifoSendValue32)
/opt/devkitPRO/libnds/lib/libnds9.a(interrupts.o)
                              /opt/devkitPRO/libnds/lib/libnds9.a(fifosystem.o) (irqSet)
/opt/devkitPRO/libnds/lib/libnds9.a(libnds_exit.arm.o)
                              /opt/devkitPRO/devkitARM/bin/../lib/gcc/arm-none-eabi/4.7.1/../../../../arm-none-eabi/lib/thumb/ds_arm9_crt0.o (__libnds_exit)
/opt/devkitPRO/libnds/lib/libnds9.a(mpu_setup.o)
                              /opt/devkitPRO/devkitARM/bin/../lib/gcc/arm-none-eabi/4.7.1/../../../../arm-none-eabi/lib/thumb/ds_arm9_crt0.o (__libnds_mpu_setup)
/opt/devkitPRO/libnds/lib/libnds9.a(biosCalls.o)
                              /opt/devkitPRO/libnds/lib/libnds9.a(fifosystem.o) (swiIntrWait)
/opt/devkitPRO/libnds/lib/libnds9.a(debugprint.o)
                              /opt/devkitPRO/libnds/lib/libnds9.a(console.o) (nocashWrite)
/opt/devkitPRO/libnds/lib/libnds9.a(interruptDispatcher.o)
                              /opt/devkitPRO/libnds/lib/libnds9.a(interrupts.o) (IntrMain)
/opt/devkitPRO/libnds/lib/libnds9.a(swiSoftReset.o)
                              /opt/devkitPRO/libnds/lib/libnds9.a(fifosystem.o) (swiSoftReset)
/opt/devkitPRO/libnds/lib/libnds9.a(default_font.bin.o)
                              /opt/devkitPRO/libnds/lib/libnds9.a(console.o) (default_font_bin)
/opt/devkitPRO/libnds/lib/libnds9.a(background.o)
                              /opt/devkitPRO/libnds/lib/libnds9.a(console.o) (bgState)
/opt/devkitPRO/libnds/lib/libnds9.a(system.o)
                              /opt/devkitPRO/libnds/lib/libnds9.a(initSystem.o) (systemMsgHandler)
/opt/devkitPRO/libnds/lib/libnds9.a(trig.o)
                              /opt/devkitPRO/libnds/lib/libnds9.a(background.o) (sinLerp)
/opt/devkitPRO/libnds/lib/libnds9.a(video.o)
                              /opt/devkitPRO/libnds/lib/libnds9.a(initSystem.o) (vramDefault)
/media/wind/Dropbox/studia/informatyka/magisterka/code/phase01/sandbox/lib/liblibs.a(basic_lib.o)
                              os.o (print_int)
/opt/devkitPRO/devkitARM/bin/../lib/gcc/arm-none-eabi/4.7.1/thumb/libgcc.a(_divsi3.o)
                              /opt/devkitPRO/libnds/lib/libnds9.a(console.o) (__aeabi_idivmod)
/opt/devkitPRO/devkitARM/bin/../lib/gcc/arm-none-eabi/4.7.1/thumb/libgcc.a(_dvmd_tls.o)
                              /opt/devkitPRO/devkitARM/bin/../lib/gcc/arm-none-eabi/4.7.1/thumb/libgcc.a(_divsi3.o) (__aeabi_idiv0)
/opt/devkitPRO/devkitARM/bin/../lib/gcc/arm-none-eabi/4.7.1/../../../../arm-none-eabi/lib/thumb/libg.a(lib_a-bsearch.o)
                              /opt/devkitPRO/libnds/lib/libnds9.a(trig.o) (bsearch)
/opt/devkitPRO/devkitARM/bin/../lib/gcc/arm-none-eabi/4.7.1/../../../../arm-none-eabi/lib/thumb/libg.a(lib_a-impure.o)
                              /opt/devkitPRO/libnds/lib/libnds9.a(console.o) (_impure_ptr)
/opt/devkitPRO/devkitARM/bin/../lib/gcc/arm-none-eabi/4.7.1/../../../../arm-none-eabi/lib/thumb/libg.a(lib_a-init.o)
                              /opt/devkitPRO/devkitARM/bin/../lib/gcc/arm-none-eabi/4.7.1/../../../../arm-none-eabi/lib/thumb/ds_arm9_crt0.o (__libc_init_array)
/opt/devkitPRO/devkitARM/bin/../lib/gcc/arm-none-eabi/4.7.1/../../../../arm-none-eabi/lib/thumb/libg.a(lib_a-iprintf.o)
                              main.o (iprintf)
/opt/devkitPRO/devkitARM/bin/../lib/gcc/arm-none-eabi/4.7.1/../../../../arm-none-eabi/lib/thumb/libg.a(lib_a-malloc.o)
                              main.o (malloc)
/opt/devkitPRO/devkitARM/bin/../lib/gcc/arm-none-eabi/4.7.1/../../../../arm-none-eabi/lib/thumb/libg.a(lib_a-mallocr.o)
                              /opt/devkitPRO/devkitARM/bin/../lib/gcc/arm-none-eabi/4.7.1/../../../../arm-none-eabi/lib/thumb/libg.a(lib_a-malloc.o) (_malloc_r)
/opt/devkitPRO/devkitARM/bin/../lib/gcc/arm-none-eabi/4.7.1/../../../../arm-none-eabi/lib/thumb/libg.a(lib_a-memcpy-stub.o)
                              /opt/devkitPRO/libnds/lib/libnds9.a(console.o) (memcpy)
/opt/devkitPRO/devkitARM/bin/../lib/gcc/arm-none-eabi/4.7.1/../../../../arm-none-eabi/lib/thumb/libg.a(lib_a-mlock.o)
                              /opt/devkitPRO/devkitARM/bin/../lib/gcc/arm-none-eabi/4.7.1/../../../../arm-none-eabi/lib/thumb/libg.a(lib_a-mallocr.o) (__malloc_lock)
/opt/devkitPRO/devkitARM/bin/../lib/gcc/arm-none-eabi/4.7.1/../../../../arm-none-eabi/lib/thumb/libg.a(lib_a-setvbuf.o)
                              /opt/devkitPRO/libnds/lib/libnds9.a(console.o) (setvbuf)
[...]
Memory Configuration

Name             Origin             Length             Attributes
rom              0x0000000008000000 0x0000000002000000
ewram            0x0000000002000000 0x00000000003ff000
dtcm             0x000000000b000000 0x0000000000004000
vectors          0x0000000001000000 0x0000000000000100
itcm             0x0000000001000100 0x0000000000007f00
*default*        0x0000000000000000 0xffffffffffffffff

Linker script and memory map

                0x0000000001000000                __vectors_start = ORIGIN (vectors)
                0x0000000001000100                __itcm_start = ORIGIN (itcm)
                0x00000000023ff000                __ewram_end = (ORIGIN (ewram) + 0x3ff000)
                0x00000000023ff000                __eheap_end = (ORIGIN (ewram) + 0x3ff000)
                0x000000000b000000                __dtcm_start = ORIGIN (dtcm)
                0x000000000b004000                __dtcm_top = (ORIGIN (dtcm) + 0x4000)
                0x000000000b003ff8                __irq_flags = (__dtcm_top - 0x8)
                0x000000000b003ffc                __irq_vector = (__dtcm_top - 0x4)
                0x000000000b003f00                __sp_svc = (__dtcm_top - 0x100)
                0x000000000b003e00                __sp_irq = (__sp_svc - 0x100)
                0x000000000b003d00                __sp_usr = (__sp_irq - 0x100)

.init           0x0000000002000000      0x23c
                0x0000000002000000                __text_start = .
 *(.init)
 .init          0x0000000002000000      0x230 /opt/devkitPRO/devkitARM/bin/../lib/gcc/arm-none-eabi/4.7.1/../../../../arm-none-eabi/lib/thumb/ds_arm9_crt0.o
                0x0000000002000000                _start
 .init          0x0000000002000230        0x4 /opt/devkitPRO/devkitARM/bin/../lib/gcc/arm-none-eabi/4.7.1/thumb/crti.o
                0x0000000002000230                _init
 .init          0x0000000002000234        0x8 /opt/devkitPRO/devkitARM/bin/../lib/gcc/arm-none-eabi/4.7.1/thumb/crtn.o
                0x000000000200023c                . = ALIGN (0x4)

.plt
 *(.plt)

.text           0x0000000002000240     0xa178
 *(EXCLUDE_FILE(*.itcm*) .text)
 .text          0x0000000002000240        0x0 /opt/devkitPRO/devkitARM/bin/../lib/gcc/arm-none-eabi/4.7.1/../../../../arm-none-eabi/lib/thumb/ds_arm9_crt0.o
 .text          0x0000000002000240        0x0 /opt/devkitPRO/devkitARM/bin/../lib/gcc/arm-none-eabi/4.7.1/thumb/crti.o
 .text          0x0000000002000240       0xd0 /opt/devkitPRO/devkitARM/bin/../lib/gcc/arm-none-eabi/4.7.1/thumb/crtbegin.o
 .text          0x0000000002000310        0x0 main.o
 .text          0x0000000002000310      0x2c8 lib.o
                0x0000000002000310                tag_closure
                0x0000000002000320                call_closure
                0x00000000020003e8                make_vector
                0x0000000002000440                vector_ref
                0x0000000002000488                vector_setEM
                0x00000000020004d0                vector_length
                0x00000000020004dc                vectorQM
                0x00000000020004f0                cons
                0x0000000002000548                pairQM
                0x000000000200055c                car
                0x0000000002000568                cdr
                0x0000000002000578                eqQM
                0x0000000002000588                atomQM
                0x000000000200059c                numberQM
                0x00000000020005b0                booleanQM
                0x00000000020005c4                referenceQM
 .text          0x00000000020005d8      0x76c os.o
                0x0000000002000600                scheme_entry
                0x000000000200064c                idle_process
                0x0000000002000650                initialize_processes
                0x00000000020006c4                enable_process
                0x0000000002000700                disable_process
                0x000000000200073c                change_process_state
                0x00000000020007b8                add_process
                0x00000000020008bc                remove_process
                0x0000000002000954                initialize_interrupts
                0x00000000020009d0                interrupt_handler
                0x0000000002000a50                run_process
                0x0000000002000c38                select_process
                0x0000000002000cec                alloc_mem
 .text          0x0000000002000d44      0x53c test15.o
                0x0000000002001124                user_code
 .text          0x0000000002001280      0xa4c /opt/devkitPRO/libnds/lib/libnds9.a(console.o)
                0x0000000002001320                nocash_write
                0x0000000002001330                consoleGetDefault
                0x000000000200133c                consoleSelect
                0x000000000200134c                consoleDebugInit
                0x000000000200139c                consolePrintChar
                0x0000000002001568                consoleLoadFont
                0x00000000020017f0                consoleSetFont
                0x0000000002001810                consoleInit
                0x0000000002001978                consoleDemoInit
                0x00000000020019bc                con_write
                0x0000000002001c98                consoleClear
                0x0000000002001ca8                consoleSetWindow
 .text          0x0000000002001ccc      0x140 /opt/devkitPRO/libnds/lib/libnds9.a(initSystem.o)
                0x0000000002001ccc                initSystem
 .text          0x0000000002001e0c      0xc58 /opt/devkitPRO/libnds/lib/libnds9.a(fifosystem.o)
                0x0000000002002060                fifoSendAddress
                0x000000000200208c                fifoSendValue32
                0x00000000020020cc                fifoSendDatamsg
                0x000000000200213c                fifoGetAddress
                0x00000000020021b4                fifoSetAddressHandler
                0x0000000002002228                fifoGetValue32
                0x000000000200229c                fifoSetValue32Handler
                0x0000000002002310                fifoGetDatamsg
                0x0000000002002794                fifoSetDatamsgHandler
                0x000000000200282c                fifoCheckAddress
                0x0000000002002850                fifoCheckDatamsg
                0x0000000002002874                fifoCheckValue32
                0x0000000002002898                fifoInit
 .text          0x0000000002002a64      0x1ec /opt/devkitPRO/libnds/lib/libnds9.a(interrupts.o)
                0x0000000002002a64                irqDummy
                0x0000000002002a68                irqSet
                0x0000000002002ad4                irqInit
                0x0000000002002b20                irqInitHandler
                0x0000000002002b50                irqEnable
                0x0000000002002bb4                irqDisable
                0x0000000002002c18                irqClear
 .text          0x0000000002002c50       0x58 /opt/devkitPRO/libnds/lib/libnds9.a(libnds_exit.arm.o)
                0x0000000002002c50                systemErrorExit
                0x0000000002002c54                __libnds_exit
 .text          0x0000000002002ca8      0x1b4 /opt/devkitPRO/libnds/lib/libnds9.a(mpu_setup.o)
                0x0000000002002ca8                __libnds_mpu_setup
                0x0000000002002de8                memCached
                0x0000000002002e00                memUncached
 *fill*         0x0000000002002e5c        0x4 ff
 .text          0x0000000002002e60       0x70 /opt/devkitPRO/libnds/lib/libnds9.a(biosCalls.o)
                0x0000000002002e60                swiDelay
                0x0000000002002e64                swiIntrWait
                0x0000000002002e68                swiWaitForVBlank
                0x0000000002002e6c                swiSleep
                0x0000000002002e70                swiChangeSoundBias
                0x0000000002002e74                swiDivide
                0x0000000002002e78                swiRemainder
                0x0000000002002e7e                swiDivMod
                0x0000000002002e8a                swiCopy
                0x0000000002002e8e                swiFastCopy
                0x0000000002002e92                swiSqrt
                0x0000000002002e96                swiCRC16
                0x0000000002002e9a                swiIsDebugger
                0x0000000002002e9e                swiUnpackBits
                0x0000000002002ea2                swiDecompressLZSSWram
                0x0000000002002ea6                swiDecompressLZSSVramNTR
                0x0000000002002eaa                swiDecompressLZSSVramTWL
                0x0000000002002eae                swiDecompressHuffman
                0x0000000002002eb2                swiDecompressRLEWram
                0x0000000002002eb6                swiDecompressRLEVram
                0x0000000002002eba                swiWaitForIRQ
                0x0000000002002ebe                swiDecodeDelta8
                0x0000000002002ec2                swiDecodeDelta16
                0x0000000002002ec6                swiSetHaltCR
 .text          0x0000000002002ed0       0xa4 /opt/devkitPRO/libnds/lib/libnds9.a(debugprint.o)
                0x0000000002002ed0                nocashWrite
                0x0000000002002ed2                nocashMessage
 .text          0x0000000002002f74        0x0 /opt/devkitPRO/libnds/lib/libnds9.a(interruptDispatcher.o)
 *fill*         0x0000000002002f74        0xc ff
 .text          0x0000000002002f80       0x30 /opt/devkitPRO/libnds/lib/libnds9.a(swiSoftReset.o)
                0x0000000002002f80                swiSoftReset
 .text          0x0000000002002fb0        0x0 /opt/devkitPRO/libnds/lib/libnds9.a(default_font.bin.o)
 .text          0x0000000002002fb0      0x2e8 /opt/devkitPRO/libnds/lib/libnds9.a(background.o)
                0x0000000002002fb0                bgIsText
                0x0000000002002fbc                checkIfText
                0x0000000002003014                bgUpdate
                0x0000000002003108                bgInit_call
                0x00000000020031cc                bgInitSub_call
 .text          0x0000000002003298      0x128 /opt/devkitPRO/libnds/lib/libnds9.a(system.o)
                0x0000000002003298                setSDcallback
                0x00000000020032a4                systemMsgHandler
                0x00000000020032e8                systemSleep
                0x0000000002003300                systemValueHandler
                0x000000000200333c                powerOn
                0x0000000002003368                powerOff
                0x0000000002003390                ledBlink
                0x00000000020033a0                getBatteryLevel
 .text          0x00000000020033c0      0x244 /opt/devkitPRO/libnds/lib/libnds9.a(trig.o)
                0x00000000020033c0                asinComp
                0x00000000020033e8                sinLutLookup
                0x0000000002003424                sinLerp
                0x000000000200345c                cosLerp
                0x0000000002003470                tanLutLookup
                0x00000000020034a8                tanLerp
                0x000000000200354c                asinLerp
                0x00000000020035c8                acosLerp
                0x00000000020035dc                atanComp
 .text          0x0000000002003604      0x1f8 /opt/devkitPRO/libnds/lib/libnds9.a(video.o)
                0x0000000002003604                vramSetPrimaryBanks
                0x0000000002003648                vramSetMainBanks
                0x000000000200368c                vramSetBanks_EFG
                0x00000000020036c4                vramRestorePrimaryBanks
                0x00000000020036d0                vramRestoreMainBanks
                0x00000000020036dc                vramRestoreBanks_EFG
                0x00000000020036e8                setBrightness
                0x0000000002003728                vramDefault
 .text          0x00000000020037fc       0x30 /media/wind/Dropbox/studia/informatyka/magisterka/code/phase01/sandbox/lib/liblibs.a(basic_lib.o)
                0x00000000020037fc                print_int
                0x000000000200380c                print_bool
 .text          0x000000000200382c      0x150 /opt/devkitPRO/devkitARM/bin/../lib/gcc/arm-none-eabi/4.7.1/thumb/libgcc.a(_divsi3.o)
                0x000000000200382c                __aeabi_idiv
                0x000000000200382c                __divsi3
                0x000000000200395c                __aeabi_idivmod
 .text          0x000000000200397c        0x4 /opt/devkitPRO/devkitARM/bin/../lib/gcc/arm-none-eabi/4.7.1/thumb/libgcc.a(_dvmd_tls.o)
                0x000000000200397c                __aeabi_ldiv0
                0x000000000200397c                __aeabi_idiv0
 .text          0x0000000002003980       0x64 /opt/devkitPRO/devkitARM/bin/../lib/gcc/arm-none-eabi/4.7.1/../../../../arm-none-eabi/lib/thumb/libg.a(lib_a-bsearch.o)
                0x0000000002003980                bsearch
 .text          0x00000000020039e4        0x0 /opt/devkitPRO/devkitARM/bin/../lib/gcc/arm-none-eabi/4.7.1/../../../../arm-none-eabi/lib/thumb/libg.a(lib_a-impure.o)
 .text          0x00000000020039e4       0x54 /opt/devkitPRO/devkitARM/bin/../lib/gcc/arm-none-eabi/4.7.1/../../../../arm-none-eabi/lib/thumb/libg.a(lib_a-init.o)
                0x00000000020039e4                __libc_init_array
 .text          0x0000000002003a38       0x40 /opt/devkitPRO/devkitARM/bin/../lib/gcc/arm-none-eabi/4.7.1/../../../../arm-none-eabi/lib/thumb/libg.a(lib_a-iprintf.o)
                0x0000000002003a38                iprintf
                0x0000000002003a5c                _iprintf_r
 .text          0x0000000002003a78       0x30 /opt/devkitPRO/devkitARM/bin/../lib/gcc/arm-none-eabi/4.7.1/../../../../arm-none-eabi/lib/thumb/libg.a(lib_a-malloc.o)
                0x0000000002003a78                malloc
                0x0000000002003a90                free
 .text          0x0000000002003aa8      0x51c /opt/devkitPRO/devkitARM/bin/../lib/gcc/arm-none-eabi/4.7.1/../../../../arm-none-eabi/lib/thumb/libg.a(lib_a-mallocr.o)
                0x0000000002003aa8                _malloc_r
 .text          0x0000000002003fc4       0x90 /opt/devkitPRO/devkitARM/bin/../lib/gcc/arm-none-eabi/4.7.1/../../../../arm-none-eabi/lib/thumb/libg.a(lib_a-memcpy-stub.o)
                0x0000000002003fc4                memcpy
 .text          0x0000000002004054        0x8 /opt/devkitPRO/devkitARM/bin/../lib/gcc/arm-none-eabi/4.7.1/../../../../arm-none-eabi/lib/thumb/libg.a(lib_a-mlock.o)
                0x0000000002004054                __malloc_lock
                0x0000000002004058                __malloc_unlock
 .text          0x000000000200405c      0x120 /opt/devkitPRO/devkitARM/bin/../lib/gcc/arm-none-eabi/4.7.1/../../../../arm-none-eabi/lib/thumb/libg.a(lib_a-setvbuf.o)
                0x000000000200405c                setvbuf
 .text          0x000000000200417c       0xa0 /opt/devkitPRO/devkitARM/bin/../lib/gcc/arm-none-eabi/4.7.1/../../../../arm-none-eabi/lib/thumb/libg.a(lib_a-siscanf.o)
                0x000000000200417c                siscanf
                0x00000000020041cc                _siscanf_r
 .text          0x000000000200421c       0xac /opt/devkitPRO/devkitARM/bin/../lib/gcc/arm-none-eabi/4.7.1/../../../../arm-none-eabi/lib/thumb/libg.a(lib_a-stdio.o)
                0x000000000200421c                __sread
                0x0000000002004248                __seofread
                0x000000000200424c                __swrite
                0x0000000002004288                __sseek
                0x00000000020042b8                __sclose
 .text          0x00000000020042c8       0x10 /opt/devkitPRO/devkitARM/bin/../lib/gcc/arm-none-eabi/4.7.1/../../../../arm-none-eabi/lib/thumb/libg.a(lib_a-strlen.o)
                0x00000000020042c8                strlen
 .text          0x00000000020042d8      0xa98 /opt/devkitPRO/devkitARM/bin/../lib/gcc/arm-none-eabi/4.7.1/../../../../arm-none-eabi/lib/thumb/libg.a(lib_a-svfiscanf.o)
                0x00000000020042d8                _sungetc_r
                0x0000000002004360                __ssrefill_r
                0x00000000020043a4                _sfread_r
                0x0000000002004430                __ssvfiscanf_r
 .text          0x0000000002004d70      0x188 /opt/devkitPRO/devkitARM/bin/../lib/gcc/arm-none-eabi/4.7.1/../../../../arm-none-eabi/lib/thumb/libg.a(lib_a-ungetc.o)
                0x0000000002004d70                __submore
                0x0000000002004df8                _ungetc_r
                0x0000000002004edc                ungetc
 .text          0x0000000002004ef8      0xed4 /opt/devkitPRO/devkitARM/bin/../lib/gcc/arm-none-eabi/4.7.1/../../../../arm-none-eabi/lib/thumb/libg.a(lib_a-vfiprintf.o)
                0x0000000002004ef8                __sprint_r
                0x0000000002004f7c                _vfiprintf_r
                0x0000000002005da8                vfiprintf
 .text          0x0000000002005dcc       0xe8 /opt/devkitPRO/devkitARM/bin/../lib/gcc/arm-none-eabi/4.7.1/../../../../arm-none-eabi/lib/thumb/libg.a(lib_a-wcrtomb.o)
                0x0000000002005dcc                _wcrtomb_r
                0x0000000002005e34                wcrtomb
 .text          0x0000000002005eb4       0x40 /opt/devkitPRO/devkitARM/bin/../lib/gcc/arm-none-eabi/4.7.1/../../../../arm-none-eabi/lib/thumb/libg.a(lib_a-wcsrtombs.o)
                0x0000000002005eb4                _wcsrtombs_r
                0x0000000002005ecc                wcsrtombs
 .text          0x0000000002005ef4      0x2a4 /opt/devkitPRO/devkitARM/bin/../lib/gcc/arm-none-eabi/4.7.1/../../../../arm-none-eabi/lib/thumb/libg.a(lib_a-wctomb_r.o)
                0x0000000002005ef4                __utf8_wctomb
                0x0000000002005fa8                _wctomb_r
                0x0000000002005fe0                __ascii_wctomb
                0x0000000002006000                __sjis_wctomb
                0x000000000200607c                __eucjp_wctomb
                0x0000000002006118                __jis_wctomb
 .text          0x0000000002006198       0xd0 /opt/devkitPRO/devkitARM/bin/../lib/gcc/arm-none-eabi/4.7.1/../../../../arm-none-eabi/lib/thumb/libg.a(lib_a-wsetup.o)
                0x0000000002006198                __swsetup_r
 .text          0x0000000002006268       0x10 /opt/devkitPRO/devkitARM/bin/../lib/gcc/arm-none-eabi/4.7.1/../../../../arm-none-eabi/lib/thumb/libg.a(lib_a-ctype_.o)
                0x0000000002006268                __set_ctype
 .text          0x0000000002006278      0x1b8 /opt/devkitPRO/devkitARM/bin/../lib/gcc/arm-none-eabi/4.7.1/../../../../arm-none-eabi/lib/thumb/libg.a(lib_a-fflush.o)
                0x0000000002006278                __sflush_r
                0x00000000020063d0                _fflush_r
                0x0000000002006400                fflush
 .text          0x0000000002006430      0x1d8 /opt/devkitPRO/devkitARM/bin/../lib/gcc/arm-none-eabi/4.7.1/../../../../arm-none-eabi/lib/thumb/libg.a(lib_a-findfp.o)
                0x0000000002006438                _cleanup_r
                0x0000000002006498                __sfmoreglue
                0x00000000020064c8                _cleanup
                0x00000000020064dc                __sinit
                0x0000000002006530                __sfp
                0x00000000020065c0                __sfp_lock_acquire
                0x00000000020065c4                __sfp_lock_release
                0x00000000020065c8                __sinit_lock_acquire
                0x00000000020065cc                __sinit_lock_release
                0x00000000020065d0                __fp_lock_all
                0x00000000020065ec                __fp_unlock_all
 .text          0x0000000002006608      0x104 /opt/devkitPRO/devkitARM/bin/../lib/gcc/arm-none-eabi/4.7.1/../../../../arm-none-eabi/lib/thumb/libg.a(lib_a-fputwc.o)
                0x0000000002006608                _fputwc_r
                0x00000000020066e0                fputwc
 .text          0x000000000200670c      0x238 /opt/devkitPRO/devkitARM/bin/../lib/gcc/arm-none-eabi/4.7.1/../../../../arm-none-eabi/lib/thumb/libg.a(lib_a-freer.o)
                0x000000000200670c                _malloc_trim_r
                0x00000000020067b0                _free_r
 .text          0x0000000002006944      0x2fc /opt/devkitPRO/devkitARM/bin/../lib/gcc/arm-none-eabi/4.7.1/../../../../arm-none-eabi/lib/thumb/libg.a(lib_a-fvwrite.o)
                0x0000000002006944                __sfvwrite_r
 .text          0x0000000002006c40       0xb4 /opt/devkitPRO/devkitARM/bin/../lib/gcc/arm-none-eabi/4.7.1/../../../../arm-none-eabi/lib/thumb/libg.a(lib_a-fwalk.o)
                0x0000000002006c40                _fwalk
                0x0000000002006c94                _fwalk_reent
 .text          0x0000000002006cf4       0x78 /opt/devkitPRO/devkitARM/bin/../lib/gcc/arm-none-eabi/4.7.1/../../../../arm-none-eabi/lib/thumb/libg.a(lib_a-iswspace.o)
                0x0000000002006cf4                iswspace
 .text          0x0000000002006d6c      0x1f0 /opt/devkitPRO/devkitARM/bin/../lib/gcc/arm-none-eabi/4.7.1/../../../../arm-none-eabi/lib/thumb/libg.a(lib_a-jp2uc.o)
                0x0000000002006ef8                _jp2uc
 .text          0x0000000002006f5c      0x950 /opt/devkitPRO/devkitARM/bin/../lib/gcc/arm-none-eabi/4.7.1/../../../../arm-none-eabi/lib/thumb/libg.a(lib_a-locale.o)
                0x0000000002007650                _setlocale_r
                0x000000000200784c                __locale_charset
                0x0000000002007854                __locale_mb_cur_max
                0x0000000002007860                __locale_msgcharset
                0x000000000200786c                __locale_cjk_lang
                0x0000000002007878                _localeconv_r
                0x0000000002007884                setlocale
                0x00000000020078a0                localeconv
 .text          0x00000000020078ac       0xe0 /opt/devkitPRO/devkitARM/bin/../lib/gcc/arm-none-eabi/4.7.1/../../../../arm-none-eabi/lib/thumb/libg.a(lib_a-makebuf.o)
                0x00000000020078ac                __smakebuf_r
 .text          0x000000000200798c      0x104 /opt/devkitPRO/devkitARM/bin/../lib/gcc/arm-none-eabi/4.7.1/../../../../arm-none-eabi/lib/thumb/libg.a(lib_a-mbrtowc.o)
                0x000000000200798c                _mbrtowc_r
                0x0000000002007a04                mbrtowc
 .text          0x0000000002007a90      0x584 /opt/devkitPRO/devkitARM/bin/../lib/gcc/arm-none-eabi/4.7.1/../../../../arm-none-eabi/lib/thumb/libg.a(lib_a-mbtowc_r.o)
                0x0000000002007a90                __utf8_mbtowc
                0x0000000002007cf0                _mbtowc_r
                0x0000000002007d2c                __ascii_mbtowc
                0x0000000002007d5c                __sjis_mbtowc
                0x0000000002007e1c                __eucjp_mbtowc
                0x0000000002007ee4                __jis_mbtowc
 .text          0x0000000002008014       0x98 /opt/devkitPRO/devkitARM/bin/../lib/gcc/arm-none-eabi/4.7.1/../../../../arm-none-eabi/lib/thumb/libg.a(lib_a-memchr-stub.o)
                0x0000000002008014                memchr
 .text          0x00000000020080ac       0xb0 /opt/devkitPRO/devkitARM/bin/../lib/gcc/arm-none-eabi/4.7.1/../../../../arm-none-eabi/lib/thumb/libg.a(lib_a-memmove.o)
                0x00000000020080ac                memmove
 .text          0x000000000200815c       0x98 /opt/devkitPRO/devkitARM/bin/../lib/gcc/arm-none-eabi/4.7.1/../../../../arm-none-eabi/lib/thumb/libg.a(lib_a-memset.o)
                0x000000000200815c                memset
 .text          0x00000000020081f4      0x3e8 /opt/devkitPRO/devkitARM/bin/../lib/gcc/arm-none-eabi/4.7.1/../../../../arm-none-eabi/lib/thumb/libg.a(lib_a-reallocr.o)
                0x00000000020081f4                _realloc_r
 .text          0x00000000020085dc       0x7c /opt/devkitPRO/devkitARM/bin/../lib/gcc/arm-none-eabi/4.7.1/../../../../arm-none-eabi/lib/thumb/libg.a(lib_a-sccl.o)
                0x00000000020085dc                __sccl
 .text          0x0000000002008658       0x50 /opt/devkitPRO/devkitARM/bin/../lib/gcc/arm-none-eabi/4.7.1/../../../../arm-none-eabi/lib/thumb/libg.a(lib_a-strcasecmp.o)
                0x0000000002008658                strcasecmp
 .text          0x00000000020086a8       0x50 /opt/devkitPRO/devkitARM/bin/../lib/gcc/arm-none-eabi/4.7.1/../../../../arm-none-eabi/lib/thumb/libg.a(lib_a-strcat.o)
                0x00000000020086a8                strcat
 .text          0x00000000020086f8       0xd4 /opt/devkitPRO/devkitARM/bin/../lib/gcc/arm-none-eabi/4.7.1/../../../../arm-none-eabi/lib/thumb/libg.a(lib_a-strchr.o)
                0x00000000020086f8                strchr
 .text          0x00000000020087cc       0x14 /opt/devkitPRO/devkitARM/bin/../lib/gcc/arm-none-eabi/4.7.1/../../../../arm-none-eabi/lib/thumb/libg.a(lib_a-strcmp.o)
                0x00000000020087cc                strcmp
 .text          0x00000000020087e0       0x10 /opt/devkitPRO/devkitARM/bin/../lib/gcc/arm-none-eabi/4.7.1/../../../../arm-none-eabi/lib/thumb/libg.a(lib_a-strcpy.o)
                0x00000000020087e0                strcpy
 .text          0x00000000020087f0       0x48 /opt/devkitPRO/devkitARM/bin/../lib/gcc/arm-none-eabi/4.7.1/../../../../arm-none-eabi/lib/thumb/libg.a(lib_a-strlcpy.o)
                0x00000000020087f0                strlcpy
 .text          0x0000000002008838       0x60 /opt/devkitPRO/devkitARM/bin/../lib/gcc/arm-none-eabi/4.7.1/../../../../arm-none-eabi/lib/thumb/libg.a(lib_a-strncasecmp.o)
                0x0000000002008838                strncasecmp
 .text          0x0000000002008898       0xbc /opt/devkitPRO/devkitARM/bin/../lib/gcc/arm-none-eabi/4.7.1/../../../../arm-none-eabi/lib/thumb/libg.a(lib_a-strncmp.o)
                0x0000000002008898                strncmp
 .text          0x0000000002008954       0x60 /opt/devkitPRO/devkitARM/bin/../lib/gcc/arm-none-eabi/4.7.1/../../../../arm-none-eabi/lib/thumb/libg.a(lib_a-strncpy.o)
                0x0000000002008954                strncpy
 *fill*         0x00000000020089b4        0x4 ff
 .text          0x00000000020089b8      0x208 /opt/devkitPRO/devkitARM/bin/../lib/gcc/arm-none-eabi/4.7.1/../../../../arm-none-eabi/lib/thumb/libg.a(lib_a-strtoll_r.o)
                0x00000000020089b8                _strtoll_r
 .text          0x0000000002008bc0      0x190 /opt/devkitPRO/devkitARM/bin/../lib/gcc/arm-none-eabi/4.7.1/../../../../arm-none-eabi/lib/thumb/libg.a(lib_a-strtol.o)
                0x0000000002008bc0                _strtol_r
                0x0000000002008d30                strtol
 .text          0x0000000002008d50      0x238 /opt/devkitPRO/devkitARM/bin/../lib/gcc/arm-none-eabi/4.7.1/../../../../arm-none-eabi/lib/thumb/libg.a(lib_a-strtoull_r.o)
                0x0000000002008d50                _strtoull_r
 .text          0x0000000002008f88      0x198 /opt/devkitPRO/devkitARM/bin/../lib/gcc/arm-none-eabi/4.7.1/../../../../arm-none-eabi/lib/thumb/libg.a(lib_a-strtoul.o)
                0x0000000002008f88                _strtoul_r
                0x0000000002009100                strtoul
 .text          0x0000000002009120       0xd0 /opt/devkitPRO/devkitARM/bin/../lib/gcc/arm-none-eabi/4.7.1/../../../../arm-none-eabi/lib/thumb/libg.a(lib_a-wbuf.o)
                0x0000000002009120                __swbuf_r
                0x00000000020091d4                __swbuf
 .text          0x00000000020091f0      0x150 /opt/devkitPRO/devkitARM/bin/../lib/gcc/arm-none-eabi/4.7.1/../../../../arm-none-eabi/lib/thumb/libg.a(lib_a-wcsnrtombs.o)
                0x00000000020091f0                _wcsnrtombs_r
                0x0000000002009310                wcsnrtombs
 .text          0x0000000002009340       0xb0 /opt/devkitPRO/devkitARM/bin/../lib/gcc/arm-none-eabi/4.7.1/../../../../arm-none-eabi/lib/thumb/libg.a(lib_a-fclose.o)
                0x0000000002009340                _fclose_r
                0x00000000020093d4                fclose
 .text          0x00000000020093f0       0xa8 /opt/devkitPRO/devkitARM/bin/../lib/gcc/arm-none-eabi/4.7.1/../../../../arm-none-eabi/lib/thumb/libg.a(lib_a-getenv_r.o)
                0x00000000020093f0                _findenv_r
                0x0000000002009488                _getenv_r
 .text          0x0000000002009498        0x0 /opt/devkitPRO/devkitARM/bin/../lib/gcc/arm-none-eabi/4.7.1/../../../../arm-none-eabi/lib/thumb/libg.a(lib_a-environ.o)
 .text          0x0000000002009498        0x8 /opt/devkitPRO/devkitARM/bin/../lib/gcc/arm-none-eabi/4.7.1/../../../../arm-none-eabi/lib/thumb/libg.a(lib_a-envlock.o)
                0x0000000002009498                __env_lock
                0x000000000200949c                __env_unlock
 .text          0x00000000020094a0      0x144 /opt/devkitPRO/devkitARM/bin/../lib/gcc/arm-none-eabi/4.7.1/../../../../arm-none-eabi/lib/thumb/libsysbase.a(iosupport.o)
                0x00000000020094a0                setDefaultDevice
                0x00000000020094b4                FindDevice
                0x0000000002009524                RemoveDevice
                0x0000000002009548                AddDevice
                0x00000000020095c4                GetDeviceOpTab
 .text          0x00000000020095e4       0x50 /opt/devkitPRO/devkitARM/bin/../lib/gcc/arm-none-eabi/4.7.1/../../../../arm-none-eabi/lib/thumb/libsysbase.a(close.o)
                0x00000000020095e4                _close_r
 .text          0x0000000002009634       0x50 /opt/devkitPRO/devkitARM/bin/../lib/gcc/arm-none-eabi/4.7.1/../../../../arm-none-eabi/lib/thumb/libsysbase.a(fstat.o)
                0x0000000002009634                _fstat_r
 .text          0x0000000002009684        0x4 /opt/devkitPRO/devkitARM/bin/../lib/gcc/arm-none-eabi/4.7.1/../../../../arm-none-eabi/lib/thumb/libsysbase.a(isatty.o)
                0x0000000002009684                _isatty_r
 .text          0x0000000002009688       0x50 /opt/devkitPRO/devkitARM/bin/../lib/gcc/arm-none-eabi/4.7.1/../../../../arm-none-eabi/lib/thumb/libsysbase.a(lseek.o)
                0x0000000002009688                _lseek_r
 .text          0x00000000020096d8       0x50 /opt/devkitPRO/devkitARM/bin/../lib/gcc/arm-none-eabi/4.7.1/../../../../arm-none-eabi/lib/thumb/libsysbase.a(read.o)
                0x00000000020096d8                _read_r
 .text          0x0000000002009728       0x54 /opt/devkitPRO/devkitARM/bin/../lib/gcc/arm-none-eabi/4.7.1/../../../../arm-none-eabi/lib/thumb/libsysbase.a(sbrk.o)
                0x0000000002009728                _sbrk_r
 .text          0x000000000200977c       0x44 /opt/devkitPRO/devkitARM/bin/../lib/gcc/arm-none-eabi/4.7.1/../../../../arm-none-eabi/lib/thumb/libsysbase.a(times.o)
                0x000000000200977c                _times
                0x0000000002009790                _times_r
                0x0000000002009798                _gettimeofday_r
 .text          0x00000000020097c0       0x58 /opt/devkitPRO/devkitARM/bin/../lib/gcc/arm-none-eabi/4.7.1/../../../../arm-none-eabi/lib/thumb/libsysbase.a(write.o)
                0x00000000020097c0                _write_r
 .text          0x0000000002009818        0x0 /opt/devkitPRO/devkitARM/bin/../lib/gcc/arm-none-eabi/4.7.1/../../../../arm-none-eabi/lib/thumb/libsysbase.a(malloc_vars.o)
 .text          0x0000000002009818       0x4c /opt/devkitPRO/devkitARM/bin/../lib/gcc/arm-none-eabi/4.7.1/../../../../arm-none-eabi/lib/thumb/libsysbase.a(build_argv.o)
                0x0000000002009818                build_argv
 .text          0x0000000002009864        0x0 /opt/devkitPRO/devkitARM/bin/../lib/gcc/arm-none-eabi/4.7.1/../../../../arm-none-eabi/lib/thumb/libsysbase.a(syscall_support.o)
 .text          0x0000000002009864       0x84 /opt/devkitPRO/devkitARM/bin/../lib/gcc/arm-none-eabi/4.7.1/../../../../arm-none-eabi/lib/thumb/libsysbase.a(handle_manager.o)
                0x0000000002009864                __release_handle
                0x0000000002009890                __alloc_handle
                0x00000000020098c8                __get_handle
 .text          0x00000000020098e8      0x11c /opt/devkitPRO/devkitARM/bin/../lib/gcc/arm-none-eabi/4.7.1/thumb/libgcc.a(_udivsi3.o)
                0x00000000020098e8                __udivsi3
                0x00000000020098e8                __aeabi_uidiv
                0x00000000020099e4                __aeabi_uidivmod
 .text          0x0000000002009a04       0x3c /opt/devkitPRO/devkitARM/bin/../lib/gcc/arm-none-eabi/4.7.1/thumb/libgcc.a(_aeabi_uldivmod.o)
                0x0000000002009a04                __aeabi_uldivmod
 .text          0x0000000002009a40       0x4c /opt/devkitPRO/devkitARM/bin/../lib/gcc/arm-none-eabi/4.7.1/thumb/libgcc.a(_muldi3.o)
                0x0000000002009a40                __aeabi_lmul
                0x0000000002009a40                __muldi3
 .text          0x0000000002009a8c       0x7c /opt/devkitPRO/devkitARM/bin/../lib/gcc/arm-none-eabi/4.7.1/thumb/libgcc.a(bpabi.o)
                0x0000000002009a8c                __gnu_ldivmod_helper
                0x0000000002009acc                __gnu_uldivmod_helper
 .text          0x0000000002009b08      0x3d4 /opt/devkitPRO/devkitARM/bin/../lib/gcc/arm-none-eabi/4.7.1/thumb/libgcc.a(_divdi3.o)
                0x0000000002009b08                __divdi3
 .text          0x0000000002009edc      0x3a0 /opt/devkitPRO/devkitARM/bin/../lib/gcc/arm-none-eabi/4.7.1/thumb/libgcc.a(_udivdi3.o)
                0x0000000002009edc                __udivdi3
 .text          0x000000000200a27c       0x48 /opt/devkitPRO/devkitARM/bin/../lib/gcc/arm-none-eabi/4.7.1/thumb/libgcc.a(_clzsi2.o)
                0x000000000200a27c                __clzsi2
 .text          0x000000000200a2c4        0xc /opt/devkitPRO/devkitARM/bin/../lib/gcc/arm-none-eabi/4.7.1/../../../../arm-none-eabi/lib/thumb/libg.a(lib_a-errno.o)
                0x000000000200a2c4                __errno
 .text          0x000000000200a2d0        0x0 /opt/devkitPRO/devkitARM/bin/../lib/gcc/arm-none-eabi/4.7.1/thumb/crtend.o
 .text          0x000000000200a2d0        0x0 /opt/devkitPRO/devkitARM/bin/../lib/gcc/arm-none-eabi/4.7.1/thumb/crtn.o
 *(.text.*)
 .text.startup  0x000000000200a2d0       0x48 main.o
                0x000000000200a2d0                main
 .text.startup.stub
                0x000000000200a318       0x88 linker stubs
 *(.stub)
 *(.gnu.warning)
 *(.gnu.linkonce.t*)
 *(.glue_7)
 .glue_7        0x0000000000000000        0x0 linker stubs
 *(.glue_7t)
 .glue_7t       0x0000000000000000        0x0 linker stubs
                0x000000000200a3a0                . = ALIGN (0x4)

.vfp11_veneer   0x000000000200a3b8        0x0
 .vfp11_veneer  0x0000000000000000        0x0 linker stubs

.v4_bx          0x000000000200a3b8        0x0
 .v4_bx         0x0000000000000000        0x0 linker stubs

.iplt           0x000000000200a3b8        0x0
 .iplt          0x0000000000000000        0x0 /opt/devkitPRO/devkitARM/bin/../lib/gcc/arm-none-eabi/4.7.1/../../../../arm-none-eabi/lib/thumb/ds_arm9_crt0.o

.fini           0x000000000200a3b8        0xc
 *(.fini)
 .fini          0x000000000200a3b8        0x4 /opt/devkitPRO/devkitARM/bin/../lib/gcc/arm-none-eabi/4.7.1/thumb/crti.o
                0x000000000200a3b8                _fini
 .fini          0x000000000200a3bc        0x8 /opt/devkitPRO/devkitARM/bin/../lib/gcc/arm-none-eabi/4.7.1/thumb/crtn.o
                0x000000000200a3c4                __text_end = .

.rodata         0x000000000200a3c4     0x6408
 *(.rodata)
 .rodata        0x000000000200a3c4      0x200 /opt/devkitPRO/libnds/lib/libnds9.a(console.o)
 .rodata        0x000000000200a5c4     0x2004 /opt/devkitPRO/libnds/lib/libnds9.a(default_font.bin.o)
                0x000000000200a5c4                default_font_bin
                0x000000000200c5c4                default_font_bin_end
                0x000000000200c5c4                default_font_bin_size
 .rodata        0x000000000200c5c8      0x308 /opt/devkitPRO/libnds/lib/libnds9.a(trig.o)
                0x000000000200c5c8                SIN_LUT
                0x000000000200c6cc                TAN_LUT
 .rodata        0x000000000200c8d0        0x4 /opt/devkitPRO/devkitARM/bin/../lib/gcc/arm-none-eabi/4.7.1/../../../../arm-none-eabi/lib/thumb/libg.a(lib_a-impure.o)
                0x000000000200c8d0                _global_impure_ptr
 .rodata        0x000000000200c8d4      0x340 /opt/devkitPRO/devkitARM/bin/../lib/gcc/arm-none-eabi/4.7.1/../../../../arm-none-eabi/lib/thumb/libg.a(lib_a-svfiscanf.o)
 .rodata        0x000000000200cc14      0x184 /opt/devkitPRO/devkitARM/bin/../lib/gcc/arm-none-eabi/4.7.1/../../../../arm-none-eabi/lib/thumb/libg.a(lib_a-vfiprintf.o)
 .rodata        0x000000000200cd98      0x104 /opt/devkitPRO/devkitARM/bin/../lib/gcc/arm-none-eabi/4.7.1/../../../../arm-none-eabi/lib/thumb/libg.a(lib_a-ctype_.o)
                0x000000000200cd98                _ctype_
 .rodata        0x000000000200ce9c     0x34f0 /opt/devkitPRO/devkitARM/bin/../lib/gcc/arm-none-eabi/4.7.1/../../../../arm-none-eabi/lib/thumb/libg.a(lib_a-jp2uc.o)
 .rodata        0x000000000201038c       0xf0 /opt/devkitPRO/devkitARM/bin/../lib/gcc/arm-none-eabi/4.7.1/../../../../arm-none-eabi/lib/thumb/libg.a(lib_a-locale.o)
 .rodata        0x000000000201047c       0xa8 /opt/devkitPRO/devkitARM/bin/../lib/gcc/arm-none-eabi/4.7.1/../../../../arm-none-eabi/lib/thumb/libg.a(lib_a-mbtowc_r.o)
 .rodata        0x0000000002010524       0x64 /opt/devkitPRO/devkitARM/bin/../lib/gcc/arm-none-eabi/4.7.1/../../../../arm-none-eabi/lib/thumb/libsysbase.a(iosupport.o)
                0x0000000002010524                dotab_stdnull
 *all.rodata*(*)
 *(.roda)
 *(.rodata.*)
 .rodata.str1.4
                0x0000000002010588       0x5a main.o
                                         0x5c (size before relaxing)
 *fill*         0x00000000020105e2        0x2 ff
 .rodata.str1.4
                0x00000000020105e4       0x49 /opt/devkitPRO/libnds/lib/libnds9.a(console.o)
                                         0x4c (size before relaxing)
 *fill*         0x000000000201062d        0x3 ff
 .rodata.str1.4
                0x0000000002010630       0x37 /media/wind/Dropbox/studia/informatyka/magisterka/code/phase01/sandbox/lib/liblibs.a(basic_lib.o)
                                         0x38 (size before relaxing)
 *fill*         0x0000000002010667        0x1 ff
 .rodata.str1.4
                0x0000000002010668        0x2 /opt/devkitPRO/devkitARM/bin/../lib/gcc/arm-none-eabi/4.7.1/../../../../arm-none-eabi/lib/thumb/libg.a(lib_a-impure.o)
                                          0x4 (size before relaxing)
 *fill*         0x000000000201066a        0x2 ff
 .rodata.str1.4
                0x000000000201066c       0x2f /opt/devkitPRO/devkitARM/bin/../lib/gcc/arm-none-eabi/4.7.1/../../../../arm-none-eabi/lib/thumb/libg.a(lib_a-vfiprintf.o)
                                         0x30 (size before relaxing)
 *fill*         0x000000000201069b        0x1 ff
 .rodata.str1.4
                0x000000000201069c       0x12 /opt/devkitPRO/devkitARM/bin/../lib/gcc/arm-none-eabi/4.7.1/../../../../arm-none-eabi/lib/thumb/libg.a(lib_a-jp2uc.o)
                                         0x14 (size before relaxing)
 *fill*         0x00000000020106ae        0x2 ff
 .rodata.str1.4
                0x00000000020106b0      0x112 /opt/devkitPRO/devkitARM/bin/../lib/gcc/arm-none-eabi/4.7.1/../../../../arm-none-eabi/lib/thumb/libg.a(lib_a-locale.o)
                                        0x130 (size before relaxing)
 .rodata.str1.4
                0x0000000000000000        0x4 /opt/devkitPRO/devkitARM/bin/../lib/gcc/arm-none-eabi/4.7.1/../../../../arm-none-eabi/lib/thumb/libg.a(lib_a-mbrtowc.o)
 *fill*         0x00000000020107c2        0x2 ff
 .rodata.str1.4
                0x00000000020107c4        0x8 /opt/devkitPRO/devkitARM/bin/../lib/gcc/arm-none-eabi/4.7.1/../../../../arm-none-eabi/lib/thumb/libsysbase.a(iosupport.o)
 *(.gnu.linkonce.r*)
                0x00000000020107cc                . = ALIGN (0x4)

.rel.dyn        0x00000000020107cc        0x0
 .rel.iplt      0x0000000000000000        0x0 /opt/devkitPRO/devkitARM/bin/../lib/gcc/arm-none-eabi/4.7.1/../../../../arm-none-eabi/lib/thumb/ds_arm9_crt0.o

.ARM.extab
 *(.ARM.extab* .gnu.linkonce.armextab.*)
                0x00000000020107cc                __exidx_start = .

ARM.exidx
 *(.ARM.exidx* .gnu.linkonce.armexidx.*)
                0x00000000020107cc                __exidx_end = .
                0x00000000020107cc                . = ALIGN (0x4)
                0x00000000020107cc                PROVIDE (__preinit_array_start, .)

.preinit_array
 *(.preinit_array)
                0x00000000020107cc                PROVIDE (__preinit_array_end, .)
                0x00000000020107cc                PROVIDE (__init_array_start, .)

.init_array     0x00000000020107cc        0x4
 *(SORT(.init_array.*))
 *(.init_array)
 .init_array    0x00000000020107cc        0x4 /opt/devkitPRO/devkitARM/bin/../lib/gcc/arm-none-eabi/4.7.1/thumb/crtbegin.o
                0x00000000020107d0                PROVIDE (__init_array_end, .)
                0x00000000020107d0                PROVIDE (__fini_array_start, .)

.fini_array     0x00000000020107d0        0x4
 *(.fini_array)
 .fini_array    0x00000000020107d0        0x4 /opt/devkitPRO/devkitARM/bin/../lib/gcc/arm-none-eabi/4.7.1/thumb/crtbegin.o
 *(SORT(.fini_array.*))
                0x00000000020107d4                PROVIDE (__fini_array_end, .)

.ctors          0x00000000020107d4        0x0
 *crtbegin.o(.ctors)
 *(EXCLUDE_FILE(*crtend.o) .ctors)
 *(SORT(.ctors.*))
 *(.ctors)
                0x00000000020107d4                . = ALIGN (0x4)

.dtors          0x00000000020107d4        0x0
 *crtbegin.o(.dtors)
 *(EXCLUDE_FILE(*crtend.o) .dtors)
 *(SORT(.dtors.*))
 *(.dtors)
                0x00000000020107d4                . = ALIGN (0x4)

.eh_frame       0x00000000020107d4        0x4
 *(.eh_frame)
 .eh_frame      0x00000000020107d4        0x0 /opt/devkitPRO/devkitARM/bin/../lib/gcc/arm-none-eabi/4.7.1/thumb/crtbegin.o
 .eh_frame      0x00000000020107d4        0x4 /opt/devkitPRO/devkitARM/bin/../lib/gcc/arm-none-eabi/4.7.1/thumb/crtend.o
                0x00000000020107d8                . = ALIGN (0x4)

.gcc_except_table
                0x00000000020107d8        0x0
 *(.gcc_except_table)
                0x00000000020107d8                . = ALIGN (0x4)

.jcr            0x00000000020107d8        0x4
 *(.jcr)
 .jcr           0x00000000020107d8        0x0 /opt/devkitPRO/devkitARM/bin/../lib/gcc/arm-none-eabi/4.7.1/thumb/crtbegin.o
 .jcr           0x00000000020107d8        0x4 /opt/devkitPRO/devkitARM/bin/../lib/gcc/arm-none-eabi/4.7.1/thumb/crtend.o

.got
 *(.got.plt)
 *(.got)
 *(.rel.got)

.ewram          0x00000000020107dc        0x0
                0x00000000020107dc                __ewram_start = ABSOLUTE (.)
 *(.ewram)
 *ewram.*(.text)
                0x00000000020107dc                . = ALIGN (0x4)

.data           0x00000000020107dc      0xaec
                0x00000000020107dc                __data_start = ABSOLUTE (.)
 *(.data)
 .data          0x00000000020107dc        0x0 /opt/devkitPRO/devkitARM/bin/../lib/gcc/arm-none-eabi/4.7.1/../../../../arm-none-eabi/lib/thumb/ds_arm9_crt0.o
 .data          0x00000000020107dc        0x0 /opt/devkitPRO/devkitARM/bin/../lib/gcc/arm-none-eabi/4.7.1/thumb/crti.o
 .data          0x00000000020107dc        0x4 /opt/devkitPRO/devkitARM/bin/../lib/gcc/arm-none-eabi/4.7.1/thumb/crtbegin.o
                0x00000000020107dc                __dso_handle
 .data          0x00000000020107e0        0x0 main.o
 .data          0x00000000020107e0        0x0 lib.o
 .data          0x00000000020107e0        0x0 os.o
 .data          0x00000000020107e0        0x0 test15.o
 .data          0x00000000020107e0       0x64 /opt/devkitPRO/libnds/lib/libnds9.a(console.o)
                0x00000000020107e0                currentConsole
                0x00000000020107e4                defaultConsole
 .data          0x0000000002010844        0x0 /opt/devkitPRO/libnds/lib/libnds9.a(initSystem.o)
 .data          0x0000000002010844       0x10 /opt/devkitPRO/libnds/lib/libnds9.a(fifosystem.o)
                0x0000000002010844                fifo_buffer_free
                0x0000000002010848                fifo_freewords
                0x000000000201084c                fifo_send_queue
                0x0000000002010850                fifo_receive_queue
 .data          0x0000000002010854        0x0 /opt/devkitPRO/libnds/lib/libnds9.a(interrupts.o)
 .data          0x0000000002010854        0x0 /opt/devkitPRO/libnds/lib/libnds9.a(libnds_exit.arm.o)
 .data          0x0000000002010854        0x0 /opt/devkitPRO/libnds/lib/libnds9.a(mpu_setup.o)
 .data          0x0000000002010854        0x0 /opt/devkitPRO/libnds/lib/libnds9.a(biosCalls.o)
 .data          0x0000000002010854        0x0 /opt/devkitPRO/libnds/lib/libnds9.a(debugprint.o)
 .data          0x0000000002010854        0x0 /opt/devkitPRO/libnds/lib/libnds9.a(interruptDispatcher.o)
 .data          0x0000000002010854        0x0 /opt/devkitPRO/libnds/lib/libnds9.a(swiSoftReset.o)
 .data          0x0000000002010854        0x0 /opt/devkitPRO/libnds/lib/libnds9.a(default_font.bin.o)
 .data          0x0000000002010854       0x60 /opt/devkitPRO/libnds/lib/libnds9.a(background.o)
                0x0000000002010854                bgScrollTable
                0x0000000002010874                bgTransform
                0x0000000002010894                bgControl
 .data          0x00000000020108b4        0x0 /opt/devkitPRO/libnds/lib/libnds9.a(system.o)
 .data          0x00000000020108b4        0x0 /opt/devkitPRO/libnds/lib/libnds9.a(trig.o)
 .data          0x00000000020108b4        0x0 /opt/devkitPRO/libnds/lib/libnds9.a(video.o)
 .data          0x00000000020108b4        0x0 /media/wind/Dropbox/studia/informatyka/magisterka/code/phase01/sandbox/lib/liblibs.a(basic_lib.o)
 .data          0x00000000020108b4        0x0 /opt/devkitPRO/devkitARM/bin/../lib/gcc/arm-none-eabi/4.7.1/thumb/libgcc.a(_divsi3.o)
 .data          0x00000000020108b4        0x0 /opt/devkitPRO/devkitARM/bin/../lib/gcc/arm-none-eabi/4.7.1/thumb/libgcc.a(_dvmd_tls.o)
 .data          0x00000000020108b4        0x0 /opt/devkitPRO/devkitARM/bin/../lib/gcc/arm-none-eabi/4.7.1/../../../../arm-none-eabi/lib/thumb/libg.a(lib_a-bsearch.o)
 *fill*         0x00000000020108b4        0x4 ff
 .data          0x00000000020108b8      0x430 /opt/devkitPRO/devkitARM/bin/../lib/gcc/arm-none-eabi/4.7.1/../../../../arm-none-eabi/lib/thumb/libg.a(lib_a-impure.o)
                0x00000000020108b8                _impure_ptr
 .data          0x0000000002010ce8        0x0 /opt/devkitPRO/devkitARM/bin/../lib/gcc/arm-none-eabi/4.7.1/../../../../arm-none-eabi/lib/thumb/libg.a(lib_a-init.o)
 .data          0x0000000002010ce8        0x0 /opt/devkitPRO/devkitARM/bin/../lib/gcc/arm-none-eabi/4.7.1/../../../../arm-none-eabi/lib/thumb/libg.a(lib_a-iprintf.o)
 .data          0x0000000002010ce8        0x0 /opt/devkitPRO/devkitARM/bin/../lib/gcc/arm-none-eabi/4.7.1/../../../../arm-none-eabi/lib/thumb/libg.a(lib_a-malloc.o)
 .data          0x0000000002010ce8      0x410 /opt/devkitPRO/devkitARM/bin/../lib/gcc/arm-none-eabi/4.7.1/../../../../arm-none-eabi/lib/thumb/libg.a(lib_a-mallocr.o)
                0x0000000002010ce8                __malloc_av_
                0x00000000020110f0                __malloc_sbrk_base
                0x00000000020110f4                __malloc_trim_threshold
 .data          0x00000000020110f8        0x0 /opt/devkitPRO/devkitARM/bin/../lib/gcc/arm-none-eabi/4.7.1/../../../../arm-none-eabi/lib/thumb/libg.a(lib_a-memcpy-stub.o)
 .data          0x00000000020110f8        0x0 /opt/devkitPRO/devkitARM/bin/../lib/gcc/arm-none-eabi/4.7.1/../../../../arm-none-eabi/lib/thumb/libg.a(lib_a-mlock.o)
 .data          0x00000000020110f8        0x0 /opt/devkitPRO/devkitARM/bin/../lib/gcc/arm-none-eabi/4.7.1/../../../../arm-none-eabi/lib/thumb/libg.a(lib_a-setvbuf.o)
 .data          0x00000000020110f8        0x0 /opt/devkitPRO/devkitARM/bin/../lib/gcc/arm-none-eabi/4.7.1/../../../../arm-none-eabi/lib/thumb/libg.a(lib_a-siscanf.o)
 .data          0x00000000020110f8        0x0 /opt/devkitPRO/devkitARM/bin/../lib/gcc/arm-none-eabi/4.7.1/../../../../arm-none-eabi/lib/thumb/libg.a(lib_a-stdio.o)
 .data          0x00000000020110f8        0x0 /opt/devkitPRO/devkitARM/bin/../lib/gcc/arm-none-eabi/4.7.1/../../../../arm-none-eabi/lib/thumb/libg.a(lib_a-strlen.o)
 .data          0x00000000020110f8        0x0 /opt/devkitPRO/devkitARM/bin/../lib/gcc/arm-none-eabi/4.7.1/../../../../arm-none-eabi/lib/thumb/libg.a(lib_a-svfiscanf.o)
 .data          0x00000000020110f8        0x0 /opt/devkitPRO/devkitARM/bin/../lib/gcc/arm-none-eabi/4.7.1/../../../../arm-none-eabi/lib/thumb/libg.a(lib_a-ungetc.o)
 .data          0x00000000020110f8        0x0 /opt/devkitPRO/devkitARM/bin/../lib/gcc/arm-none-eabi/4.7.1/../../../../arm-none-eabi/lib/thumb/libg.a(lib_a-vfiprintf.o)
 .data          0x00000000020110f8        0x0 /opt/devkitPRO/devkitARM/bin/../lib/gcc/arm-none-eabi/4.7.1/../../../../arm-none-eabi/lib/thumb/libg.a(lib_a-wcrtomb.o)
 .data          0x00000000020110f8        0x0 /opt/devkitPRO/devkitARM/bin/../lib/gcc/arm-none-eabi/4.7.1/../../../../arm-none-eabi/lib/thumb/libg.a(lib_a-wcsrtombs.o)
 .data          0x00000000020110f8        0x4 /opt/devkitPRO/devkitARM/bin/../lib/gcc/arm-none-eabi/4.7.1/../../../../arm-none-eabi/lib/thumb/libg.a(lib_a-wctomb_r.o)
                0x00000000020110f8                __wctomb
 .data          0x00000000020110fc        0x0 /opt/devkitPRO/devkitARM/bin/../lib/gcc/arm-none-eabi/4.7.1/../../../../arm-none-eabi/lib/thumb/libg.a(lib_a-wsetup.o)
 .data          0x00000000020110fc        0x4 /opt/devkitPRO/devkitARM/bin/../lib/gcc/arm-none-eabi/4.7.1/../../../../arm-none-eabi/lib/thumb/libg.a(lib_a-ctype_.o)
                0x00000000020110fc                __ctype_ptr__
 .data          0x0000000002011100        0x0 /opt/devkitPRO/devkitARM/bin/../lib/gcc/arm-none-eabi/4.7.1/../../../../arm-none-eabi/lib/thumb/libg.a(lib_a-fflush.o)
 .data          0x0000000002011100        0x0 /opt/devkitPRO/devkitARM/bin/../lib/gcc/arm-none-eabi/4.7.1/../../../../arm-none-eabi/lib/thumb/libg.a(lib_a-findfp.o)
 .data          0x0000000002011100        0x0 /opt/devkitPRO/devkitARM/bin/../lib/gcc/arm-none-eabi/4.7.1/../../../../arm-none-eabi/lib/thumb/libg.a(lib_a-fputwc.o)
 .data          0x0000000002011100        0x0 /opt/devkitPRO/devkitARM/bin/../lib/gcc/arm-none-eabi/4.7.1/../../../../arm-none-eabi/lib/thumb/libg.a(lib_a-freer.o)
 .data          0x0000000002011100        0x0 /opt/devkitPRO/devkitARM/bin/../lib/gcc/arm-none-eabi/4.7.1/../../../../arm-none-eabi/lib/thumb/libg.a(lib_a-fvwrite.o)
 .data          0x0000000002011100        0x0 /opt/devkitPRO/devkitARM/bin/../lib/gcc/arm-none-eabi/4.7.1/../../../../arm-none-eabi/lib/thumb/libg.a(lib_a-fwalk.o)
 .data          0x0000000002011100        0x0 /opt/devkitPRO/devkitARM/bin/../lib/gcc/arm-none-eabi/4.7.1/../../../../arm-none-eabi/lib/thumb/libg.a(lib_a-iswspace.o)
 .data          0x0000000002011100        0x0 /opt/devkitPRO/devkitARM/bin/../lib/gcc/arm-none-eabi/4.7.1/../../../../arm-none-eabi/lib/thumb/libg.a(lib_a-jp2uc.o)
 .data          0x0000000002011100      0x17c /opt/devkitPRO/devkitARM/bin/../lib/gcc/arm-none-eabi/4.7.1/../../../../arm-none-eabi/lib/thumb/libg.a(lib_a-locale.o)
                0x0000000002011100                __default_locale
                0x0000000002011220                __mb_cur_max
 .data          0x000000000201127c        0x0 /opt/devkitPRO/devkitARM/bin/../lib/gcc/arm-none-eabi/4.7.1/../../../../arm-none-eabi/lib/thumb/libg.a(lib_a-makebuf.o)
 .data          0x000000000201127c        0x0 /opt/devkitPRO/devkitARM/bin/../lib/gcc/arm-none-eabi/4.7.1/../../../../arm-none-eabi/lib/thumb/libg.a(lib_a-mbrtowc.o)
 .data          0x000000000201127c        0x4 /opt/devkitPRO/devkitARM/bin/../lib/gcc/arm-none-eabi/4.7.1/../../../../arm-none-eabi/lib/thumb/libg.a(lib_a-mbtowc_r.o)
                0x000000000201127c                __mbtowc
 .data          0x0000000002011280        0x0 /opt/devkitPRO/devkitARM/bin/../lib/gcc/arm-none-eabi/4.7.1/../../../../arm-none-eabi/lib/thumb/libg.a(lib_a-memchr-stub.o)
 .data          0x0000000002011280        0x0 /opt/devkitPRO/devkitARM/bin/../lib/gcc/arm-none-eabi/4.7.1/../../../../arm-none-eabi/lib/thumb/libg.a(lib_a-memmove.o)
 .data          0x0000000002011280        0x0 /opt/devkitPRO/devkitARM/bin/../lib/gcc/arm-none-eabi/4.7.1/../../../../arm-none-eabi/lib/thumb/libg.a(lib_a-memset.o)
 .data          0x0000000002011280        0x0 /opt/devkitPRO/devkitARM/bin/../lib/gcc/arm-none-eabi/4.7.1/../../../../arm-none-eabi/lib/thumb/libg.a(lib_a-reallocr.o)
 .data          0x0000000002011280        0x0 /opt/devkitPRO/devkitARM/bin/../lib/gcc/arm-none-eabi/4.7.1/../../../../arm-none-eabi/lib/thumb/libg.a(lib_a-sccl.o)
 .data          0x0000000002011280        0x0 /opt/devkitPRO/devkitARM/bin/../lib/gcc/arm-none-eabi/4.7.1/../../../../arm-none-eabi/lib/thumb/libg.a(lib_a-strcasecmp.o)
 .data          0x0000000002011280        0x0 /opt/devkitPRO/devkitARM/bin/../lib/gcc/arm-none-eabi/4.7.1/../../../../arm-none-eabi/lib/thumb/libg.a(lib_a-strcat.o)
 .data          0x0000000002011280        0x0 /opt/devkitPRO/devkitARM/bin/../lib/gcc/arm-none-eabi/4.7.1/../../../../arm-none-eabi/lib/thumb/libg.a(lib_a-strchr.o)
 .data          0x0000000002011280        0x0 /opt/devkitPRO/devkitARM/bin/../lib/gcc/arm-none-eabi/4.7.1/../../../../arm-none-eabi/lib/thumb/libg.a(lib_a-strcmp.o)
 .data          0x0000000002011280        0x0 /opt/devkitPRO/devkitARM/bin/../lib/gcc/arm-none-eabi/4.7.1/../../../../arm-none-eabi/lib/thumb/libg.a(lib_a-strcpy.o)
 .data          0x0000000002011280        0x0 /opt/devkitPRO/devkitARM/bin/../lib/gcc/arm-none-eabi/4.7.1/../../../../arm-none-eabi/lib/thumb/libg.a(lib_a-strlcpy.o)
 .data          0x0000000002011280        0x0 /opt/devkitPRO/devkitARM/bin/../lib/gcc/arm-none-eabi/4.7.1/../../../../arm-none-eabi/lib/thumb/libg.a(lib_a-strncasecmp.o)
 .data          0x0000000002011280        0x0 /opt/devkitPRO/devkitARM/bin/../lib/gcc/arm-none-eabi/4.7.1/../../../../arm-none-eabi/lib/thumb/libg.a(lib_a-strncmp.o)
 .data          0x0000000002011280        0x0 /opt/devkitPRO/devkitARM/bin/../lib/gcc/arm-none-eabi/4.7.1/../../../../arm-none-eabi/lib/thumb/libg.a(lib_a-strncpy.o)
 .data          0x0000000002011280        0x0 /opt/devkitPRO/devkitARM/bin/../lib/gcc/arm-none-eabi/4.7.1/../../../../arm-none-eabi/lib/thumb/libg.a(lib_a-strtoll_r.o)
 .data          0x0000000002011280        0x0 /opt/devkitPRO/devkitARM/bin/../lib/gcc/arm-none-eabi/4.7.1/../../../../arm-none-eabi/lib/thumb/libg.a(lib_a-strtol.o)
 .data          0x0000000002011280        0x0 /opt/devkitPRO/devkitARM/bin/../lib/gcc/arm-none-eabi/4.7.1/../../../../arm-none-eabi/lib/thumb/libg.a(lib_a-strtoull_r.o)
 .data          0x0000000002011280        0x0 /opt/devkitPRO/devkitARM/bin/../lib/gcc/arm-none-eabi/4.7.1/../../../../arm-none-eabi/lib/thumb/libg.a(lib_a-strtoul.o)
 .data          0x0000000002011280        0x0 /opt/devkitPRO/devkitARM/bin/../lib/gcc/arm-none-eabi/4.7.1/../../../../arm-none-eabi/lib/thumb/libg.a(lib_a-wbuf.o)
 .data          0x0000000002011280        0x0 /opt/devkitPRO/devkitARM/bin/../lib/gcc/arm-none-eabi/4.7.1/../../../../arm-none-eabi/lib/thumb/libg.a(lib_a-wcsnrtombs.o)
 .data          0x0000000002011280        0x0 /opt/devkitPRO/devkitARM/bin/../lib/gcc/arm-none-eabi/4.7.1/../../../../arm-none-eabi/lib/thumb/libg.a(lib_a-fclose.o)
 .data          0x0000000002011280        0x0 /opt/devkitPRO/devkitARM/bin/../lib/gcc/arm-none-eabi/4.7.1/../../../../arm-none-eabi/lib/thumb/libg.a(lib_a-getenv_r.o)
 .data          0x0000000002011280        0x4 /opt/devkitPRO/devkitARM/bin/../lib/gcc/arm-none-eabi/4.7.1/../../../../arm-none-eabi/lib/thumb/libg.a(lib_a-environ.o)
                0x0000000002011280                environ
 .data          0x0000000002011284        0x0 /opt/devkitPRO/devkitARM/bin/../lib/gcc/arm-none-eabi/4.7.1/../../../../arm-none-eabi/lib/thumb/libg.a(lib_a-envlock.o)
 .data          0x0000000002011284       0x44 /opt/devkitPRO/devkitARM/bin/../lib/gcc/arm-none-eabi/4.7.1/../../../../arm-none-eabi/lib/thumb/libsysbase.a(iosupport.o)
                0x0000000002011288                devoptab_list
 .data          0x00000000020112c8        0x0 /opt/devkitPRO/devkitARM/bin/../lib/gcc/arm-none-eabi/4.7.1/../../../../arm-none-eabi/lib/thumb/libsysbase.a(close.o)
 .data          0x00000000020112c8        0x0 /opt/devkitPRO/devkitARM/bin/../lib/gcc/arm-none-eabi/4.7.1/../../../../arm-none-eabi/lib/thumb/libsysbase.a(fstat.o)
 .data          0x00000000020112c8        0x0 /opt/devkitPRO/devkitARM/bin/../lib/gcc/arm-none-eabi/4.7.1/../../../../arm-none-eabi/lib/thumb/libsysbase.a(isatty.o)
 .data          0x00000000020112c8        0x0 /opt/devkitPRO/devkitARM/bin/../lib/gcc/arm-none-eabi/4.7.1/../../../../arm-none-eabi/lib/thumb/libsysbase.a(lseek.o)
 .data          0x00000000020112c8        0x0 /opt/devkitPRO/devkitARM/bin/../lib/gcc/arm-none-eabi/4.7.1/../../../../arm-none-eabi/lib/thumb/libsysbase.a(read.o)
 .data          0x00000000020112c8        0x0 /opt/devkitPRO/devkitARM/bin/../lib/gcc/arm-none-eabi/4.7.1/../../../../arm-none-eabi/lib/thumb/libsysbase.a(sbrk.o)
 .data          0x00000000020112c8        0x0 /opt/devkitPRO/devkitARM/bin/../lib/gcc/arm-none-eabi/4.7.1/../../../../arm-none-eabi/lib/thumb/libsysbase.a(times.o)
 .data          0x00000000020112c8        0x0 /opt/devkitPRO/devkitARM/bin/../lib/gcc/arm-none-eabi/4.7.1/../../../../arm-none-eabi/lib/thumb/libsysbase.a(write.o)
 .data          0x00000000020112c8        0x0 /opt/devkitPRO/devkitARM/bin/../lib/gcc/arm-none-eabi/4.7.1/../../../../arm-none-eabi/lib/thumb/libsysbase.a(malloc_vars.o)
 .data          0x00000000020112c8        0x0 /opt/devkitPRO/devkitARM/bin/../lib/gcc/arm-none-eabi/4.7.1/../../../../arm-none-eabi/lib/thumb/libsysbase.a(build_argv.o)
 .data          0x00000000020112c8        0x0 /opt/devkitPRO/devkitARM/bin/../lib/gcc/arm-none-eabi/4.7.1/../../../../arm-none-eabi/lib/thumb/libsysbase.a(syscall_support.o)
 .data          0x00000000020112c8        0x0 /opt/devkitPRO/devkitARM/bin/../lib/gcc/arm-none-eabi/4.7.1/../../../../arm-none-eabi/lib/thumb/libsysbase.a(handle_manager.o)
 .data          0x00000000020112c8        0x0 /opt/devkitPRO/devkitARM/bin/../lib/gcc/arm-none-eabi/4.7.1/thumb/libgcc.a(_udivsi3.o)
 .data          0x00000000020112c8        0x0 /opt/devkitPRO/devkitARM/bin/../lib/gcc/arm-none-eabi/4.7.1/thumb/libgcc.a(_aeabi_uldivmod.o)
 .data          0x00000000020112c8        0x0 /opt/devkitPRO/devkitARM/bin/../lib/gcc/arm-none-eabi/4.7.1/thumb/libgcc.a(_muldi3.o)
 .data          0x00000000020112c8        0x0 /opt/devkitPRO/devkitARM/bin/../lib/gcc/arm-none-eabi/4.7.1/thumb/libgcc.a(bpabi.o)
 .data          0x00000000020112c8        0x0 /opt/devkitPRO/devkitARM/bin/../lib/gcc/arm-none-eabi/4.7.1/thumb/libgcc.a(_divdi3.o)
 .data          0x00000000020112c8        0x0 /opt/devkitPRO/devkitARM/bin/../lib/gcc/arm-none-eabi/4.7.1/thumb/libgcc.a(_udivdi3.o)
 .data          0x00000000020112c8        0x0 /opt/devkitPRO/devkitARM/bin/../lib/gcc/arm-none-eabi/4.7.1/thumb/libgcc.a(_clzsi2.o)
 .data          0x00000000020112c8        0x0 /opt/devkitPRO/devkitARM/bin/../lib/gcc/arm-none-eabi/4.7.1/../../../../arm-none-eabi/lib/thumb/libg.a(lib_a-errno.o)
 .data          0x00000000020112c8        0x0 /opt/devkitPRO/devkitARM/bin/../lib/gcc/arm-none-eabi/4.7.1/thumb/crtend.o
 .data          0x00000000020112c8        0x0 /opt/devkitPRO/devkitARM/bin/../lib/gcc/arm-none-eabi/4.7.1/thumb/crtn.o
 *(.data.*)
 *(.gnu.linkonce.d*)
                0x00000000020112c8                . = ALIGN (0x4)
                0x00000000020112c8                __data_end = ABSOLUTE (.)
                0x00000000020112c8                __dtcm_lma = .
                0x00000000020112c8                __bss_vma = .

.igot.plt       0x00000000020112c8        0x0
 .igot.plt      0x0000000000000000        0x0 /opt/devkitPRO/devkitARM/bin/../lib/gcc/arm-none-eabi/4.7.1/../../../../arm-none-eabi/lib/thumb/ds_arm9_crt0.o

.tm_clone_table
                0x00000000020112c8        0x0
 .tm_clone_table
                0x00000000020112c8        0x0 /opt/devkitPRO/devkitARM/bin/../lib/gcc/arm-none-eabi/4.7.1/thumb/crtbegin.o
 .tm_clone_table
                0x00000000020112c8        0x0 /opt/devkitPRO/devkitARM/bin/../lib/gcc/arm-none-eabi/4.7.1/thumb/crtend.o

.dtcm           0x000000000b000000        0x0 load address 0x00000000020112c8
 *(.dtcm)
 *(.dtcm.*)
                0x000000000b000000                . = ALIGN (0x4)
                0x000000000b000000                __dtcm_end = ABSOLUTE (.)
                0x00000000020112c8                __itcm_lma = (__dtcm_lma + SIZEOF (.dtcm))

.itcm           0x0000000001000100      0x194 load address 0x00000000020112c8
 *(.itcm)
 .itcm          0x0000000001000100       0xc8 /opt/devkitPRO/libnds/lib/libnds9.a(interrupts.o)
                0x0000000001000100                irqTable
 .itcm          0x00000000010001c8       0xcc /opt/devkitPRO/libnds/lib/libnds9.a(interruptDispatcher.o)
                0x00000000010001c8                IntrMain
 *itcm.*(.text)
                0x0000000001000294                . = ALIGN (0x4)
                0x0000000001000294                __itcm_end = ABSOLUTE (.)
                0x000000000201145c                __vectors_lma = (__itcm_lma + SIZEOF (.itcm))

.vectors        0x0000000001000000        0x0 load address 0x000000000201145c
 *(.vectors)
 *vectors.*(.text)
                0x0000000001000000                . = ALIGN (0x4)
                0x0000000001000000                __vectors_end = ABSOLUTE (.)

.sbss           0x000000000b000000        0x0
                0x000000000b000000                __sbss_start = ABSOLUTE (.)
                0x000000000b000000                __sbss_start__ = ABSOLUTE (.)
 *(.sbss)
                0x000000000b000000                . = ALIGN (0x4)
                0x000000000b000000                __sbss_end = ABSOLUTE (.)

.bss            0x00000000020112c8     0x1f18
                0x00000000020112c8                __bss_start = ABSOLUTE (.)
                0x00000000020112c8                __bss_start__ = ABSOLUTE (.)
 *(.dynbss)
 *(.gnu.linkonce.b*)
 *(.bss*)
 .bss           0x00000000020112c8        0x0 /opt/devkitPRO/devkitARM/bin/../lib/gcc/arm-none-eabi/4.7.1/../../../../arm-none-eabi/lib/thumb/ds_arm9_crt0.o
 .bss           0x00000000020112c8        0x0 /opt/devkitPRO/devkitARM/bin/../lib/gcc/arm-none-eabi/4.7.1/thumb/crti.o
 .bss           0x00000000020112c8       0x1c /opt/devkitPRO/devkitARM/bin/../lib/gcc/arm-none-eabi/4.7.1/thumb/crtbegin.o
 .bss           0x00000000020112e4        0x0 main.o
 .bss           0x00000000020112e4        0x0 lib.o
 .bss           0x00000000020112e4        0x0 os.o
 .bss           0x00000000020112e4        0x0 test15.o
 .bss           0x00000000020112e4        0x0 /opt/devkitPRO/libnds/lib/libnds9.a(console.o)
 .bss           0x00000000020112e4        0x0 /opt/devkitPRO/libnds/lib/libnds9.a(initSystem.o)
 .bss           0x00000000020112e4        0x8 /opt/devkitPRO/libnds/lib/libnds9.a(fifosystem.o)
                0x00000000020112e8                processing
 .bss           0x00000000020112ec        0x0 /opt/devkitPRO/libnds/lib/libnds9.a(interrupts.o)
 .bss           0x00000000020112ec        0x0 /opt/devkitPRO/libnds/lib/libnds9.a(libnds_exit.arm.o)
 .bss           0x00000000020112ec        0x0 /opt/devkitPRO/libnds/lib/libnds9.a(mpu_setup.o)
 .bss           0x00000000020112ec        0x0 /opt/devkitPRO/libnds/lib/libnds9.a(biosCalls.o)
 .bss           0x00000000020112ec        0x0 /opt/devkitPRO/libnds/lib/libnds9.a(debugprint.o)
 .bss           0x00000000020112ec        0x0 /opt/devkitPRO/libnds/lib/libnds9.a(interruptDispatcher.o)
 .bss           0x00000000020112ec        0x0 /opt/devkitPRO/libnds/lib/libnds9.a(swiSoftReset.o)
 .bss           0x00000000020112ec        0x0 /opt/devkitPRO/libnds/lib/libnds9.a(default_font.bin.o)
 .bss           0x00000000020112ec        0x0 /opt/devkitPRO/libnds/lib/libnds9.a(background.o)
 .bss           0x00000000020112ec        0x4 /opt/devkitPRO/libnds/lib/libnds9.a(system.o)
 .bss           0x00000000020112f0        0x0 /opt/devkitPRO/libnds/lib/libnds9.a(trig.o)
 .bss           0x00000000020112f0        0x0 /opt/devkitPRO/libnds/lib/libnds9.a(video.o)
 .bss           0x00000000020112f0        0x0 /media/wind/Dropbox/studia/informatyka/magisterka/code/phase01/sandbox/lib/liblibs.a(basic_lib.o)
 .bss           0x00000000020112f0        0x0 /opt/devkitPRO/devkitARM/bin/../lib/gcc/arm-none-eabi/4.7.1/thumb/libgcc.a(_divsi3.o)
 .bss           0x00000000020112f0        0x0 /opt/devkitPRO/devkitARM/bin/../lib/gcc/arm-none-eabi/4.7.1/thumb/libgcc.a(_dvmd_tls.o)
 .bss           0x00000000020112f0        0x0 /opt/devkitPRO/devkitARM/bin/../lib/gcc/arm-none-eabi/4.7.1/../../../../arm-none-eabi/lib/thumb/libg.a(lib_a-bsearch.o)
 .bss           0x00000000020112f0        0x0 /opt/devkitPRO/devkitARM/bin/../lib/gcc/arm-none-eabi/4.7.1/../../../../arm-none-eabi/lib/thumb/libg.a(lib_a-impure.o)
 .bss           0x00000000020112f0        0x0 /opt/devkitPRO/devkitARM/bin/../lib/gcc/arm-none-eabi/4.7.1/../../../../arm-none-eabi/lib/thumb/libg.a(lib_a-init.o)
 .bss           0x00000000020112f0        0x0 /opt/devkitPRO/devkitARM/bin/../lib/gcc/arm-none-eabi/4.7.1/../../../../arm-none-eabi/lib/thumb/libg.a(lib_a-iprintf.o)
 .bss           0x00000000020112f0        0x0 /opt/devkitPRO/devkitARM/bin/../lib/gcc/arm-none-eabi/4.7.1/../../../../arm-none-eabi/lib/thumb/libg.a(lib_a-malloc.o)
 .bss           0x00000000020112f0       0x34 /opt/devkitPRO/devkitARM/bin/../lib/gcc/arm-none-eabi/4.7.1/../../../../arm-none-eabi/lib/thumb/libg.a(lib_a-mallocr.o)
                0x00000000020112f0                __malloc_top_pad
                0x00000000020112f4                __malloc_current_mallinfo
                0x000000000201131c                __malloc_max_sbrked_mem
                0x0000000002011320                __malloc_max_total_mem
 .bss           0x0000000002011324        0x0 /opt/devkitPRO/devkitARM/bin/../lib/gcc/arm-none-eabi/4.7.1/../../../../arm-none-eabi/lib/thumb/libg.a(lib_a-memcpy-stub.o)
 .bss           0x0000000002011324        0x0 /opt/devkitPRO/devkitARM/bin/../lib/gcc/arm-none-eabi/4.7.1/../../../../arm-none-eabi/lib/thumb/libg.a(lib_a-mlock.o)
 .bss           0x0000000002011324        0x0 /opt/devkitPRO/devkitARM/bin/../lib/gcc/arm-none-eabi/4.7.1/../../../../arm-none-eabi/lib/thumb/libg.a(lib_a-setvbuf.o)
 .bss           0x0000000002011324        0x0 /opt/devkitPRO/devkitARM/bin/../lib/gcc/arm-none-eabi/4.7.1/../../../../arm-none-eabi/lib/thumb/libg.a(lib_a-siscanf.o)
 .bss           0x0000000002011324        0x0 /opt/devkitPRO/devkitARM/bin/../lib/gcc/arm-none-eabi/4.7.1/../../../../arm-none-eabi/lib/thumb/libg.a(lib_a-stdio.o)
 .bss           0x0000000002011324        0x0 /opt/devkitPRO/devkitARM/bin/../lib/gcc/arm-none-eabi/4.7.1/../../../../arm-none-eabi/lib/thumb/libg.a(lib_a-strlen.o)
 .bss           0x0000000002011324        0x0 /opt/devkitPRO/devkitARM/bin/../lib/gcc/arm-none-eabi/4.7.1/../../../../arm-none-eabi/lib/thumb/libg.a(lib_a-svfiscanf.o)
 .bss           0x0000000002011324        0x0 /opt/devkitPRO/devkitARM/bin/../lib/gcc/arm-none-eabi/4.7.1/../../../../arm-none-eabi/lib/thumb/libg.a(lib_a-ungetc.o)
 .bss           0x0000000002011324        0x0 /opt/devkitPRO/devkitARM/bin/../lib/gcc/arm-none-eabi/4.7.1/../../../../arm-none-eabi/lib/thumb/libg.a(lib_a-vfiprintf.o)
 .bss           0x0000000002011324        0x0 /opt/devkitPRO/devkitARM/bin/../lib/gcc/arm-none-eabi/4.7.1/../../../../arm-none-eabi/lib/thumb/libg.a(lib_a-wcrtomb.o)
 .bss           0x0000000002011324        0x0 /opt/devkitPRO/devkitARM/bin/../lib/gcc/arm-none-eabi/4.7.1/../../../../arm-none-eabi/lib/thumb/libg.a(lib_a-wcsrtombs.o)
 .bss           0x0000000002011324        0x0 /opt/devkitPRO/devkitARM/bin/../lib/gcc/arm-none-eabi/4.7.1/../../../../arm-none-eabi/lib/thumb/libg.a(lib_a-wctomb_r.o)
 .bss           0x0000000002011324        0x0 /opt/devkitPRO/devkitARM/bin/../lib/gcc/arm-none-eabi/4.7.1/../../../../arm-none-eabi/lib/thumb/libg.a(lib_a-wsetup.o)
 .bss           0x0000000002011324        0x0 /opt/devkitPRO/devkitARM/bin/../lib/gcc/arm-none-eabi/4.7.1/../../../../arm-none-eabi/lib/thumb/libg.a(lib_a-ctype_.o)
 .bss           0x0000000002011324        0x0 /opt/devkitPRO/devkitARM/bin/../lib/gcc/arm-none-eabi/4.7.1/../../../../arm-none-eabi/lib/thumb/libg.a(lib_a-fflush.o)
 .bss           0x0000000002011324        0x0 /opt/devkitPRO/devkitARM/bin/../lib/gcc/arm-none-eabi/4.7.1/../../../../arm-none-eabi/lib/thumb/libg.a(lib_a-findfp.o)
 .bss           0x0000000002011324        0x0 /opt/devkitPRO/devkitARM/bin/../lib/gcc/arm-none-eabi/4.7.1/../../../../arm-none-eabi/lib/thumb/libg.a(lib_a-fputwc.o)
 .bss           0x0000000002011324        0x0 /opt/devkitPRO/devkitARM/bin/../lib/gcc/arm-none-eabi/4.7.1/../../../../arm-none-eabi/lib/thumb/libg.a(lib_a-freer.o)
 .bss           0x0000000002011324        0x0 /opt/devkitPRO/devkitARM/bin/../lib/gcc/arm-none-eabi/4.7.1/../../../../arm-none-eabi/lib/thumb/libg.a(lib_a-fvwrite.o)
 .bss           0x0000000002011324        0x0 /opt/devkitPRO/devkitARM/bin/../lib/gcc/arm-none-eabi/4.7.1/../../../../arm-none-eabi/lib/thumb/libg.a(lib_a-fwalk.o)
 .bss           0x0000000002011324        0x0 /opt/devkitPRO/devkitARM/bin/../lib/gcc/arm-none-eabi/4.7.1/../../../../arm-none-eabi/lib/thumb/libg.a(lib_a-iswspace.o)
 .bss           0x0000000002011324        0x0 /opt/devkitPRO/devkitARM/bin/../lib/gcc/arm-none-eabi/4.7.1/../../../../arm-none-eabi/lib/thumb/libg.a(lib_a-jp2uc.o)
 .bss           0x0000000002011324      0x2b8 /opt/devkitPRO/devkitARM/bin/../lib/gcc/arm-none-eabi/4.7.1/../../../../arm-none-eabi/lib/thumb/libg.a(lib_a-locale.o)
                0x00000000020115d0                _PathLocale
                0x00000000020115d4                __mlocale_changed
                0x00000000020115d8                __nlocale_changed
 .bss           0x00000000020115dc        0x0 /opt/devkitPRO/devkitARM/bin/../lib/gcc/arm-none-eabi/4.7.1/../../../../arm-none-eabi/lib/thumb/libg.a(lib_a-makebuf.o)
 .bss           0x00000000020115dc        0x0 /opt/devkitPRO/devkitARM/bin/../lib/gcc/arm-none-eabi/4.7.1/../../../../arm-none-eabi/lib/thumb/libg.a(lib_a-mbrtowc.o)
 .bss           0x00000000020115dc        0x0 /opt/devkitPRO/devkitARM/bin/../lib/gcc/arm-none-eabi/4.7.1/../../../../arm-none-eabi/lib/thumb/libg.a(lib_a-mbtowc_r.o)
 .bss           0x00000000020115dc        0x0 /opt/devkitPRO/devkitARM/bin/../lib/gcc/arm-none-eabi/4.7.1/../../../../arm-none-eabi/lib/thumb/libg.a(lib_a-memchr-stub.o)
 .bss           0x00000000020115dc        0x0 /opt/devkitPRO/devkitARM/bin/../lib/gcc/arm-none-eabi/4.7.1/../../../../arm-none-eabi/lib/thumb/libg.a(lib_a-memmove.o)
 .bss           0x00000000020115dc        0x0 /opt/devkitPRO/devkitARM/bin/../lib/gcc/arm-none-eabi/4.7.1/../../../../arm-none-eabi/lib/thumb/libg.a(lib_a-memset.o)
 .bss           0x00000000020115dc        0x0 /opt/devkitPRO/devkitARM/bin/../lib/gcc/arm-none-eabi/4.7.1/../../../../arm-none-eabi/lib/thumb/libg.a(lib_a-reallocr.o)
 .bss           0x00000000020115dc        0x0 /opt/devkitPRO/devkitARM/bin/../lib/gcc/arm-none-eabi/4.7.1/../../../../arm-none-eabi/lib/thumb/libg.a(lib_a-sccl.o)
 .bss           0x00000000020115dc        0x0 /opt/devkitPRO/devkitARM/bin/../lib/gcc/arm-none-eabi/4.7.1/../../../../arm-none-eabi/lib/thumb/libg.a(lib_a-strcasecmp.o)
 .bss           0x00000000020115dc        0x0 /opt/devkitPRO/devkitARM/bin/../lib/gcc/arm-none-eabi/4.7.1/../../../../arm-none-eabi/lib/thumb/libg.a(lib_a-strcat.o)
 .bss           0x00000000020115dc        0x0 /opt/devkitPRO/devkitARM/bin/../lib/gcc/arm-none-eabi/4.7.1/../../../../arm-none-eabi/lib/thumb/libg.a(lib_a-strchr.o)
 .bss           0x00000000020115dc        0x0 /opt/devkitPRO/devkitARM/bin/../lib/gcc/arm-none-eabi/4.7.1/../../../../arm-none-eabi/lib/thumb/libg.a(lib_a-strcmp.o)
 .bss           0x00000000020115dc        0x0 /opt/devkitPRO/devkitARM/bin/../lib/gcc/arm-none-eabi/4.7.1/../../../../arm-none-eabi/lib/thumb/libg.a(lib_a-strcpy.o)
 .bss           0x00000000020115dc        0x0 /opt/devkitPRO/devkitARM/bin/../lib/gcc/arm-none-eabi/4.7.1/../../../../arm-none-eabi/lib/thumb/libg.a(lib_a-strlcpy.o)
 .bss           0x00000000020115dc        0x0 /opt/devkitPRO/devkitARM/bin/../lib/gcc/arm-none-eabi/4.7.1/../../../../arm-none-eabi/lib/thumb/libg.a(lib_a-strncasecmp.o)
 .bss           0x00000000020115dc        0x0 /opt/devkitPRO/devkitARM/bin/../lib/gcc/arm-none-eabi/4.7.1/../../../../arm-none-eabi/lib/thumb/libg.a(lib_a-strncmp.o)
 .bss           0x00000000020115dc        0x0 /opt/devkitPRO/devkitARM/bin/../lib/gcc/arm-none-eabi/4.7.1/../../../../arm-none-eabi/lib/thumb/libg.a(lib_a-strncpy.o)
 .bss           0x00000000020115dc        0x0 /opt/devkitPRO/devkitARM/bin/../lib/gcc/arm-none-eabi/4.7.1/../../../../arm-none-eabi/lib/thumb/libg.a(lib_a-strtoll_r.o)
 .bss           0x00000000020115dc        0x0 /opt/devkitPRO/devkitARM/bin/../lib/gcc/arm-none-eabi/4.7.1/../../../../arm-none-eabi/lib/thumb/libg.a(lib_a-strtol.o)
 .bss           0x00000000020115dc        0x0 /opt/devkitPRO/devkitARM/bin/../lib/gcc/arm-none-eabi/4.7.1/../../../../arm-none-eabi/lib/thumb/libg.a(lib_a-strtoull_r.o)
 .bss           0x00000000020115dc        0x0 /opt/devkitPRO/devkitARM/bin/../lib/gcc/arm-none-eabi/4.7.1/../../../../arm-none-eabi/lib/thumb/libg.a(lib_a-strtoul.o)
 .bss           0x00000000020115dc        0x0 /opt/devkitPRO/devkitARM/bin/../lib/gcc/arm-none-eabi/4.7.1/../../../../arm-none-eabi/lib/thumb/libg.a(lib_a-wbuf.o)
 .bss           0x00000000020115dc        0x0 /opt/devkitPRO/devkitARM/bin/../lib/gcc/arm-none-eabi/4.7.1/../../../../arm-none-eabi/lib/thumb/libg.a(lib_a-wcsnrtombs.o)
 .bss           0x00000000020115dc        0x0 /opt/devkitPRO/devkitARM/bin/../lib/gcc/arm-none-eabi/4.7.1/../../../../arm-none-eabi/lib/thumb/libg.a(lib_a-fclose.o)
 .bss           0x00000000020115dc        0x0 /opt/devkitPRO/devkitARM/bin/../lib/gcc/arm-none-eabi/4.7.1/../../../../arm-none-eabi/lib/thumb/libg.a(lib_a-getenv_r.o)
 .bss           0x00000000020115dc        0x4 /opt/devkitPRO/devkitARM/bin/../lib/gcc/arm-none-eabi/4.7.1/../../../../arm-none-eabi/lib/thumb/libg.a(lib_a-environ.o)
 .bss           0x00000000020115e0        0x0 /opt/devkitPRO/devkitARM/bin/../lib/gcc/arm-none-eabi/4.7.1/../../../../arm-none-eabi/lib/thumb/libg.a(lib_a-envlock.o)
 .bss           0x00000000020115e0        0x0 /opt/devkitPRO/devkitARM/bin/../lib/gcc/arm-none-eabi/4.7.1/../../../../arm-none-eabi/lib/thumb/libsysbase.a(iosupport.o)
 .bss           0x00000000020115e0        0x0 /opt/devkitPRO/devkitARM/bin/../lib/gcc/arm-none-eabi/4.7.1/../../../../arm-none-eabi/lib/thumb/libsysbase.a(close.o)
 .bss           0x00000000020115e0        0x0 /opt/devkitPRO/devkitARM/bin/../lib/gcc/arm-none-eabi/4.7.1/../../../../arm-none-eabi/lib/thumb/libsysbase.a(fstat.o)
 .bss           0x00000000020115e0        0x0 /opt/devkitPRO/devkitARM/bin/../lib/gcc/arm-none-eabi/4.7.1/../../../../arm-none-eabi/lib/thumb/libsysbase.a(isatty.o)
 .bss           0x00000000020115e0        0x0 /opt/devkitPRO/devkitARM/bin/../lib/gcc/arm-none-eabi/4.7.1/../../../../arm-none-eabi/lib/thumb/libsysbase.a(lseek.o)
 .bss           0x00000000020115e0        0x0 /opt/devkitPRO/devkitARM/bin/../lib/gcc/arm-none-eabi/4.7.1/../../../../arm-none-eabi/lib/thumb/libsysbase.a(read.o)
 .bss           0x00000000020115e0        0x4 /opt/devkitPRO/devkitARM/bin/../lib/gcc/arm-none-eabi/4.7.1/../../../../arm-none-eabi/lib/thumb/libsysbase.a(sbrk.o)
 .bss           0x00000000020115e4        0x0 /opt/devkitPRO/devkitARM/bin/../lib/gcc/arm-none-eabi/4.7.1/../../../../arm-none-eabi/lib/thumb/libsysbase.a(times.o)
 .bss           0x00000000020115e4        0x0 /opt/devkitPRO/devkitARM/bin/../lib/gcc/arm-none-eabi/4.7.1/../../../../arm-none-eabi/lib/thumb/libsysbase.a(write.o)
 .bss           0x00000000020115e4        0x8 /opt/devkitPRO/devkitARM/bin/../lib/gcc/arm-none-eabi/4.7.1/../../../../arm-none-eabi/lib/thumb/libsysbase.a(malloc_vars.o)
                0x00000000020115e4                fake_heap_start
                0x00000000020115e8                fake_heap_end
 .bss           0x00000000020115ec        0x0 /opt/devkitPRO/devkitARM/bin/../lib/gcc/arm-none-eabi/4.7.1/../../../../arm-none-eabi/lib/thumb/libsysbase.a(build_argv.o)
 .bss           0x00000000020115ec        0x8 /opt/devkitPRO/devkitARM/bin/../lib/gcc/arm-none-eabi/4.7.1/../../../../arm-none-eabi/lib/thumb/libsysbase.a(syscall_support.o)
                0x00000000020115ec                __syscalls
 .bss           0x00000000020115f4     0x1000 /opt/devkitPRO/devkitARM/bin/../lib/gcc/arm-none-eabi/4.7.1/../../../../arm-none-eabi/lib/thumb/libsysbase.a(handle_manager.o)
 .bss           0x00000000020125f4        0x0 /opt/devkitPRO/devkitARM/bin/../lib/gcc/arm-none-eabi/4.7.1/thumb/libgcc.a(_udivsi3.o)
 .bss           0x00000000020125f4        0x0 /opt/devkitPRO/devkitARM/bin/../lib/gcc/arm-none-eabi/4.7.1/thumb/libgcc.a(_aeabi_uldivmod.o)
 .bss           0x00000000020125f4        0x0 /opt/devkitPRO/devkitARM/bin/../lib/gcc/arm-none-eabi/4.7.1/thumb/libgcc.a(_muldi3.o)
 .bss           0x00000000020125f4        0x0 /opt/devkitPRO/devkitARM/bin/../lib/gcc/arm-none-eabi/4.7.1/thumb/libgcc.a(bpabi.o)
 .bss           0x00000000020125f4        0x0 /opt/devkitPRO/devkitARM/bin/../lib/gcc/arm-none-eabi/4.7.1/thumb/libgcc.a(_divdi3.o)
 .bss           0x00000000020125f4        0x0 /opt/devkitPRO/devkitARM/bin/../lib/gcc/arm-none-eabi/4.7.1/thumb/libgcc.a(_udivdi3.o)
 .bss           0x00000000020125f4        0x0 /opt/devkitPRO/devkitARM/bin/../lib/gcc/arm-none-eabi/4.7.1/thumb/libgcc.a(_clzsi2.o)
 .bss           0x00000000020125f4        0x0 /opt/devkitPRO/devkitARM/bin/../lib/gcc/arm-none-eabi/4.7.1/../../../../arm-none-eabi/lib/thumb/libg.a(lib_a-errno.o)
 .bss           0x00000000020125f4        0x0 /opt/devkitPRO/devkitARM/bin/../lib/gcc/arm-none-eabi/4.7.1/thumb/crtend.o
 .bss           0x00000000020125f4        0x0 /opt/devkitPRO/devkitARM/bin/../lib/gcc/arm-none-eabi/4.7.1/thumb/crtn.o
 *(COMMON)
 COMMON         0x00000000020125f4       0x5c /opt/devkitPRO/libnds/lib/libnds9.a(console.o)
                0x00000000020125f4                currentCopy
 COMMON         0x0000000002012650        0x1 /opt/devkitPRO/libnds/lib/libnds9.a(initSystem.o)
                0x0000000002012650                __dsimode
 *fill*         0x0000000002012651        0x3 00
 COMMON         0x0000000002012654      0xa40 /opt/devkitPRO/libnds/lib/libnds9.a(fifosystem.o)
                0x0000000002012654                fifo_datamsg_data
                0x0000000002012694                fifo_buffer
                0x0000000002012e94                fifo_value32_func
                0x0000000002012ed4                fifo_address_func
                0x0000000002012f14                fifo_value32_data
                0x0000000002012f54                fifo_value32_queue
                0x0000000002012f94                fifo_data_queue
                0x0000000002012fd4                fifo_address_data
                0x0000000002013014                fifo_datamsg_func
                0x0000000002013054                fifo_address_queue
 COMMON         0x0000000002013094      0x148 /opt/devkitPRO/libnds/lib/libnds9.a(background.o)
                0x0000000002013094                bgState
                0x00000000020131d4                bgIsTextLut
 COMMON         0x00000000020131dc        0x4 /opt/devkitPRO/devkitARM/bin/../lib/gcc/arm-none-eabi/4.7.1/../../../../arm-none-eabi/lib/thumb/libsysbase.a(times.o)
                0x00000000020131dc                punixTime
                0x00000000020131e0                . = ALIGN (0x4)
                0x00000000020131e0                __bss_end__ = ABSOLUTE (.)
                0x00000000020131e0                __end__ = ABSOLUTE (.)

.stab
 *(.stab)

.stabstr
 *(.stabstr)

.stab.excl
 *(.stab.excl)

.stab.exclstr
 *(.stab.exclstr)

.stab.index
 *(.stab.index)

.stab.indexstr
 *(.stab.indexstr)

.comment        0x0000000000000000       0x66
 *(.comment)
 .comment       0x0000000000000000       0x22 /opt/devkitPRO/devkitARM/bin/../lib/gcc/arm-none-eabi/4.7.1/thumb/crtbegin.o
                                         0x23 (size before relaxing)
 .comment       0x0000000000000000       0x23 main.o
 .comment       0x0000000000000022       0x22 /opt/devkitPRO/libnds/lib/libnds9.a(console.o)
                                         0x23 (size before relaxing)
 .comment       0x0000000000000000       0x23 /opt/devkitPRO/libnds/lib/libnds9.a(initSystem.o)
 .comment       0x0000000000000000       0x23 /opt/devkitPRO/libnds/lib/libnds9.a(fifosystem.o)
 .comment       0x0000000000000000       0x23 /opt/devkitPRO/libnds/lib/libnds9.a(interrupts.o)
 .comment       0x0000000000000000       0x23 /opt/devkitPRO/libnds/lib/libnds9.a(libnds_exit.arm.o)
 .comment       0x0000000000000000       0x23 /opt/devkitPRO/libnds/lib/libnds9.a(background.o)
 .comment       0x0000000000000000       0x23 /opt/devkitPRO/libnds/lib/libnds9.a(system.o)
 .comment       0x0000000000000000       0x23 /opt/devkitPRO/libnds/lib/libnds9.a(trig.o)
 .comment       0x0000000000000000       0x23 /opt/devkitPRO/libnds/lib/libnds9.a(video.o)
 .comment       0x0000000000000044       0x22 /media/wind/Dropbox/studia/informatyka/magisterka/code/phase01/sandbox/lib/liblibs.a(basic_lib.o)
                                         0x23 (size before relaxing)
 .comment       0x0000000000000000       0x23 /opt/devkitPRO/devkitARM/bin/../lib/gcc/arm-none-eabi/4.7.1/../../../../arm-none-eabi/lib/thumb/libg.a(lib_a-bsearch.o)
 .comment       0x0000000000000000       0x23 /opt/devkitPRO/devkitARM/bin/../lib/gcc/arm-none-eabi/4.7.1/../../../../arm-none-eabi/lib/thumb/libg.a(lib_a-impure.o)
 .comment       0x0000000000000000       0x23 /opt/devkitPRO/devkitARM/bin/../lib/gcc/arm-none-eabi/4.7.1/../../../../arm-none-eabi/lib/thumb/libg.a(lib_a-init.o)
 .comment       0x0000000000000000       0x23 /opt/devkitPRO/devkitARM/bin/../lib/gcc/arm-none-eabi/4.7.1/../../../../arm-none-eabi/lib/thumb/libg.a(lib_a-iprintf.o)
 .comment       0x0000000000000000       0x23 /opt/devkitPRO/devkitARM/bin/../lib/gcc/arm-none-eabi/4.7.1/../../../../arm-none-eabi/lib/thumb/libg.a(lib_a-malloc.o)
 .comment       0x0000000000000000       0x23 /opt/devkitPRO/devkitARM/bin/../lib/gcc/arm-none-eabi/4.7.1/../../../../arm-none-eabi/lib/thumb/libg.a(lib_a-mallocr.o)
 .comment       0x0000000000000000       0x23 /opt/devkitPRO/devkitARM/bin/../lib/gcc/arm-none-eabi/4.7.1/../../../../arm-none-eabi/lib/thumb/libg.a(lib_a-memcpy-stub.o)
 .comment       0x0000000000000000       0x23 /opt/devkitPRO/devkitARM/bin/../lib/gcc/arm-none-eabi/4.7.1/../../../../arm-none-eabi/lib/thumb/libg.a(lib_a-mlock.o)
 .comment       0x0000000000000000       0x23 /opt/devkitPRO/devkitARM/bin/../lib/gcc/arm-none-eabi/4.7.1/../../../../arm-none-eabi/lib/thumb/libg.a(lib_a-setvbuf.o)
 .comment       0x0000000000000000       0x23 /opt/devkitPRO/devkitARM/bin/../lib/gcc/arm-none-eabi/4.7.1/../../../../arm-none-eabi/lib/thumb/libg.a(lib_a-siscanf.o)
 .comment       0x0000000000000000       0x23 /opt/devkitPRO/devkitARM/bin/../lib/gcc/arm-none-eabi/4.7.1/../../../../arm-none-eabi/lib/thumb/libg.a(lib_a-stdio.o)
 .comment       0x0000000000000000       0x23 /opt/devkitPRO/devkitARM/bin/../lib/gcc/arm-none-eabi/4.7.1/../../../../arm-none-eabi/lib/thumb/libg.a(lib_a-strlen.o)
 .comment       0x0000000000000000       0x23 /opt/devkitPRO/devkitARM/bin/../lib/gcc/arm-none-eabi/4.7.1/../../../../arm-none-eabi/lib/thumb/libg.a(lib_a-svfiscanf.o)
 .comment       0x0000000000000000       0x23 /opt/devkitPRO/devkitARM/bin/../lib/gcc/arm-none-eabi/4.7.1/../../../../arm-none-eabi/lib/thumb/libg.a(lib_a-ungetc.o)
 .comment       0x0000000000000000       0x23 /opt/devkitPRO/devkitARM/bin/../lib/gcc/arm-none-eabi/4.7.1/../../../../arm-none-eabi/lib/thumb/libg.a(lib_a-vfiprintf.o)
 .comment       0x0000000000000000       0x23 /opt/devkitPRO/devkitARM/bin/../lib/gcc/arm-none-eabi/4.7.1/../../../../arm-none-eabi/lib/thumb/libg.a(lib_a-wcrtomb.o)
 .comment       0x0000000000000000       0x23 /opt/devkitPRO/devkitARM/bin/../lib/gcc/arm-none-eabi/4.7.1/../../../../arm-none-eabi/lib/thumb/libg.a(lib_a-wcsrtombs.o)
 .comment       0x0000000000000000       0x23 /opt/devkitPRO/devkitARM/bin/../lib/gcc/arm-none-eabi/4.7.1/../../../../arm-none-eabi/lib/thumb/libg.a(lib_a-wctomb_r.o)
 .comment       0x0000000000000000       0x23 /opt/devkitPRO/devkitARM/bin/../lib/gcc/arm-none-eabi/4.7.1/../../../../arm-none-eabi/lib/thumb/libg.a(lib_a-wsetup.o)
 .comment       0x0000000000000000       0x23 /opt/devkitPRO/devkitARM/bin/../lib/gcc/arm-none-eabi/4.7.1/../../../../arm-none-eabi/lib/thumb/libg.a(lib_a-ctype_.o)
 .comment       0x0000000000000000       0x23 /opt/devkitPRO/devkitARM/bin/../lib/gcc/arm-none-eabi/4.7.1/../../../../arm-none-eabi/lib/thumb/libg.a(lib_a-fflush.o)
 .comment       0x0000000000000000       0x23 /opt/devkitPRO/devkitARM/bin/../lib/gcc/arm-none-eabi/4.7.1/../../../../arm-none-eabi/lib/thumb/libg.a(lib_a-findfp.o)
 .comment       0x0000000000000000       0x23 /opt/devkitPRO/devkitARM/bin/../lib/gcc/arm-none-eabi/4.7.1/../../../../arm-none-eabi/lib/thumb/libg.a(lib_a-fputwc.o)
 .comment       0x0000000000000000       0x23 /opt/devkitPRO/devkitARM/bin/../lib/gcc/arm-none-eabi/4.7.1/../../../../arm-none-eabi/lib/thumb/libg.a(lib_a-freer.o)
 .comment       0x0000000000000000       0x23 /opt/devkitPRO/devkitARM/bin/../lib/gcc/arm-none-eabi/4.7.1/../../../../arm-none-eabi/lib/thumb/libg.a(lib_a-fvwrite.o)
 .comment       0x0000000000000000       0x23 /opt/devkitPRO/devkitARM/bin/../lib/gcc/arm-none-eabi/4.7.1/../../../../arm-none-eabi/lib/thumb/libg.a(lib_a-fwalk.o)
 .comment       0x0000000000000000       0x23 /opt/devkitPRO/devkitARM/bin/../lib/gcc/arm-none-eabi/4.7.1/../../../../arm-none-eabi/lib/thumb/libg.a(lib_a-iswspace.o)
 .comment       0x0000000000000000       0x23 /opt/devkitPRO/devkitARM/bin/../lib/gcc/arm-none-eabi/4.7.1/../../../../arm-none-eabi/lib/thumb/libg.a(lib_a-jp2uc.o)
 .comment       0x0000000000000000       0x23 /opt/devkitPRO/devkitARM/bin/../lib/gcc/arm-none-eabi/4.7.1/../../../../arm-none-eabi/lib/thumb/libg.a(lib_a-locale.o)
 .comment       0x0000000000000000       0x23 /opt/devkitPRO/devkitARM/bin/../lib/gcc/arm-none-eabi/4.7.1/../../../../arm-none-eabi/lib/thumb/libg.a(lib_a-makebuf.o)
 .comment       0x0000000000000000       0x23 /opt/devkitPRO/devkitARM/bin/../lib/gcc/arm-none-eabi/4.7.1/../../../../arm-none-eabi/lib/thumb/libg.a(lib_a-mbrtowc.o)
 .comment       0x0000000000000000       0x23 /opt/devkitPRO/devkitARM/bin/../lib/gcc/arm-none-eabi/4.7.1/../../../../arm-none-eabi/lib/thumb/libg.a(lib_a-mbtowc_r.o)
 .comment       0x0000000000000000       0x23 /opt/devkitPRO/devkitARM/bin/../lib/gcc/arm-none-eabi/4.7.1/../../../../arm-none-eabi/lib/thumb/libg.a(lib_a-memchr-stub.o)
 .comment       0x0000000000000000       0x23 /opt/devkitPRO/devkitARM/bin/../lib/gcc/arm-none-eabi/4.7.1/../../../../arm-none-eabi/lib/thumb/libg.a(lib_a-memmove.o)
 .comment       0x0000000000000000       0x23 /opt/devkitPRO/devkitARM/bin/../lib/gcc/arm-none-eabi/4.7.1/../../../../arm-none-eabi/lib/thumb/libg.a(lib_a-memset.o)
 .comment       0x0000000000000000       0x23 /opt/devkitPRO/devkitARM/bin/../lib/gcc/arm-none-eabi/4.7.1/../../../../arm-none-eabi/lib/thumb/libg.a(lib_a-reallocr.o)
 .comment       0x0000000000000000       0x23 /opt/devkitPRO/devkitARM/bin/../lib/gcc/arm-none-eabi/4.7.1/../../../../arm-none-eabi/lib/thumb/libg.a(lib_a-sccl.o)
 .comment       0x0000000000000000       0x23 /opt/devkitPRO/devkitARM/bin/../lib/gcc/arm-none-eabi/4.7.1/../../../../arm-none-eabi/lib/thumb/libg.a(lib_a-strcasecmp.o)
 .comment       0x0000000000000000       0x23 /opt/devkitPRO/devkitARM/bin/../lib/gcc/arm-none-eabi/4.7.1/../../../../arm-none-eabi/lib/thumb/libg.a(lib_a-strcat.o)
 .comment       0x0000000000000000       0x23 /opt/devkitPRO/devkitARM/bin/../lib/gcc/arm-none-eabi/4.7.1/../../../../arm-none-eabi/lib/thumb/libg.a(lib_a-strchr.o)
 .comment       0x0000000000000000       0x23 /opt/devkitPRO/devkitARM/bin/../lib/gcc/arm-none-eabi/4.7.1/../../../../arm-none-eabi/lib/thumb/libg.a(lib_a-strcmp.o)
 .comment       0x0000000000000000       0x23 /opt/devkitPRO/devkitARM/bin/../lib/gcc/arm-none-eabi/4.7.1/../../../../arm-none-eabi/lib/thumb/libg.a(lib_a-strcpy.o)
 .comment       0x0000000000000000       0x23 /opt/devkitPRO/devkitARM/bin/../lib/gcc/arm-none-eabi/4.7.1/../../../../arm-none-eabi/lib/thumb/libg.a(lib_a-strlcpy.o)
 .comment       0x0000000000000000       0x23 /opt/devkitPRO/devkitARM/bin/../lib/gcc/arm-none-eabi/4.7.1/../../../../arm-none-eabi/lib/thumb/libg.a(lib_a-strncasecmp.o)
 .comment       0x0000000000000000       0x23 /opt/devkitPRO/devkitARM/bin/../lib/gcc/arm-none-eabi/4.7.1/../../../../arm-none-eabi/lib/thumb/libg.a(lib_a-strncmp.o)
 .comment       0x0000000000000000       0x23 /opt/devkitPRO/devkitARM/bin/../lib/gcc/arm-none-eabi/4.7.1/../../../../arm-none-eabi/lib/thumb/libg.a(lib_a-strncpy.o)
 .comment       0x0000000000000000       0x23 /opt/devkitPRO/devkitARM/bin/../lib/gcc/arm-none-eabi/4.7.1/../../../../arm-none-eabi/lib/thumb/libg.a(lib_a-strtoll_r.o)
 .comment       0x0000000000000000       0x23 /opt/devkitPRO/devkitARM/bin/../lib/gcc/arm-none-eabi/4.7.1/../../../../arm-none-eabi/lib/thumb/libg.a(lib_a-strtol.o)
 .comment       0x0000000000000000       0x23 /opt/devkitPRO/devkitARM/bin/../lib/gcc/arm-none-eabi/4.7.1/../../../../arm-none-eabi/lib/thumb/libg.a(lib_a-strtoull_r.o)
 .comment       0x0000000000000000       0x23 /opt/devkitPRO/devkitARM/bin/../lib/gcc/arm-none-eabi/4.7.1/../../../../arm-none-eabi/lib/thumb/libg.a(lib_a-strtoul.o)
 .comment       0x0000000000000000       0x23 /opt/devkitPRO/devkitARM/bin/../lib/gcc/arm-none-eabi/4.7.1/../../../../arm-none-eabi/lib/thumb/libg.a(lib_a-wbuf.o)
 .comment       0x0000000000000000       0x23 /opt/devkitPRO/devkitARM/bin/../lib/gcc/arm-none-eabi/4.7.1/../../../../arm-none-eabi/lib/thumb/libg.a(lib_a-wcsnrtombs.o)
 .comment       0x0000000000000000       0x23 /opt/devkitPRO/devkitARM/bin/../lib/gcc/arm-none-eabi/4.7.1/../../../../arm-none-eabi/lib/thumb/libg.a(lib_a-fclose.o)
 .comment       0x0000000000000000       0x23 /opt/devkitPRO/devkitARM/bin/../lib/gcc/arm-none-eabi/4.7.1/../../../../arm-none-eabi/lib/thumb/libg.a(lib_a-getenv_r.o)
 .comment       0x0000000000000000       0x23 /opt/devkitPRO/devkitARM/bin/../lib/gcc/arm-none-eabi/4.7.1/../../../../arm-none-eabi/lib/thumb/libg.a(lib_a-environ.o)
 .comment       0x0000000000000000       0x23 /opt/devkitPRO/devkitARM/bin/../lib/gcc/arm-none-eabi/4.7.1/../../../../arm-none-eabi/lib/thumb/libg.a(lib_a-envlock.o)
 .comment       0x0000000000000000       0x23 /opt/devkitPRO/devkitARM/bin/../lib/gcc/arm-none-eabi/4.7.1/../../../../arm-none-eabi/lib/thumb/libsysbase.a(iosupport.o)
 .comment       0x0000000000000000       0x23 /opt/devkitPRO/devkitARM/bin/../lib/gcc/arm-none-eabi/4.7.1/../../../../arm-none-eabi/lib/thumb/libsysbase.a(close.o)
 .comment       0x0000000000000000       0x23 /opt/devkitPRO/devkitARM/bin/../lib/gcc/arm-none-eabi/4.7.1/../../../../arm-none-eabi/lib/thumb/libsysbase.a(fstat.o)
 .comment       0x0000000000000000       0x23 /opt/devkitPRO/devkitARM/bin/../lib/gcc/arm-none-eabi/4.7.1/../../../../arm-none-eabi/lib/thumb/libsysbase.a(isatty.o)
 .comment       0x0000000000000000       0x23 /opt/devkitPRO/devkitARM/bin/../lib/gcc/arm-none-eabi/4.7.1/../../../../arm-none-eabi/lib/thumb/libsysbase.a(lseek.o)
 .comment       0x0000000000000000       0x23 /opt/devkitPRO/devkitARM/bin/../lib/gcc/arm-none-eabi/4.7.1/../../../../arm-none-eabi/lib/thumb/libsysbase.a(read.o)
 .comment       0x0000000000000000       0x23 /opt/devkitPRO/devkitARM/bin/../lib/gcc/arm-none-eabi/4.7.1/../../../../arm-none-eabi/lib/thumb/libsysbase.a(sbrk.o)
 .comment       0x0000000000000000       0x23 /opt/devkitPRO/devkitARM/bin/../lib/gcc/arm-none-eabi/4.7.1/../../../../arm-none-eabi/lib/thumb/libsysbase.a(times.o)
 .comment       0x0000000000000000       0x23 /opt/devkitPRO/devkitARM/bin/../lib/gcc/arm-none-eabi/4.7.1/../../../../arm-none-eabi/lib/thumb/libsysbase.a(write.o)
 .comment       0x0000000000000000       0x23 /opt/devkitPRO/devkitARM/bin/../lib/gcc/arm-none-eabi/4.7.1/../../../../arm-none-eabi/lib/thumb/libsysbase.a(malloc_vars.o)
 .comment       0x0000000000000000       0x23 /opt/devkitPRO/devkitARM/bin/../lib/gcc/arm-none-eabi/4.7.1/../../../../arm-none-eabi/lib/thumb/libsysbase.a(build_argv.o)
 .comment       0x0000000000000000       0x23 /opt/devkitPRO/devkitARM/bin/../lib/gcc/arm-none-eabi/4.7.1/../../../../arm-none-eabi/lib/thumb/libsysbase.a(syscall_support.o)
 .comment       0x0000000000000000       0x23 /opt/devkitPRO/devkitARM/bin/../lib/gcc/arm-none-eabi/4.7.1/../../../../arm-none-eabi/lib/thumb/libsysbase.a(handle_manager.o)
 .comment       0x0000000000000000       0x23 /opt/devkitPRO/devkitARM/bin/../lib/gcc/arm-none-eabi/4.7.1/thumb/libgcc.a(_muldi3.o)
 .comment       0x0000000000000000       0x23 /opt/devkitPRO/devkitARM/bin/../lib/gcc/arm-none-eabi/4.7.1/thumb/libgcc.a(bpabi.o)
 .comment       0x0000000000000000       0x23 /opt/devkitPRO/devkitARM/bin/../lib/gcc/arm-none-eabi/4.7.1/thumb/libgcc.a(_divdi3.o)
 .comment       0x0000000000000000       0x23 /opt/devkitPRO/devkitARM/bin/../lib/gcc/arm-none-eabi/4.7.1/thumb/libgcc.a(_udivdi3.o)
 .comment       0x0000000000000000       0x23 /opt/devkitPRO/devkitARM/bin/../lib/gcc/arm-none-eabi/4.7.1/../../../../arm-none-eabi/lib/thumb/libg.a(lib_a-errno.o)
 .comment       0x0000000000000000       0x23 /opt/devkitPRO/devkitARM/bin/../lib/gcc/arm-none-eabi/4.7.1/thumb/crtend.o

.ARM.attributes
                0x0000000000000000       0x2f
 .ARM.attributes
                0x0000000000000000       0x23 /opt/devkitPRO/devkitARM/bin/../lib/gcc/arm-none-eabi/4.7.1/../../../../arm-none-eabi/lib/thumb/ds_arm9_crt0.o
 .ARM.attributes
                0x0000000000000023       0x18 /opt/devkitPRO/devkitARM/bin/../lib/gcc/arm-none-eabi/4.7.1/thumb/crti.o