Archive member included because of file (symbol)

/opt/devkitPRO/libnds/lib/libnds9.a(console.o)
                              main.o (consoleDemoInit)
/opt/devkitPRO/libnds/lib/libnds9.a(initSystem.o)
                              /opt/devkitPRO/devkitARM/bin/../lib/gcc/arm-none-eabi/4.7.1/../../../../arm-none-eabi/lib/thumb/ds_arm9_crt0.o (initSystem)
/opt/devkitPRO/libnds/lib/libnds9.a(fifosystem.o)
                              /opt/devkitPRO/libnds/lib/libnds9.a(initSystem.o) (fifoSendValue32)
/opt/devkitPRO/libnds/lib/libnds9.a(interrupts.o)
                              /opt/devkitPRO/libnds/lib/libnds9.a(fifosystem.o) (irqSet)
/opt/devkitPRO/libnds/lib/libnds9.a(libnds_exit.arm.o)
                              /opt/devkitPRO/devkitARM/bin/../lib/gcc/arm-none-eabi/4.7.1/../../../../arm-none-eabi/lib/thumb/ds_arm9_crt0.o (__libnds_exit)
/opt/devkitPRO/libnds/lib/libnds9.a(mpu_setup.o)
                              /opt/devkitPRO/devkitARM/bin/../lib/gcc/arm-none-eabi/4.7.1/../../../../arm-none-eabi/lib/thumb/ds_arm9_crt0.o (__libnds_mpu_setup)
/opt/devkitPRO/libnds/lib/libnds9.a(biosCalls.o)
                              /opt/devkitPRO/libnds/lib/libnds9.a(fifosystem.o) (swiIntrWait)
/opt/devkitPRO/libnds/lib/libnds9.a(debugprint.o)
                              /opt/devkitPRO/libnds/lib/libnds9.a(console.o) (nocashWrite)
/opt/devkitPRO/libnds/lib/libnds9.a(interruptDispatcher.o)
                              /opt/devkitPRO/libnds/lib/libnds9.a(interrupts.o) (IntrMain)
/opt/devkitPRO/libnds/lib/libnds9.a(swiSoftReset.o)
                              /opt/devkitPRO/libnds/lib/libnds9.a(fifosystem.o) (swiSoftReset)
/opt/devkitPRO/libnds/lib/libnds9.a(default_font.bin.o)
                              /opt/devkitPRO/libnds/lib/libnds9.a(console.o) (default_font_bin)
/opt/devkitPRO/libnds/lib/libnds9.a(background.o)
                              /opt/devkitPRO/libnds/lib/libnds9.a(console.o) (bgState)
/opt/devkitPRO/libnds/lib/libnds9.a(system.o)
                              /opt/devkitPRO/libnds/lib/libnds9.a(initSystem.o) (systemMsgHandler)
/opt/devkitPRO/libnds/lib/libnds9.a(trig.o)
                              /opt/devkitPRO/libnds/lib/libnds9.a(background.o) (sinLerp)
/opt/devkitPRO/libnds/lib/libnds9.a(video.o)
                              /opt/devkitPRO/libnds/lib/libnds9.a(initSystem.o) (vramDefault)
/media/wind/Dropbox/studia/informatyka/magisterka/code/phase01/sandbox/lib/liblibs.a(basic_lib.o)
                              test.o (print_int)
/opt/devkitPRO/devkitARM/bin/../lib/gcc/arm-none-eabi/4.7.1/thumb/libgcc.a(_divsi3.o)
                              /opt/devkitPRO/libnds/lib/libnds9.a(console.o) (__aeabi_idivmod)
/opt/devkitPRO/devkitARM/bin/../lib/gcc/arm-none-eabi/4.7.1/thumb/libgcc.a(_dvmd_tls.o)
                              /opt/devkitPRO/devkitARM/bin/../lib/gcc/arm-none-eabi/4.7.1/thumb/libgcc.a(_divsi3.o) (__aeabi_idiv0)
/opt/devkitPRO/devkitARM/bin/../lib/gcc/arm-none-eabi/4.7.1/../../../../arm-none-eabi/lib/thumb/libg.a(lib_a-bsearch.o)
                              /opt/devkitPRO/libnds/lib/libnds9.a(trig.o) (bsearch)
/opt/devkitPRO/devkitARM/bin/../lib/gcc/arm-none-eabi/4.7.1/../../../../arm-none-eabi/lib/thumb/libg.a(lib_a-impure.o)
                              /opt/devkitPRO/libnds/lib/libnds9.a(console.o) (_impure_ptr)
/opt/devkitPRO/devkitARM/bin/../lib/gcc/arm-none-eabi/4.7.1/../../../../arm-none-eabi/lib/thumb/libg.a(lib_a-init.o)
                              /opt/devkitPRO/devkitARM/bin/../lib/gcc/arm-none-eabi/4.7.1/../../../../arm-none-eabi/lib/thumb/ds_arm9_crt0.o (__libc_init_array)
/opt/devkitPRO/devkitARM/bin/../lib/gcc/arm-none-eabi/4.7.1/../../../../arm-none-eabi/lib/thumb/libg.a(lib_a-iprintf.o)
                              main.o (iprintf)
/opt/devkitPRO/devkitARM/bin/../lib/gcc/arm-none-eabi/4.7.1/../../../../arm-none-eabi/lib/thumb/libg.a(lib_a-malloc.o)
                              main.o (malloc)
/opt/devkitPRO/devkitARM/bin/../lib/gcc/arm-none-eabi/4.7.1/../../../../arm-none-eabi/lib/thumb/libg.a(lib_a-mallocr.o)
                              /opt/devkitPRO/devkitARM/bin/../lib/gcc/arm-none-eabi/4.7.1/../../../../arm-none-eabi/lib/thumb/libg.a(lib_a-malloc.o) (_malloc_r)
/opt/devkitPRO/devkitARM/bin/../lib/gcc/arm-none-eabi/4.7.1/../../../../arm-none-eabi/lib/thumb/libg.a(lib_a-memcpy-stub.o)
                              /opt/devkitPRO/libnds/lib/libnds9.a(console.o) (memcpy)
/opt/devkitPRO/devkitARM/bin/../lib/gcc/arm-none-eabi/4.7.1/../../../../arm-none-eabi/lib/thumb/libg.a(lib_a-mlock.o)
                              /opt/devkitPRO/devkitARM/bin/../lib/gcc/arm-none-eabi/4.7.1/../../../../arm-none-eabi/lib/thumb/libg.a(lib_a-mallocr.o) (__malloc_lock)
/opt/devkitPRO/devkitARM/bin/../lib/gcc/arm-none-eabi/4.7.1/../../../../arm-none-eabi/lib/thumb/libg.a(lib_a-setvbuf.o)
                              /opt/devkitPRO/libnds/lib/libnds9.a(console.o) (setvbuf)
[...]
Memory Configuration

Name             Origin             Length             Attributes
rom              0x0000000008000000 0x0000000002000000
ewram            0x0000000002000000 0x00000000003ff000
dtcm             0x000000000b000000 0x0000000000004000
vectors          0x0000000001000000 0x0000000000000100
itcm             0x0000000001000100 0x0000000000007f00
*default*        0x0000000000000000 0xffffffffffffffff

Linker script and memory map

                0x0000000001000000                __vectors_start = ORIGIN (vectors)
                0x0000000001000100                __itcm_start = ORIGIN (itcm)
                0x00000000023ff000                __ewram_end = (ORIGIN (ewram) + 0x3ff000)
                0x00000000023ff000                __eheap_end = (ORIGIN (ewram) + 0x3ff000)
                0x000000000b000000                __dtcm_start = ORIGIN (dtcm)
                0x000000000b004000                __dtcm_top = (ORIGIN (dtcm) + 0x4000)
                0x000000000b003ff8                __irq_flags = (__dtcm_top - 0x8)
                0x000000000b003ffc                __irq_vector = (__dtcm_top - 0x4)
                0x000000000b003f00                __sp_svc = (__dtcm_top - 0x100)
                0x000000000b003e00                __sp_irq = (__sp_svc - 0x100)
                0x000000000b003d00                __sp_usr = (__sp_irq - 0x100)

.init           0x0000000002000000      0x23c
                0x0000000002000000                __text_start = .
 *(.init)
 .init          0x0000000002000000      0x230 /opt/devkitPRO/devkitARM/bin/../lib/gcc/arm-none-eabi/4.7.1/../../../../arm-none-eabi/lib/thumb/ds_arm9_crt0.o
                0x0000000002000000                _start
 .init          0x0000000002000230        0x4 /opt/devkitPRO/devkitARM/bin/../lib/gcc/arm-none-eabi/4.7.1/thumb/crti.o
                0x0000000002000230                _init
 .init          0x0000000002000234        0x8 /opt/devkitPRO/devkitARM/bin/../lib/gcc/arm-none-eabi/4.7.1/thumb/crtn.o
                0x000000000200023c                . = ALIGN (0x4)

.plt
 *(.plt)

.text           0x0000000002000240     0xc238
 *(EXCLUDE_FILE(*.itcm*) .text)
 .text          0x0000000002000240        0x0 /opt/devkitPRO/devkitARM/bin/../lib/gcc/arm-none-eabi/4.7.1/../../../../arm-none-eabi/lib/thumb/ds_arm9_crt0.o
 .text          0x0000000002000240        0x0 /opt/devkitPRO/devkitARM/bin/../lib/gcc/arm-none-eabi/4.7.1/thumb/crti.o
 .text          0x0000000002000240       0xd0 /opt/devkitPRO/devkitARM/bin/../lib/gcc/arm-none-eabi/4.7.1/thumb/crtbegin.o
 .text          0x0000000002000310        0x0 main.o
 .text          0x0000000002000310     0x3030 test.o
                0x0000000002000338                scheme_entry
 .text          0x0000000002003340      0xa4c /opt/devkitPRO/libnds/lib/libnds9.a(console.o)
                0x00000000020033e0                nocash_write
                0x00000000020033f0                consoleGetDefault
                0x00000000020033fc                consoleSelect
                0x000000000200340c                consoleDebugInit
                0x000000000200345c                consolePrintChar
                0x0000000002003628                consoleLoadFont
                0x00000000020038b0                consoleSetFont
                0x00000000020038d0                consoleInit
                0x0000000002003a38                consoleDemoInit
                0x0000000002003a7c                con_write
                0x0000000002003d58                consoleClear
                0x0000000002003d68                consoleSetWindow
 .text          0x0000000002003d8c      0x140 /opt/devkitPRO/libnds/lib/libnds9.a(initSystem.o)
                0x0000000002003d8c                initSystem
 .text          0x0000000002003ecc      0xc58 /opt/devkitPRO/libnds/lib/libnds9.a(fifosystem.o)
                0x0000000002004120                fifoSendAddress
                0x000000000200414c                fifoSendValue32
                0x000000000200418c                fifoSendDatamsg
                0x00000000020041fc                fifoGetAddress
                0x0000000002004274                fifoSetAddressHandler
                0x00000000020042e8                fifoGetValue32
                0x000000000200435c                fifoSetValue32Handler
                0x00000000020043d0                fifoGetDatamsg
                0x0000000002004854                fifoSetDatamsgHandler
                0x00000000020048ec                fifoCheckAddress
                0x0000000002004910                fifoCheckDatamsg
                0x0000000002004934                fifoCheckValue32
                0x0000000002004958                fifoInit
 .text          0x0000000002004b24      0x1ec /opt/devkitPRO/libnds/lib/libnds9.a(interrupts.o)
                0x0000000002004b24                irqDummy
                0x0000000002004b28                irqSet
                0x0000000002004b94                irqInit
                0x0000000002004be0                irqInitHandler
                0x0000000002004c10                irqEnable
                0x0000000002004c74                irqDisable
                0x0000000002004cd8                irqClear
 .text          0x0000000002004d10       0x58 /opt/devkitPRO/libnds/lib/libnds9.a(libnds_exit.arm.o)
                0x0000000002004d10                systemErrorExit
                0x0000000002004d14                __libnds_exit
 .text          0x0000000002004d68      0x1b4 /opt/devkitPRO/libnds/lib/libnds9.a(mpu_setup.o)
                0x0000000002004d68                __libnds_mpu_setup
                0x0000000002004ea8                memCached
                0x0000000002004ec0                memUncached
 *fill*         0x0000000002004f1c        0x4 ff
 .text          0x0000000002004f20       0x70 /opt/devkitPRO/libnds/lib/libnds9.a(biosCalls.o)
                0x0000000002004f20                swiDelay
                0x0000000002004f24                swiIntrWait
                0x0000000002004f28                swiWaitForVBlank
                0x0000000002004f2c                swiSleep
                0x0000000002004f30                swiChangeSoundBias
                0x0000000002004f34                swiDivide
                0x0000000002004f38                swiRemainder
                0x0000000002004f3e                swiDivMod
                0x0000000002004f4a                swiCopy
                0x0000000002004f4e                swiFastCopy
                0x0000000002004f52                swiSqrt
                0x0000000002004f56                swiCRC16
                0x0000000002004f5a                swiIsDebugger
                0x0000000002004f5e                swiUnpackBits
                0x0000000002004f62                swiDecompressLZSSWram
                0x0000000002004f66                swiDecompressLZSSVramNTR
                0x0000000002004f6a                swiDecompressLZSSVramTWL
                0x0000000002004f6e                swiDecompressHuffman
                0x0000000002004f72                swiDecompressRLEWram
                0x0000000002004f76                swiDecompressRLEVram
                0x0000000002004f7a                swiWaitForIRQ
                0x0000000002004f7e                swiDecodeDelta8
                0x0000000002004f82                swiDecodeDelta16
                0x0000000002004f86                swiSetHaltCR
 .text          0x0000000002004f90       0xa4 /opt/devkitPRO/libnds/lib/libnds9.a(debugprint.o)
                0x0000000002004f90                nocashWrite
                0x0000000002004f92                nocashMessage
 .text          0x0000000002005034        0x0 /opt/devkitPRO/libnds/lib/libnds9.a(interruptDispatcher.o)
 *fill*         0x0000000002005034        0xc ff
 .text          0x0000000002005040       0x30 /opt/devkitPRO/libnds/lib/libnds9.a(swiSoftReset.o)
                0x0000000002005040                swiSoftReset
 .text          0x0000000002005070        0x0 /opt/devkitPRO/libnds/lib/libnds9.a(default_font.bin.o)
 .text          0x0000000002005070      0x2e8 /opt/devkitPRO/libnds/lib/libnds9.a(background.o)
                0x0000000002005070                bgIsText
                0x000000000200507c                checkIfText
                0x00000000020050d4                bgUpdate
                0x00000000020051c8                bgInit_call
                0x000000000200528c                bgInitSub_call
 .text          0x0000000002005358      0x128 /opt/devkitPRO/libnds/lib/libnds9.a(system.o)
                0x0000000002005358                setSDcallback
                0x0000000002005364                systemMsgHandler
                0x00000000020053a8                systemSleep
                0x00000000020053c0                systemValueHandler
                0x00000000020053fc                powerOn
                0x0000000002005428                powerOff
                0x0000000002005450                ledBlink
                0x0000000002005460                getBatteryLevel
 .text          0x0000000002005480      0x244 /opt/devkitPRO/libnds/lib/libnds9.a(trig.o)
                0x0000000002005480                asinComp
                0x00000000020054a8                sinLutLookup
                0x00000000020054e4                sinLerp
                0x000000000200551c                cosLerp
                0x0000000002005530                tanLutLookup
                0x0000000002005568                tanLerp
                0x000000000200560c                asinLerp
                0x0000000002005688                acosLerp
                0x000000000200569c                atanComp
 .text          0x00000000020056c4      0x1f8 /opt/devkitPRO/libnds/lib/libnds9.a(video.o)
                0x00000000020056c4                vramSetPrimaryBanks
                0x0000000002005708                vramSetMainBanks
                0x000000000200574c                vramSetBanks_EFG
                0x0000000002005784                vramRestorePrimaryBanks
                0x0000000002005790                vramRestoreMainBanks
                0x000000000200579c                vramRestoreBanks_EFG
                0x00000000020057a8                setBrightness
                0x00000000020057e8                vramDefault
 .text          0x00000000020058bc       0x30 /media/wind/Dropbox/studia/informatyka/magisterka/code/phase01/sandbox/lib/liblibs.a(basic_lib.o)
                0x00000000020058bc                print_int
                0x00000000020058cc                print_bool
 .text          0x00000000020058ec      0x150 /opt/devkitPRO/devkitARM/bin/../lib/gcc/arm-none-eabi/4.7.1/thumb/libgcc.a(_divsi3.o)
                0x00000000020058ec                __aeabi_idiv
                0x00000000020058ec                __divsi3
                0x0000000002005a1c                __aeabi_idivmod
 .text          0x0000000002005a3c        0x4 /opt/devkitPRO/devkitARM/bin/../lib/gcc/arm-none-eabi/4.7.1/thumb/libgcc.a(_dvmd_tls.o)
                0x0000000002005a3c                __aeabi_ldiv0
                0x0000000002005a3c                __aeabi_idiv0
 .text          0x0000000002005a40       0x64 /opt/devkitPRO/devkitARM/bin/../lib/gcc/arm-none-eabi/4.7.1/../../../../arm-none-eabi/lib/thumb/libg.a(lib_a-bsearch.o)
                0x0000000002005a40                bsearch
 .text          0x0000000002005aa4        0x0 /opt/devkitPRO/devkitARM/bin/../lib/gcc/arm-none-eabi/4.7.1/../../../../arm-none-eabi/lib/thumb/libg.a(lib_a-impure.o)
 .text          0x0000000002005aa4       0x54 /opt/devkitPRO/devkitARM/bin/../lib/gcc/arm-none-eabi/4.7.1/../../../../arm-none-eabi/lib/thumb/libg.a(lib_a-init.o)
                0x0000000002005aa4                __libc_init_array
 .text          0x0000000002005af8       0x40 /opt/devkitPRO/devkitARM/bin/../lib/gcc/arm-none-eabi/4.7.1/../../../../arm-none-eabi/lib/thumb/libg.a(lib_a-iprintf.o)
                0x0000000002005af8                iprintf
                0x0000000002005b1c                _iprintf_r
 .text          0x0000000002005b38       0x30 /opt/devkitPRO/devkitARM/bin/../lib/gcc/arm-none-eabi/4.7.1/../../../../arm-none-eabi/lib/thumb/libg.a(lib_a-malloc.o)
                0x0000000002005b38                malloc
                0x0000000002005b50                free
 .text          0x0000000002005b68      0x51c /opt/devkitPRO/devkitARM/bin/../lib/gcc/arm-none-eabi/4.7.1/../../../../arm-none-eabi/lib/thumb/libg.a(lib_a-mallocr.o)
                0x0000000002005b68                _malloc_r
 .text          0x0000000002006084       0x90 /opt/devkitPRO/devkitARM/bin/../lib/gcc/arm-none-eabi/4.7.1/../../../../arm-none-eabi/lib/thumb/libg.a(lib_a-memcpy-stub.o)
                0x0000000002006084                memcpy
 .text          0x0000000002006114        0x8 /opt/devkitPRO/devkitARM/bin/../lib/gcc/arm-none-eabi/4.7.1/../../../../arm-none-eabi/lib/thumb/libg.a(lib_a-mlock.o)
                0x0000000002006114                __malloc_lock
                0x0000000002006118                __malloc_unlock
 .text          0x000000000200611c      0x120 /opt/devkitPRO/devkitARM/bin/../lib/gcc/arm-none-eabi/4.7.1/../../../../arm-none-eabi/lib/thumb/libg.a(lib_a-setvbuf.o)
                0x000000000200611c                setvbuf
 .text          0x000000000200623c       0xa0 /opt/devkitPRO/devkitARM/bin/../lib/gcc/arm-none-eabi/4.7.1/../../../../arm-none-eabi/lib/thumb/libg.a(lib_a-siscanf.o)
                0x000000000200623c                siscanf
                0x000000000200628c                _siscanf_r
 .text          0x00000000020062dc       0xac /opt/devkitPRO/devkitARM/bin/../lib/gcc/arm-none-eabi/4.7.1/../../../../arm-none-eabi/lib/thumb/libg.a(lib_a-stdio.o)
                0x00000000020062dc                __sread
                0x0000000002006308                __seofread
                0x000000000200630c                __swrite
                0x0000000002006348                __sseek
                0x0000000002006378                __sclose
 .text          0x0000000002006388       0x10 /opt/devkitPRO/devkitARM/bin/../lib/gcc/arm-none-eabi/4.7.1/../../../../arm-none-eabi/lib/thumb/libg.a(lib_a-strlen.o)
                0x0000000002006388                strlen
 .text          0x0000000002006398      0xa98 /opt/devkitPRO/devkitARM/bin/../lib/gcc/arm-none-eabi/4.7.1/../../../../arm-none-eabi/lib/thumb/libg.a(lib_a-svfiscanf.o)
                0x0000000002006398                _sungetc_r
                0x0000000002006420                __ssrefill_r
                0x0000000002006464                _sfread_r
                0x00000000020064f0                __ssvfiscanf_r
 .text          0x0000000002006e30      0x188 /opt/devkitPRO/devkitARM/bin/../lib/gcc/arm-none-eabi/4.7.1/../../../../arm-none-eabi/lib/thumb/libg.a(lib_a-ungetc.o)
                0x0000000002006e30                __submore
                0x0000000002006eb8                _ungetc_r
                0x0000000002006f9c                ungetc
 .text          0x0000000002006fb8      0xed4 /opt/devkitPRO/devkitARM/bin/../lib/gcc/arm-none-eabi/4.7.1/../../../../arm-none-eabi/lib/thumb/libg.a(lib_a-vfiprintf.o)
                0x0000000002006fb8                __sprint_r
                0x000000000200703c                _vfiprintf_r
                0x0000000002007e68                vfiprintf
 .text          0x0000000002007e8c       0xe8 /opt/devkitPRO/devkitARM/bin/../lib/gcc/arm-none-eabi/4.7.1/../../../../arm-none-eabi/lib/thumb/libg.a(lib_a-wcrtomb.o)
                0x0000000002007e8c                _wcrtomb_r
                0x0000000002007ef4                wcrtomb
 .text          0x0000000002007f74       0x40 /opt/devkitPRO/devkitARM/bin/../lib/gcc/arm-none-eabi/4.7.1/../../../../arm-none-eabi/lib/thumb/libg.a(lib_a-wcsrtombs.o)
                0x0000000002007f74                _wcsrtombs_r
                0x0000000002007f8c                wcsrtombs
 .text          0x0000000002007fb4      0x2a4 /opt/devkitPRO/devkitARM/bin/../lib/gcc/arm-none-eabi/4.7.1/../../../../arm-none-eabi/lib/thumb/libg.a(lib_a-wctomb_r.o)
                0x0000000002007fb4                __utf8_wctomb
                0x0000000002008068                _wctomb_r
                0x00000000020080a0                __ascii_wctomb
                0x00000000020080c0                __sjis_wctomb
                0x000000000200813c                __eucjp_wctomb
                0x00000000020081d8                __jis_wctomb
 .text          0x0000000002008258       0xd0 /opt/devkitPRO/devkitARM/bin/../lib/gcc/arm-none-eabi/4.7.1/../../../../arm-none-eabi/lib/thumb/libg.a(lib_a-wsetup.o)
                0x0000000002008258                __swsetup_r
 .text          0x0000000002008328       0x10 /opt/devkitPRO/devkitARM/bin/../lib/gcc/arm-none-eabi/4.7.1/../../../../arm-none-eabi/lib/thumb/libg.a(lib_a-ctype_.o)
                0x0000000002008328                __set_ctype
 .text          0x0000000002008338      0x1b8 /opt/devkitPRO/devkitARM/bin/../lib/gcc/arm-none-eabi/4.7.1/../../../../arm-none-eabi/lib/thumb/libg.a(lib_a-fflush.o)
                0x0000000002008338                __sflush_r
                0x0000000002008490                _fflush_r
                0x00000000020084c0                fflush
 .text          0x00000000020084f0      0x1d8 /opt/devkitPRO/devkitARM/bin/../lib/gcc/arm-none-eabi/4.7.1/../../../../arm-none-eabi/lib/thumb/libg.a(lib_a-findfp.o)
                0x00000000020084f8                _cleanup_r
                0x0000000002008558                __sfmoreglue
                0x0000000002008588                _cleanup
                0x000000000200859c                __sinit
                0x00000000020085f0                __sfp
                0x0000000002008680                __sfp_lock_acquire
                0x0000000002008684                __sfp_lock_release
                0x0000000002008688                __sinit_lock_acquire
                0x000000000200868c                __sinit_lock_release
                0x0000000002008690                __fp_lock_all
                0x00000000020086ac                __fp_unlock_all
 .text          0x00000000020086c8      0x104 /opt/devkitPRO/devkitARM/bin/../lib/gcc/arm-none-eabi/4.7.1/../../../../arm-none-eabi/lib/thumb/libg.a(lib_a-fputwc.o)
                0x00000000020086c8                _fputwc_r
                0x00000000020087a0                fputwc
 .text          0x00000000020087cc      0x238 /opt/devkitPRO/devkitARM/bin/../lib/gcc/arm-none-eabi/4.7.1/../../../../arm-none-eabi/lib/thumb/libg.a(lib_a-freer.o)
                0x00000000020087cc                _malloc_trim_r
                0x0000000002008870                _free_r
 .text          0x0000000002008a04      0x2fc /opt/devkitPRO/devkitARM/bin/../lib/gcc/arm-none-eabi/4.7.1/../../../../arm-none-eabi/lib/thumb/libg.a(lib_a-fvwrite.o)
                0x0000000002008a04                __sfvwrite_r
 .text          0x0000000002008d00       0xb4 /opt/devkitPRO/devkitARM/bin/../lib/gcc/arm-none-eabi/4.7.1/../../../../arm-none-eabi/lib/thumb/libg.a(lib_a-fwalk.o)
                0x0000000002008d00                _fwalk
                0x0000000002008d54                _fwalk_reent
 .text          0x0000000002008db4       0x78 /opt/devkitPRO/devkitARM/bin/../lib/gcc/arm-none-eabi/4.7.1/../../../../arm-none-eabi/lib/thumb/libg.a(lib_a-iswspace.o)
                0x0000000002008db4                iswspace
 .text          0x0000000002008e2c      0x1f0 /opt/devkitPRO/devkitARM/bin/../lib/gcc/arm-none-eabi/4.7.1/../../../../arm-none-eabi/lib/thumb/libg.a(lib_a-jp2uc.o)
                0x0000000002008fb8                _jp2uc
 .text          0x000000000200901c      0x950 /opt/devkitPRO/devkitARM/bin/../lib/gcc/arm-none-eabi/4.7.1/../../../../arm-none-eabi/lib/thumb/libg.a(lib_a-locale.o)
                0x0000000002009710                _setlocale_r
                0x000000000200990c                __locale_charset
                0x0000000002009914                __locale_mb_cur_max
                0x0000000002009920                __locale_msgcharset
                0x000000000200992c                __locale_cjk_lang
                0x0000000002009938                _localeconv_r
                0x0000000002009944                setlocale
                0x0000000002009960                localeconv
 .text          0x000000000200996c       0xe0 /opt/devkitPRO/devkitARM/bin/../lib/gcc/arm-none-eabi/4.7.1/../../../../arm-none-eabi/lib/thumb/libg.a(lib_a-makebuf.o)
                0x000000000200996c                __smakebuf_r
 .text          0x0000000002009a4c      0x104 /opt/devkitPRO/devkitARM/bin/../lib/gcc/arm-none-eabi/4.7.1/../../../../arm-none-eabi/lib/thumb/libg.a(lib_a-mbrtowc.o)
                0x0000000002009a4c                _mbrtowc_r
                0x0000000002009ac4                mbrtowc
 .text          0x0000000002009b50      0x584 /opt/devkitPRO/devkitARM/bin/../lib/gcc/arm-none-eabi/4.7.1/../../../../arm-none-eabi/lib/thumb/libg.a(lib_a-mbtowc_r.o)
                0x0000000002009b50                __utf8_mbtowc
                0x0000000002009db0                _mbtowc_r
                0x0000000002009dec                __ascii_mbtowc
                0x0000000002009e1c                __sjis_mbtowc
                0x0000000002009edc                __eucjp_mbtowc
                0x0000000002009fa4                __jis_mbtowc
 .text          0x000000000200a0d4       0x98 /opt/devkitPRO/devkitARM/bin/../lib/gcc/arm-none-eabi/4.7.1/../../../../arm-none-eabi/lib/thumb/libg.a(lib_a-memchr-stub.o)
                0x000000000200a0d4                memchr
 .text          0x000000000200a16c       0xb0 /opt/devkitPRO/devkitARM/bin/../lib/gcc/arm-none-eabi/4.7.1/../../../../arm-none-eabi/lib/thumb/libg.a(lib_a-memmove.o)
                0x000000000200a16c                memmove
 .text          0x000000000200a21c       0x98 /opt/devkitPRO/devkitARM/bin/../lib/gcc/arm-none-eabi/4.7.1/../../../../arm-none-eabi/lib/thumb/libg.a(lib_a-memset.o)
                0x000000000200a21c                memset
 .text          0x000000000200a2b4      0x3e8 /opt/devkitPRO/devkitARM/bin/../lib/gcc/arm-none-eabi/4.7.1/../../../../arm-none-eabi/lib/thumb/libg.a(lib_a-reallocr.o)
                0x000000000200a2b4                _realloc_r
 .text          0x000000000200a69c       0x7c /opt/devkitPRO/devkitARM/bin/../lib/gcc/arm-none-eabi/4.7.1/../../../../arm-none-eabi/lib/thumb/libg.a(lib_a-sccl.o)
                0x000000000200a69c                __sccl
 .text          0x000000000200a718       0x50 /opt/devkitPRO/devkitARM/bin/../lib/gcc/arm-none-eabi/4.7.1/../../../../arm-none-eabi/lib/thumb/libg.a(lib_a-strcasecmp.o)
                0x000000000200a718                strcasecmp
 .text          0x000000000200a768       0x50 /opt/devkitPRO/devkitARM/bin/../lib/gcc/arm-none-eabi/4.7.1/../../../../arm-none-eabi/lib/thumb/libg.a(lib_a-strcat.o)
                0x000000000200a768                strcat
 .text          0x000000000200a7b8       0xd4 /opt/devkitPRO/devkitARM/bin/../lib/gcc/arm-none-eabi/4.7.1/../../../../arm-none-eabi/lib/thumb/libg.a(lib_a-strchr.o)
                0x000000000200a7b8                strchr
 .text          0x000000000200a88c       0x14 /opt/devkitPRO/devkitARM/bin/../lib/gcc/arm-none-eabi/4.7.1/../../../../arm-none-eabi/lib/thumb/libg.a(lib_a-strcmp.o)
                0x000000000200a88c                strcmp
 .text          0x000000000200a8a0       0x10 /opt/devkitPRO/devkitARM/bin/../lib/gcc/arm-none-eabi/4.7.1/../../../../arm-none-eabi/lib/thumb/libg.a(lib_a-strcpy.o)
                0x000000000200a8a0                strcpy
 .text          0x000000000200a8b0       0x48 /opt/devkitPRO/devkitARM/bin/../lib/gcc/arm-none-eabi/4.7.1/../../../../arm-none-eabi/lib/thumb/libg.a(lib_a-strlcpy.o)
                0x000000000200a8b0                strlcpy
 .text          0x000000000200a8f8       0x60 /opt/devkitPRO/devkitARM/bin/../lib/gcc/arm-none-eabi/4.7.1/../../../../arm-none-eabi/lib/thumb/libg.a(lib_a-strncasecmp.o)
                0x000000000200a8f8                strncasecmp
 .text          0x000000000200a958       0xbc /opt/devkitPRO/devkitARM/bin/../lib/gcc/arm-none-eabi/4.7.1/../../../../arm-none-eabi/lib/thumb/libg.a(lib_a-strncmp.o)
                0x000000000200a958                strncmp
 .text          0x000000000200aa14       0x60 /opt/devkitPRO/devkitARM/bin/../lib/gcc/arm-none-eabi/4.7.1/../../../../arm-none-eabi/lib/thumb/libg.a(lib_a-strncpy.o)
                0x000000000200aa14                strncpy
 *fill*         0x000000000200aa74        0x4 ff
 .text          0x000000000200aa78      0x208 /opt/devkitPRO/devkitARM/bin/../lib/gcc/arm-none-eabi/4.7.1/../../../../arm-none-eabi/lib/thumb/libg.a(lib_a-strtoll_r.o)
                0x000000000200aa78                _strtoll_r
 .text          0x000000000200ac80      0x190 /opt/devkitPRO/devkitARM/bin/../lib/gcc/arm-none-eabi/4.7.1/../../../../arm-none-eabi/lib/thumb/libg.a(lib_a-strtol.o)
                0x000000000200ac80                _strtol_r
                0x000000000200adf0                strtol
 .text          0x000000000200ae10      0x238 /opt/devkitPRO/devkitARM/bin/../lib/gcc/arm-none-eabi/4.7.1/../../../../arm-none-eabi/lib/thumb/libg.a(lib_a-strtoull_r.o)
                0x000000000200ae10                _strtoull_r
 .text          0x000000000200b048      0x198 /opt/devkitPRO/devkitARM/bin/../lib/gcc/arm-none-eabi/4.7.1/../../../../arm-none-eabi/lib/thumb/libg.a(lib_a-strtoul.o)
                0x000000000200b048                _strtoul_r
                0x000000000200b1c0                strtoul
 .text          0x000000000200b1e0       0xd0 /opt/devkitPRO/devkitARM/bin/../lib/gcc/arm-none-eabi/4.7.1/../../../../arm-none-eabi/lib/thumb/libg.a(lib_a-wbuf.o)
                0x000000000200b1e0                __swbuf_r
                0x000000000200b294                __swbuf
 .text          0x000000000200b2b0      0x150 /opt/devkitPRO/devkitARM/bin/../lib/gcc/arm-none-eabi/4.7.1/../../../../arm-none-eabi/lib/thumb/libg.a(lib_a-wcsnrtombs.o)
                0x000000000200b2b0                _wcsnrtombs_r
                0x000000000200b3d0                wcsnrtombs
 .text          0x000000000200b400       0xb0 /opt/devkitPRO/devkitARM/bin/../lib/gcc/arm-none-eabi/4.7.1/../../../../arm-none-eabi/lib/thumb/libg.a(lib_a-fclose.o)
                0x000000000200b400                _fclose_r
                0x000000000200b494                fclose
 .text          0x000000000200b4b0       0xa8 /opt/devkitPRO/devkitARM/bin/../lib/gcc/arm-none-eabi/4.7.1/../../../../arm-none-eabi/lib/thumb/libg.a(lib_a-getenv_r.o)
                0x000000000200b4b0                _findenv_r
                0x000000000200b548                _getenv_r
 .text          0x000000000200b558        0x0 /opt/devkitPRO/devkitARM/bin/../lib/gcc/arm-none-eabi/4.7.1/../../../../arm-none-eabi/lib/thumb/libg.a(lib_a-environ.o)
 .text          0x000000000200b558        0x8 /opt/devkitPRO/devkitARM/bin/../lib/gcc/arm-none-eabi/4.7.1/../../../../arm-none-eabi/lib/thumb/libg.a(lib_a-envlock.o)
                0x000000000200b558                __env_lock
                0x000000000200b55c                __env_unlock
 .text          0x000000000200b560      0x144 /opt/devkitPRO/devkitARM/bin/../lib/gcc/arm-none-eabi/4.7.1/../../../../arm-none-eabi/lib/thumb/libsysbase.a(iosupport.o)
                0x000000000200b560                setDefaultDevice
                0x000000000200b574                FindDevice
                0x000000000200b5e4                RemoveDevice
                0x000000000200b608                AddDevice
                0x000000000200b684                GetDeviceOpTab
 .text          0x000000000200b6a4       0x50 /opt/devkitPRO/devkitARM/bin/../lib/gcc/arm-none-eabi/4.7.1/../../../../arm-none-eabi/lib/thumb/libsysbase.a(close.o)
                0x000000000200b6a4                _close_r
 .text          0x000000000200b6f4       0x50 /opt/devkitPRO/devkitARM/bin/../lib/gcc/arm-none-eabi/4.7.1/../../../../arm-none-eabi/lib/thumb/libsysbase.a(fstat.o)
                0x000000000200b6f4                _fstat_r
 .text          0x000000000200b744        0x4 /opt/devkitPRO/devkitARM/bin/../lib/gcc/arm-none-eabi/4.7.1/../../../../arm-none-eabi/lib/thumb/libsysbase.a(isatty.o)
                0x000000000200b744                _isatty_r
 .text          0x000000000200b748       0x50 /opt/devkitPRO/devkitARM/bin/../lib/gcc/arm-none-eabi/4.7.1/../../../../arm-none-eabi/lib/thumb/libsysbase.a(lseek.o)
                0x000000000200b748                _lseek_r
 .text          0x000000000200b798       0x50 /opt/devkitPRO/devkitARM/bin/../lib/gcc/arm-none-eabi/4.7.1/../../../../arm-none-eabi/lib/thumb/libsysbase.a(read.o)
                0x000000000200b798                _read_r
 .text          0x000000000200b7e8       0x54 /opt/devkitPRO/devkitARM/bin/../lib/gcc/arm-none-eabi/4.7.1/../../../../arm-none-eabi/lib/thumb/libsysbase.a(sbrk.o)
                0x000000000200b7e8                _sbrk_r
 .text          0x000000000200b83c       0x44 /opt/devkitPRO/devkitARM/bin/../lib/gcc/arm-none-eabi/4.7.1/../../../../arm-none-eabi/lib/thumb/libsysbase.a(times.o)
                0x000000000200b83c                _times
                0x000000000200b850                _times_r
                0x000000000200b858                _gettimeofday_r
 .text          0x000000000200b880       0x58 /opt/devkitPRO/devkitARM/bin/../lib/gcc/arm-none-eabi/4.7.1/../../../../arm-none-eabi/lib/thumb/libsysbase.a(write.o)
                0x000000000200b880                _write_r
 .text          0x000000000200b8d8        0x0 /opt/devkitPRO/devkitARM/bin/../lib/gcc/arm-none-eabi/4.7.1/../../../../arm-none-eabi/lib/thumb/libsysbase.a(malloc_vars.o)
 .text          0x000000000200b8d8       0x4c /opt/devkitPRO/devkitARM/bin/../lib/gcc/arm-none-eabi/4.7.1/../../../../arm-none-eabi/lib/thumb/libsysbase.a(build_argv.o)
                0x000000000200b8d8                build_argv
 .text          0x000000000200b924        0x0 /opt/devkitPRO/devkitARM/bin/../lib/gcc/arm-none-eabi/4.7.1/../../../../arm-none-eabi/lib/thumb/libsysbase.a(syscall_support.o)
 .text          0x000000000200b924       0x84 /opt/devkitPRO/devkitARM/bin/../lib/gcc/arm-none-eabi/4.7.1/../../../../arm-none-eabi/lib/thumb/libsysbase.a(handle_manager.o)
                0x000000000200b924                __release_handle
                0x000000000200b950                __alloc_handle
                0x000000000200b988                __get_handle
 .text          0x000000000200b9a8      0x11c /opt/devkitPRO/devkitARM/bin/../lib/gcc/arm-none-eabi/4.7.1/thumb/libgcc.a(_udivsi3.o)
                0x000000000200b9a8                __udivsi3
                0x000000000200b9a8                __aeabi_uidiv
                0x000000000200baa4                __aeabi_uidivmod
 .text          0x000000000200bac4       0x3c /opt/devkitPRO/devkitARM/bin/../lib/gcc/arm-none-eabi/4.7.1/thumb/libgcc.a(_aeabi_uldivmod.o)
                0x000000000200bac4                __aeabi_uldivmod
 .text          0x000000000200bb00       0x4c /opt/devkitPRO/devkitARM/bin/../lib/gcc/arm-none-eabi/4.7.1/thumb/libgcc.a(_muldi3.o)
                0x000000000200bb00                __aeabi_lmul
                0x000000000200bb00                __muldi3
 .text          0x000000000200bb4c       0x7c /opt/devkitPRO/devkitARM/bin/../lib/gcc/arm-none-eabi/4.7.1/thumb/libgcc.a(bpabi.o)
                0x000000000200bb4c                __gnu_ldivmod_helper
                0x000000000200bb8c                __gnu_uldivmod_helper
 .text          0x000000000200bbc8      0x3d4 /opt/devkitPRO/devkitARM/bin/../lib/gcc/arm-none-eabi/4.7.1/thumb/libgcc.a(_divdi3.o)
                0x000000000200bbc8                __divdi3
 .text          0x000000000200bf9c      0x3a0 /opt/devkitPRO/devkitARM/bin/../lib/gcc/arm-none-eabi/4.7.1/thumb/libgcc.a(_udivdi3.o)
                0x000000000200bf9c                __udivdi3
 .text          0x000000000200c33c       0x48 /opt/devkitPRO/devkitARM/bin/../lib/gcc/arm-none-eabi/4.7.1/thumb/libgcc.a(_clzsi2.o)
                0x000000000200c33c                __clzsi2
 .text          0x000000000200c384        0xc /opt/devkitPRO/devkitARM/bin/../lib/gcc/arm-none-eabi/4.7.1/../../../../arm-none-eabi/lib/thumb/libg.a(lib_a-errno.o)
                0x000000000200c384                __errno
 .text          0x000000000200c390        0x0 /opt/devkitPRO/devkitARM/bin/../lib/gcc/arm-none-eabi/4.7.1/thumb/crtend.o
 .text          0x000000000200c390        0x0 /opt/devkitPRO/devkitARM/bin/../lib/gcc/arm-none-eabi/4.7.1/thumb/crtn.o
 *(.text.*)
 .text.startup  0x000000000200c390       0x48 main.o
                0x000000000200c390                main
 .text.startup.stub
                0x000000000200c3d8       0x88 linker stubs
 *(.stub)
 *(.gnu.warning)
 *(.gnu.linkonce.t*)
 *(.glue_7)
 .glue_7        0x0000000000000000        0x0 linker stubs
 *(.glue_7t)
 .glue_7t       0x0000000000000000        0x0 linker stubs
                0x000000000200c460                . = ALIGN (0x4)

.vfp11_veneer   0x000000000200c478        0x0
 .vfp11_veneer  0x0000000000000000        0x0 linker stubs

.v4_bx          0x000000000200c478        0x0
 .v4_bx         0x0000000000000000        0x0 linker stubs

.iplt           0x000000000200c478        0x0
 .iplt          0x0000000000000000        0x0 /opt/devkitPRO/devkitARM/bin/../lib/gcc/arm-none-eabi/4.7.1/../../../../arm-none-eabi/lib/thumb/ds_arm9_crt0.o

.fini           0x000000000200c478        0xc
 *(.fini)
 .fini          0x000000000200c478        0x4 /opt/devkitPRO/devkitARM/bin/../lib/gcc/arm-none-eabi/4.7.1/thumb/crti.o
                0x000000000200c478                _fini
 .fini          0x000000000200c47c        0x8 /opt/devkitPRO/devkitARM/bin/../lib/gcc/arm-none-eabi/4.7.1/thumb/crtn.o
                0x000000000200c484                __text_end = .

.rodata         0x000000000200c484     0x6408
 *(.rodata)
 .rodata        0x000000000200c484      0x200 /opt/devkitPRO/libnds/lib/libnds9.a(console.o)
 .rodata        0x000000000200c684     0x2004 /opt/devkitPRO/libnds/lib/libnds9.a(default_font.bin.o)
                0x000000000200c684                default_font_bin
                0x000000000200e684                default_font_bin_end
                0x000000000200e684                default_font_bin_size
 .rodata        0x000000000200e688      0x308 /opt/devkitPRO/libnds/lib/libnds9.a(trig.o)
                0x000000000200e688                SIN_LUT
                0x000000000200e78c                TAN_LUT
 .rodata        0x000000000200e990        0x4 /opt/devkitPRO/devkitARM/bin/../lib/gcc/arm-none-eabi/4.7.1/../../../../arm-none-eabi/lib/thumb/libg.a(lib_a-impure.o)
                0x000000000200e990                _global_impure_ptr
 .rodata        0x000000000200e994      0x340 /opt/devkitPRO/devkitARM/bin/../lib/gcc/arm-none-eabi/4.7.1/../../../../arm-none-eabi/lib/thumb/libg.a(lib_a-svfiscanf.o)
 .rodata        0x000000000200ecd4      0x184 /opt/devkitPRO/devkitARM/bin/../lib/gcc/arm-none-eabi/4.7.1/../../../../arm-none-eabi/lib/thumb/libg.a(lib_a-vfiprintf.o)
 .rodata        0x000000000200ee58      0x104 /opt/devkitPRO/devkitARM/bin/../lib/gcc/arm-none-eabi/4.7.1/../../../../arm-none-eabi/lib/thumb/libg.a(lib_a-ctype_.o)
                0x000000000200ee58                _ctype_
 .rodata        0x000000000200ef5c     0x34f0 /opt/devkitPRO/devkitARM/bin/../lib/gcc/arm-none-eabi/4.7.1/../../../../arm-none-eabi/lib/thumb/libg.a(lib_a-jp2uc.o)
 .rodata        0x000000000201244c       0xf0 /opt/devkitPRO/devkitARM/bin/../lib/gcc/arm-none-eabi/4.7.1/../../../../arm-none-eabi/lib/thumb/libg.a(lib_a-locale.o)
 .rodata        0x000000000201253c       0xa8 /opt/devkitPRO/devkitARM/bin/../lib/gcc/arm-none-eabi/4.7.1/../../../../arm-none-eabi/lib/thumb/libg.a(lib_a-mbtowc_r.o)
 .rodata        0x00000000020125e4       0x64 /opt/devkitPRO/devkitARM/bin/../lib/gcc/arm-none-eabi/4.7.1/../../../../arm-none-eabi/lib/thumb/libsysbase.a(iosupport.o)
                0x00000000020125e4                dotab_stdnull
 *all.rodata*(*)
 *(.roda)
 *(.rodata.*)
 .rodata.str1.4
                0x0000000002012648       0x5a main.o
                                         0x5c (size before relaxing)
 *fill*         0x00000000020126a2        0x2 ff
 .rodata.str1.4
                0x00000000020126a4       0x49 /opt/devkitPRO/libnds/lib/libnds9.a(console.o)
                                         0x4c (size before relaxing)
 *fill*         0x00000000020126ed        0x3 ff
 .rodata.str1.4
                0x00000000020126f0       0x37 /media/wind/Dropbox/studia/informatyka/magisterka/code/phase01/sandbox/lib/liblibs.a(basic_lib.o)
                                         0x38 (size before relaxing)
 *fill*         0x0000000002012727        0x1 ff
 .rodata.str1.4
                0x0000000002012728        0x2 /opt/devkitPRO/devkitARM/bin/../lib/gcc/arm-none-eabi/4.7.1/../../../../arm-none-eabi/lib/thumb/libg.a(lib_a-impure.o)
                                          0x4 (size before relaxing)
 *fill*         0x000000000201272a        0x2 ff
 .rodata.str1.4
                0x000000000201272c       0x2f /opt/devkitPRO/devkitARM/bin/../lib/gcc/arm-none-eabi/4.7.1/../../../../arm-none-eabi/lib/thumb/libg.a(lib_a-vfiprintf.o)
                                         0x30 (size before relaxing)
 *fill*         0x000000000201275b        0x1 ff
 .rodata.str1.4
                0x000000000201275c       0x12 /opt/devkitPRO/devkitARM/bin/../lib/gcc/arm-none-eabi/4.7.1/../../../../arm-none-eabi/lib/thumb/libg.a(lib_a-jp2uc.o)
                                         0x14 (size before relaxing)
 *fill*         0x000000000201276e        0x2 ff
 .rodata.str1.4
                0x0000000002012770      0x112 /opt/devkitPRO/devkitARM/bin/../lib/gcc/arm-none-eabi/4.7.1/../../../../arm-none-eabi/lib/thumb/libg.a(lib_a-locale.o)
                                        0x130 (size before relaxing)
 .rodata.str1.4
                0x0000000000000000        0x4 /opt/devkitPRO/devkitARM/bin/../lib/gcc/arm-none-eabi/4.7.1/../../../../arm-none-eabi/lib/thumb/libg.a(lib_a-mbrtowc.o)
 *fill*         0x0000000002012882        0x2 ff
 .rodata.str1.4
                0x0000000002012884        0x8 /opt/devkitPRO/devkitARM/bin/../lib/gcc/arm-none-eabi/4.7.1/../../../../arm-none-eabi/lib/thumb/libsysbase.a(iosupport.o)
 *(.gnu.linkonce.r*)
                0x000000000201288c                . = ALIGN (0x4)

.rel.dyn        0x000000000201288c        0x0
 .rel.iplt      0x0000000000000000        0x0 /opt/devkitPRO/devkitARM/bin/../lib/gcc/arm-none-eabi/4.7.1/../../../../arm-none-eabi/lib/thumb/ds_arm9_crt0.o

.ARM.extab
 *(.ARM.extab* .gnu.linkonce.armextab.*)
                0x000000000201288c                __exidx_start = .

ARM.exidx
 *(.ARM.exidx* .gnu.linkonce.armexidx.*)
                0x000000000201288c                __exidx_end = .
                0x000000000201288c                . = ALIGN (0x4)
                0x000000000201288c                PROVIDE (__preinit_array_start, .)

.preinit_array
 *(.preinit_array)
                0x000000000201288c                PROVIDE (__preinit_array_end, .)
                0x000000000201288c                PROVIDE (__init_array_start, .)

.init_array     0x000000000201288c        0x4
 *(SORT(.init_array.*))
 *(.init_array)
 .init_array    0x000000000201288c        0x4 /opt/devkitPRO/devkitARM/bin/../lib/gcc/arm-none-eabi/4.7.1/thumb/crtbegin.o
                0x0000000002012890                PROVIDE (__init_array_end, .)
                0x0000000002012890                PROVIDE (__fini_array_start, .)

.fini_array     0x0000000002012890        0x4
 *(.fini_array)
 .fini_array    0x0000000002012890        0x4 /opt/devkitPRO/devkitARM/bin/../lib/gcc/arm-none-eabi/4.7.1/thumb/crtbegin.o
 *(SORT(.fini_array.*))
                0x0000000002012894                PROVIDE (__fini_array_end, .)

.ctors          0x0000000002012894        0x0
 *crtbegin.o(.ctors)
 *(EXCLUDE_FILE(*crtend.o) .ctors)
 *(SORT(.ctors.*))
 *(.ctors)
                0x0000000002012894                . = ALIGN (0x4)

.dtors          0x0000000002012894        0x0
 *crtbegin.o(.dtors)
 *(EXCLUDE_FILE(*crtend.o) .dtors)
 *(SORT(.dtors.*))
 *(.dtors)
                0x0000000002012894                . = ALIGN (0x4)

.eh_frame       0x0000000002012894        0x4
 *(.eh_frame)
 .eh_frame      0x0000000002012894        0x0 /opt/devkitPRO/devkitARM/bin/../lib/gcc/arm-none-eabi/4.7.1/thumb/crtbegin.o
 .eh_frame      0x0000000002012894        0x4 /opt/devkitPRO/devkitARM/bin/../lib/gcc/arm-none-eabi/4.7.1/thumb/crtend.o
                0x0000000002012898                . = ALIGN (0x4)

.gcc_except_table
                0x0000000002012898        0x0
 *(.gcc_except_table)
                0x0000000002012898                . = ALIGN (0x4)

.jcr            0x0000000002012898        0x4
 *(.jcr)
 .jcr           0x0000000002012898        0x0 /opt/devkitPRO/devkitARM/bin/../lib/gcc/arm-none-eabi/4.7.1/thumb/crtbegin.o
 .jcr           0x0000000002012898        0x4 /opt/devkitPRO/devkitARM/bin/../lib/gcc/arm-none-eabi/4.7.1/thumb/crtend.o

.got
 *(.got.plt)
 *(.got)
 *(.rel.got)

.ewram          0x000000000201289c        0x0
                0x000000000201289c                __ewram_start = ABSOLUTE (.)
 *(.ewram)
 *ewram.*(.text)
                0x000000000201289c                . = ALIGN (0x4)

.data           0x000000000201289c      0xaec
                0x000000000201289c                __data_start = ABSOLUTE (.)
 *(.data)
 .data          0x000000000201289c        0x0 /opt/devkitPRO/devkitARM/bin/../lib/gcc/arm-none-eabi/4.7.1/../../../../arm-none-eabi/lib/thumb/ds_arm9_crt0.o
 .data          0x000000000201289c        0x0 /opt/devkitPRO/devkitARM/bin/../lib/gcc/arm-none-eabi/4.7.1/thumb/crti.o
 .data          0x000000000201289c        0x4 /opt/devkitPRO/devkitARM/bin/../lib/gcc/arm-none-eabi/4.7.1/thumb/crtbegin.o
                0x000000000201289c                __dso_handle
 .data          0x00000000020128a0        0x0 main.o
 .data          0x00000000020128a0        0x0 test.o
 .data          0x00000000020128a0       0x64 /opt/devkitPRO/libnds/lib/libnds9.a(console.o)
                0x00000000020128a0                currentConsole
                0x00000000020128a4                defaultConsole
 .data          0x0000000002012904        0x0 /opt/devkitPRO/libnds/lib/libnds9.a(initSystem.o)
 .data          0x0000000002012904       0x10 /opt/devkitPRO/libnds/lib/libnds9.a(fifosystem.o)
                0x0000000002012904                fifo_buffer_free
                0x0000000002012908                fifo_freewords
                0x000000000201290c                fifo_send_queue
                0x0000000002012910                fifo_receive_queue
 .data          0x0000000002012914        0x0 /opt/devkitPRO/libnds/lib/libnds9.a(interrupts.o)
 .data          0x0000000002012914        0x0 /opt/devkitPRO/libnds/lib/libnds9.a(libnds_exit.arm.o)
 .data          0x0000000002012914        0x0 /opt/devkitPRO/libnds/lib/libnds9.a(mpu_setup.o)
 .data          0x0000000002012914        0x0 /opt/devkitPRO/libnds/lib/libnds9.a(biosCalls.o)
 .data          0x0000000002012914        0x0 /opt/devkitPRO/libnds/lib/libnds9.a(debugprint.o)
 .data          0x0000000002012914        0x0 /opt/devkitPRO/libnds/lib/libnds9.a(interruptDispatcher.o)
 .data          0x0000000002012914        0x0 /opt/devkitPRO/libnds/lib/libnds9.a(swiSoftReset.o)
 .data          0x0000000002012914        0x0 /opt/devkitPRO/libnds/lib/libnds9.a(default_font.bin.o)
 .data          0x0000000002012914       0x60 /opt/devkitPRO/libnds/lib/libnds9.a(background.o)
                0x0000000002012914                bgScrollTable
                0x0000000002012934                bgTransform
                0x0000000002012954                bgControl
 .data          0x0000000002012974        0x0 /opt/devkitPRO/libnds/lib/libnds9.a(system.o)
 .data          0x0000000002012974        0x0 /opt/devkitPRO/libnds/lib/libnds9.a(trig.o)
 .data          0x0000000002012974        0x0 /opt/devkitPRO/libnds/lib/libnds9.a(video.o)
 .data          0x0000000002012974        0x0 /media/wind/Dropbox/studia/informatyka/magisterka/code/phase01/sandbox/lib/liblibs.a(basic_lib.o)
 .data          0x0000000002012974        0x0 /opt/devkitPRO/devkitARM/bin/../lib/gcc/arm-none-eabi/4.7.1/thumb/libgcc.a(_divsi3.o)
 .data          0x0000000002012974        0x0 /opt/devkitPRO/devkitARM/bin/../lib/gcc/arm-none-eabi/4.7.1/thumb/libgcc.a(_dvmd_tls.o)
 .data          0x0000000002012974        0x0 /opt/devkitPRO/devkitARM/bin/../lib/gcc/arm-none-eabi/4.7.1/../../../../arm-none-eabi/lib/thumb/libg.a(lib_a-bsearch.o)
 *fill*         0x0000000002012974        0x4 ff
 .data          0x0000000002012978      0x430 /opt/devkitPRO/devkitARM/bin/../lib/gcc/arm-none-eabi/4.7.1/../../../../arm-none-eabi/lib/thumb/libg.a(lib_a-impure.o)
                0x0000000002012978                _impure_ptr
 .data          0x0000000002012da8        0x0 /opt/devkitPRO/devkitARM/bin/../lib/gcc/arm-none-eabi/4.7.1/../../../../arm-none-eabi/lib/thumb/libg.a(lib_a-init.o)
 .data          0x0000000002012da8        0x0 /opt/devkitPRO/devkitARM/bin/../lib/gcc/arm-none-eabi/4.7.1/../../../../arm-none-eabi/lib/thumb/libg.a(lib_a-iprintf.o)
 .data          0x0000000002012da8        0x0 /opt/devkitPRO/devkitARM/bin/../lib/gcc/arm-none-eabi/4.7.1/../../../../arm-none-eabi/lib/thumb/libg.a(lib_a-malloc.o)
 .data          0x0000000002012da8      0x410 /opt/devkitPRO/devkitARM/bin/../lib/gcc/arm-none-eabi/4.7.1/../../../../arm-none-eabi/lib/thumb/libg.a(lib_a-mallocr.o)
                0x0000000002012da8                __malloc_av_
                0x00000000020131b0                __malloc_sbrk_base
                0x00000000020131b4                __malloc_trim_threshold
 .data          0x00000000020131b8        0x0 /opt/devkitPRO/devkitARM/bin/../lib/gcc/arm-none-eabi/4.7.1/../../../../arm-none-eabi/lib/thumb/libg.a(lib_a-memcpy-stub.o)
 .data          0x00000000020131b8        0x0 /opt/devkitPRO/devkitARM/bin/../lib/gcc/arm-none-eabi/4.7.1/../../../../arm-none-eabi/lib/thumb/libg.a(lib_a-mlock.o)
 .data          0x00000000020131b8        0x0 /opt/devkitPRO/devkitARM/bin/../lib/gcc/arm-none-eabi/4.7.1/../../../../arm-none-eabi/lib/thumb/libg.a(lib_a-setvbuf.o)
 .data          0x00000000020131b8        0x0 /opt/devkitPRO/devkitARM/bin/../lib/gcc/arm-none-eabi/4.7.1/../../../../arm-none-eabi/lib/thumb/libg.a(lib_a-siscanf.o)
 .data          0x00000000020131b8        0x0 /opt/devkitPRO/devkitARM/bin/../lib/gcc/arm-none-eabi/4.7.1/../../../../arm-none-eabi/lib/thumb/libg.a(lib_a-stdio.o)
 .data          0x00000000020131b8        0x0 /opt/devkitPRO/devkitARM/bin/../lib/gcc/arm-none-eabi/4.7.1/../../../../arm-none-eabi/lib/thumb/libg.a(lib_a-strlen.o)
 .data          0x00000000020131b8        0x0 /opt/devkitPRO/devkitARM/bin/../lib/gcc/arm-none-eabi/4.7.1/../../../../arm-none-eabi/lib/thumb/libg.a(lib_a-svfiscanf.o)
 .data          0x00000000020131b8        0x0 /opt/devkitPRO/devkitARM/bin/../lib/gcc/arm-none-eabi/4.7.1/../../../../arm-none-eabi/lib/thumb/libg.a(lib_a-ungetc.o)
 .data          0x00000000020131b8        0x0 /opt/devkitPRO/devkitARM/bin/../lib/gcc/arm-none-eabi/4.7.1/../../../../arm-none-eabi/lib/thumb/libg.a(lib_a-vfiprintf.o)
 .data          0x00000000020131b8        0x0 /opt/devkitPRO/devkitARM/bin/../lib/gcc/arm-none-eabi/4.7.1/../../../../arm-none-eabi/lib/thumb/libg.a(lib_a-wcrtomb.o)
 .data          0x00000000020131b8        0x0 /opt/devkitPRO/devkitARM/bin/../lib/gcc/arm-none-eabi/4.7.1/../../../../arm-none-eabi/lib/thumb/libg.a(lib_a-wcsrtombs.o)
 .data          0x00000000020131b8        0x4 /opt/devkitPRO/devkitARM/bin/../lib/gcc/arm-none-eabi/4.7.1/../../../../arm-none-eabi/lib/thumb/libg.a(lib_a-wctomb_r.o)
                0x00000000020131b8                __wctomb
 .data          0x00000000020131bc        0x0 /opt/devkitPRO/devkitARM/bin/../lib/gcc/arm-none-eabi/4.7.1/../../../../arm-none-eabi/lib/thumb/libg.a(lib_a-wsetup.o)
 .data          0x00000000020131bc        0x4 /opt/devkitPRO/devkitARM/bin/../lib/gcc/arm-none-eabi/4.7.1/../../../../arm-none-eabi/lib/thumb/libg.a(lib_a-ctype_.o)
                0x00000000020131bc                __ctype_ptr__
 .data          0x00000000020131c0        0x0 /opt/devkitPRO/devkitARM/bin/../lib/gcc/arm-none-eabi/4.7.1/../../../../arm-none-eabi/lib/thumb/libg.a(lib_a-fflush.o)
 .data          0x00000000020131c0        0x0 /opt/devkitPRO/devkitARM/bin/../lib/gcc/arm-none-eabi/4.7.1/../../../../arm-none-eabi/lib/thumb/libg.a(lib_a-findfp.o)
 .data          0x00000000020131c0        0x0 /opt/devkitPRO/devkitARM/bin/../lib/gcc/arm-none-eabi/4.7.1/../../../../arm-none-eabi/lib/thumb/libg.a(lib_a-fputwc.o)
 .data          0x00000000020131c0        0x0 /opt/devkitPRO/devkitARM/bin/../lib/gcc/arm-none-eabi/4.7.1/../../../../arm-none-eabi/lib/thumb/libg.a(lib_a-freer.o)
 .data          0x00000000020131c0        0x0 /opt/devkitPRO/devkitARM/bin/../lib/gcc/arm-none-eabi/4.7.1/../../../../arm-none-eabi/lib/thumb/libg.a(lib_a-fvwrite.o)
 .data          0x00000000020131c0        0x0 /opt/devkitPRO/devkitARM/bin/../lib/gcc/arm-none-eabi/4.7.1/../../../../arm-none-eabi/lib/thumb/libg.a(lib_a-fwalk.o)
 .data          0x00000000020131c0        0x0 /opt/devkitPRO/devkitARM/bin/../lib/gcc/arm-none-eabi/4.7.1/../../../../arm-none-eabi/lib/thumb/libg.a(lib_a-iswspace.o)
 .data          0x00000000020131c0        0x0 /opt/devkitPRO/devkitARM/bin/../lib/gcc/arm-none-eabi/4.7.1/../../../../arm-none-eabi/lib/thumb/libg.a(lib_a-jp2uc.o)
 .data          0x00000000020131c0      0x17c /opt/devkitPRO/devkitARM/bin/../lib/gcc/arm-none-eabi/4.7.1/../../../../arm-none-eabi/lib/thumb/libg.a(lib_a-locale.o)
                0x00000000020131c0                __default_locale
                0x00000000020132e0                __mb_cur_max
 .data          0x000000000201333c        0x0 /opt/devkitPRO/devkitARM/bin/../lib/gcc/arm-none-eabi/4.7.1/../../../../arm-none-eabi/lib/thumb/libg.a(lib_a-makebuf.o)
 .data          0x000000000201333c        0x0 /opt/devkitPRO/devkitARM/bin/../lib/gcc/arm-none-eabi/4.7.1/../../../../arm-none-eabi/lib/thumb/libg.a(lib_a-mbrtowc.o)
 .data          0x000000000201333c        0x4 /opt/devkitPRO/devkitARM/bin/../lib/gcc/arm-none-eabi/4.7.1/../../../../arm-none-eabi/lib/thumb/libg.a(lib_a-mbtowc_r.o)
                0x000000000201333c                __mbtowc
 .data          0x0000000002013340        0x0 /opt/devkitPRO/devkitARM/bin/../lib/gcc/arm-none-eabi/4.7.1/../../../../arm-none-eabi/lib/thumb/libg.a(lib_a-memchr-stub.o)
 .data          0x0000000002013340        0x0 /opt/devkitPRO/devkitARM/bin/../lib/gcc/arm-none-eabi/4.7.1/../../../../arm-none-eabi/lib/thumb/libg.a(lib_a-memmove.o)
 .data          0x0000000002013340        0x0 /opt/devkitPRO/devkitARM/bin/../lib/gcc/arm-none-eabi/4.7.1/../../../../arm-none-eabi/lib/thumb/libg.a(lib_a-memset.o)
 .data          0x0000000002013340        0x0 /opt/devkitPRO/devkitARM/bin/../lib/gcc/arm-none-eabi/4.7.1/../../../../arm-none-eabi/lib/thumb/libg.a(lib_a-reallocr.o)
 .data          0x0000000002013340        0x0 /opt/devkitPRO/devkitARM/bin/../lib/gcc/arm-none-eabi/4.7.1/../../../../arm-none-eabi/lib/thumb/libg.a(lib_a-sccl.o)
 .data          0x0000000002013340        0x0 /opt/devkitPRO/devkitARM/bin/../lib/gcc/arm-none-eabi/4.7.1/../../../../arm-none-eabi/lib/thumb/libg.a(lib_a-strcasecmp.o)
 .data          0x0000000002013340        0x0 /opt/devkitPRO/devkitARM/bin/../lib/gcc/arm-none-eabi/4.7.1/../../../../arm-none-eabi/lib/thumb/libg.a(lib_a-strcat.o)
 .data          0x0000000002013340        0x0 /opt/devkitPRO/devkitARM/bin/../lib/gcc/arm-none-eabi/4.7.1/../../../../arm-none-eabi/lib/thumb/libg.a(lib_a-strchr.o)
 .data          0x0000000002013340        0x0 /opt/devkitPRO/devkitARM/bin/../lib/gcc/arm-none-eabi/4.7.1/../../../../arm-none-eabi/lib/thumb/libg.a(lib_a-strcmp.o)
 .data          0x0000000002013340        0x0 /opt/devkitPRO/devkitARM/bin/../lib/gcc/arm-none-eabi/4.7.1/../../../../arm-none-eabi/lib/thumb/libg.a(lib_a-strcpy.o)
 .data          0x0000000002013340        0x0 /opt/devkitPRO/devkitARM/bin/../lib/gcc/arm-none-eabi/4.7.1/../../../../arm-none-eabi/lib/thumb/libg.a(lib_a-strlcpy.o)
 .data          0x0000000002013340        0x0 /opt/devkitPRO/devkitARM/bin/../lib/gcc/arm-none-eabi/4.7.1/../../../../arm-none-eabi/lib/thumb/libg.a(lib_a-strncasecmp.o)
 .data          0x0000000002013340        0x0 /opt/devkitPRO/devkitARM/bin/../lib/gcc/arm-none-eabi/4.7.1/../../../../arm-none-eabi/lib/thumb/libg.a(lib_a-strncmp.o)
 .data          0x0000000002013340        0x0 /opt/devkitPRO/devkitARM/bin/../lib/gcc/arm-none-eabi/4.7.1/../../../../arm-none-eabi/lib/thumb/libg.a(lib_a-strncpy.o)
 .data          0x0000000002013340        0x0 /opt/devkitPRO/devkitARM/bin/../lib/gcc/arm-none-eabi/4.7.1/../../../../arm-none-eabi/lib/thumb/libg.a(lib_a-strtoll_r.o)
 .data          0x0000000002013340        0x0 /opt/devkitPRO/devkitARM/bin/../lib/gcc/arm-none-eabi/4.7.1/../../../../arm-none-eabi/lib/thumb/libg.a(lib_a-strtol.o)
 .data          0x0000000002013340        0x0 /opt/devkitPRO/devkitARM/bin/../lib/gcc/arm-none-eabi/4.7.1/../../../../arm-none-eabi/lib/thumb/libg.a(lib_a-strtoull_r.o)
 .data          0x0000000002013340        0x0 /opt/devkitPRO/devkitARM/bin/../lib/gcc/arm-none-eabi/4.7.1/../../../../arm-none-eabi/lib/thumb/libg.a(lib_a-strtoul.o)
 .data          0x0000000002013340        0x0 /opt/devkitPRO/devkitARM/bin/../lib/gcc/arm-none-eabi/4.7.1/../../../../arm-none-eabi/lib/thumb/libg.a(lib_a-wbuf.o)
 .data          0x0000000002013340        0x0 /opt/devkitPRO/devkitARM/bin/../lib/gcc/arm-none-eabi/4.7.1/../../../../arm-none-eabi/lib/thumb/libg.a(lib_a-wcsnrtombs.o)
 .data          0x0000000002013340        0x0 /opt/devkitPRO/devkitARM/bin/../lib/gcc/arm-none-eabi/4.7.1/../../../../arm-none-eabi/lib/thumb/libg.a(lib_a-fclose.o)
 .data          0x0000000002013340        0x0 /opt/devkitPRO/devkitARM/bin/../lib/gcc/arm-none-eabi/4.7.1/../../../../arm-none-eabi/lib/thumb/libg.a(lib_a-getenv_r.o)
 .data          0x0000000002013340        0x4 /opt/devkitPRO/devkitARM/bin/../lib/gcc/arm-none-eabi/4.7.1/../../../../arm-none-eabi/lib/thumb/libg.a(lib_a-environ.o)
                0x0000000002013340                environ
 .data          0x0000000002013344        0x0 /opt/devkitPRO/devkitARM/bin/../lib/gcc/arm-none-eabi/4.7.1/../../../../arm-none-eabi/lib/thumb/libg.a(lib_a-envlock.o)
 .data          0x0000000002013344       0x44 /opt/devkitPRO/devkitARM/bin/../lib/gcc/arm-none-eabi/4.7.1/../../../../arm-none-eabi/lib/thumb/libsysbase.a(iosupport.o)
                0x0000000002013348                devoptab_list
 .data          0x0000000002013388        0x0 /opt/devkitPRO/devkitARM/bin/../lib/gcc/arm-none-eabi/4.7.1/../../../../arm-none-eabi/lib/thumb/libsysbase.a(close.o)
 .data          0x0000000002013388        0x0 /opt/devkitPRO/devkitARM/bin/../lib/gcc/arm-none-eabi/4.7.1/../../../../arm-none-eabi/lib/thumb/libsysbase.a(fstat.o)
 .data          0x0000000002013388        0x0 /opt/devkitPRO/devkitARM/bin/../lib/gcc/arm-none-eabi/4.7.1/../../../../arm-none-eabi/lib/thumb/libsysbase.a(isatty.o)
 .data          0x0000000002013388        0x0 /opt/devkitPRO/devkitARM/bin/../lib/gcc/arm-none-eabi/4.7.1/../../../../arm-none-eabi/lib/thumb/libsysbase.a(lseek.o)
 .data          0x0000000002013388        0x0 /opt/devkitPRO/devkitARM/bin/../lib/gcc/arm-none-eabi/4.7.1/../../../../arm-none-eabi/lib/thumb/libsysbase.a(read.o)
 .data          0x0000000002013388        0x0 /opt/devkitPRO/devkitARM/bin/../lib/gcc/arm-none-eabi/4.7.1/../../../../arm-none-eabi/lib/thumb/libsysbase.a(sbrk.o)
 .data          0x0000000002013388        0x0 /opt/devkitPRO/devkitARM/bin/../lib/gcc/arm-none-eabi/4.7.1/../../../../arm-none-eabi/lib/thumb/libsysbase.a(times.o)
 .data          0x0000000002013388        0x0 /opt/devkitPRO/devkitARM/bin/../lib/gcc/arm-none-eabi/4.7.1/../../../../arm-none-eabi/lib/thumb/libsysbase.a(write.o)
 .data          0x0000000002013388        0x0 /opt/devkitPRO/devkitARM/bin/../lib/gcc/arm-none-eabi/4.7.1/../../../../arm-none-eabi/lib/thumb/libsysbase.a(malloc_vars.o)
 .data          0x0000000002013388        0x0 /opt/devkitPRO/devkitARM/bin/../lib/gcc/arm-none-eabi/4.7.1/../../../../arm-none-eabi/lib/thumb/libsysbase.a(build_argv.o)
 .data          0x0000000002013388        0x0 /opt/devkitPRO/devkitARM/bin/../lib/gcc/arm-none-eabi/4.7.1/../../../../arm-none-eabi/lib/thumb/libsysbase.a(syscall_support.o)
 .data          0x0000000002013388        0x0 /opt/devkitPRO/devkitARM/bin/../lib/gcc/arm-none-eabi/4.7.1/../../../../arm-none-eabi/lib/thumb/libsysbase.a(handle_manager.o)
 .data          0x0000000002013388        0x0 /opt/devkitPRO/devkitARM/bin/../lib/gcc/arm-none-eabi/4.7.1/thumb/libgcc.a(_udivsi3.o)
 .data          0x0000000002013388        0x0 /opt/devkitPRO/devkitARM/bin/../lib/gcc/arm-none-eabi/4.7.1/thumb/libgcc.a(_aeabi_uldivmod.o)
 .data          0x0000000002013388        0x0 /opt/devkitPRO/devkitARM/bin/../lib/gcc/arm-none-eabi/4.7.1/thumb/libgcc.a(_muldi3.o)
 .data          0x0000000002013388        0x0 /opt/devkitPRO/devkitARM/bin/../lib/gcc/arm-none-eabi/4.7.1/thumb/libgcc.a(bpabi.o)
 .data          0x0000000002013388        0x0 /opt/devkitPRO/devkitARM/bin/../lib/gcc/arm-none-eabi/4.7.1/thumb/libgcc.a(_divdi3.o)
 .data          0x0000000002013388        0x0 /opt/devkitPRO/devkitARM/bin/../lib/gcc/arm-none-eabi/4.7.1/thumb/libgcc.a(_udivdi3.o)
 .data          0x0000000002013388        0x0 /opt/devkitPRO/devkitARM/bin/../lib/gcc/arm-none-eabi/4.7.1/thumb/libgcc.a(_clzsi2.o)
 .data          0x0000000002013388        0x0 /opt/devkitPRO/devkitARM/bin/../lib/gcc/arm-none-eabi/4.7.1/../../../../arm-none-eabi/lib/thumb/libg.a(lib_a-errno.o)
 .data          0x0000000002013388        0x0 /opt/devkitPRO/devkitARM/bin/../lib/gcc/arm-none-eabi/4.7.1/thumb/crtend.o
 .data          0x0000000002013388        0x0 /opt/devkitPRO/devkitARM/bin/../lib/gcc/arm-none-eabi/4.7.1/thumb/crtn.o
 *(.data.*)
 *(.gnu.linkonce.d*)
                0x0000000002013388                . = ALIGN (0x4)
                0x0000000002013388                __data_end = ABSOLUTE (.)
                0x0000000002013388                __dtcm_lma = .
                0x0000000002013388                __bss_vma = .

.igot.plt       0x0000000002013388        0x0
 .igot.plt      0x0000000000000000        0x0 /opt/devkitPRO/devkitARM/bin/../lib/gcc/arm-none-eabi/4.7.1/../../../../arm-none-eabi/lib/thumb/ds_arm9_crt0.o

.tm_clone_table
                0x0000000002013388        0x0
 .tm_clone_table
                0x0000000002013388        0x0 /opt/devkitPRO/devkitARM/bin/../lib/gcc/arm-none-eabi/4.7.1/thumb/crtbegin.o
 .tm_clone_table
                0x0000000002013388        0x0 /opt/devkitPRO/devkitARM/bin/../lib/gcc/arm-none-eabi/4.7.1/thumb/crtend.o

.dtcm           0x000000000b000000        0x0 load address 0x0000000002013388
 *(.dtcm)
 *(.dtcm.*)
                0x000000000b000000                . = ALIGN (0x4)
                0x000000000b000000                __dtcm_end = ABSOLUTE (.)
                0x0000000002013388                __itcm_lma = (__dtcm_lma + SIZEOF (.dtcm))

.itcm           0x0000000001000100      0x194 load address 0x0000000002013388
 *(.itcm)
 .itcm          0x0000000001000100       0xc8 /opt/devkitPRO/libnds/lib/libnds9.a(interrupts.o)
                0x0000000001000100                irqTable
 .itcm          0x00000000010001c8       0xcc /opt/devkitPRO/libnds/lib/libnds9.a(interruptDispatcher.o)
                0x00000000010001c8                IntrMain
 *itcm.*(.text)
                0x0000000001000294                . = ALIGN (0x4)
                0x0000000001000294                __itcm_end = ABSOLUTE (.)
                0x000000000201351c                __vectors_lma = (__itcm_lma + SIZEOF (.itcm))

.vectors        0x0000000001000000        0x0 load address 0x000000000201351c
 *(.vectors)
 *vectors.*(.text)
                0x0000000001000000                . = ALIGN (0x4)
                0x0000000001000000                __vectors_end = ABSOLUTE (.)

.sbss           0x000000000b000000        0x0
                0x000000000b000000                __sbss_start = ABSOLUTE (.)
                0x000000000b000000                __sbss_start__ = ABSOLUTE (.)
 *(.sbss)
                0x000000000b000000                . = ALIGN (0x4)
                0x000000000b000000                __sbss_end = ABSOLUTE (.)

.bss            0x0000000002013388     0x1f18
                0x0000000002013388                __bss_start = ABSOLUTE (.)
                0x0000000002013388                __bss_start__ = ABSOLUTE (.)
 *(.dynbss)
 *(.gnu.linkonce.b*)
 *(.bss*)
 .bss           0x0000000002013388        0x0 /opt/devkitPRO/devkitARM/bin/../lib/gcc/arm-none-eabi/4.7.1/../../../../arm-none-eabi/lib/thumb/ds_arm9_crt0.o
 .bss           0x0000000002013388        0x0 /opt/devkitPRO/devkitARM/bin/../lib/gcc/arm-none-eabi/4.7.1/thumb/crti.o
 .bss           0x0000000002013388       0x1c /opt/devkitPRO/devkitARM/bin/../lib/gcc/arm-none-eabi/4.7.1/thumb/crtbegin.o
 .bss           0x00000000020133a4        0x0 main.o
 .bss           0x00000000020133a4        0x0 test.o
 .bss           0x00000000020133a4        0x0 /opt/devkitPRO/libnds/lib/libnds9.a(console.o)
 .bss           0x00000000020133a4        0x0 /opt/devkitPRO/libnds/lib/libnds9.a(initSystem.o)
 .bss           0x00000000020133a4        0x8 /opt/devkitPRO/libnds/lib/libnds9.a(fifosystem.o)
                0x00000000020133a8                processing
 .bss           0x00000000020133ac        0x0 /opt/devkitPRO/libnds/lib/libnds9.a(interrupts.o)
 .bss           0x00000000020133ac        0x0 /opt/devkitPRO/libnds/lib/libnds9.a(libnds_exit.arm.o)
 .bss           0x00000000020133ac        0x0 /opt/devkitPRO/libnds/lib/libnds9.a(mpu_setup.o)
 .bss           0x00000000020133ac        0x0 /opt/devkitPRO/libnds/lib/libnds9.a(biosCalls.o)
 .bss           0x00000000020133ac        0x0 /opt/devkitPRO/libnds/lib/libnds9.a(debugprint.o)
 .bss           0x00000000020133ac        0x0 /opt/devkitPRO/libnds/lib/libnds9.a(interruptDispatcher.o)
 .bss           0x00000000020133ac        0x0 /opt/devkitPRO/libnds/lib/libnds9.a(swiSoftReset.o)
 .bss           0x00000000020133ac        0x0 /opt/devkitPRO/libnds/lib/libnds9.a(default_font.bin.o)
 .bss           0x00000000020133ac        0x0 /opt/devkitPRO/libnds/lib/libnds9.a(background.o)
 .bss           0x00000000020133ac        0x4 /opt/devkitPRO/libnds/lib/libnds9.a(system.o)
 .bss           0x00000000020133b0        0x0 /opt/devkitPRO/libnds/lib/libnds9.a(trig.o)
 .bss           0x00000000020133b0        0x0 /opt/devkitPRO/libnds/lib/libnds9.a(video.o)
 .bss           0x00000000020133b0        0x0 /media/wind/Dropbox/studia/informatyka/magisterka/code/phase01/sandbox/lib/liblibs.a(basic_lib.o)
 .bss           0x00000000020133b0        0x0 /opt/devkitPRO/devkitARM/bin/../lib/gcc/arm-none-eabi/4.7.1/thumb/libgcc.a(_divsi3.o)
 .bss           0x00000000020133b0        0x0 /opt/devkitPRO/devkitARM/bin/../lib/gcc/arm-none-eabi/4.7.1/thumb/libgcc.a(_dvmd_tls.o)
 .bss           0x00000000020133b0        0x0 /opt/devkitPRO/devkitARM/bin/../lib/gcc/arm-none-eabi/4.7.1/../../../../arm-none-eabi/lib/thumb/libg.a(lib_a-bsearch.o)
 .bss           0x00000000020133b0        0x0 /opt/devkitPRO/devkitARM/bin/../lib/gcc/arm-none-eabi/4.7.1/../../../../arm-none-eabi/lib/thumb/libg.a(lib_a-impure.o)
 .bss           0x00000000020133b0        0x0 /opt/devkitPRO/devkitARM/bin/../lib/gcc/arm-none-eabi/4.7.1/../../../../arm-none-eabi/lib/thumb/libg.a(lib_a-init.o)
 .bss           0x00000000020133b0        0x0 /opt/devkitPRO/devkitARM/bin/../lib/gcc/arm-none-eabi/4.7.1/../../../../arm-none-eabi/lib/thumb/libg.a(lib_a-iprintf.o)
 .bss           0x00000000020133b0        0x0 /opt/devkitPRO/devkitARM/bin/../lib/gcc/arm-none-eabi/4.7.1/../../../../arm-none-eabi/lib/thumb/libg.a(lib_a-malloc.o)
 .bss           0x00000000020133b0       0x34 /opt/devkitPRO/devkitARM/bin/../lib/gcc/arm-none-eabi/4.7.1/../../../../arm-none-eabi/lib/thumb/libg.a(lib_a-mallocr.o)
                0x00000000020133b0                __malloc_top_pad
                0x00000000020133b4                __malloc_current_mallinfo
                0x00000000020133dc                __malloc_max_sbrked_mem
                0x00000000020133e0                __malloc_max_total_mem
 .bss           0x00000000020133e4        0x0 /opt/devkitPRO/devkitARM/bin/../lib/gcc/arm-none-eabi/4.7.1/../../../../arm-none-eabi/lib/thumb/libg.a(lib_a-memcpy-stub.o)
 .bss           0x00000000020133e4        0x0 /opt/devkitPRO/devkitARM/bin/../lib/gcc/arm-none-eabi/4.7.1/../../../../arm-none-eabi/lib/thumb/libg.a(lib_a-mlock.o)
 .bss           0x00000000020133e4        0x0 /opt/devkitPRO/devkitARM/bin/../lib/gcc/arm-none-eabi/4.7.1/../../../../arm-none-eabi/lib/thumb/libg.a(lib_a-setvbuf.o)
 .bss           0x00000000020133e4        0x0 /opt/devkitPRO/devkitARM/bin/../lib/gcc/arm-none-eabi/4.7.1/../../../../arm-none-eabi/lib/thumb/libg.a(lib_a-siscanf.o)
 .bss           0x00000000020133e4        0x0 /opt/devkitPRO/devkitARM/bin/../lib/gcc/arm-none-eabi/4.7.1/../../../../arm-none-eabi/lib/thumb/libg.a(lib_a-stdio.o)
 .bss           0x00000000020133e4        0x0 /opt/devkitPRO/devkitARM/bin/../lib/gcc/arm-none-eabi/4.7.1/../../../../arm-none-eabi/lib/thumb/libg.a(lib_a-strlen.o)
 .bss           0x00000000020133e4        0x0 /opt/devkitPRO/devkitARM/bin/../lib/gcc/arm-none-eabi/4.7.1/../../../../arm-none-eabi/lib/thumb/libg.a(lib_a-svfiscanf.o)
 .bss           0x00000000020133e4        0x0 /opt/devkitPRO/devkitARM/bin/../lib/gcc/arm-none-eabi/4.7.1/../../../../arm-none-eabi/lib/thumb/libg.a(lib_a-ungetc.o)
 .bss           0x00000000020133e4        0x0 /opt/devkitPRO/devkitARM/bin/../lib/gcc/arm-none-eabi/4.7.1/../../../../arm-none-eabi/lib/thumb/libg.a(lib_a-vfiprintf.o)
 .bss           0x00000000020133e4        0x0 /opt/devkitPRO/devkitARM/bin/../lib/gcc/arm-none-eabi/4.7.1/../../../../arm-none-eabi/lib/thumb/libg.a(lib_a-wcrtomb.o)
 .bss           0x00000000020133e4        0x0 /opt/devkitPRO/devkitARM/bin/../lib/gcc/arm-none-eabi/4.7.1/../../../../arm-none-eabi/lib/thumb/libg.a(lib_a-wcsrtombs.o)
 .bss           0x00000000020133e4        0x0 /opt/devkitPRO/devkitARM/bin/../lib/gcc/arm-none-eabi/4.7.1/../../../../arm-none-eabi/lib/thumb/libg.a(lib_a-wctomb_r.o)
 .bss           0x00000000020133e4        0x0 /opt/devkitPRO/devkitARM/bin/../lib/gcc/arm-none-eabi/4.7.1/../../../../arm-none-eabi/lib/thumb/libg.a(lib_a-wsetup.o)
 .bss           0x00000000020133e4        0x0 /opt/devkitPRO/devkitARM/bin/../lib/gcc/arm-none-eabi/4.7.1/../../../../arm-none-eabi/lib/thumb/libg.a(lib_a-ctype_.o)
 .bss           0x00000000020133e4        0x0 /opt/devkitPRO/devkitARM/bin/../lib/gcc/arm-none-eabi/4.7.1/../../../../arm-none-eabi/lib/thumb/libg.a(lib_a-fflush.o)
 .bss           0x00000000020133e4        0x0 /opt/devkitPRO/devkitARM/bin/../lib/gcc/arm-none-eabi/4.7.1/../../../../arm-none-eabi/lib/thumb/libg.a(lib_a-findfp.o)
 .bss           0x00000000020133e4        0x0 /opt/devkitPRO/devkitARM/bin/../lib/gcc/arm-none-eabi/4.7.1/../../../../arm-none-eabi/lib/thumb/libg.a(lib_a-fputwc.o)
 .bss           0x00000000020133e4        0x0 /opt/devkitPRO/devkitARM/bin/../lib/gcc/arm-none-eabi/4.7.1/../../../../arm-none-eabi/lib/thumb/libg.a(lib_a-freer.o)
 .bss           0x00000000020133e4        0x0 /opt/devkitPRO/devkitARM/bin/../lib/gcc/arm-none-eabi/4.7.1/../../../../arm-none-eabi/lib/thumb/libg.a(lib_a-fvwrite.o)
 .bss           0x00000000020133e4        0x0 /opt/devkitPRO/devkitARM/bin/../lib/gcc/arm-none-eabi/4.7.1/../../../../arm-none-eabi/lib/thumb/libg.a(lib_a-fwalk.o)
 .bss           0x00000000020133e4        0x0 /opt/devkitPRO/devkitARM/bin/../lib/gcc/arm-none-eabi/4.7.1/../../../../arm-none-eabi/lib/thumb/libg.a(lib_a-iswspace.o)
 .bss           0x00000000020133e4        0x0 /opt/devkitPRO/devkitARM/bin/../lib/gcc/arm-none-eabi/4.7.1/../../../../arm-none-eabi/lib/thumb/libg.a(lib_a-jp2uc.o)
 .bss           0x00000000020133e4      0x2b8 /opt/devkitPRO/devkitARM/bin/../lib/gcc/arm-none-eabi/4.7.1/../../../../arm-none-eabi/lib/thumb/libg.a(lib_a-locale.o)
                0x0000000002013690                _PathLocale
                0x0000000002013694                __mlocale_changed
                0x0000000002013698                __nlocale_changed
 .bss           0x000000000201369c        0x0 /opt/devkitPRO/devkitARM/bin/../lib/gcc/arm-none-eabi/4.7.1/../../../../arm-none-eabi/lib/thumb/libg.a(lib_a-makebuf.o)
 .bss           0x000000000201369c        0x0 /opt/devkitPRO/devkitARM/bin/../lib/gcc/arm-none-eabi/4.7.1/../../../../arm-none-eabi/lib/thumb/libg.a(lib_a-mbrtowc.o)
 .bss           0x000000000201369c        0x0 /opt/devkitPRO/devkitARM/bin/../lib/gcc/arm-none-eabi/4.7.1/../../../../arm-none-eabi/lib/thumb/libg.a(lib_a-mbtowc_r.o)
 .bss           0x000000000201369c        0x0 /opt/devkitPRO/devkitARM/bin/../lib/gcc/arm-none-eabi/4.7.1/../../../../arm-none-eabi/lib/thumb/libg.a(lib_a-memchr-stub.o)
 .bss           0x000000000201369c        0x0 /opt/devkitPRO/devkitARM/bin/../lib/gcc/arm-none-eabi/4.7.1/../../../../arm-none-eabi/lib/thumb/libg.a(lib_a-memmove.o)
 .bss           0x000000000201369c        0x0 /opt/devkitPRO/devkitARM/bin/../lib/gcc/arm-none-eabi/4.7.1/../../../../arm-none-eabi/lib/thumb/libg.a(lib_a-memset.o)
 .bss           0x000000000201369c        0x0 /opt/devkitPRO/devkitARM/bin/../lib/gcc/arm-none-eabi/4.7.1/../../../../arm-none-eabi/lib/thumb/libg.a(lib_a-reallocr.o)
 .bss           0x000000000201369c        0x0 /opt/devkitPRO/devkitARM/bin/../lib/gcc/arm-none-eabi/4.7.1/../../../../arm-none-eabi/lib/thumb/libg.a(lib_a-sccl.o)
 .bss           0x000000000201369c        0x0 /opt/devkitPRO/devkitARM/bin/../lib/gcc/arm-none-eabi/4.7.1/../../../../arm-none-eabi/lib/thumb/libg.a(lib_a-strcasecmp.o)
 .bss           0x000000000201369c        0x0 /opt/devkitPRO/devkitARM/bin/../lib/gcc/arm-none-eabi/4.7.1/../../../../arm-none-eabi/lib/thumb/libg.a(lib_a-strcat.o)
 .bss           0x000000000201369c        0x0 /opt/devkitPRO/devkitARM/bin/../lib/gcc/arm-none-eabi/4.7.1/../../../../arm-none-eabi/lib/thumb/libg.a(lib_a-strchr.o)
 .bss           0x000000000201369c        0x0 /opt/devkitPRO/devkitARM/bin/../lib/gcc/arm-none-eabi/4.7.1/../../../../arm-none-eabi/lib/thumb/libg.a(lib_a-strcmp.o)
 .bss           0x000000000201369c        0x0 /opt/devkitPRO/devkitARM/bin/../lib/gcc/arm-none-eabi/4.7.1/../../../../arm-none-eabi/lib/thumb/libg.a(lib_a-strcpy.o)
 .bss           0x000000000201369c        0x0 /opt/devkitPRO/devkitARM/bin/../lib/gcc/arm-none-eabi/4.7.1/../../../../arm-none-eabi/lib/thumb/libg.a(lib_a-strlcpy.o)
 .bss           0x000000000201369c        0x0 /opt/devkitPRO/devkitARM/bin/../lib/gcc/arm-none-eabi/4.7.1/../../../../arm-none-eabi/lib/thumb/libg.a(lib_a-strncasecmp.o)
 .bss           0x000000000201369c        0x0 /opt/devkitPRO/devkitARM/bin/../lib/gcc/arm-none-eabi/4.7.1/../../../../arm-none-eabi/lib/thumb/libg.a(lib_a-strncmp.o)
 .bss           0x000000000201369c        0x0 /opt/devkitPRO/devkitARM/bin/../lib/gcc/arm-none-eabi/4.7.1/../../../../arm-none-eabi/lib/thumb/libg.a(lib_a-strncpy.o)
 .bss           0x000000000201369c        0x0 /opt/devkitPRO/devkitARM/bin/../lib/gcc/arm-none-eabi/4.7.1/../../../../arm-none-eabi/lib/thumb/libg.a(lib_a-strtoll_r.o)
 .bss           0x000000000201369c        0x0 /opt/devkitPRO/devkitARM/bin/../lib/gcc/arm-none-eabi/4.7.1/../../../../arm-none-eabi/lib/thumb/libg.a(lib_a-strtol.o)
 .bss           0x000000000201369c        0x0 /opt/devkitPRO/devkitARM/bin/../lib/gcc/arm-none-eabi/4.7.1/../../../../arm-none-eabi/lib/thumb/libg.a(lib_a-strtoull_r.o)
 .bss           0x000000000201369c        0x0 /opt/devkitPRO/devkitARM/bin/../lib/gcc/arm-none-eabi/4.7.1/../../../../arm-none-eabi/lib/thumb/libg.a(lib_a-strtoul.o)
 .bss           0x000000000201369c        0x0 /opt/devkitPRO/devkitARM/bin/../lib/gcc/arm-none-eabi/4.7.1/../../../../arm-none-eabi/lib/thumb/libg.a(lib_a-wbuf.o)
 .bss           0x000000000201369c        0x0 /opt/devkitPRO/devkitARM/bin/../lib/gcc/arm-none-eabi/4.7.1/../../../../arm-none-eabi/lib/thumb/libg.a(lib_a-wcsnrtombs.o)
 .bss           0x000000000201369c        0x0 /opt/devkitPRO/devkitARM/bin/../lib/gcc/arm-none-eabi/4.7.1/../../../../arm-none-eabi/lib/thumb/libg.a(lib_a-fclose.o)
 .bss           0x000000000201369c        0x0 /opt/devkitPRO/devkitARM/bin/../lib/gcc/arm-none-eabi/4.7.1/../../../../arm-none-eabi/lib/thumb/libg.a(lib_a-getenv_r.o)
 .bss           0x000000000201369c        0x4 /opt/devkitPRO/devkitARM/bin/../lib/gcc/arm-none-eabi/4.7.1/../../../../arm-none-eabi/lib/thumb/libg.a(lib_a-environ.o)
 .bss           0x00000000020136a0        0x0 /opt/devkitPRO/devkitARM/bin/../lib/gcc/arm-none-eabi/4.7.1/../../../../arm-none-eabi/lib/thumb/libg.a(lib_a-envlock.o)
 .bss           0x00000000020136a0        0x0 /opt/devkitPRO/devkitARM/bin/../lib/gcc/arm-none-eabi/4.7.1/../../../../arm-none-eabi/lib/thumb/libsysbase.a(iosupport.o)
 .bss           0x00000000020136a0        0x0 /opt/devkitPRO/devkitARM/bin/../lib/gcc/arm-none-eabi/4.7.1/../../../../arm-none-eabi/lib/thumb/libsysbase.a(close.o)
 .bss           0x00000000020136a0        0x0 /opt/devkitPRO/devkitARM/bin/../lib/gcc/arm-none-eabi/4.7.1/../../../../arm-none-eabi/lib/thumb/libsysbase.a(fstat.o)
 .bss           0x00000000020136a0        0x0 /opt/devkitPRO/devkitARM/bin/../lib/gcc/arm-none-eabi/4.7.1/../../../../arm-none-eabi/lib/thumb/libsysbase.a(isatty.o)
 .bss           0x00000000020136a0        0x0 /opt/devkitPRO/devkitARM/bin/../lib/gcc/arm-none-eabi/4.7.1/../../../../arm-none-eabi/lib/thumb/libsysbase.a(lseek.o)
 .bss           0x00000000020136a0        0x0 /opt/devkitPRO/devkitARM/bin/../lib/gcc/arm-none-eabi/4.7.1/../../../../arm-none-eabi/lib/thumb/libsysbase.a(read.o)
 .bss           0x00000000020136a0        0x4 /opt/devkitPRO/devkitARM/bin/../lib/gcc/arm-none-eabi/4.7.1/../../../../arm-none-eabi/lib/thumb/libsysbase.a(sbrk.o)
 .bss           0x00000000020136a4        0x0 /opt/devkitPRO/devkitARM/bin/../lib/gcc/arm-none-eabi/4.7.1/../../../../arm-none-eabi/lib/thumb/libsysbase.a(times.o)
 .bss           0x00000000020136a4        0x0 /opt/devkitPRO/devkitARM/bin/../lib/gcc/arm-none-eabi/4.7.1/../../../../arm-none-eabi/lib/thumb/libsysbase.a(write.o)
 .bss           0x00000000020136a4        0x8 /opt/devkitPRO/devkitARM/bin/../lib/gcc/arm-none-eabi/4.7.1/../../../../arm-none-eabi/lib/thumb/libsysbase.a(malloc_vars.o)
                0x00000000020136a4                fake_heap_start
                0x00000000020136a8                fake_heap_end
 .bss           0x00000000020136ac        0x0 /opt/devkitPRO/devkitARM/bin/../lib/gcc/arm-none-eabi/4.7.1/../../../../arm-none-eabi/lib/thumb/libsysbase.a(build_argv.o)
 .bss           0x00000000020136ac        0x8 /opt/devkitPRO/devkitARM/bin/../lib/gcc/arm-none-eabi/4.7.1/../../../../arm-none-eabi/lib/thumb/libsysbase.a(syscall_support.o)
                0x00000000020136ac                __syscalls
 .bss           0x00000000020136b4     0x1000 /opt/devkitPRO/devkitARM/bin/../lib/gcc/arm-none-eabi/4.7.1/../../../../arm-none-eabi/lib/thumb/libsysbase.a(handle_manager.o)
 .bss           0x00000000020146b4        0x0 /opt/devkitPRO/devkitARM/bin/../lib/gcc/arm-none-eabi/4.7.1/thumb/libgcc.a(_udivsi3.o)
 .bss           0x00000000020146b4        0x0 /opt/devkitPRO/devkitARM/bin/../lib/gcc/arm-none-eabi/4.7.1/thumb/libgcc.a(_aeabi_uldivmod.o)
 .bss           0x00000000020146b4        0x0 /opt/devkitPRO/devkitARM/bin/../lib/gcc/arm-none-eabi/4.7.1/thumb/libgcc.a(_muldi3.o)
 .bss           0x00000000020146b4        0x0 /opt/devkitPRO/devkitARM/bin/../lib/gcc/arm-none-eabi/4.7.1/thumb/libgcc.a(bpabi.o)
 .bss           0x00000000020146b4        0x0 /opt/devkitPRO/devkitARM/bin/../lib/gcc/arm-none-eabi/4.7.1/thumb/libgcc.a(_divdi3.o)
 .bss           0x00000000020146b4        0x0 /opt/devkitPRO/devkitARM/bin/../lib/gcc/arm-none-eabi/4.7.1/thumb/libgcc.a(_udivdi3.o)
 .bss           0x00000000020146b4        0x0 /opt/devkitPRO/devkitARM/bin/../lib/gcc/arm-none-eabi/4.7.1/thumb/libgcc.a(_clzsi2.o)
 .bss           0x00000000020146b4        0x0 /opt/devkitPRO/devkitARM/bin/../lib/gcc/arm-none-eabi/4.7.1/../../../../arm-none-eabi/lib/thumb/libg.a(lib_a-errno.o)
 .bss           0x00000000020146b4        0x0 /opt/devkitPRO/devkitARM/bin/../lib/gcc/arm-none-eabi/4.7.1/thumb/crtend.o
 .bss           0x00000000020146b4        0x0 /opt/devkitPRO/devkitARM/bin/../lib/gcc/arm-none-eabi/4.7.1/thumb/crtn.o
 *(COMMON)
 COMMON         0x00000000020146b4       0x5c /opt/devkitPRO/libnds/lib/libnds9.a(console.o)
                0x00000000020146b4                currentCopy
 COMMON         0x0000000002014710        0x1 /opt/devkitPRO/libnds/lib/libnds9.a(initSystem.o)
                0x0000000002014710                __dsimode
 *fill*         0x0000000002014711        0x3 00
 COMMON         0x0000000002014714      0xa40 /opt/devkitPRO/libnds/lib/libnds9.a(fifosystem.o)
                0x0000000002014714                fifo_datamsg_data
                0x0000000002014754                fifo_buffer
                0x0000000002014f54                fifo_value32_func
                0x0000000002014f94                fifo_address_func
                0x0000000002014fd4                fifo_value32_data
                0x0000000002015014                fifo_value32_queue
                0x0000000002015054                fifo_data_queue
                0x0000000002015094                fifo_address_data
                0x00000000020150d4                fifo_datamsg_func
                0x0000000002015114                fifo_address_queue
 COMMON         0x0000000002015154      0x148 /opt/devkitPRO/libnds/lib/libnds9.a(background.o)
                0x0000000002015154                bgState
                0x0000000002015294                bgIsTextLut
 COMMON         0x000000000201529c        0x4 /opt/devkitPRO/devkitARM/bin/../lib/gcc/arm-none-eabi/4.7.1/../../../../arm-none-eabi/lib/thumb/libsysbase.a(times.o)
                0x000000000201529c                punixTime
                0x00000000020152a0                . = ALIGN (0x4)
                0x00000000020152a0                __bss_end__ = ABSOLUTE (.)
                0x00000000020152a0                __end__ = ABSOLUTE (.)

.stab
 *(.stab)

.stabstr
 *(.stabstr)

.stab.excl
 *(.stab.excl)

.stab.exclstr
 *(.stab.exclstr)

.stab.index
 *(.stab.index)

.stab.indexstr
 *(.stab.indexstr)

.comment        0x0000000000000000       0x66
 *(.comment)
 .comment       0x0000000000000000       0x22 /opt/devkitPRO/devkitARM/bin/../lib/gcc/arm-none-eabi/4.7.1/thumb/crtbegin.o
                                         0x23 (size before relaxing)
 .comment       0x0000000000000000       0x23 main.o
 .comment       0x0000000000000022       0x22 /opt/devkitPRO/libnds/lib/libnds9.a(console.o)
                                         0x23 (size before relaxing)
 .comment       0x0000000000000000       0x23 /opt/devkitPRO/libnds/lib/libnds9.a(initSystem.o)
 .comment       0x0000000000000000       0x23 /opt/devkitPRO/libnds/lib/libnds9.a(fifosystem.o)
 .comment       0x0000000000000000       0x23 /opt/devkitPRO/libnds/lib/libnds9.a(interrupts.o)
 .comment       0x0000000000000000       0x23 /opt/devkitPRO/libnds/lib/libnds9.a(libnds_exit.arm.o)
 .comment       0x0000000000000000       0x23 /opt/devkitPRO/libnds/lib/libnds9.a(background.o)
 .comment       0x0000000000000000       0x23 /opt/devkitPRO/libnds/lib/libnds9.a(system.o)
 .comment       0x0000000000000000       0x23 /opt/devkitPRO/libnds/lib/libnds9.a(trig.o)
 .comment       0x0000000000000000       0x23 /opt/devkitPRO/libnds/lib/libnds9.a(video.o)
 .comment       0x0000000000000044       0x22 /media/wind/Dropbox/studia/informatyka/magisterka/code/phase01/sandbox/lib/liblibs.a(basic_lib.o)
                                         0x23 (size before relaxing)
 .comment       0x0000000000000000       0x23 /opt/devkitPRO/devkitARM/bin/../lib/gcc/arm-none-eabi/4.7.1/../../../../arm-none-eabi/lib/thumb/libg.a(lib_a-bsearch.o)
 .comment       0x0000000000000000       0x23 /opt/devkitPRO/devkitARM/bin/../lib/gcc/arm-none-eabi/4.7.1/../../../../arm-none-eabi/lib/thumb/libg.a(lib_a-impure.o)
 .comment       0x0000000000000000       0x23 /opt/devkitPRO/devkitARM/bin/../lib/gcc/arm-none-eabi/4.7.1/../../../../arm-none-eabi/lib/thumb/libg.a(lib_a-init.o)
 .comment       0x0000000000000000       0x23 /opt/devkitPRO/devkitARM/bin/../lib/gcc/arm-none-eabi/4.7.1/../../../../arm-none-eabi/lib/thumb/libg.a(lib_a-iprintf.o)
 .comment       0x0000000000000000       0x23 /opt/devkitPRO/devkitARM/bin/../lib/gcc/arm-none-eabi/4.7.1/../../../../arm-none-eabi/lib/thumb/libg.a(lib_a-malloc.o)
 .comment       0x0000000000000000       0x23 /opt/devkitPRO/devkitARM/bin/../lib/gcc/arm-none-eabi/4.7.1/../../../../arm-none-eabi/lib/thumb/libg.a(lib_a-mallocr.o)
 .comment       0x0000000000000000       0x23 /opt/devkitPRO/devkitARM/bin/../lib/gcc/arm-none-eabi/4.7.1/../../../../arm-none-eabi/lib/thumb/libg.a(lib_a-memcpy-stub.o)
 .comment       0x0000000000000000       0x23 /opt/devkitPRO/devkitARM/bin/../lib/gcc/arm-none-eabi/4.7.1/../../../../arm-none-eabi/lib/thumb/libg.a(lib_a-mlock.o)
 .comment       0x0000000000000000       0x23 /opt/devkitPRO/devkitARM/bin/../lib/gcc/arm-none-eabi/4.7.1/../../../../arm-none-eabi/lib/thumb/libg.a(lib_a-setvbuf.o)
 .comment       0x0000000000000000       0x23 /opt/devkitPRO/devkitARM/bin/../lib/gcc/arm-none-eabi/4.7.1/../../../../arm-none-eabi/lib/thumb/libg.a(lib_a-siscanf.o)
 .comment       0x0000000000000000       0x23 /opt/devkitPRO/devkitARM/bin/../lib/gcc/arm-none-eabi/4.7.1/../../../../arm-none-eabi/lib/thumb/libg.a(lib_a-stdio.o)
 .comment       0x0000000000000000       0x23 /opt/devkitPRO/devkitARM/bin/../lib/gcc/arm-none-eabi/4.7.1/../../../../arm-none-eabi/lib/thumb/libg.a(lib_a-strlen.o)
 .comment       0x0000000000000000       0x23 /opt/devkitPRO/devkitARM/bin/../lib/gcc/arm-none-eabi/4.7.1/../../../../arm-none-eabi/lib/thumb/libg.a(lib_a-svfiscanf.o)
 .comment       0x0000000000000000       0x23 /opt/devkitPRO/devkitARM/bin/../lib/gcc/arm-none-eabi/4.7.1/../../../../arm-none-eabi/lib/thumb/libg.a(lib_a-ungetc.o)
 .comment       0x0000000000000000       0x23 /opt/devkitPRO/devkitARM/bin/../lib/gcc/arm-none-eabi/4.7.1/../../../../arm-none-eabi/lib/thumb/libg.a(lib_a-vfiprintf.o)
 .comment       0x0000000000000000       0x23 /opt/devkitPRO/devkitARM/bin/../lib/gcc/arm-none-eabi/4.7.1/../../../../arm-none-eabi/lib/thumb/libg.a(lib_a-wcrtomb.o)
 .comment       0x0000000000000000       0x23 /opt/devkitPRO/devkitARM/bin/../lib/gcc/arm-none-eabi/4.7.1/../../../../arm-none-eabi/lib/thumb/libg.a(lib_a-wcsrtombs.o)
 .comment       0x0000000000000000       0x23 /opt/devkitPRO/devkitARM/bin/../lib/gcc/arm-none-eabi/4.7.1/../../../../arm-none-eabi/lib/thumb/libg.a(lib_a-wctomb_r.o)
 .comment       0x0000000000000000       0x23 /opt/devkitPRO/devkitARM/bin/../lib/gcc/arm-none-eabi/4.7.1/../../../../arm-none-eabi/lib/thumb/libg.a(lib_a-wsetup.o)
 .comment       0x0000000000000000       0x23 /opt/devkitPRO/devkitARM/bin/../lib/gcc/arm-none-eabi/4.7.1/../../../../arm-none-eabi/lib/thumb/libg.a(lib_a-ctype_.o)
 .comment       0x0000000000000000       0x23 /opt/devkitPRO/devkitARM/bin/../lib/gcc/arm-none-eabi/4.7.1/../../../../arm-none-eabi/lib/thumb/libg.a(lib_a-fflush.o)
 .comment       0x0000000000000000       0x23 /opt/devkitPRO/devkitARM/bin/../lib/gcc/arm-none-eabi/4.7.1/../../../../arm-none-eabi/lib/thumb/libg.a(lib_a-findfp.o)
 .comment       0x0000000000000000       0x23 /opt/devkitPRO/devkitARM/bin/../lib/gcc/arm-none-eabi/4.7.1/../../../../arm-none-eabi/lib/thumb/libg.a(lib_a-fputwc.o)
 .comment       0x0000000000000000       0x23 /opt/devkitPRO/devkitARM/bin/../lib/gcc/arm-none-eabi/4.7.1/../../../../arm-none-eabi/lib/thumb/libg.a(lib_a-freer.o)
 .comment       0x0000000000000000       0x23 /opt/devkitPRO/devkitARM/bin/../lib/gcc/arm-none-eabi/4.7.1/../../../../arm-none-eabi/lib/thumb/libg.a(lib_a-fvwrite.o)
 .comment       0x0000000000000000       0x23 /opt/devkitPRO/devkitARM/bin/../lib/gcc/arm-none-eabi/4.7.1/../../../../arm-none-eabi/lib/thumb/libg.a(lib_a-fwalk.o)
 .comment       0x0000000000000000       0x23 /opt/devkitPRO/devkitARM/bin/../lib/gcc/arm-none-eabi/4.7.1/../../../../arm-none-eabi/lib/thumb/libg.a(lib_a-iswspace.o)
 .comment       0x0000000000000000       0x23 /opt/devkitPRO/devkitARM/bin/../lib/gcc/arm-none-eabi/4.7.1/../../../../arm-none-eabi/lib/thumb/libg.a(lib_a-jp2uc.o)
 .comment       0x0000000000000000       0x23 /opt/devkitPRO/devkitARM/bin/../lib/gcc/arm-none-eabi/4.7.1/../../../../arm-none-eabi/lib/thumb/libg.a(lib_a-locale.o)
 .comment       0x0000000000000000       0x23 /opt/devkitPRO/devkitARM/bin/../lib/gcc/arm-none-eabi/4.7.1/../../../../arm-none-eabi/lib/thumb/libg.a(lib_a-makebuf.o)
 .comment       0x0000000000000000       0x23 /opt/devkitPRO/devkitARM/bin/../lib/gcc/arm-none-eabi/4.7.1/../../../../arm-none-eabi/lib/thumb/libg.a(lib_a-mbrtowc.o)
 .comment       0x0000000000000000       0x23 /opt/devkitPRO/devkitARM/bin/../lib/gcc/arm-none-eabi/4.7.1/../../../../arm-none-eabi/lib/thumb/libg.a(lib_a-mbtowc_r.o)
 .comment       0x0000000000000000       0x23 /opt/devkitPRO/devkitARM/bin/../lib/gcc/arm-none-eabi/4.7.1/../../../../arm-none-eabi/lib/thumb/libg.a(lib_a-memchr-stub.o)
 .comment       0x0000000000000000       0x23 /opt/devkitPRO/devkitARM/bin/../lib/gcc/arm-none-eabi/4.7.1/../../../../arm-none-eabi/lib/thumb/libg.a(lib_a-memmove.o)
 .comment       0x0000000000000000       0x23 /opt/devkitPRO/devkitARM/bin/../lib/gcc/arm-none-eabi/4.7.1/../../../../arm-none-eabi/lib/thumb/libg.a(lib_a-memset.o)
 .comment       0x0000000000000000       0x23 /opt/devkitPRO/devkitARM/bin/../lib/gcc/arm-none-eabi/4.7.1/../../../../arm-none-eabi/lib/thumb/libg.a(lib_a-reallocr.o)
 .comment       0x0000000000000000       0x23 /opt/devkitPRO/devkitARM/bin/../lib/gcc/arm-none-eabi/4.7.1/../../../../arm-none-eabi/lib/thumb/libg.a(lib_a-sccl.o)
 .comment       0x0000000000000000       0x23 /opt/devkitPRO/devkitARM/bin/../lib/gcc/arm-none-eabi/4.7.1/../../../../arm-none-eabi/lib/thumb/libg.a(lib_a-strcasecmp.o)
 .comment       0x0000000000000000       0x23 /opt/devkitPRO/devkitARM/bin/../lib/gcc/arm-none-eabi/4.7.1/../../../../arm-none-eabi/lib/thumb/libg.a(lib_a-strcat.o)
 .comment       0x0000000000000000       0x23 /opt/devkitPRO/devkitARM/bin/../lib/gcc/arm-none-eabi/4.7.1/../../../../arm-none-eabi/lib/thumb/libg.a(lib_a-strchr.o)
 .comment       0x0000000000000000       0x23 /opt/devkitPRO/devkitARM/bin/../lib/gcc/arm-none-eabi/4.7.1/../../../../arm-none-eabi/lib/thumb/libg.a(lib_a-strcmp.o)
 .comment       0x0000000000000000       0x23 /opt/devkitPRO/devkitARM/bin/../lib/gcc/arm-none-eabi/4.7.1/../../../../arm-none-eabi/lib/thumb/libg.a(lib_a-strcpy.o)
 .comment       0x0000000000000000       0x23 /opt/devkitPRO/devkitARM/bin/../lib/gcc/arm-none-eabi/4.7.1/../../../../arm-none-eabi/lib/thumb/libg.a(lib_a-strlcpy.o)
 .comment       0x0000000000000000       0x23 /opt/devkitPRO/devkitARM/bin/../lib/gcc/arm-none-eabi/4.7.1/../../../../arm-none-eabi/lib/thumb/libg.a(lib_a-strncasecmp.o)
 .comment       0x0000000000000000       0x23 /opt/devkitPRO/devkitARM/bin/../lib/gcc/arm-none-eabi/4.7.1/../../../../arm-none-eabi/lib/thumb/libg.a(lib_a-strncmp.o)
 .comment       0x0000000000000000       0x23 /opt/devkitPRO/devkitARM/bin/../lib/gcc/arm-none-eabi/4.7.1/../../../../arm-none-eabi/lib/thumb/libg.a(lib_a-strncpy.o)
 .comment       0x0000000000000000       0x23 /opt/devkitPRO/devkitARM/bin/../lib/gcc/arm-none-eabi/4.7.1/../../../../arm-none-eabi/lib/thumb/libg.a(lib_a-strtoll_r.o)
 .comment       0x0000000000000000       0x23 /opt/devkitPRO/devkitARM/bin/../lib/gcc/arm-none-eabi/4.7.1/../../../../arm-none-eabi/lib/thumb/libg.a(lib_a-strtol.o)
 .comment       0x0000000000000000       0x23 /opt/devkitPRO/devkitARM/bin/../lib/gcc/arm-none-eabi/4.7.1/../../../../arm-none-eabi/lib/thumb/libg.a(lib_a-strtoull_r.o)
 .comment       0x0000000000000000       0x23 /opt/devkitPRO/devkitARM/bin/../lib/gcc/arm-none-eabi/4.7.1/../../../../arm-none-eabi/lib/thumb/libg.a(lib_a-strtoul.o)
 .comment       0x0000000000000000       0x23 /opt/devkitPRO/devkitARM/bin/../lib/gcc/arm-none-eabi/4.7.1/../../../../arm-none-eabi/lib/thumb/libg.a(lib_a-wbuf.o)
 .comment       0x0000000000000000       0x23 /opt/devkitPRO/devkitARM/bin/../lib/gcc/arm-none-eabi/4.7.1/../../../../arm-none-eabi/lib/thumb/libg.a(lib_a-wcsnrtombs.o)
 .comment       0x0000000000000000       0x23 /opt/devkitPRO/devkitARM/bin/../lib/gcc/arm-none-eabi/4.7.1/../../../../arm-none-eabi/lib/thumb/libg.a(lib_a-fclose.o)
 .comment       0x0000000000000000       0x23 /opt/devkitPRO/devkitARM/bin/../lib/gcc/arm-none-eabi/4.7.1/../../../../arm-none-eabi/lib/thumb/libg.a(lib_a-getenv_r.o)
 .comment       0x0000000000000000       0x23 /opt/devkitPRO/devkitARM/bin/../lib/gcc/arm-none-eabi/4.7.1/../../../../arm-none-eabi/lib/thumb/libg.a(lib_a-environ.o)
 .comment       0x0000000000000000       0x23 /opt/devkitPRO/devkitARM/bin/../lib/gcc/arm-none-eabi/4.7.1/../../../../arm-none-eabi/lib/thumb/libg.a(lib_a-envlock.o)
 .comment       0x0000000000000000       0x23 /opt/devkitPRO/devkitARM/bin/../lib/gcc/arm-none-eabi/4.7.1/../../../../arm-none-eabi/lib/thumb/libsysbase.a(iosupport.o)
 .comment       0x0000000000000000       0x23 /opt/devkitPRO/devkitARM/bin/../lib/gcc/arm-none-eabi/4.7.1/../../../../arm-none-eabi/lib/thumb/libsysbase.a(close.o)
 .comment       0x0000000000000000       0x23 /opt/devkitPRO/devkitARM/bin/../lib/gcc/arm-none-eabi/4.7.1/../../../../arm-none-eabi/lib/thumb/libsysbase.a(fstat.o)
 .comment       0x0000000000000000       0x23 /opt/devkitPRO/devkitARM/bin/../lib/gcc/arm-none-eabi/4.7.1/../../../../arm-none-eabi/lib/thumb/libsysbase.a(isatty.o)
 .comment       0x0000000000000000       0x23 /opt/devkitPRO/devkitARM/bin/../lib/gcc/arm-none-eabi/4.7.1/../../../../arm-none-eabi/lib/thumb/libsysbase.a(lseek.o)
 .comment       0x0000000000000000       0x23 /opt/devkitPRO/devkitARM/bin/../lib/gcc/arm-none-eabi/4.7.1/../../../../arm-none-eabi/lib/thumb/libsysbase.a(read.o)
 .comment       0x0000000000000000       0x23 /opt/devkitPRO/devkitARM/bin/../lib/gcc/arm-none-eabi/4.7.1/../../../../arm-none-eabi/lib/thumb/libsysbase.a(sbrk.o)
 .comment       0x0000000000000000       0x23 /opt/devkitPRO/devkitARM/bin/../lib/gcc/arm-none-eabi/4.7.1/../../../../arm-none-eabi/lib/thumb/libsysbase.a(times.o)
 .comment       0x0000000000000000       0x23 /opt/devkitPRO/devkitARM/bin/../lib/gcc/arm-none-eabi/4.7.1/../../../../arm-none-eabi/lib/thumb/libsysbase.a(write.o)
 .comment       0x0000000000000000       0x23 /opt/devkitPRO/devkitARM/bin/../lib/gcc/arm-none-eabi/4.7.1/../../../../arm-none-eabi/lib/thumb/libsysbase.a(malloc_vars.o)
 .comment       0x0000000000000000       0x23 /opt/devkitPRO/devkitARM/bin/../lib/gcc/arm-none-eabi/4.7.1/../../../../arm-none-eabi/lib/thumb/libsysbase.a(build_argv.o)
 .comment       0x0000000000000000       0x23 /opt/devkitPRO/devkitARM/bin/../lib/gcc/arm-none-eabi/4.7.1/../../../../arm-none-eabi/lib/thumb/libsysbase.a(syscall_support.o)
 .comment       0x0000000000000000       0x23 /opt/devkitPRO/devkitARM/bin/../lib/gcc/arm-none-eabi/4.7.1/../../../../arm-none-eabi/lib/thumb/libsysbase.a(handle_manager.o)
 .comment       0x0000000000000000       0x23 /opt/devkitPRO/devkitARM/bin/../lib/gcc/arm-none-eabi/4.7.1/thumb/libgcc.a(_muldi3.o)
 .comment       0x0000000000000000       0x23 /opt/devkitPRO/devkitARM/bin/../lib/gcc/arm-none-eabi/4.7.1/thumb/libgcc.a(bpabi.o)
 .comment       0x0000000000000000       0x23 /opt/devkitPRO/devkitARM/bin/../lib/gcc/arm-none-eabi/4.7.1/thumb/libgcc.a(_divdi3.o)
 .comment       0x0000000000000000       0x23 /opt/devkitPRO/devkitARM/bin/../lib/gcc/arm-none-eabi/4.7.1/thumb/libgcc.a(_udivdi3.o)
 .comment       0x0000000000000000       0x23 /opt/devkitPRO/devkitARM/bin/../lib/gcc/arm-none-eabi/4.7.1/../../../../arm-none-eabi/lib/thumb/libg.a(lib_a-errno.o)
 .comment       0x0000000000000000       0x23 /opt/devkitPRO/devkitARM/bin/../lib/gcc/arm-none-eabi/4.7.1/thumb/crtend.o

.ARM.attributes
                0x0000000000000000       0x2f
 .ARM.attributes
                0x0000000000000000       0x23 /opt/devkitPRO/devkitARM/bin/../lib/gcc/arm-none-eabi/4.7.1/../../../../arm-none-eabi/lib/thumb/ds_arm9_crt0.o
 .ARM.attributes
                0x0000000000000023       0x18 /opt/devkitPRO/devkitARM/bin/../lib/gcc/arm-none-eabi/4.7.1/thumb/crti.o
 .ARM.attributes
                0x000000000000003b       0x32 /opt/devkitPRO/devkitARM/bin/../lib/gcc/arm-none-eabi/4.7.1/thumb/crtbegin.o
 .ARM.attributes
                0x000000000000006d       0x29 main.o
 .ARM.attributes
                0x0000000000000096       0x1d test.o
 .ARM.attributes
                0x00000000000000b3       0x29 /opt/devkitPRO/libnds/lib/libnds9.a(console.o)
 .ARM.attributes
                0x00000000000000dc       0x29 /opt/devkitPRO/libnds/lib/libnds9.a(initSystem.o)
 .ARM.attributes
                0x0000000000000105       0x29 /opt/devkitPRO/libnds/lib/libnds9.a(fifosystem.o)
 .ARM.attributes
                0x000000000000012e       0x29 /opt/devkitPRO/libnds/lib/libnds9.a(interrupts.o)
 .ARM.attributes
                0x0000000000000157       0x29 /opt/devkitPRO/libnds/lib/libnds9.a(libnds_exit.arm.o)
 .ARM.attributes
                0x0000000000000180       0x23 /opt/devkitPRO/libnds/lib/libnds9.a(mpu_setup.o)
 .ARM.attributes
                0x00000000000001a3       0x1d /opt/devkitPRO/libnds/lib/libnds9.a(biosCalls.o)
 .ARM.attributes
                0x00000000000001c0       0x1d /opt/devkitPRO/libnds/lib/libnds9.a(debugprint.o)
 .ARM.attributes
                0x00000000000001dd       0x1d /opt/devkitPRO/libnds/lib/libnds9.a(interruptDispatcher.o)
 .ARM.attributes
                0x00000000000001fa       0x23 /opt/devkitPRO/libnds/lib/libnds9.a(swiSoftReset.o)
 .ARM.attributes
                0x000000000000021d       0x16 /opt/devkitPRO/libnds/lib/libnds9.a(default_font.bin.o)
 .ARM.attributes
                0x0000000000000233       0x29 /opt/devkitPRO/libnds/lib/libnds9.a(background.o)
 .ARM.attributes
                0x000000000000025c       0x29 /opt/devkitPRO/libnds/lib/libnds9.a(system.o)
 .ARM.attributes
                0x0000000000000285       0x29 /opt/devkitPRO/libnds/lib/libnds9.a(trig.o)
 .ARM.attributes
                0x00000000000002ae       0x29 /opt/devkitPRO/libnds/lib/libnds9.a(video.o)
 .ARM.attributes