Archive member included because of file (symbol)

c:/devkitPro/libnds/lib\libnds9.a(console.o)
                              main.o (consoleDemoInit)
c:/devkitPro/libnds/lib\libnds9.a(initSystem.o)
                              c:/devkitpro/devkitarm/bin/../lib/gcc/arm-eabi/4.6.1/../../../../arm-eabi/lib/thumb/ds_arm9_crt0.o (initSystem)
c:/devkitPro/libnds/lib\libnds9.a(fifosystem.o)
                              c:/devkitPro/libnds/lib\libnds9.a(initSystem.o) (fifoSendValue32)
c:/devkitPro/libnds/lib\libnds9.a(interrupts.o)
                              c:/devkitPro/libnds/lib\libnds9.a(fifosystem.o) (irqSet)
c:/devkitPro/libnds/lib\libnds9.a(libnds_exit.o)
                              c:/devkitpro/devkitarm/bin/../lib/gcc/arm-eabi/4.6.1/../../../../arm-eabi/lib/thumb/ds_arm9_crt0.o (__libnds_exit)
c:/devkitPro/libnds/lib\libnds9.a(mpu_setup.o)
                              c:/devkitpro/devkitarm/bin/../lib/gcc/arm-eabi/4.6.1/../../../../arm-eabi/lib/thumb/ds_arm9_crt0.o (__libnds_mpu_setup)
c:/devkitPro/libnds/lib\libnds9.a(biosCalls.o)
                              c:/devkitPro/libnds/lib\libnds9.a(fifosystem.o) (swiIntrWait)
c:/devkitPro/libnds/lib\libnds9.a(debugprint.o)
                              c:/devkitPro/libnds/lib\libnds9.a(console.o) (nocashWrite)
c:/devkitPro/libnds/lib\libnds9.a(interruptDispatcher.o)
                              c:/devkitPro/libnds/lib\libnds9.a(interrupts.o) (IntrMain)
c:/devkitPro/libnds/lib\libnds9.a(swiSoftReset.o)
                              c:/devkitPro/libnds/lib\libnds9.a(fifosystem.o) (swiSoftReset)
c:/devkitPro/libnds/lib\libnds9.a(default_font.bin.o)
                              c:/devkitPro/libnds/lib\libnds9.a(console.o) (default_font_bin)
c:/devkitPro/libnds/lib\libnds9.a(background.o)
                              c:/devkitPro/libnds/lib\libnds9.a(console.o) (bgState)
c:/devkitPro/libnds/lib\libnds9.a(system.o)
                              c:/devkitPro/libnds/lib\libnds9.a(initSystem.o) (systemMsgHandler)
c:/devkitPro/libnds/lib\libnds9.a(trig.o)
                              c:/devkitPro/libnds/lib\libnds9.a(background.o) (sinLerp)
c:/devkitPro/libnds/lib\libnds9.a(video.o)
                              c:/devkitPro/libnds/lib\libnds9.a(initSystem.o) (vramDefault)
d:/Dropbox/studia/informatyka/magisterka/code/phase01/sandbox/lib\liblibs.a(basic_lib.o)
                              test.o (print_int)
c:/devkitpro/devkitarm/bin/../lib/gcc/arm-eabi/4.6.1/thumb\libgcc.a(_divsi3.o)
                              c:/devkitPro/libnds/lib\libnds9.a(console.o) (__aeabi_idivmod)
c:/devkitpro/devkitarm/bin/../lib/gcc/arm-eabi/4.6.1/thumb\libgcc.a(_dvmd_tls.o)
                              c:/devkitpro/devkitarm/bin/../lib/gcc/arm-eabi/4.6.1/thumb\libgcc.a(_divsi3.o) (__aeabi_idiv0)
c:/devkitpro/devkitarm/bin/../lib/gcc/arm-eabi/4.6.1/../../../../arm-eabi/lib/thumb\libg.a(lib_a-bsearch.o)
                              c:/devkitPro/libnds/lib\libnds9.a(trig.o) (bsearch)
c:/devkitpro/devkitarm/bin/../lib/gcc/arm-eabi/4.6.1/../../../../arm-eabi/lib/thumb\libg.a(lib_a-impure.o)
                              c:/devkitPro/libnds/lib\libnds9.a(console.o) (_impure_ptr)
c:/devkitpro/devkitarm/bin/../lib/gcc/arm-eabi/4.6.1/../../../../arm-eabi/lib/thumb\libg.a(lib_a-init.o)
                              c:/devkitpro/devkitarm/bin/../lib/gcc/arm-eabi/4.6.1/../../../../arm-eabi/lib/thumb/ds_arm9_crt0.o (__libc_init_array)
c:/devkitpro/devkitarm/bin/../lib/gcc/arm-eabi/4.6.1/../../../../arm-eabi/lib/thumb\libg.a(lib_a-iprintf.o)
                              main.o (iprintf)
c:/devkitpro/devkitarm/bin/../lib/gcc/arm-eabi/4.6.1/../../../../arm-eabi/lib/thumb\libg.a(lib_a-memcpy.o)
                              c:/devkitPro/libnds/lib\libnds9.a(console.o) (memcpy)
c:/devkitpro/devkitarm/bin/../lib/gcc/arm-eabi/4.6.1/../../../../arm-eabi/lib/thumb\libg.a(lib_a-setvbuf.o)
                              c:/devkitPro/libnds/lib\libnds9.a(console.o) (setvbuf)
c:/devkitpro/devkitarm/bin/../lib/gcc/arm-eabi/4.6.1/../../../../arm-eabi/lib/thumb\libg.a(lib_a-siscanf.o)
                              c:/devkitPro/libnds/lib\libnds9.a(console.o) (siscanf)
c:/devkitpro/devkitarm/bin/../lib/gcc/arm-eabi/4.6.1/../../../../arm-eabi/lib/thumb\libg.a(lib_a-stdio.o)
                              c:/devkitpro/devkitarm/bin/../lib/gcc/arm-eabi/4.6.1/../../../../arm-eabi/lib/thumb\libg.a(lib_a-siscanf.o) (__seofread)
c:/devkitpro/devkitarm/bin/../lib/gcc/arm-eabi/4.6.1/../../../../arm-eabi/lib/thumb\libg.a(lib_a-strlen.o)
                              c:/devkitpro/devkitarm/bin/../lib/gcc/arm-eabi/4.6.1/../../../../arm-eabi/lib/thumb\libg.a(lib_a-siscanf.o) (strlen)
c:/devkitpro/devkitarm/bin/../lib/gcc/arm-eabi/4.6.1/../../../../arm-eabi/lib/thumb\libg.a(lib_a-svfiscanf.o)
                              c:/devkitpro/devkitarm/bin/../lib/gcc/arm-eabi/4.6.1/../../../../arm-eabi/lib/thumb\libg.a(lib_a-siscanf.o) (__ssvfiscanf_r)
[...]
Memory Configuration

Name             Origin             Length             Attributes
rom              0x08000000         0x02000000
ewram            0x02000000         0x003ff000
dtcm             0x0b000000         0x00004000
vectors          0x01000000         0x00000100
itcm             0x01000100         0x00007f00
*default*        0x00000000         0xffffffff

Linker script and memory map

                0x01000000                __vectors_start = ORIGIN (vectors)
                0x01000100                __itcm_start = ORIGIN (itcm)
                0x023ff000                __ewram_end = (ORIGIN (ewram) + 0x3ff000)
                0x023ff000                __eheap_end = (ORIGIN (ewram) + 0x3ff000)
                0x0b000000                __dtcm_start = ORIGIN (dtcm)
                0x0b004000                __dtcm_top = (ORIGIN (dtcm) + 0x4000)
                0x0b003ff8                __irq_flags = (__dtcm_top - 0x8)
                0x0b003ffc                __irq_vector = (__dtcm_top - 0x4)
                0x0b003f00                __sp_svc = (__dtcm_top - 0x100)
                0x0b003e00                __sp_irq = (__sp_svc - 0x100)
                0x0b003d00                __sp_usr = (__sp_irq - 0x100)

.init           0x02000000      0x23c
                0x02000000                __text_start = .
 *(.init)
 .init          0x02000000      0x230 c:/devkitpro/devkitarm/bin/../lib/gcc/arm-eabi/4.6.1/../../../../arm-eabi/lib/thumb/ds_arm9_crt0.o
                0x02000000                _start
 .init          0x02000230        0x4 c:/devkitpro/devkitarm/bin/../lib/gcc/arm-eabi/4.6.1/thumb/crti.o
                0x02000230                _init
 .init          0x02000234        0x8 c:/devkitpro/devkitarm/bin/../lib/gcc/arm-eabi/4.6.1/thumb/crtn.o
                0x0200023c                . = ALIGN (0x4)

.plt
 *(.plt)

.text           0x02000240     0x9cf0
 *(EXCLUDE_FILE(*.itcm*) .text)
 .text          0x02000240        0x0 c:/devkitpro/devkitarm/bin/../lib/gcc/arm-eabi/4.6.1/../../../../arm-eabi/lib/thumb/ds_arm9_crt0.o
 .text          0x02000240        0x0 c:/devkitpro/devkitarm/bin/../lib/gcc/arm-eabi/4.6.1/thumb/crti.o
 .text          0x02000240       0x6c c:/devkitpro/devkitarm/bin/../lib/gcc/arm-eabi/4.6.1/thumb/crtbegin.o
 .text          0x020002ac        0x0 main.o
 .text          0x020002ac      0xbc8 test.o
                0x020002ac                scheme_entry
 .text          0x02000e74      0xa34 c:/devkitPro/libnds/lib\libnds9.a(console.o)
                0x02000e74                nocash_write
                0x02000f34                consoleGetDefault
                0x02000f40                consoleSelect
                0x02000f50                consoleDebugInit
                0x02000fa0                consolePrintChar
                0x02001154                consoleLoadFont
                0x020013ec                consoleSetFont
                0x0200140c                consoleInit
                0x02001570                consoleDemoInit
                0x020015b4                con_write
                0x02001874                consoleClear
                0x02001884                consoleSetWindow
 .text          0x020018a8      0x19c c:/devkitPro/libnds/lib\libnds9.a(initSystem.o)
                0x020018a8                initSystem
 .text          0x02001a44      0xc8c c:/devkitPro/libnds/lib\libnds9.a(fifosystem.o)
                0x02001ca4                fifoSendAddress
                0x02001cd0                fifoSendValue32
                0x02001d10                fifoSendDatamsg
                0x02001d80                fifoGetAddress
                0x02001df4                fifoSetAddressHandler
                0x02001e68                fifoGetValue32
                0x02001edc                fifoSetValue32Handler
                0x02001f50                fifoGetDatamsg
                0x020023f8                fifoSetDatamsgHandler
                0x02002490                fifoCheckAddress
                0x020024b4                fifoCheckDatamsg
                0x020024d8                fifoCheckValue32
                0x020024fc                fifoInit
 .text          0x020026d0      0x1f4 c:/devkitPro/libnds/lib\libnds9.a(interrupts.o)
                0x020026d0                irqDummy
                0x020026d4                irqSet
                0x02002744                irqInit
                0x02002790                irqInitHandler
                0x020027c0                irqEnable
                0x02002824                irqDisable
                0x02002888                irqClear
 .text          0x020028c4       0x40 c:/devkitPro/libnds/lib\libnds9.a(libnds_exit.o)
                0x020028c4                systemErrorExit
                0x020028c8                __libnds_exit
 .text          0x02002904      0x1b4 c:/devkitPro/libnds/lib\libnds9.a(mpu_setup.o)
                0x02002904                __libnds_mpu_setup
                0x02002a44                memCached
                0x02002a5c                memUncached
 *fill*         0x02002ab8        0x8 ff
 .text          0x02002ac0       0x70 c:/devkitPro/libnds/lib\libnds9.a(biosCalls.o)
                0x02002ac0                swiDelay
                0x02002ac4                swiIntrWait
                0x02002ac8                swiWaitForVBlank
                0x02002acc                swiSleep
                0x02002ad0                swiChangeSoundBias
                0x02002ad4                swiDivide
                0x02002ad8                swiRemainder
                0x02002ade                swiDivMod
                0x02002aea                swiCopy
                0x02002aee                swiFastCopy
                0x02002af2                swiSqrt
                0x02002af6                swiCRC16
                0x02002afa                swiIsDebugger
                0x02002afe                swiUnpackBits
                0x02002b02                swiDecompressLZSSWram
                0x02002b06                swiDecompressLZSSVramNTR
                0x02002b0a                swiDecompressLZSSVramTWL
                0x02002b0e                swiDecompressHuffman
                0x02002b12                swiDecompressRLEWram
                0x02002b16                swiDecompressRLEVram
                0x02002b1a                swiWaitForIRQ
                0x02002b1e                swiDecodeDelta8
                0x02002b22                swiDecodeDelta16
                0x02002b26                swiSetHaltCR
 .text          0x02002b30       0xa4 c:/devkitPro/libnds/lib\libnds9.a(debugprint.o)
                0x02002b30                nocashWrite
                0x02002b32                nocashMessage
 .text          0x02002bd4        0x0 c:/devkitPro/libnds/lib\libnds9.a(interruptDispatcher.o)
 *fill*         0x02002bd4        0xc ff
 .text          0x02002be0       0x30 c:/devkitPro/libnds/lib\libnds9.a(swiSoftReset.o)
                0x02002be0                swiSoftReset
 .text          0x02002c10        0x0 c:/devkitPro/libnds/lib\libnds9.a(default_font.bin.o)
 .text          0x02002c10      0x314 c:/devkitPro/libnds/lib\libnds9.a(background.o)
                0x02002c10                bgIsText
                0x02002c1c                checkIfText
                0x02002c7c                bgUpdate
                0x02002d8c                bgInit_call
                0x02002e50                bgInitSub_call
 .text          0x02002f24       0xf0 c:/devkitPro/libnds/lib\libnds9.a(system.o)
                0x02002f24                systemMsgHandler
                0x02002f68                systemSleep
                0x02002f80                powerValueHandler
                0x02002f90                powerOn
                0x02002fbc                powerOff
                0x02002fe4                ledBlink
                0x02002ff4                getBatteryLevel
 .text          0x02003014      0x248 c:/devkitPro/libnds/lib\libnds9.a(trig.o)
                0x02003014                asinComp
                0x02003038                sinLutLookup
                0x02003074                sinLerp
                0x020030ac                cosLerp
                0x020030c0                tanLutLookup
                0x020030f8                tanLerp
                0x020031a8                asinLerp
                0x02003224                acosLerp
                0x02003238                atanComp
 .text          0x0200325c      0x1f8 c:/devkitPro/libnds/lib\libnds9.a(video.o)
                0x0200325c                vramSetPrimaryBanks
                0x020032a0                vramSetMainBanks
                0x020032e4                vramSetBanks_EFG
                0x0200331c                vramRestorePrimaryBanks
                0x02003328                vramRestoreMainBanks
                0x02003334                vramRestoreBanks_EFG
                0x02003340                setBrightness
                0x02003380                vramDefault
 .text          0x02003454       0x30 d:/Dropbox/studia/informatyka/magisterka/code/phase01/sandbox/lib\liblibs.a(basic_lib.o)
                0x02003454                print_int
                0x02003464                print_bool
 .text          0x02003484      0x150 c:/devkitpro/devkitarm/bin/../lib/gcc/arm-eabi/4.6.1/thumb\libgcc.a(_divsi3.o)
                0x02003484                __divsi3
                0x02003484                __aeabi_idiv
                0x020035b4                __aeabi_idivmod
 .text          0x020035d4        0x4 c:/devkitpro/devkitarm/bin/../lib/gcc/arm-eabi/4.6.1/thumb\libgcc.a(_dvmd_tls.o)
                0x020035d4                __aeabi_idiv0
                0x020035d4                __aeabi_ldiv0
 .text          0x020035d8       0x64 c:/devkitpro/devkitarm/bin/../lib/gcc/arm-eabi/4.6.1/../../../../arm-eabi/lib/thumb\libg.a(lib_a-bsearch.o)
                0x020035d8                bsearch
 .text          0x0200363c        0x0 c:/devkitpro/devkitarm/bin/../lib/gcc/arm-eabi/4.6.1/../../../../arm-eabi/lib/thumb\libg.a(lib_a-impure.o)
 .text          0x0200363c       0x50 c:/devkitpro/devkitarm/bin/../lib/gcc/arm-eabi/4.6.1/../../../../arm-eabi/lib/thumb\libg.a(lib_a-init.o)
                0x0200363c                __libc_init_array
 .text          0x0200368c       0x40 c:/devkitpro/devkitarm/bin/../lib/gcc/arm-eabi/4.6.1/../../../../arm-eabi/lib/thumb\libg.a(lib_a-iprintf.o)
                0x0200368c                iprintf
                0x020036b0                _iprintf_r
 .text          0x020036cc       0x80 c:/devkitpro/devkitarm/bin/../lib/gcc/arm-eabi/4.6.1/../../../../arm-eabi/lib/thumb\libg.a(lib_a-memcpy.o)
                0x020036cc                memcpy
 .text          0x0200374c      0x118 c:/devkitpro/devkitarm/bin/../lib/gcc/arm-eabi/4.6.1/../../../../arm-eabi/lib/thumb\libg.a(lib_a-setvbuf.o)
                0x0200374c                setvbuf
 .text          0x02003864       0xa0 c:/devkitpro/devkitarm/bin/../lib/gcc/arm-eabi/4.6.1/../../../../arm-eabi/lib/thumb\libg.a(lib_a-siscanf.o)
                0x02003864                siscanf
                0x020038b4                _siscanf_r
 .text          0x02003904       0xac c:/devkitpro/devkitarm/bin/../lib/gcc/arm-eabi/4.6.1/../../../../arm-eabi/lib/thumb\libg.a(lib_a-stdio.o)
                0x02003904                __sread
                0x02003930                __seofread
                0x02003934                __swrite
                0x02003970                __sseek
                0x020039a0                __sclose
 .text          0x020039b0       0x10 c:/devkitpro/devkitarm/bin/../lib/gcc/arm-eabi/4.6.1/../../../../arm-eabi/lib/thumb\libg.a(lib_a-strlen.o)
                0x020039b0                strlen
 .text          0x020039c0      0xab0 c:/devkitpro/devkitarm/bin/../lib/gcc/arm-eabi/4.6.1/../../../../arm-eabi/lib/thumb\libg.a(lib_a-svfiscanf.o)
                0x020039c0                _sungetc_r
                0x02003a48                __ssrefill_r
                0x02003a8c                _sfread_r
                0x02003b18                __ssvfiscanf_r
 .text          0x02004470      0x180 c:/devkitpro/devkitarm/bin/../lib/gcc/arm-eabi/4.6.1/../../../../arm-eabi/lib/thumb\libg.a(lib_a-ungetc.o)
                0x02004470                __submore
                0x020044f8                _ungetc_r
                0x020045d4                ungetc
 .text          0x020045f0      0xea8 c:/devkitpro/devkitarm/bin/../lib/gcc/arm-eabi/4.6.1/../../../../arm-eabi/lib/thumb\libg.a(lib_a-vfiprintf.o)
                0x020045f0                __sprint_r
                0x02004674                _vfiprintf_r
                0x02005474                vfiprintf
 .text          0x02005498       0xdc c:/devkitpro/devkitarm/bin/../lib/gcc/arm-eabi/4.6.1/../../../../arm-eabi/lib/thumb\libg.a(lib_a-wcrtomb.o)
                0x02005498                _wcrtomb_r
                0x020054fc                wcrtomb
 .text          0x02005574       0x40 c:/devkitpro/devkitarm/bin/../lib/gcc/arm-eabi/4.6.1/../../../../arm-eabi/lib/thumb\libg.a(lib_a-wcsrtombs.o)
                0x02005574                _wcsrtombs_r
                0x0200558c                wcsrtombs
 .text          0x020055b4      0x27c c:/devkitpro/devkitarm/bin/../lib/gcc/arm-eabi/4.6.1/../../../../arm-eabi/lib/thumb\libg.a(lib_a-wctomb_r.o)
                0x020055b4                __utf8_wctomb
                0x02005674                _wctomb_r
                0x020056ac                __ascii_wctomb
                0x020056cc                __sjis_wctomb
                0x02005738                __eucjp_wctomb
                0x020057b4                __jis_wctomb
 .text          0x02005830       0xbc c:/devkitpro/devkitarm/bin/../lib/gcc/arm-eabi/4.6.1/../../../../arm-eabi/lib/thumb\libg.a(lib_a-wsetup.o)
                0x02005830                __swsetup_r
 .text          0x020058ec       0x10 c:/devkitpro/devkitarm/bin/../lib/gcc/arm-eabi/4.6.1/../../../../arm-eabi/lib/thumb\libg.a(lib_a-ctype_.o)
                0x020058ec                __set_ctype
 .text          0x020058fc      0x18c c:/devkitpro/devkitarm/bin/../lib/gcc/arm-eabi/4.6.1/../../../../arm-eabi/lib/thumb\libg.a(lib_a-fflush.o)
                0x020058fc                _fflush_r
                0x02005a58                fflush
 .text          0x02005a88      0x1ec c:/devkitpro/devkitarm/bin/../lib/gcc/arm-eabi/4.6.1/../../../../arm-eabi/lib/thumb\libg.a(lib_a-findfp.o)
                0x02005a90                _cleanup_r
                0x02005af0                __sfmoreglue
                0x02005b20                _cleanup
                0x02005b34                __sinit
                0x02005b88                __sfp
                0x02005c2c                __sfp_lock_acquire
                0x02005c30                __sfp_lock_release
                0x02005c34                __sinit_lock_acquire
                0x02005c38                __sinit_lock_release
                0x02005c3c                __fp_lock_all
                0x02005c58                __fp_unlock_all
 .text          0x02005c74      0x108 c:/devkitpro/devkitarm/bin/../lib/gcc/arm-eabi/4.6.1/../../../../arm-eabi/lib/thumb\libg.a(lib_a-fputwc.o)
                0x02005c74                _fputwc_r
                0x02005d50                fputwc
 .text          0x02005d7c      0x248 c:/devkitpro/devkitarm/bin/../lib/gcc/arm-eabi/4.6.1/../../../../arm-eabi/lib/thumb\libg.a(lib_a-freer.o)
                0x02005d7c                _malloc_trim_r
                0x02005e28                _free_r
 .text          0x02005fc4      0x31c c:/devkitpro/devkitarm/bin/../lib/gcc/arm-eabi/4.6.1/../../../../arm-eabi/lib/thumb\libg.a(lib_a-fvwrite.o)
                0x02005fc4                __sfvwrite_r
 .text          0x020062e0       0xc4 c:/devkitpro/devkitarm/bin/../lib/gcc/arm-eabi/4.6.1/../../../../arm-eabi/lib/thumb\libg.a(lib_a-fwalk.o)
                0x020062e0                _fwalk
                0x0200633c                _fwalk_reent
 .text          0x020063a4       0x84 c:/devkitpro/devkitarm/bin/../lib/gcc/arm-eabi/4.6.1/../../../../arm-eabi/lib/thumb\libg.a(lib_a-iswspace.o)
                0x020063a4                iswspace
 .text          0x02006428      0x1f4 c:/devkitpro/devkitarm/bin/../lib/gcc/arm-eabi/4.6.1/../../../../arm-eabi/lib/thumb\libg.a(lib_a-jp2uc.o)
                0x020065b8                _jp2uc
 .text          0x0200661c      0x938 c:/devkitpro/devkitarm/bin/../lib/gcc/arm-eabi/4.6.1/../../../../arm-eabi/lib/thumb\libg.a(lib_a-locale.o)
                0x02006cd8                _setlocale_r
                0x02006ef4                __locale_charset
                0x02006efc                __locale_mb_cur_max
                0x02006f08                __locale_msgcharset
                0x02006f14                __locale_cjk_lang
                0x02006f20                _localeconv_r
                0x02006f2c                setlocale
                0x02006f48                localeconv
 .text          0x02006f54       0xe4 c:/devkitpro/devkitarm/bin/../lib/gcc/arm-eabi/4.6.1/../../../../arm-eabi/lib/thumb\libg.a(lib_a-makebuf.o)
                0x02006f54                __smakebuf_r
 .text          0x02007038       0x30 c:/devkitpro/devkitarm/bin/../lib/gcc/arm-eabi/4.6.1/../../../../arm-eabi/lib/thumb\libg.a(lib_a-malloc.o)
                0x02007038                malloc
                0x02007050                free
 .text          0x02007068      0x514 c:/devkitpro/devkitarm/bin/../lib/gcc/arm-eabi/4.6.1/../../../../arm-eabi/lib/thumb\libg.a(lib_a-mallocr.o)
                0x02007068                _malloc_r
 .text          0x0200757c       0xfc c:/devkitpro/devkitarm/bin/../lib/gcc/arm-eabi/4.6.1/../../../../arm-eabi/lib/thumb\libg.a(lib_a-mbrtowc.o)
                0x0200757c                _mbrtowc_r
                0x020075f0                mbrtowc
 .text          0x02007678      0x5f8 c:/devkitpro/devkitarm/bin/../lib/gcc/arm-eabi/4.6.1/../../../../arm-eabi/lib/thumb\libg.a(lib_a-mbtowc_r.o)
                0x02007678                __utf8_mbtowc
                0x02007940                _mbtowc_r
                0x0200797c                __ascii_mbtowc
                0x020079a8                __sjis_mbtowc
                0x02007a64                __eucjp_mbtowc
                0x02007b44                __jis_mbtowc
 .text          0x02007c70       0x94 c:/devkitpro/devkitarm/bin/../lib/gcc/arm-eabi/4.6.1/../../../../arm-eabi/lib/thumb\libg.a(lib_a-memchr.o)
                0x02007c70                memchr
 .text          0x02007d04       0xa8 c:/devkitpro/devkitarm/bin/../lib/gcc/arm-eabi/4.6.1/../../../../arm-eabi/lib/thumb\libg.a(lib_a-memmove.o)
                0x02007d04                memmove
 .text          0x02007dac       0x98 c:/devkitpro/devkitarm/bin/../lib/gcc/arm-eabi/4.6.1/../../../../arm-eabi/lib/thumb\libg.a(lib_a-memset.o)
                0x02007dac                memset
 .text          0x02007e44        0x8 c:/devkitpro/devkitarm/bin/../lib/gcc/arm-eabi/4.6.1/../../../../arm-eabi/lib/thumb\libg.a(lib_a-mlock.o)
                0x02007e44                __malloc_lock
                0x02007e48                __malloc_unlock
 .text          0x02007e4c      0x3c4 c:/devkitpro/devkitarm/bin/../lib/gcc/arm-eabi/4.6.1/../../../../arm-eabi/lib/thumb\libg.a(lib_a-reallocr.o)
                0x02007e4c                _realloc_r
 .text          0x02008210       0x7c c:/devkitpro/devkitarm/bin/../lib/gcc/arm-eabi/4.6.1/../../../../arm-eabi/lib/thumb\libg.a(lib_a-sccl.o)
                0x02008210                __sccl
 .text          0x0200828c       0x50 c:/devkitpro/devkitarm/bin/../lib/gcc/arm-eabi/4.6.1/../../../../arm-eabi/lib/thumb\libg.a(lib_a-strcasecmp.o)
                0x0200828c                strcasecmp
 .text          0x020082dc       0x58 c:/devkitpro/devkitarm/bin/../lib/gcc/arm-eabi/4.6.1/../../../../arm-eabi/lib/thumb\libg.a(lib_a-strcat.o)
                0x020082dc                strcat
 .text          0x02008334       0xe4 c:/devkitpro/devkitarm/bin/../lib/gcc/arm-eabi/4.6.1/../../../../arm-eabi/lib/thumb\libg.a(lib_a-strchr.o)
                0x02008334                strchr
 .text          0x02008418       0x14 c:/devkitpro/devkitarm/bin/../lib/gcc/arm-eabi/4.6.1/../../../../arm-eabi/lib/thumb\libg.a(lib_a-strcmp.o)
                0x02008418                strcmp
 .text          0x0200842c       0x10 c:/devkitpro/devkitarm/bin/../lib/gcc/arm-eabi/4.6.1/../../../../arm-eabi/lib/thumb\libg.a(lib_a-strcpy.o)
                0x0200842c                strcpy
 .text          0x0200843c       0x4c c:/devkitpro/devkitarm/bin/../lib/gcc/arm-eabi/4.6.1/../../../../arm-eabi/lib/thumb\libg.a(lib_a-strlcpy.o)
                0x0200843c                strlcpy
 .text          0x02008488       0x60 c:/devkitpro/devkitarm/bin/../lib/gcc/arm-eabi/4.6.1/../../../../arm-eabi/lib/thumb\libg.a(lib_a-strncasecmp.o)
                0x02008488                strncasecmp
 .text          0x020084e8       0xc0 c:/devkitpro/devkitarm/bin/../lib/gcc/arm-eabi/4.6.1/../../../../arm-eabi/lib/thumb\libg.a(lib_a-strncmp.o)
                0x020084e8                strncmp
 .text          0x020085a8       0x78 c:/devkitpro/devkitarm/bin/../lib/gcc/arm-eabi/4.6.1/../../../../arm-eabi/lib/thumb\libg.a(lib_a-strncpy.o)
                0x020085a8                strncpy
 .text          0x02008620      0x184 c:/devkitpro/devkitarm/bin/../lib/gcc/arm-eabi/4.6.1/../../../../arm-eabi/lib/thumb\libg.a(lib_a-strtol.o)
                0x02008620                _strtol_r
                0x02008784                strtol
 *fill*         0x020087a4        0x4 ff
 .text          0x020087a8      0x210 c:/devkitpro/devkitarm/bin/../lib/gcc/arm-eabi/4.6.1/../../../../arm-eabi/lib/thumb\libg.a(lib_a-strtoll_r.o)
                0x020087a8                _strtoll_r
 .text          0x020089b8      0x198 c:/devkitpro/devkitarm/bin/../lib/gcc/arm-eabi/4.6.1/../../../../arm-eabi/lib/thumb\libg.a(lib_a-strtoul.o)
                0x020089b8                _strtoul_r
                0x02008b30                strtoul
 .text          0x02008b50      0x220 c:/devkitpro/devkitarm/bin/../lib/gcc/arm-eabi/4.6.1/../../../../arm-eabi/lib/thumb\libg.a(lib_a-strtoull_r.o)
                0x02008b50                _strtoull_r
 .text          0x02008d70       0xe4 c:/devkitpro/devkitarm/bin/../lib/gcc/arm-eabi/4.6.1/../../../../arm-eabi/lib/thumb\libg.a(lib_a-wbuf.o)
                0x02008d70                __swbuf_r
                0x02008e38                __swbuf
 .text          0x02008e54      0x13c c:/devkitpro/devkitarm/bin/../lib/gcc/arm-eabi/4.6.1/../../../../arm-eabi/lib/thumb\libg.a(lib_a-wcsnrtombs.o)
                0x02008e54                _wcsnrtombs_r
                0x02008f60                wcsnrtombs
 .text          0x02008f90       0xc0 c:/devkitpro/devkitarm/bin/../lib/gcc/arm-eabi/4.6.1/../../../../arm-eabi/lib/thumb\libg.a(lib_a-fclose.o)
                0x02008f90                _fclose_r
                0x02009034                fclose
 .text          0x02009050       0xa8 c:/devkitpro/devkitarm/bin/../lib/gcc/arm-eabi/4.6.1/../../../../arm-eabi/lib/thumb\libg.a(lib_a-getenv_r.o)
                0x02009050                _findenv_r
                0x020090e8                _getenv_r
 .text          0x020090f8        0x0 c:/devkitpro/devkitarm/bin/../lib/gcc/arm-eabi/4.6.1/../../../../arm-eabi/lib/thumb\libg.a(lib_a-environ.o)
 .text          0x020090f8        0x8 c:/devkitpro/devkitarm/bin/../lib/gcc/arm-eabi/4.6.1/../../../../arm-eabi/lib/thumb\libg.a(lib_a-envlock.o)
                0x020090f8                __env_lock
                0x020090fc                __env_unlock
 .text          0x02009100      0x144 c:/devkitpro/devkitarm/bin/../lib/gcc/arm-eabi/4.6.1/../../../../arm-eabi/lib/thumb\libsysbase.a(iosupport.o)
                0x02009100                setDefaultDevice
                0x02009114                FindDevice
                0x02009184                RemoveDevice
                0x020091a8                AddDevice
                0x02009224                GetDeviceOpTab
 .text          0x02009244       0x50 c:/devkitpro/devkitarm/bin/../lib/gcc/arm-eabi/4.6.1/../../../../arm-eabi/lib/thumb\libsysbase.a(close.o)
                0x02009244                _close_r
 .text          0x02009294       0x58 c:/devkitpro/devkitarm/bin/../lib/gcc/arm-eabi/4.6.1/../../../../arm-eabi/lib/thumb\libsysbase.a(fstat.o)
                0x02009294                _fstat_r
 .text          0x020092ec        0x4 c:/devkitpro/devkitarm/bin/../lib/gcc/arm-eabi/4.6.1/../../../../arm-eabi/lib/thumb\libsysbase.a(isatty.o)
                0x020092ec                _isatty_r
 .text          0x020092f0       0x54 c:/devkitpro/devkitarm/bin/../lib/gcc/arm-eabi/4.6.1/../../../../arm-eabi/lib/thumb\libsysbase.a(lseek.o)
                0x020092f0                _lseek_r
 .text          0x02009344       0x54 c:/devkitpro/devkitarm/bin/../lib/gcc/arm-eabi/4.6.1/../../../../arm-eabi/lib/thumb\libsysbase.a(read.o)
                0x02009344                _read_r
 .text          0x02009398       0x54 c:/devkitpro/devkitarm/bin/../lib/gcc/arm-eabi/4.6.1/../../../../arm-eabi/lib/thumb\libsysbase.a(sbrk.o)
                0x02009398                _sbrk_r
 .text          0x020093ec       0x48 c:/devkitpro/devkitarm/bin/../lib/gcc/arm-eabi/4.6.1/../../../../arm-eabi/lib/thumb\libsysbase.a(times.o)
                0x020093ec                _times
                0x02009400                _times_r
                0x02009408                _gettimeofday_r
 .text          0x02009434       0x54 c:/devkitpro/devkitarm/bin/../lib/gcc/arm-eabi/4.6.1/../../../../arm-eabi/lib/thumb\libsysbase.a(write.o)
                0x02009434                _write_r
 .text          0x02009488        0x0 c:/devkitpro/devkitarm/bin/../lib/gcc/arm-eabi/4.6.1/../../../../arm-eabi/lib/thumb\libsysbase.a(malloc_vars.o)
 .text          0x02009488       0x48 c:/devkitpro/devkitarm/bin/../lib/gcc/arm-eabi/4.6.1/../../../../arm-eabi/lib/thumb\libsysbase.a(build_argv.o)
                0x02009488                build_argv
 .text          0x020094d0        0x0 c:/devkitpro/devkitarm/bin/../lib/gcc/arm-eabi/4.6.1/../../../../arm-eabi/lib/thumb\libsysbase.a(syscall_support.o)
 .text          0x020094d0       0x80 c:/devkitpro/devkitarm/bin/../lib/gcc/arm-eabi/4.6.1/../../../../arm-eabi/lib/thumb\libsysbase.a(handle_manager.o)
                0x020094d0                __release_handle
                0x020094fc                __alloc_handle
                0x02009534                __get_handle
 .text          0x02009550      0x11c c:/devkitpro/devkitarm/bin/../lib/gcc/arm-eabi/4.6.1/thumb\libgcc.a(_udivsi3.o)
                0x02009550                __aeabi_uidiv
                0x02009550                __udivsi3
                0x0200964c                __aeabi_uidivmod
 .text          0x0200966c       0x3c c:/devkitpro/devkitarm/bin/../lib/gcc/arm-eabi/4.6.1/thumb\libgcc.a(_aeabi_uldivmod.o)
                0x0200966c                __aeabi_uldivmod
 .text          0x020096a8       0x4c c:/devkitpro/devkitarm/bin/../lib/gcc/arm-eabi/4.6.1/thumb\libgcc.a(_muldi3.o)
                0x020096a8                __muldi3
                0x020096a8                __aeabi_lmul
 .text          0x020096f4       0x74 c:/devkitpro/devkitarm/bin/../lib/gcc/arm-eabi/4.6.1/thumb\libgcc.a(bpabi.o)
                0x020096f4                __gnu_ldivmod_helper
                0x02009730                __gnu_uldivmod_helper
 .text          0x02009768      0x3c8 c:/devkitpro/devkitarm/bin/../lib/gcc/arm-eabi/4.6.1/thumb\libgcc.a(_divdi3.o)
                0x02009768                __divdi3
 .text          0x02009b30      0x370 c:/devkitpro/devkitarm/bin/../lib/gcc/arm-eabi/4.6.1/thumb\libgcc.a(_udivdi3.o)
                0x02009b30                __udivdi3
 .text          0x02009ea0       0x48 c:/devkitpro/devkitarm/bin/../lib/gcc/arm-eabi/4.6.1/thumb\libgcc.a(_clzsi2.o)
                0x02009ea0                __clzsi2
 .text          0x02009ee8        0xc c:/devkitpro/devkitarm/bin/../lib/gcc/arm-eabi/4.6.1/../../../../arm-eabi/lib/thumb\libg.a(lib_a-errno.o)
                0x02009ee8                __errno
 .text          0x02009ef4        0x0 c:/devkitpro/devkitarm/bin/../lib/gcc/arm-eabi/4.6.1/thumb/crtend.o
 .text          0x02009ef4        0x0 c:/devkitpro/devkitarm/bin/../lib/gcc/arm-eabi/4.6.1/thumb/crtn.o
 *(.text.*)
 .text.startup  0x02009ef4       0x28 main.o
                0x02009ef4                main
 *fill*         0x02009f1c        0x4 ff
 .text.startup.stub
                0x02009f20       0x10 linker stubs
 *(.stub)
 *(.gnu.warning)
 *(.gnu.linkonce.t*)
 *(.glue_7)
 .glue_7        0x00000000        0x0 linker stubs
 *(.glue_7t)
 .glue_7t       0x00000000        0x0 linker stubs
                0x02009f30                . = ALIGN (0x4)

.vfp11_veneer   0x02009f30        0x0
 .vfp11_veneer  0x00000000        0x0 linker stubs

.v4_bx          0x02009f30        0x0
 .v4_bx         0x00000000        0x0 linker stubs

.fini           0x02009f30        0xc
 *(.fini)
 .fini          0x02009f30        0x4 c:/devkitpro/devkitarm/bin/../lib/gcc/arm-eabi/4.6.1/thumb/crti.o
                0x02009f30                _fini
 .fini          0x02009f34        0x8 c:/devkitpro/devkitarm/bin/../lib/gcc/arm-eabi/4.6.1/thumb/crtn.o
                0x02009f3c                __text_end = .

.rodata         0x02009f3c     0x63dc
 *(.rodata)
 .rodata        0x02009f3c      0x200 c:/devkitPro/libnds/lib\libnds9.a(console.o)
 .rodata        0x0200a13c     0x2004 c:/devkitPro/libnds/lib\libnds9.a(default_font.bin.o)
                0x0200a13c                default_font_bin
                0x0200c13c                default_font_bin_size
                0x0200c13c                default_font_bin_end
 .rodata        0x0200c140      0x308 c:/devkitPro/libnds/lib\libnds9.a(trig.o)
                0x0200c140                SIN_LUT
                0x0200c244                TAN_LUT
 .rodata        0x0200c448        0x4 c:/devkitpro/devkitarm/bin/../lib/gcc/arm-eabi/4.6.1/../../../../arm-eabi/lib/thumb\libg.a(lib_a-impure.o)
                0x0200c448                _global_impure_ptr
 .rodata        0x0200c44c      0x340 c:/devkitpro/devkitarm/bin/../lib/gcc/arm-eabi/4.6.1/../../../../arm-eabi/lib/thumb\libg.a(lib_a-svfiscanf.o)
 .rodata        0x0200c78c      0x184 c:/devkitpro/devkitarm/bin/../lib/gcc/arm-eabi/4.6.1/../../../../arm-eabi/lib/thumb\libg.a(lib_a-vfiprintf.o)
 .rodata        0x0200c910      0x104 c:/devkitpro/devkitarm/bin/../lib/gcc/arm-eabi/4.6.1/../../../../arm-eabi/lib/thumb\libg.a(lib_a-ctype_.o)
                0x0200c910                _ctype_
 .rodata        0x0200ca14     0x34f0 c:/devkitpro/devkitarm/bin/../lib/gcc/arm-eabi/4.6.1/../../../../arm-eabi/lib/thumb\libg.a(lib_a-jp2uc.o)
 .rodata        0x0200ff04       0xf0 c:/devkitpro/devkitarm/bin/../lib/gcc/arm-eabi/4.6.1/../../../../arm-eabi/lib/thumb\libg.a(lib_a-locale.o)
 .rodata        0x0200fff4       0xa8 c:/devkitpro/devkitarm/bin/../lib/gcc/arm-eabi/4.6.1/../../../../arm-eabi/lib/thumb\libg.a(lib_a-mbtowc_r.o)
 .rodata        0x0201009c       0x64 c:/devkitpro/devkitarm/bin/../lib/gcc/arm-eabi/4.6.1/../../../../arm-eabi/lib/thumb\libsysbase.a(iosupport.o)
                0x0201009c                dotab_stdnull
 *all.rodata*(*)
 *(.roda)
 *(.rodata.*)
 .rodata.str1.4
                0x02010100       0x2e main.o
                                 0x30 (size before relaxing)
 *fill*         0x0201012e        0x2 ff
 .rodata.str1.4
                0x02010130       0x49 c:/devkitPro/libnds/lib\libnds9.a(console.o)
                                 0x4c (size before relaxing)
 *fill*         0x02010179        0x3 ff
 .rodata.str1.4
                0x0201017c       0x37 d:/Dropbox/studia/informatyka/magisterka/code/phase01/sandbox/lib\liblibs.a(basic_lib.o)
                                 0x38 (size before relaxing)
 *fill*         0x020101b3        0x1 ff
 .rodata.str1.4
                0x020101b4        0x2 c:/devkitpro/devkitarm/bin/../lib/gcc/arm-eabi/4.6.1/../../../../arm-eabi/lib/thumb\libg.a(lib_a-impure.o)
                                  0x4 (size before relaxing)
 *fill*         0x020101b6        0x2 ff
 .rodata.str1.4
                0x020101b8       0x2f c:/devkitpro/devkitarm/bin/../lib/gcc/arm-eabi/4.6.1/../../../../arm-eabi/lib/thumb\libg.a(lib_a-vfiprintf.o)
                                 0x30 (size before relaxing)
 *fill*         0x020101e7        0x1 ff
 .rodata.str1.4
                0x020101e8       0x12 c:/devkitpro/devkitarm/bin/../lib/gcc/arm-eabi/4.6.1/../../../../arm-eabi/lib/thumb\libg.a(lib_a-jp2uc.o)
                                 0x14 (size before relaxing)
 *fill*         0x020101fa        0x2 ff
 .rodata.str1.4
                0x020101fc      0x112 c:/devkitpro/devkitarm/bin/../lib/gcc/arm-eabi/4.6.1/../../../../arm-eabi/lib/thumb\libg.a(lib_a-locale.o)
                                0x130 (size before relaxing)
 .rodata.str1.4
                0x00000000        0x4 c:/devkitpro/devkitarm/bin/../lib/gcc/arm-eabi/4.6.1/../../../../arm-eabi/lib/thumb\libg.a(lib_a-mbrtowc.o)
 *fill*         0x0201030e        0x2 ff
 .rodata.str1.4
                0x02010310        0x8 c:/devkitpro/devkitarm/bin/../lib/gcc/arm-eabi/4.6.1/../../../../arm-eabi/lib/thumb\libsysbase.a(iosupport.o)
 *(.gnu.linkonce.r*)
                0x02010318                . = ALIGN (0x4)

.ARM.extab
 *(.ARM.extab* .gnu.linkonce.armextab.*)
                0x02010318                __exidx_start = .

ARM.exidx
 *(.ARM.exidx* .gnu.linkonce.armexidx.*)
                0x02010318                __exidx_end = .
                0x02010318                . = ALIGN (0x4)
                0x02010318                PROVIDE (__preinit_array_start, .)

.preinit_array
 *(.preinit_array)
                0x02010318                PROVIDE (__preinit_array_end, .)
                0x02010318                PROVIDE (__init_array_start, .)

.init_array     0x02010318        0x4
 *(SORT(.init_array.*))
 *(.init_array)
 .init_array    0x02010318        0x4 c:/devkitpro/devkitarm/bin/../lib/gcc/arm-eabi/4.6.1/thumb/crtbegin.o
                0x0201031c                PROVIDE (__init_array_end, .)
                0x0201031c                PROVIDE (__fini_array_start, .)

.fini_array     0x0201031c        0x4
 *(.fini_array)
 .fini_array    0x0201031c        0x4 c:/devkitpro/devkitarm/bin/../lib/gcc/arm-eabi/4.6.1/thumb/crtbegin.o
 *(SORT(.fini_array.*))
                0x02010320                PROVIDE (__fini_array_end, .)

.ctors          0x02010320        0x0
 *crtbegin.o(.ctors)
 *(EXCLUDE_FILE(*crtend.o) .ctors)
 *(SORT(.ctors.*))
 *(.ctors)
                0x02010320                . = ALIGN (0x4)

.dtors          0x02010320        0x0
 *crtbegin.o(.dtors)
 *(EXCLUDE_FILE(*crtend.o) .dtors)
 *(SORT(.dtors.*))
 *(.dtors)
                0x02010320                . = ALIGN (0x4)

.eh_frame       0x02010320        0x4
 *(.eh_frame)
 .eh_frame      0x02010320        0x0 c:/devkitpro/devkitarm/bin/../lib/gcc/arm-eabi/4.6.1/thumb/crtbegin.o
 .eh_frame      0x02010320        0x4 c:/devkitpro/devkitarm/bin/../lib/gcc/arm-eabi/4.6.1/thumb/crtend.o
                0x02010324                . = ALIGN (0x4)

.gcc_except_table
                0x02010324        0x0
 *(.gcc_except_table)
                0x02010324                . = ALIGN (0x4)

.jcr            0x02010324        0x4
 *(.jcr)
 .jcr           0x02010324        0x0 c:/devkitpro/devkitarm/bin/../lib/gcc/arm-eabi/4.6.1/thumb/crtbegin.o
 .jcr           0x02010324        0x4 c:/devkitpro/devkitarm/bin/../lib/gcc/arm-eabi/4.6.1/thumb/crtend.o

.got
 *(.got.plt)
 *(.got)
 *(.rel.got)

.ewram          0x02010328        0x0
                0x02010328                __ewram_start = ABSOLUTE (.)
 *(.ewram)
 *ewram.*(.text)
                0x02010328                . = ALIGN (0x4)

.data           0x02010328      0xae8
                0x02010328                __data_start = ABSOLUTE (.)
 *(.data)
 .data          0x02010328        0x0 c:/devkitpro/devkitarm/bin/../lib/gcc/arm-eabi/4.6.1/../../../../arm-eabi/lib/thumb/ds_arm9_crt0.o
 .data          0x02010328        0x0 c:/devkitpro/devkitarm/bin/../lib/gcc/arm-eabi/4.6.1/thumb/crti.o
 .data          0x02010328        0x4 c:/devkitpro/devkitarm/bin/../lib/gcc/arm-eabi/4.6.1/thumb/crtbegin.o
                0x02010328                __dso_handle
 .data          0x0201032c        0x0 main.o
 .data          0x0201032c        0x0 test.o
 .data          0x0201032c       0x64 c:/devkitPro/libnds/lib\libnds9.a(console.o)
                0x0201032c                currentConsole
                0x02010330                defaultConsole
 .data          0x02010390        0x0 c:/devkitPro/libnds/lib\libnds9.a(initSystem.o)
 .data          0x02010390       0x10 c:/devkitPro/libnds/lib\libnds9.a(fifosystem.o)
                0x02010390                fifo_freewords
                0x02010394                fifo_buffer_free
                0x02010398                fifo_send_queue
                0x0201039c                fifo_receive_queue
 .data          0x020103a0        0x0 c:/devkitPro/libnds/lib\libnds9.a(interrupts.o)
 .data          0x020103a0        0x0 c:/devkitPro/libnds/lib\libnds9.a(libnds_exit.o)
 .data          0x020103a0        0x0 c:/devkitPro/libnds/lib\libnds9.a(mpu_setup.o)
 .data          0x020103a0        0x0 c:/devkitPro/libnds/lib\libnds9.a(biosCalls.o)
 .data          0x020103a0        0x0 c:/devkitPro/libnds/lib\libnds9.a(debugprint.o)
 .data          0x020103a0        0x0 c:/devkitPro/libnds/lib\libnds9.a(interruptDispatcher.o)
 .data          0x020103a0        0x0 c:/devkitPro/libnds/lib\libnds9.a(swiSoftReset.o)
 .data          0x020103a0        0x0 c:/devkitPro/libnds/lib\libnds9.a(default_font.bin.o)
 .data          0x020103a0       0x60 c:/devkitPro/libnds/lib\libnds9.a(background.o)
                0x020103a0                bgScrollTable
                0x020103c0                bgTransform
                0x020103e0                bgControl
 .data          0x02010400        0x0 c:/devkitPro/libnds/lib\libnds9.a(system.o)
 .data          0x02010400        0x0 c:/devkitPro/libnds/lib\libnds9.a(trig.o)
 .data          0x02010400        0x0 c:/devkitPro/libnds/lib\libnds9.a(video.o)
 .data          0x02010400        0x0 d:/Dropbox/studia/informatyka/magisterka/code/phase01/sandbox/lib\liblibs.a(basic_lib.o)
 .data          0x02010400        0x0 c:/devkitpro/devkitarm/bin/../lib/gcc/arm-eabi/4.6.1/thumb\libgcc.a(_divsi3.o)
 .data          0x02010400        0x0 c:/devkitpro/devkitarm/bin/../lib/gcc/arm-eabi/4.6.1/thumb\libgcc.a(_dvmd_tls.o)
 .data          0x02010400        0x0 c:/devkitpro/devkitarm/bin/../lib/gcc/arm-eabi/4.6.1/../../../../arm-eabi/lib/thumb\libg.a(lib_a-bsearch.o)
 *fill*         0x02010400        0x0 ff
 .data          0x02010400      0x430 c:/devkitpro/devkitarm/bin/../lib/gcc/arm-eabi/4.6.1/../../../../arm-eabi/lib/thumb\libg.a(lib_a-impure.o)
                0x02010400                _impure_ptr
 .data          0x02010830        0x0 c:/devkitpro/devkitarm/bin/../lib/gcc/arm-eabi/4.6.1/../../../../arm-eabi/lib/thumb\libg.a(lib_a-init.o)
 .data          0x02010830        0x0 c:/devkitpro/devkitarm/bin/../lib/gcc/arm-eabi/4.6.1/../../../../arm-eabi/lib/thumb\libg.a(lib_a-iprintf.o)
 .data          0x02010830        0x0 c:/devkitpro/devkitarm/bin/../lib/gcc/arm-eabi/4.6.1/../../../../arm-eabi/lib/thumb\libg.a(lib_a-memcpy.o)
 .data          0x02010830        0x0 c:/devkitpro/devkitarm/bin/../lib/gcc/arm-eabi/4.6.1/../../../../arm-eabi/lib/thumb\libg.a(lib_a-setvbuf.o)
 .data          0x02010830        0x0 c:/devkitpro/devkitarm/bin/../lib/gcc/arm-eabi/4.6.1/../../../../arm-eabi/lib/thumb\libg.a(lib_a-siscanf.o)
 .data          0x02010830        0x0 c:/devkitpro/devkitarm/bin/../lib/gcc/arm-eabi/4.6.1/../../../../arm-eabi/lib/thumb\libg.a(lib_a-stdio.o)
 .data          0x02010830        0x0 c:/devkitpro/devkitarm/bin/../lib/gcc/arm-eabi/4.6.1/../../../../arm-eabi/lib/thumb\libg.a(lib_a-strlen.o)
 .data          0x02010830        0x0 c:/devkitpro/devkitarm/bin/../lib/gcc/arm-eabi/4.6.1/../../../../arm-eabi/lib/thumb\libg.a(lib_a-svfiscanf.o)
 .data          0x02010830        0x0 c:/devkitpro/devkitarm/bin/../lib/gcc/arm-eabi/4.6.1/../../../../arm-eabi/lib/thumb\libg.a(lib_a-ungetc.o)
 .data          0x02010830        0x0 c:/devkitpro/devkitarm/bin/../lib/gcc/arm-eabi/4.6.1/../../../../arm-eabi/lib/thumb\libg.a(lib_a-vfiprintf.o)
 .data          0x02010830        0x0 c:/devkitpro/devkitarm/bin/../lib/gcc/arm-eabi/4.6.1/../../../../arm-eabi/lib/thumb\libg.a(lib_a-wcrtomb.o)
 .data          0x02010830        0x0 c:/devkitpro/devkitarm/bin/../lib/gcc/arm-eabi/4.6.1/../../../../arm-eabi/lib/thumb\libg.a(lib_a-wcsrtombs.o)
 .data          0x02010830        0x4 c:/devkitpro/devkitarm/bin/../lib/gcc/arm-eabi/4.6.1/../../../../arm-eabi/lib/thumb\libg.a(lib_a-wctomb_r.o)
                0x02010830                __wctomb
 .data          0x02010834        0x0 c:/devkitpro/devkitarm/bin/../lib/gcc/arm-eabi/4.6.1/../../../../arm-eabi/lib/thumb\libg.a(lib_a-wsetup.o)
 .data          0x02010834        0x4 c:/devkitpro/devkitarm/bin/../lib/gcc/arm-eabi/4.6.1/../../../../arm-eabi/lib/thumb\libg.a(lib_a-ctype_.o)
                0x02010834                __ctype_ptr__
 .data          0x02010838        0x0 c:/devkitpro/devkitarm/bin/../lib/gcc/arm-eabi/4.6.1/../../../../arm-eabi/lib/thumb\libg.a(lib_a-fflush.o)
 .data          0x02010838        0x0 c:/devkitpro/devkitarm/bin/../lib/gcc/arm-eabi/4.6.1/../../../../arm-eabi/lib/thumb\libg.a(lib_a-findfp.o)
 .data          0x02010838        0x0 c:/devkitpro/devkitarm/bin/../lib/gcc/arm-eabi/4.6.1/../../../../arm-eabi/lib/thumb\libg.a(lib_a-fputwc.o)
 .data          0x02010838        0x0 c:/devkitpro/devkitarm/bin/../lib/gcc/arm-eabi/4.6.1/../../../../arm-eabi/lib/thumb\libg.a(lib_a-freer.o)
 .data          0x02010838        0x0 c:/devkitpro/devkitarm/bin/../lib/gcc/arm-eabi/4.6.1/../../../../arm-eabi/lib/thumb\libg.a(lib_a-fvwrite.o)
 .data          0x02010838        0x0 c:/devkitpro/devkitarm/bin/../lib/gcc/arm-eabi/4.6.1/../../../../arm-eabi/lib/thumb\libg.a(lib_a-fwalk.o)
 .data          0x02010838        0x0 c:/devkitpro/devkitarm/bin/../lib/gcc/arm-eabi/4.6.1/../../../../arm-eabi/lib/thumb\libg.a(lib_a-iswspace.o)
 .data          0x02010838        0x0 c:/devkitpro/devkitarm/bin/../lib/gcc/arm-eabi/4.6.1/../../../../arm-eabi/lib/thumb\libg.a(lib_a-jp2uc.o)
 .data          0x02010838      0x17c c:/devkitpro/devkitarm/bin/../lib/gcc/arm-eabi/4.6.1/../../../../arm-eabi/lib/thumb\libg.a(lib_a-locale.o)
                0x02010838                __default_locale
                0x02010958                __mb_cur_max
 .data          0x020109b4        0x0 c:/devkitpro/devkitarm/bin/../lib/gcc/arm-eabi/4.6.1/../../../../arm-eabi/lib/thumb\libg.a(lib_a-makebuf.o)
 .data          0x020109b4        0x0 c:/devkitpro/devkitarm/bin/../lib/gcc/arm-eabi/4.6.1/../../../../arm-eabi/lib/thumb\libg.a(lib_a-malloc.o)
 .data          0x020109b4      0x410 c:/devkitpro/devkitarm/bin/../lib/gcc/arm-eabi/4.6.1/../../../../arm-eabi/lib/thumb\libg.a(lib_a-mallocr.o)
                0x020109b4                __malloc_av_
                0x02010dbc                __malloc_sbrk_base
                0x02010dc0                __malloc_trim_threshold
 .data          0x02010dc4        0x0 c:/devkitpro/devkitarm/bin/../lib/gcc/arm-eabi/4.6.1/../../../../arm-eabi/lib/thumb\libg.a(lib_a-mbrtowc.o)
 .data          0x02010dc4        0x4 c:/devkitpro/devkitarm/bin/../lib/gcc/arm-eabi/4.6.1/../../../../arm-eabi/lib/thumb\libg.a(lib_a-mbtowc_r.o)
                0x02010dc4                __mbtowc
 .data          0x02010dc8        0x0 c:/devkitpro/devkitarm/bin/../lib/gcc/arm-eabi/4.6.1/../../../../arm-eabi/lib/thumb\libg.a(lib_a-memchr.o)
 .data          0x02010dc8        0x0 c:/devkitpro/devkitarm/bin/../lib/gcc/arm-eabi/4.6.1/../../../../arm-eabi/lib/thumb\libg.a(lib_a-memmove.o)
 .data          0x02010dc8        0x0 c:/devkitpro/devkitarm/bin/../lib/gcc/arm-eabi/4.6.1/../../../../arm-eabi/lib/thumb\libg.a(lib_a-memset.o)
 .data          0x02010dc8        0x0 c:/devkitpro/devkitarm/bin/../lib/gcc/arm-eabi/4.6.1/../../../../arm-eabi/lib/thumb\libg.a(lib_a-mlock.o)
 .data          0x02010dc8        0x0 c:/devkitpro/devkitarm/bin/../lib/gcc/arm-eabi/4.6.1/../../../../arm-eabi/lib/thumb\libg.a(lib_a-reallocr.o)
 .data          0x02010dc8        0x0 c:/devkitpro/devkitarm/bin/../lib/gcc/arm-eabi/4.6.1/../../../../arm-eabi/lib/thumb\libg.a(lib_a-sccl.o)
 .data          0x02010dc8        0x0 c:/devkitpro/devkitarm/bin/../lib/gcc/arm-eabi/4.6.1/../../../../arm-eabi/lib/thumb\libg.a(lib_a-strcasecmp.o)
 .data          0x02010dc8        0x0 c:/devkitpro/devkitarm/bin/../lib/gcc/arm-eabi/4.6.1/../../../../arm-eabi/lib/thumb\libg.a(lib_a-strcat.o)
 .data          0x02010dc8        0x0 c:/devkitpro/devkitarm/bin/../lib/gcc/arm-eabi/4.6.1/../../../../arm-eabi/lib/thumb\libg.a(lib_a-strchr.o)
 .data          0x02010dc8        0x0 c:/devkitpro/devkitarm/bin/../lib/gcc/arm-eabi/4.6.1/../../../../arm-eabi/lib/thumb\libg.a(lib_a-strcmp.o)
 .data          0x02010dc8        0x0 c:/devkitpro/devkitarm/bin/../lib/gcc/arm-eabi/4.6.1/../../../../arm-eabi/lib/thumb\libg.a(lib_a-strcpy.o)
 .data          0x02010dc8        0x0 c:/devkitpro/devkitarm/bin/../lib/gcc/arm-eabi/4.6.1/../../../../arm-eabi/lib/thumb\libg.a(lib_a-strlcpy.o)
 .data          0x02010dc8        0x0 c:/devkitpro/devkitarm/bin/../lib/gcc/arm-eabi/4.6.1/../../../../arm-eabi/lib/thumb\libg.a(lib_a-strncasecmp.o)
 .data          0x02010dc8        0x0 c:/devkitpro/devkitarm/bin/../lib/gcc/arm-eabi/4.6.1/../../../../arm-eabi/lib/thumb\libg.a(lib_a-strncmp.o)
 .data          0x02010dc8        0x0 c:/devkitpro/devkitarm/bin/../lib/gcc/arm-eabi/4.6.1/../../../../arm-eabi/lib/thumb\libg.a(lib_a-strncpy.o)
 .data          0x02010dc8        0x0 c:/devkitpro/devkitarm/bin/../lib/gcc/arm-eabi/4.6.1/../../../../arm-eabi/lib/thumb\libg.a(lib_a-strtol.o)
 .data          0x02010dc8        0x0 c:/devkitpro/devkitarm/bin/../lib/gcc/arm-eabi/4.6.1/../../../../arm-eabi/lib/thumb\libg.a(lib_a-strtoll_r.o)
 .data          0x02010dc8        0x0 c:/devkitpro/devkitarm/bin/../lib/gcc/arm-eabi/4.6.1/../../../../arm-eabi/lib/thumb\libg.a(lib_a-strtoul.o)
 .data          0x02010dc8        0x0 c:/devkitpro/devkitarm/bin/../lib/gcc/arm-eabi/4.6.1/../../../../arm-eabi/lib/thumb\libg.a(lib_a-strtoull_r.o)
 .data          0x02010dc8        0x0 c:/devkitpro/devkitarm/bin/../lib/gcc/arm-eabi/4.6.1/../../../../arm-eabi/lib/thumb\libg.a(lib_a-wbuf.o)
 .data          0x02010dc8        0x0 c:/devkitpro/devkitarm/bin/../lib/gcc/arm-eabi/4.6.1/../../../../arm-eabi/lib/thumb\libg.a(lib_a-wcsnrtombs.o)
 .data          0x02010dc8        0x0 c:/devkitpro/devkitarm/bin/../lib/gcc/arm-eabi/4.6.1/../../../../arm-eabi/lib/thumb\libg.a(lib_a-fclose.o)
 .data          0x02010dc8        0x0 c:/devkitpro/devkitarm/bin/../lib/gcc/arm-eabi/4.6.1/../../../../arm-eabi/lib/thumb\libg.a(lib_a-getenv_r.o)
 .data          0x02010dc8        0x4 c:/devkitpro/devkitarm/bin/../lib/gcc/arm-eabi/4.6.1/../../../../arm-eabi/lib/thumb\libg.a(lib_a-environ.o)
                0x02010dc8                environ
 .data          0x02010dcc        0x0 c:/devkitpro/devkitarm/bin/../lib/gcc/arm-eabi/4.6.1/../../../../arm-eabi/lib/thumb\libg.a(lib_a-envlock.o)
 .data          0x02010dcc       0x44 c:/devkitpro/devkitarm/bin/../lib/gcc/arm-eabi/4.6.1/../../../../arm-eabi/lib/thumb\libsysbase.a(iosupport.o)
                0x02010dd0                devoptab_list
 .data          0x02010e10        0x0 c:/devkitpro/devkitarm/bin/../lib/gcc/arm-eabi/4.6.1/../../../../arm-eabi/lib/thumb\libsysbase.a(close.o)
 .data          0x02010e10        0x0 c:/devkitpro/devkitarm/bin/../lib/gcc/arm-eabi/4.6.1/../../../../arm-eabi/lib/thumb\libsysbase.a(fstat.o)
 .data          0x02010e10        0x0 c:/devkitpro/devkitarm/bin/../lib/gcc/arm-eabi/4.6.1/../../../../arm-eabi/lib/thumb\libsysbase.a(isatty.o)
 .data          0x02010e10        0x0 c:/devkitpro/devkitarm/bin/../lib/gcc/arm-eabi/4.6.1/../../../../arm-eabi/lib/thumb\libsysbase.a(lseek.o)
 .data          0x02010e10        0x0 c:/devkitpro/devkitarm/bin/../lib/gcc/arm-eabi/4.6.1/../../../../arm-eabi/lib/thumb\libsysbase.a(read.o)
 .data          0x02010e10        0x0 c:/devkitpro/devkitarm/bin/../lib/gcc/arm-eabi/4.6.1/../../../../arm-eabi/lib/thumb\libsysbase.a(sbrk.o)
 .data          0x02010e10        0x0 c:/devkitpro/devkitarm/bin/../lib/gcc/arm-eabi/4.6.1/../../../../arm-eabi/lib/thumb\libsysbase.a(times.o)
 .data          0x02010e10        0x0 c:/devkitpro/devkitarm/bin/../lib/gcc/arm-eabi/4.6.1/../../../../arm-eabi/lib/thumb\libsysbase.a(write.o)
 .data          0x02010e10        0x0 c:/devkitpro/devkitarm/bin/../lib/gcc/arm-eabi/4.6.1/../../../../arm-eabi/lib/thumb\libsysbase.a(malloc_vars.o)
 .data          0x02010e10        0x0 c:/devkitpro/devkitarm/bin/../lib/gcc/arm-eabi/4.6.1/../../../../arm-eabi/lib/thumb\libsysbase.a(build_argv.o)
 .data          0x02010e10        0x0 c:/devkitpro/devkitarm/bin/../lib/gcc/arm-eabi/4.6.1/../../../../arm-eabi/lib/thumb\libsysbase.a(syscall_support.o)
 .data          0x02010e10        0x0 c:/devkitpro/devkitarm/bin/../lib/gcc/arm-eabi/4.6.1/../../../../arm-eabi/lib/thumb\libsysbase.a(handle_manager.o)
 .data          0x02010e10        0x0 c:/devkitpro/devkitarm/bin/../lib/gcc/arm-eabi/4.6.1/thumb\libgcc.a(_udivsi3.o)
 .data          0x02010e10        0x0 c:/devkitpro/devkitarm/bin/../lib/gcc/arm-eabi/4.6.1/thumb\libgcc.a(_aeabi_uldivmod.o)
 .data          0x02010e10        0x0 c:/devkitpro/devkitarm/bin/../lib/gcc/arm-eabi/4.6.1/thumb\libgcc.a(_muldi3.o)
 .data          0x02010e10        0x0 c:/devkitpro/devkitarm/bin/../lib/gcc/arm-eabi/4.6.1/thumb\libgcc.a(bpabi.o)
 .data          0x02010e10        0x0 c:/devkitpro/devkitarm/bin/../lib/gcc/arm-eabi/4.6.1/thumb\libgcc.a(_divdi3.o)
 .data          0x02010e10        0x0 c:/devkitpro/devkitarm/bin/../lib/gcc/arm-eabi/4.6.1/thumb\libgcc.a(_udivdi3.o)
 .data          0x02010e10        0x0 c:/devkitpro/devkitarm/bin/../lib/gcc/arm-eabi/4.6.1/thumb\libgcc.a(_clzsi2.o)
 .data          0x02010e10        0x0 c:/devkitpro/devkitarm/bin/../lib/gcc/arm-eabi/4.6.1/../../../../arm-eabi/lib/thumb\libg.a(lib_a-errno.o)
 .data          0x02010e10        0x0 c:/devkitpro/devkitarm/bin/../lib/gcc/arm-eabi/4.6.1/thumb/crtend.o
 .data          0x02010e10        0x0 c:/devkitpro/devkitarm/bin/../lib/gcc/arm-eabi/4.6.1/thumb/crtn.o
 *(.data.*)
 *(.gnu.linkonce.d*)
                0x02010e10                . = ALIGN (0x4)
                0x02010e10                __data_end = ABSOLUTE (.)
                0x02010e10                __dtcm_lma = .
                0x02010e10                __bss_vma = .

.dtcm           0x0b000000        0x0 load address 0x02010e10
 *(.dtcm)
 *(.dtcm.*)
                0x0b000000                . = ALIGN (0x4)
                0x0b000000                __dtcm_end = ABSOLUTE (.)
                0x02010e10                __itcm_lma = (__dtcm_lma + SIZEOF (.dtcm))

.itcm           0x01000100      0x194 load address 0x02010e10
 *(.itcm)
 .itcm          0x01000100       0xc8 c:/devkitPro/libnds/lib\libnds9.a(interrupts.o)
                0x01000100                irqTable
 .itcm          0x010001c8       0xcc c:/devkitPro/libnds/lib\libnds9.a(interruptDispatcher.o)
                0x010001c8                IntrMain
 *itcm.*(.text)
                0x01000294                . = ALIGN (0x4)
                0x01000294                __itcm_end = ABSOLUTE (.)
                0x02010fa4                __vectors_lma = (__itcm_lma + SIZEOF (.itcm))

.vectors        0x01000000        0x0 load address 0x02010fa4
 *(.vectors)
 *vectors.*(.text)
                0x01000000                . = ALIGN (0x4)
                0x01000000                __vectors_end = ABSOLUTE (.)

.sbss           0x0b000000        0x0
                0x0b000000                __sbss_start = ABSOLUTE (.)
                0x0b000000                __sbss_start__ = ABSOLUTE (.)
 *(.sbss)
                0x0b000000                . = ALIGN (0x4)
                0x0b000000                __sbss_end = ABSOLUTE (.)

.bss            0x02010e10     0x1f14
                0x02010e10                __bss_start = ABSOLUTE (.)
                0x02010e10                __bss_start__ = ABSOLUTE (.)
 *(.dynbss)
 *(.gnu.linkonce.b*)
 *(.bss*)
 .bss           0x02010e10        0x0 c:/devkitpro/devkitarm/bin/../lib/gcc/arm-eabi/4.6.1/../../../../arm-eabi/lib/thumb/ds_arm9_crt0.o
 .bss           0x02010e10        0x0 c:/devkitpro/devkitarm/bin/../lib/gcc/arm-eabi/4.6.1/thumb/crti.o
 .bss           0x02010e10       0x1c c:/devkitpro/devkitarm/bin/../lib/gcc/arm-eabi/4.6.1/thumb/crtbegin.o
 .bss           0x02010e2c        0x0 main.o
 .bss           0x02010e2c        0x0 test.o
 .bss           0x02010e2c        0x0 c:/devkitPro/libnds/lib\libnds9.a(console.o)
 .bss           0x02010e2c        0x0 c:/devkitPro/libnds/lib\libnds9.a(initSystem.o)
 .bss           0x02010e2c        0x8 c:/devkitPro/libnds/lib\libnds9.a(fifosystem.o)
                0x02010e30                processing
 .bss           0x02010e34        0x0 c:/devkitPro/libnds/lib\libnds9.a(interrupts.o)
 .bss           0x02010e34        0x0 c:/devkitPro/libnds/lib\libnds9.a(libnds_exit.o)
 .bss           0x02010e34        0x0 c:/devkitPro/libnds/lib\libnds9.a(mpu_setup.o)
 .bss           0x02010e34        0x0 c:/devkitPro/libnds/lib\libnds9.a(biosCalls.o)
 .bss           0x02010e34        0x0 c:/devkitPro/libnds/lib\libnds9.a(debugprint.o)
 .bss           0x02010e34        0x0 c:/devkitPro/libnds/lib\libnds9.a(interruptDispatcher.o)
 .bss           0x02010e34        0x0 c:/devkitPro/libnds/lib\libnds9.a(swiSoftReset.o)
 .bss           0x02010e34        0x0 c:/devkitPro/libnds/lib\libnds9.a(default_font.bin.o)
 .bss           0x02010e34        0x0 c:/devkitPro/libnds/lib\libnds9.a(background.o)
 .bss           0x02010e34        0x0 c:/devkitPro/libnds/lib\libnds9.a(system.o)
 .bss           0x02010e34        0x0 c:/devkitPro/libnds/lib\libnds9.a(trig.o)
 .bss           0x02010e34        0x0 c:/devkitPro/libnds/lib\libnds9.a(video.o)
 .bss           0x02010e34        0x0 d:/Dropbox/studia/informatyka/magisterka/code/phase01/sandbox/lib\liblibs.a(basic_lib.o)
 .bss           0x02010e34        0x0 c:/devkitpro/devkitarm/bin/../lib/gcc/arm-eabi/4.6.1/thumb\libgcc.a(_divsi3.o)
 .bss           0x02010e34        0x0 c:/devkitpro/devkitarm/bin/../lib/gcc/arm-eabi/4.6.1/thumb\libgcc.a(_dvmd_tls.o)
 .bss           0x02010e34        0x0 c:/devkitpro/devkitarm/bin/../lib/gcc/arm-eabi/4.6.1/../../../../arm-eabi/lib/thumb\libg.a(lib_a-bsearch.o)
 .bss           0x02010e34        0x0 c:/devkitpro/devkitarm/bin/../lib/gcc/arm-eabi/4.6.1/../../../../arm-eabi/lib/thumb\libg.a(lib_a-impure.o)
 .bss           0x02010e34        0x0 c:/devkitpro/devkitarm/bin/../lib/gcc/arm-eabi/4.6.1/../../../../arm-eabi/lib/thumb\libg.a(lib_a-init.o)
 .bss           0x02010e34        0x0 c:/devkitpro/devkitarm/bin/../lib/gcc/arm-eabi/4.6.1/../../../../arm-eabi/lib/thumb\libg.a(lib_a-iprintf.o)
 .bss           0x02010e34        0x0 c:/devkitpro/devkitarm/bin/../lib/gcc/arm-eabi/4.6.1/../../../../arm-eabi/lib/thumb\libg.a(lib_a-memcpy.o)
 .bss           0x02010e34        0x0 c:/devkitpro/devkitarm/bin/../lib/gcc/arm-eabi/4.6.1/../../../../arm-eabi/lib/thumb\libg.a(lib_a-setvbuf.o)
 .bss           0x02010e34        0x0 c:/devkitpro/devkitarm/bin/../lib/gcc/arm-eabi/4.6.1/../../../../arm-eabi/lib/thumb\libg.a(lib_a-siscanf.o)
 .bss           0x02010e34        0x0 c:/devkitpro/devkitarm/bin/../lib/gcc/arm-eabi/4.6.1/../../../../arm-eabi/lib/thumb\libg.a(lib_a-stdio.o)
 .bss           0x02010e34        0x0 c:/devkitpro/devkitarm/bin/../lib/gcc/arm-eabi/4.6.1/../../../../arm-eabi/lib/thumb\libg.a(lib_a-strlen.o)
 .bss           0x02010e34        0x0 c:/devkitpro/devkitarm/bin/../lib/gcc/arm-eabi/4.6.1/../../../../arm-eabi/lib/thumb\libg.a(lib_a-svfiscanf.o)
 .bss           0x02010e34        0x0 c:/devkitpro/devkitarm/bin/../lib/gcc/arm-eabi/4.6.1/../../../../arm-eabi/lib/thumb\libg.a(lib_a-ungetc.o)
 .bss           0x02010e34        0x0 c:/devkitpro/devkitarm/bin/../lib/gcc/arm-eabi/4.6.1/../../../../arm-eabi/lib/thumb\libg.a(lib_a-vfiprintf.o)
 .bss           0x02010e34        0x0 c:/devkitpro/devkitarm/bin/../lib/gcc/arm-eabi/4.6.1/../../../../arm-eabi/lib/thumb\libg.a(lib_a-wcrtomb.o)
 .bss           0x02010e34        0x0 c:/devkitpro/devkitarm/bin/../lib/gcc/arm-eabi/4.6.1/../../../../arm-eabi/lib/thumb\libg.a(lib_a-wcsrtombs.o)
 .bss           0x02010e34        0x0 c:/devkitpro/devkitarm/bin/../lib/gcc/arm-eabi/4.6.1/../../../../arm-eabi/lib/thumb\libg.a(lib_a-wctomb_r.o)
 .bss           0x02010e34        0x0 c:/devkitpro/devkitarm/bin/../lib/gcc/arm-eabi/4.6.1/../../../../arm-eabi/lib/thumb\libg.a(lib_a-wsetup.o)
 .bss           0x02010e34        0x0 c:/devkitpro/devkitarm/bin/../lib/gcc/arm-eabi/4.6.1/../../../../arm-eabi/lib/thumb\libg.a(lib_a-ctype_.o)
 .bss           0x02010e34        0x0 c:/devkitpro/devkitarm/bin/../lib/gcc/arm-eabi/4.6.1/../../../../arm-eabi/lib/thumb\libg.a(lib_a-fflush.o)
 .bss           0x02010e34        0x0 c:/devkitpro/devkitarm/bin/../lib/gcc/arm-eabi/4.6.1/../../../../arm-eabi/lib/thumb\libg.a(lib_a-findfp.o)
 .bss           0x02010e34        0x0 c:/devkitpro/devkitarm/bin/../lib/gcc/arm-eabi/4.6.1/../../../../arm-eabi/lib/thumb\libg.a(lib_a-fputwc.o)
 .bss           0x02010e34        0x0 c:/devkitpro/devkitarm/bin/../lib/gcc/arm-eabi/4.6.1/../../../../arm-eabi/lib/thumb\libg.a(lib_a-freer.o)
 .bss           0x02010e34        0x0 c:/devkitpro/devkitarm/bin/../lib/gcc/arm-eabi/4.6.1/../../../../arm-eabi/lib/thumb\libg.a(lib_a-fvwrite.o)
 .bss           0x02010e34        0x0 c:/devkitpro/devkitarm/bin/../lib/gcc/arm-eabi/4.6.1/../../../../arm-eabi/lib/thumb\libg.a(lib_a-fwalk.o)
 .bss           0x02010e34        0x0 c:/devkitpro/devkitarm/bin/../lib/gcc/arm-eabi/4.6.1/../../../../arm-eabi/lib/thumb\libg.a(lib_a-iswspace.o)
 .bss           0x02010e34        0x0 c:/devkitpro/devkitarm/bin/../lib/gcc/arm-eabi/4.6.1/../../../../arm-eabi/lib/thumb\libg.a(lib_a-jp2uc.o)
 .bss           0x02010e34      0x2b8 c:/devkitpro/devkitarm/bin/../lib/gcc/arm-eabi/4.6.1/../../../../arm-eabi/lib/thumb\libg.a(lib_a-locale.o)
                0x020110e0                _PathLocale
                0x020110e4                __mlocale_changed
                0x020110e8                __nlocale_changed
 .bss           0x020110ec        0x0 c:/devkitpro/devkitarm/bin/../lib/gcc/arm-eabi/4.6.1/../../../../arm-eabi/lib/thumb\libg.a(lib_a-makebuf.o)
 .bss           0x020110ec        0x0 c:/devkitpro/devkitarm/bin/../lib/gcc/arm-eabi/4.6.1/../../../../arm-eabi/lib/thumb\libg.a(lib_a-malloc.o)
 .bss           0x020110ec       0x34 c:/devkitpro/devkitarm/bin/../lib/gcc/arm-eabi/4.6.1/../../../../arm-eabi/lib/thumb\libg.a(lib_a-mallocr.o)
                0x020110ec                __malloc_top_pad
                0x020110f0                __malloc_current_mallinfo
                0x02011118                __malloc_max_sbrked_mem
                0x0201111c                __malloc_max_total_mem
 .bss           0x02011120        0x0 c:/devkitpro/devkitarm/bin/../lib/gcc/arm-eabi/4.6.1/../../../../arm-eabi/lib/thumb\libg.a(lib_a-mbrtowc.o)
 .bss           0x02011120        0x0 c:/devkitpro/devkitarm/bin/../lib/gcc/arm-eabi/4.6.1/../../../../arm-eabi/lib/thumb\libg.a(lib_a-mbtowc_r.o)
 .bss           0x02011120        0x0 c:/devkitpro/devkitarm/bin/../lib/gcc/arm-eabi/4.6.1/../../../../arm-eabi/lib/thumb\libg.a(lib_a-memchr.o)
 .bss           0x02011120        0x0 c:/devkitpro/devkitarm/bin/../lib/gcc/arm-eabi/4.6.1/../../../../arm-eabi/lib/thumb\libg.a(lib_a-memmove.o)
 .bss           0x02011120        0x0 c:/devkitpro/devkitarm/bin/../lib/gcc/arm-eabi/4.6.1/../../../../arm-eabi/lib/thumb\libg.a(lib_a-memset.o)
 .bss           0x02011120        0x0 c:/devkitpro/devkitarm/bin/../lib/gcc/arm-eabi/4.6.1/../../../../arm-eabi/lib/thumb\libg.a(lib_a-mlock.o)
 .bss           0x02011120        0x0 c:/devkitpro/devkitarm/bin/../lib/gcc/arm-eabi/4.6.1/../../../../arm-eabi/lib/thumb\libg.a(lib_a-reallocr.o)
 .bss           0x02011120        0x0 c:/devkitpro/devkitarm/bin/../lib/gcc/arm-eabi/4.6.1/../../../../arm-eabi/lib/thumb\libg.a(lib_a-sccl.o)
 .bss           0x02011120        0x0 c:/devkitpro/devkitarm/bin/../lib/gcc/arm-eabi/4.6.1/../../../../arm-eabi/lib/thumb\libg.a(lib_a-strcasecmp.o)
 .bss           0x02011120        0x0 c:/devkitpro/devkitarm/bin/../lib/gcc/arm-eabi/4.6.1/../../../../arm-eabi/lib/thumb\libg.a(lib_a-strcat.o)
 .bss           0x02011120        0x0 c:/devkitpro/devkitarm/bin/../lib/gcc/arm-eabi/4.6.1/../../../../arm-eabi/lib/thumb\libg.a(lib_a-strchr.o)
 .bss           0x02011120        0x0 c:/devkitpro/devkitarm/bin/../lib/gcc/arm-eabi/4.6.1/../../../../arm-eabi/lib/thumb\libg.a(lib_a-strcmp.o)
 .bss           0x02011120        0x0 c:/devkitpro/devkitarm/bin/../lib/gcc/arm-eabi/4.6.1/../../../../arm-eabi/lib/thumb\libg.a(lib_a-strcpy.o)
 .bss           0x02011120        0x0 c:/devkitpro/devkitarm/bin/../lib/gcc/arm-eabi/4.6.1/../../../../arm-eabi/lib/thumb\libg.a(lib_a-strlcpy.o)
 .bss           0x02011120        0x0 c:/devkitpro/devkitarm/bin/../lib/gcc/arm-eabi/4.6.1/../../../../arm-eabi/lib/thumb\libg.a(lib_a-strncasecmp.o)
 .bss           0x02011120        0x0 c:/devkitpro/devkitarm/bin/../lib/gcc/arm-eabi/4.6.1/../../../../arm-eabi/lib/thumb\libg.a(lib_a-strncmp.o)
 .bss           0x02011120        0x0 c:/devkitpro/devkitarm/bin/../lib/gcc/arm-eabi/4.6.1/../../../../arm-eabi/lib/thumb\libg.a(lib_a-strncpy.o)
 .bss           0x02011120        0x0 c:/devkitpro/devkitarm/bin/../lib/gcc/arm-eabi/4.6.1/../../../../arm-eabi/lib/thumb\libg.a(lib_a-strtol.o)
 .bss           0x02011120        0x0 c:/devkitpro/devkitarm/bin/../lib/gcc/arm-eabi/4.6.1/../../../../arm-eabi/lib/thumb\libg.a(lib_a-strtoll_r.o)
 .bss           0x02011120        0x0 c:/devkitpro/devkitarm/bin/../lib/gcc/arm-eabi/4.6.1/../../../../arm-eabi/lib/thumb\libg.a(lib_a-strtoul.o)
 .bss           0x02011120        0x0 c:/devkitpro/devkitarm/bin/../lib/gcc/arm-eabi/4.6.1/../../../../arm-eabi/lib/thumb\libg.a(lib_a-strtoull_r.o)
 .bss           0x02011120        0x0 c:/devkitpro/devkitarm/bin/../lib/gcc/arm-eabi/4.6.1/../../../../arm-eabi/lib/thumb\libg.a(lib_a-wbuf.o)
 .bss           0x02011120        0x0 c:/devkitpro/devkitarm/bin/../lib/gcc/arm-eabi/4.6.1/../../../../arm-eabi/lib/thumb\libg.a(lib_a-wcsnrtombs.o)
 .bss           0x02011120        0x0 c:/devkitpro/devkitarm/bin/../lib/gcc/arm-eabi/4.6.1/../../../../arm-eabi/lib/thumb\libg.a(lib_a-fclose.o)
 .bss           0x02011120        0x0 c:/devkitpro/devkitarm/bin/../lib/gcc/arm-eabi/4.6.1/../../../../arm-eabi/lib/thumb\libg.a(lib_a-getenv_r.o)
 .bss           0x02011120        0x4 c:/devkitpro/devkitarm/bin/../lib/gcc/arm-eabi/4.6.1/../../../../arm-eabi/lib/thumb\libg.a(lib_a-environ.o)
 .bss           0x02011124        0x0 c:/devkitpro/devkitarm/bin/../lib/gcc/arm-eabi/4.6.1/../../../../arm-eabi/lib/thumb\libg.a(lib_a-envlock.o)
 .bss           0x02011124        0x0 c:/devkitpro/devkitarm/bin/../lib/gcc/arm-eabi/4.6.1/../../../../arm-eabi/lib/thumb\libsysbase.a(iosupport.o)
 .bss           0x02011124        0x0 c:/devkitpro/devkitarm/bin/../lib/gcc/arm-eabi/4.6.1/../../../../arm-eabi/lib/thumb\libsysbase.a(close.o)
 .bss           0x02011124        0x0 c:/devkitpro/devkitarm/bin/../lib/gcc/arm-eabi/4.6.1/../../../../arm-eabi/lib/thumb\libsysbase.a(fstat.o)
 .bss           0x02011124        0x0 c:/devkitpro/devkitarm/bin/../lib/gcc/arm-eabi/4.6.1/../../../../arm-eabi/lib/thumb\libsysbase.a(isatty.o)
 .bss           0x02011124        0x0 c:/devkitpro/devkitarm/bin/../lib/gcc/arm-eabi/4.6.1/../../../../arm-eabi/lib/thumb\libsysbase.a(lseek.o)
 .bss           0x02011124        0x0 c:/devkitpro/devkitarm/bin/../lib/gcc/arm-eabi/4.6.1/../../../../arm-eabi/lib/thumb\libsysbase.a(read.o)
 .bss           0x02011124        0x4 c:/devkitpro/devkitarm/bin/../lib/gcc/arm-eabi/4.6.1/../../../../arm-eabi/lib/thumb\libsysbase.a(sbrk.o)
 .bss           0x02011128        0x0 c:/devkitpro/devkitarm/bin/../lib/gcc/arm-eabi/4.6.1/../../../../arm-eabi/lib/thumb\libsysbase.a(times.o)
 .bss           0x02011128        0x0 c:/devkitpro/devkitarm/bin/../lib/gcc/arm-eabi/4.6.1/../../../../arm-eabi/lib/thumb\libsysbase.a(write.o)
 .bss           0x02011128        0x8 c:/devkitpro/devkitarm/bin/../lib/gcc/arm-eabi/4.6.1/../../../../arm-eabi/lib/thumb\libsysbase.a(malloc_vars.o)
                0x02011128                fake_heap_start
                0x0201112c                fake_heap_end
 .bss           0x02011130        0x0 c:/devkitpro/devkitarm/bin/../lib/gcc/arm-eabi/4.6.1/../../../../arm-eabi/lib/thumb\libsysbase.a(build_argv.o)
 .bss           0x02011130        0x8 c:/devkitpro/devkitarm/bin/../lib/gcc/arm-eabi/4.6.1/../../../../arm-eabi/lib/thumb\libsysbase.a(syscall_support.o)
                0x02011130                __syscalls
 .bss           0x02011138     0x1000 c:/devkitpro/devkitarm/bin/../lib/gcc/arm-eabi/4.6.1/../../../../arm-eabi/lib/thumb\libsysbase.a(handle_manager.o)
 .bss           0x02012138        0x0 c:/devkitpro/devkitarm/bin/../lib/gcc/arm-eabi/4.6.1/thumb\libgcc.a(_udivsi3.o)
 .bss           0x02012138        0x0 c:/devkitpro/devkitarm/bin/../lib/gcc/arm-eabi/4.6.1/thumb\libgcc.a(_aeabi_uldivmod.o)
 .bss           0x02012138        0x0 c:/devkitpro/devkitarm/bin/../lib/gcc/arm-eabi/4.6.1/thumb\libgcc.a(_muldi3.o)
 .bss           0x02012138        0x0 c:/devkitpro/devkitarm/bin/../lib/gcc/arm-eabi/4.6.1/thumb\libgcc.a(bpabi.o)
 .bss           0x02012138        0x0 c:/devkitpro/devkitarm/bin/../lib/gcc/arm-eabi/4.6.1/thumb\libgcc.a(_divdi3.o)
 .bss           0x02012138        0x0 c:/devkitpro/devkitarm/bin/../lib/gcc/arm-eabi/4.6.1/thumb\libgcc.a(_udivdi3.o)
 .bss           0x02012138        0x0 c:/devkitpro/devkitarm/bin/../lib/gcc/arm-eabi/4.6.1/thumb\libgcc.a(_clzsi2.o)
 .bss           0x02012138        0x0 c:/devkitpro/devkitarm/bin/../lib/gcc/arm-eabi/4.6.1/../../../../arm-eabi/lib/thumb\libg.a(lib_a-errno.o)
 .bss           0x02012138        0x0 c:/devkitpro/devkitarm/bin/../lib/gcc/arm-eabi/4.6.1/thumb/crtend.o
 .bss           0x02012138        0x0 c:/devkitpro/devkitarm/bin/../lib/gcc/arm-eabi/4.6.1/thumb/crtn.o
 *(COMMON)
 COMMON         0x02012138       0x5c c:/devkitPro/libnds/lib\libnds9.a(console.o)
                0x02012138                currentCopy
 COMMON         0x02012194        0x1 c:/devkitPro/libnds/lib\libnds9.a(initSystem.o)
                0x02012194                __dsimode
 *fill*         0x02012195        0x3 00
 COMMON         0x02012198      0xa40 c:/devkitPro/libnds/lib\libnds9.a(fifosystem.o)
                0x02012198                fifo_datamsg_data
                0x020121d8                fifo_buffer
                0x020129d8                fifo_value32_func
                0x02012a18                fifo_address_func
                0x02012a58                fifo_value32_data
                0x02012a98                fifo_value32_queue
                0x02012ad8                fifo_data_queue
                0x02012b18                fifo_address_data
                0x02012b58                fifo_datamsg_func
                0x02012b98                fifo_address_queue
 COMMON         0x02012bd8      0x148 c:/devkitPro/libnds/lib\libnds9.a(background.o)
                0x02012bd8                bgState
                0x02012d18                bgIsTextLut
 COMMON         0x02012d20        0x4 c:/devkitpro/devkitarm/bin/../lib/gcc/arm-eabi/4.6.1/../../../../arm-eabi/lib/thumb\libsysbase.a(times.o)
                0x02012d20                punixTime
                0x02012d24                . = ALIGN (0x4)
                0x02012d24                __bss_end__ = ABSOLUTE (.)
                0x02012d24                __end__ = ABSOLUTE (.)

.stab
 *(.stab)

.stabstr
 *(.stabstr)

.stab.excl
 *(.stab.excl)

.stab.exclstr
 *(.stab.exclstr)

.stab.index
 *(.stab.index)

.stab.indexstr
 *(.stab.indexstr)

.comment        0x00000000       0x44
 *(.comment)
 .comment       0x00000000       0x22 c:/devkitpro/devkitarm/bin/../lib/gcc/arm-eabi/4.6.1/thumb/crtbegin.o
                                 0x23 (size before relaxing)
 .comment       0x00000000       0x23 main.o
 .comment       0x00000022       0x22 c:/devkitPro/libnds/lib\libnds9.a(console.o)
                                 0x23 (size before relaxing)
 .comment       0x00000000       0x23 c:/devkitPro/libnds/lib\libnds9.a(initSystem.o)
 .comment       0x00000000       0x23 c:/devkitPro/libnds/lib\libnds9.a(fifosystem.o)
 .comment       0x00000000       0x23 c:/devkitPro/libnds/lib\libnds9.a(interrupts.o)
 .comment       0x00000000       0x23 c:/devkitPro/libnds/lib\libnds9.a(libnds_exit.o)
 .comment       0x00000000       0x23 c:/devkitPro/libnds/lib\libnds9.a(background.o)
 .comment       0x00000000       0x23 c:/devkitPro/libnds/lib\libnds9.a(system.o)
 .comment       0x00000000       0x23 c:/devkitPro/libnds/lib\libnds9.a(trig.o)
 .comment       0x00000000       0x23 c:/devkitPro/libnds/lib\libnds9.a(video.o)
 .comment       0x00000000       0x23 d:/Dropbox/studia/informatyka/magisterka/code/phase01/sandbox/lib\liblibs.a(basic_lib.o)
 .comment       0x00000000       0x23 c:/devkitpro/devkitarm/bin/../lib/gcc/arm-eabi/4.6.1/../../../../arm-eabi/lib/thumb\libg.a(lib_a-bsearch.o)
 .comment       0x00000000       0x23 c:/devkitpro/devkitarm/bin/../lib/gcc/arm-eabi/4.6.1/../../../../arm-eabi/lib/thumb\libg.a(lib_a-impure.o)
 .comment       0x00000000       0x23 c:/devkitpro/devkitarm/bin/../lib/gcc/arm-eabi/4.6.1/../../../../arm-eabi/lib/thumb\libg.a(lib_a-init.o)
 .comment       0x00000000       0x23 c:/devkitpro/devkitarm/bin/../lib/gcc/arm-eabi/4.6.1/../../../../arm-eabi/lib/thumb\libg.a(lib_a-iprintf.o)
 .comment       0x00000000       0x23 c:/devkitpro/devkitarm/bin/../lib/gcc/arm-eabi/4.6.1/../../../../arm-eabi/lib/thumb\libg.a(lib_a-memcpy.o)
 .comment       0x00000000       0x23 c:/devkitpro/devkitarm/bin/../lib/gcc/arm-eabi/4.6.1/../../../../arm-eabi/lib/thumb\libg.a(lib_a-setvbuf.o)
 .comment       0x00000000       0x23 c:/devkitpro/devkitarm/bin/../lib/gcc/arm-eabi/4.6.1/../../../../arm-eabi/lib/thumb\libg.a(lib_a-siscanf.o)
 .comment       0x00000000       0x23 c:/devkitpro/devkitarm/bin/../lib/gcc/arm-eabi/4.6.1/../../../../arm-eabi/lib/thumb\libg.a(lib_a-stdio.o)
 .comment       0x00000000       0x23 c:/devkitpro/devkitarm/bin/../lib/gcc/arm-eabi/4.6.1/../../../../arm-eabi/lib/thumb\libg.a(lib_a-strlen.o)
 .comment       0x00000000       0x23 c:/devkitpro/devkitarm/bin/../lib/gcc/arm-eabi/4.6.1/../../../../arm-eabi/lib/thumb\libg.a(lib_a-svfiscanf.o)
 .comment       0x00000000       0x23 c:/devkitpro/devkitarm/bin/../lib/gcc/arm-eabi/4.6.1/../../../../arm-eabi/lib/thumb\libg.a(lib_a-ungetc.o)
 .comment       0x00000000       0x23 c:/devkitpro/devkitarm/bin/../lib/gcc/arm-eabi/4.6.1/../../../../arm-eabi/lib/thumb\libg.a(lib_a-vfiprintf.o)
 .comment       0x00000000       0x23 c:/devkitpro/devkitarm/bin/../lib/gcc/arm-eabi/4.6.1/../../../../arm-eabi/lib/thumb\libg.a(lib_a-wcrtomb.o)
 .comment       0x00000000       0x23 c:/devkitpro/devkitarm/bin/../lib/gcc/arm-eabi/4.6.1/../../../../arm-eabi/lib/thumb\libg.a(lib_a-wcsrtombs.o)
 .comment       0x00000000       0x23 c:/devkitpro/devkitarm/bin/../lib/gcc/arm-eabi/4.6.1/../../../../arm-eabi/lib/thumb\libg.a(lib_a-wctomb_r.o)
 .comment       0x00000000       0x23 c:/devkitpro/devkitarm/bin/../lib/gcc/arm-eabi/4.6.1/../../../../arm-eabi/lib/thumb\libg.a(lib_a-wsetup.o)
 .comment       0x00000000       0x23 c:/devkitpro/devkitarm/bin/../lib/gcc/arm-eabi/4.6.1/../../../../arm-eabi/lib/thumb\libg.a(lib_a-ctype_.o)
 .comment       0x00000000       0x23 c:/devkitpro/devkitarm/bin/../lib/gcc/arm-eabi/4.6.1/../../../../arm-eabi/lib/thumb\libg.a(lib_a-fflush.o)
 .comment       0x00000000       0x23 c:/devkitpro/devkitarm/bin/../lib/gcc/arm-eabi/4.6.1/../../../../arm-eabi/lib/thumb\libg.a(lib_a-findfp.o)
 .comment       0x00000000       0x23 c:/devkitpro/devkitarm/bin/../lib/gcc/arm-eabi/4.6.1/../../../../arm-eabi/lib/thumb\libg.a(lib_a-fputwc.o)
 .comment       0x00000000       0x23 c:/devkitpro/devkitarm/bin/../lib/gcc/arm-eabi/4.6.1/../../../../arm-eabi/lib/thumb\libg.a(lib_a-freer.o)
 .comment       0x00000000       0x23 c:/devkitpro/devkitarm/bin/../lib/gcc/arm-eabi/4.6.1/../../../../arm-eabi/lib/thumb\libg.a(lib_a-fvwrite.o)
 .comment       0x00000000       0x23 c:/devkitpro/devkitarm/bin/../lib/gcc/arm-eabi/4.6.1/../../../../arm-eabi/lib/thumb\libg.a(lib_a-fwalk.o)
 .comment       0x00000000       0x23 c:/devkitpro/devkitarm/bin/../lib/gcc/arm-eabi/4.6.1/../../../../arm-eabi/lib/thumb\libg.a(lib_a-iswspace.o)
 .comment       0x00000000       0x23 c:/devkitpro/devkitarm/bin/../lib/gcc/arm-eabi/4.6.1/../../../../arm-eabi/lib/thumb\libg.a(lib_a-jp2uc.o)
 .comment       0x00000000       0x23 c:/devkitpro/devkitarm/bin/../lib/gcc/arm-eabi/4.6.1/../../../../arm-eabi/lib/thumb\libg.a(lib_a-locale.o)
 .comment       0x00000000       0x23 c:/devkitpro/devkitarm/bin/../lib/gcc/arm-eabi/4.6.1/../../../../arm-eabi/lib/thumb\libg.a(lib_a-makebuf.o)
 .comment       0x00000000       0x23 c:/devkitpro/devkitarm/bin/../lib/gcc/arm-eabi/4.6.1/../../../../arm-eabi/lib/thumb\libg.a(lib_a-malloc.o)
 .comment       0x00000000       0x23 c:/devkitpro/devkitarm/bin/../lib/gcc/arm-eabi/4.6.1/../../../../arm-eabi/lib/thumb\libg.a(lib_a-mallocr.o)
 .comment       0x00000000       0x23 c:/devkitpro/devkitarm/bin/../lib/gcc/arm-eabi/4.6.1/../../../../arm-eabi/lib/thumb\libg.a(lib_a-mbrtowc.o)
 .comment       0x00000000       0x23 c:/devkitpro/devkitarm/bin/../lib/gcc/arm-eabi/4.6.1/../../../../arm-eabi/lib/thumb\libg.a(lib_a-mbtowc_r.o)
 .comment       0x00000000       0x23 c:/devkitpro/devkitarm/bin/../lib/gcc/arm-eabi/4.6.1/../../../../arm-eabi/lib/thumb\libg.a(lib_a-memchr.o)
 .comment       0x00000000       0x23 c:/devkitpro/devkitarm/bin/../lib/gcc/arm-eabi/4.6.1/../../../../arm-eabi/lib/thumb\libg.a(lib_a-memmove.o)
 .comment       0x00000000       0x23 c:/devkitpro/devkitarm/bin/../lib/gcc/arm-eabi/4.6.1/../../../../arm-eabi/lib/thumb\libg.a(lib_a-memset.o)
 .comment       0x00000000       0x23 c:/devkitpro/devkitarm/bin/../lib/gcc/arm-eabi/4.6.1/../../../../arm-eabi/lib/thumb\libg.a(lib_a-mlock.o)
 .comment       0x00000000       0x23 c:/devkitpro/devkitarm/bin/../lib/gcc/arm-eabi/4.6.1/../../../../arm-eabi/lib/thumb\libg.a(lib_a-reallocr.o)
 .comment       0x00000000       0x23 c:/devkitpro/devkitarm/bin/../lib/gcc/arm-eabi/4.6.1/../../../../arm-eabi/lib/thumb\libg.a(lib_a-sccl.o)
 .comment       0x00000000       0x23 c:/devkitpro/devkitarm/bin/../lib/gcc/arm-eabi/4.6.1/../../../../arm-eabi/lib/thumb\libg.a(lib_a-strcasecmp.o)
 .comment       0x00000000       0x23 c:/devkitpro/devkitarm/bin/../lib/gcc/arm-eabi/4.6.1/../../../../arm-eabi/lib/thumb\libg.a(lib_a-strcat.o)
 .comment       0x00000000       0x23 c:/devkitpro/devkitarm/bin/../lib/gcc/arm-eabi/4.6.1/../../../../arm-eabi/lib/thumb\libg.a(lib_a-strchr.o)
 .comment       0x00000000       0x23 c:/devkitpro/devkitarm/bin/../lib/gcc/arm-eabi/4.6.1/../../../../arm-eabi/lib/thumb\libg.a(lib_a-strcmp.o)
 .comment       0x00000000       0x23 c:/devkitpro/devkitarm/bin/../lib/gcc/arm-eabi/4.6.1/../../../../arm-eabi/lib/thumb\libg.a(lib_a-strcpy.o)
 .comment       0x00000000       0x23 c:/devkitpro/devkitarm/bin/../lib/gcc/arm-eabi/4.6.1/../../../../arm-eabi/lib/thumb\libg.a(lib_a-strlcpy.o)
 .comment       0x00000000       0x23 c:/devkitpro/devkitarm/bin/../lib/gcc/arm-eabi/4.6.1/../../../../arm-eabi/lib/thumb\libg.a(lib_a-strncasecmp.o)
 .comment       0x00000000       0x23 c:/devkitpro/devkitarm/bin/../lib/gcc/arm-eabi/4.6.1/../../../../arm-eabi/lib/thumb\libg.a(lib_a-strncmp.o)
 .comment       0x00000000       0x23 c:/devkitpro/devkitarm/bin/../lib/gcc/arm-eabi/4.6.1/../../../../arm-eabi/lib/thumb\libg.a(lib_a-strncpy.o)
 .comment       0x00000000       0x23 c:/devkitpro/devkitarm/bin/../lib/gcc/arm-eabi/4.6.1/../../../../arm-eabi/lib/thumb\libg.a(lib_a-strtol.o)
 .comment       0x00000000       0x23 c:/devkitpro/devkitarm/bin/../lib/gcc/arm-eabi/4.6.1/../../../../arm-eabi/lib/thumb\libg.a(lib_a-strtoll_r.o)
 .comment       0x00000000       0x23 c:/devkitpro/devkitarm/bin/../lib/gcc/arm-eabi/4.6.1/../../../../arm-eabi/lib/thumb\libg.a(lib_a-strtoul.o)
 .comment       0x00000000       0x23 c:/devkitpro/devkitarm/bin/../lib/gcc/arm-eabi/4.6.1/../../../../arm-eabi/lib/thumb\libg.a(lib_a-strtoull_r.o)
 .comment       0x00000000       0x23 c:/devkitpro/devkitarm/bin/../lib/gcc/arm-eabi/4.6.1/../../../../arm-eabi/lib/thumb\libg.a(lib_a-wbuf.o)
 .comment       0x00000000       0x23 c:/devkitpro/devkitarm/bin/../lib/gcc/arm-eabi/4.6.1/../../../../arm-eabi/lib/thumb\libg.a(lib_a-wcsnrtombs.o)
 .comment       0x00000000       0x23 c:/devkitpro/devkitarm/bin/../lib/gcc/arm-eabi/4.6.1/../../../../arm-eabi/lib/thumb\libg.a(lib_a-fclose.o)
 .comment       0x00000000       0x23 c:/devkitpro/devkitarm/bin/../lib/gcc/arm-eabi/4.6.1/../../../../arm-eabi/lib/thumb\libg.a(lib_a-getenv_r.o)
 .comment       0x00000000       0x23 c:/devkitpro/devkitarm/bin/../lib/gcc/arm-eabi/4.6.1/../../../../arm-eabi/lib/thumb\libg.a(lib_a-environ.o)
 .comment       0x00000000       0x23 c:/devkitpro/devkitarm/bin/../lib/gcc/arm-eabi/4.6.1/../../../../arm-eabi/lib/thumb\libg.a(lib_a-envlock.o)
 .comment       0x00000000       0x23 c:/devkitpro/devkitarm/bin/../lib/gcc/arm-eabi/4.6.1/../../../../arm-eabi/lib/thumb\libsysbase.a(iosupport.o)
 .comment       0x00000000       0x23 c:/devkitpro/devkitarm/bin/../lib/gcc/arm-eabi/4.6.1/../../../../arm-eabi/lib/thumb\libsysbase.a(close.o)
 .comment       0x00000000       0x23 c:/devkitpro/devkitarm/bin/../lib/gcc/arm-eabi/4.6.1/../../../../arm-eabi/lib/thumb\libsysbase.a(fstat.o)
 .comment       0x00000000       0x23 c:/devkitpro/devkitarm/bin/../lib/gcc/arm-eabi/4.6.1/../../../../arm-eabi/lib/thumb\libsysbase.a(isatty.o)
 .comment       0x00000000       0x23 c:/devkitpro/devkitarm/bin/../lib/gcc/arm-eabi/4.6.1/../../../../arm-eabi/lib/thumb\libsysbase.a(lseek.o)
 .comment       0x00000000       0x23 c:/devkitpro/devkitarm/bin/../lib/gcc/arm-eabi/4.6.1/../../../../arm-eabi/lib/thumb\libsysbase.a(read.o)
 .comment       0x00000000       0x23 c:/devkitpro/devkitarm/bin/../lib/gcc/arm-eabi/4.6.1/../../../../arm-eabi/lib/thumb\libsysbase.a(sbrk.o)
 .comment       0x00000000       0x23 c:/devkitpro/devkitarm/bin/../lib/gcc/arm-eabi/4.6.1/../../../../arm-eabi/lib/thumb\libsysbase.a(times.o)
 .comment       0x00000000       0x23 c:/devkitpro/devkitarm/bin/../lib/gcc/arm-eabi/4.6.1/../../../../arm-eabi/lib/thumb\libsysbase.a(write.o)
 .comment       0x00000000       0x23 c:/devkitpro/devkitarm/bin/../lib/gcc/arm-eabi/4.6.1/../../../../arm-eabi/lib/thumb\libsysbase.a(malloc_vars.o)
 .comment       0x00000000       0x23 c:/devkitpro/devkitarm/bin/../lib/gcc/arm-eabi/4.6.1/../../../../arm-eabi/lib/thumb\libsysbase.a(build_argv.o)
 .comment       0x00000000       0x23 c:/devkitpro/devkitarm/bin/../lib/gcc/arm-eabi/4.6.1/../../../../arm-eabi/lib/thumb\libsysbase.a(syscall_support.o)
 .comment       0x00000000       0x23 c:/devkitpro/devkitarm/bin/../lib/gcc/arm-eabi/4.6.1/../../../../arm-eabi/lib/thumb\libsysbase.a(handle_manager.o)
 .comment       0x00000000       0x23 c:/devkitpro/devkitarm/bin/../lib/gcc/arm-eabi/4.6.1/thumb\libgcc.a(_muldi3.o)
 .comment       0x00000000       0x23 c:/devkitpro/devkitarm/bin/../lib/gcc/arm-eabi/4.6.1/thumb\libgcc.a(bpabi.o)
 .comment       0x00000000       0x23 c:/devkitpro/devkitarm/bin/../lib/gcc/arm-eabi/4.6.1/thumb\libgcc.a(_divdi3.o)
 .comment       0x00000000       0x23 c:/devkitpro/devkitarm/bin/../lib/gcc/arm-eabi/4.6.1/thumb\libgcc.a(_udivdi3.o)
 .comment       0x00000000       0x23 c:/devkitpro/devkitarm/bin/../lib/gcc/arm-eabi/4.6.1/../../../../arm-eabi/lib/thumb\libg.a(lib_a-errno.o)
 .comment       0x00000000       0x23 c:/devkitpro/devkitarm/bin/../lib/gcc/arm-eabi/4.6.1/thumb/crtend.o

.ARM.attributes
                0x00000000       0x2f
 .ARM.attributes
                0x00000000       0x23 c:/devkitpro/devkitarm/bin/../lib/gcc/arm-eabi/4.6.1/../../../../arm-eabi/lib/thumb/ds_arm9_crt0.o
 .ARM.attributes
                0x00000023       0x18 c:/devkitpro/devkitarm/bin/../lib/gcc/arm-eabi/4.6.1/thumb/crti.o
 .ARM.attributes
                0x0000003b       0x32 c:/devkitpro/devkitarm/bin/../lib/gcc/arm-eabi/4.6.1/thumb/crtbegin.o
 .ARM.attributes
                0x0000006d       0x29 main.o
 .ARM.attributes
                0x00000096       0x1d test.o
 .ARM.attributes
                0x000000b3       0x29 c:/devkitPro/libnds/lib\libnds9.a(console.o)
 .ARM.attributes
                0x000000dc       0x29 c:/devkitPro/libnds/lib\libnds9.a(initSystem.o)
 .ARM.attributes
                0x00000105       0x29 c:/devkitPro/libnds/lib\libnds9.a(fifosystem.o)
 .ARM.attributes
                0x0000012e       0x29 c:/devkitPro/libnds/lib\libnds9.a(interrupts.o)
 .ARM.attributes
                0x00000157       0x29 c:/devkitPro/libnds/lib\libnds9.a(libnds_exit.o)
 .ARM.attributes
                0x00000180       0x23 c:/devkitPro/libnds/lib\libnds9.a(mpu_setup.o)
 .ARM.attributes
                0x000001a3       0x1d c:/devkitPro/libnds/lib\libnds9.a(biosCalls.o)
 .ARM.attributes
                0x000001c0       0x1d c:/devkitPro/libnds/lib\libnds9.a(debugprint.o)
 .ARM.attributes
                0x000001dd       0x1d c:/devkitPro/libnds/lib\libnds9.a(interruptDispatcher.o)
 .ARM.attributes
                0x000001fa       0x23 c:/devkitPro/libnds/lib\libnds9.a(swiSoftReset.o)
 .ARM.attributes
                0x0000021d       0x16 c:/devkitPro/libnds/lib\libnds9.a(default_font.bin.o)
 .ARM.attributes
                0x00000233       0x29 c:/devkitPro/libnds/lib\libnds9.a(background.o)
 .ARM.attributes
                0x0000025c       0x29 c:/devkitPro/libnds/lib\libnds9.a(system.o)
 .ARM.attributes
                0x00000285       0x29 c:/devkitPro/libnds/lib\libnds9.a(trig.o)
 .ARM.attributes
                0x000002ae       0x29 c:/devkitPro/libnds/lib\libnds9.a(video.o)
 .ARM.attributes
                0x000002d7       0x29 d:/Dropbox/studia/informatyka/magisterka/code/phase01/sandbox/lib\liblibs.a(basic_lib.o)
 .ARM.attributes
                0x00000300       0x1a c:/devkitpro/devkitarm/bin/../lib/gcc/arm-eabi/4.6.1/thumb\libgcc.a(_divsi3.o)
 .ARM.attributes
                0x0000031a       0x18 c:/devkitpro/devkitarm/bin/../lib/gcc/arm-eabi/4.6.1/thumb\libgcc.a(_dvmd_tls.o)
 .ARM.attributes
                0x00000332       0x32 c:/devkitpro/devkitarm/bin/../lib/gcc/arm-eabi/4.6.1/../../../../arm-eabi/lib/thumb\libg.a(lib_a-bsearch.o)
 .ARM.attributes
                0x00000364       0x32 c:/devkitpro/devkitarm/bin/../lib/gcc/arm-eabi/4.6.1/../../../../arm-eabi/lib/thumb\libg.a(lib_a-impure.o)
 .ARM.attributes
                0x00000396       0x32 c:/devkitpro/devkitarm/bin/../lib/gcc/arm-eabi/4.6.1/../../../../arm-eabi/lib/thumb\libg.a(lib_a-init.o)
 .ARM.attributes
                0x000003c8       0x32 c:/devkitpro/devkitarm/bin/../lib/gcc/arm-eabi/4.6.1/../../../../arm-eabi/lib/thumb\libg.a(lib_a-iprintf.o)
 .ARM.attributes
                0x000003fa       0x32 c:/devkitpro/devkitarm/bin/../lib/gcc/arm-eabi/4.6.1/../../../../arm-eabi/lib/thumb\libg.a(lib_a-memcpy.o)
 .ARM.attributes
                0x0000042c       0x32 c:/devkitpro/devkitarm/bin/../lib/gcc/arm-eabi/4.6.1/../../../../arm-eabi/lib/thumb\libg.a(lib_a-setvbuf.o)
 .ARM.attributes
                0x0000045e       0x32 c:/devkitpro/devkitarm/bin/../lib/gcc/arm-eabi/4.6.1/../../../../arm-eabi/lib/thumb\libg.a(lib_a-siscanf.o)
 .ARM.attributes
                0x00000490       0x32 c:/devkitpro/devkitarm/bin/../lib/gcc/arm-eabi/4.6.1/../../../../arm-eabi/lib/thumb\libg.a(lib_a-stdio.o)
 .ARM.attributes
                0x000004c2       0x32 c:/devkitpro/devkitarm/bin/../lib/gcc/arm-eabi/4.6.1/../../../../arm-eabi/lib/thumb\libg.a(lib_a-strlen.o)
 .ARM.attributes
                0x000004f4       0x32 c:/devkitpro/devkitarm/bin/../lib/gcc/arm-eabi/4.6.1/../../../../arm-eabi/lib/thumb\libg.a(lib_a-svfiscanf.o)
 .ARM.attributes
                0x00000526       0x32 c:/devkitpro/devkitarm/bin/../lib/gcc/arm-eabi/4.6.1/../../../../arm-eabi/lib/thumb\libg.a(lib_a-ungetc.o)
 .ARM.attributes
                0x00000558       0x32 c:/devkitpro/devkitarm/bin/../lib/gcc/arm-eabi/4.6.1/../../../../arm-eabi/lib/thumb\libg.a(lib_a-vfiprintf.o)
 .ARM.attributes
                0x0000058a       0x32 c:/devkitpro/devkitarm/bin/../lib/gcc/arm-eabi/4.6.1/../../../../arm-eabi/lib/thumb\libg.a(lib_a-wcrtomb.o)
 .ARM.attributes
                0x000005bc       0x32 c:/devkitpro/devkitarm/bin/../lib/gcc/arm-eabi/4.6.1/../../../../arm-eabi/lib/thumb\libg.a(lib_a-wcsrtombs.o)
 .ARM.attributes
                0x000005ee       0x32 c:/devkitpro/devkitarm/bin/../lib/gcc/arm-eabi/4.6.1/../../../../arm-eabi/lib/thumb\libg.a(lib_a-wctomb_r.o)
 .ARM.attributes
                0x00000620       0x32 c:/devkitpro/devkitarm/bin/../lib/gcc/arm-eabi/4.6.1/../../../../arm-eabi/lib/thumb\libg.a(lib_a-wsetup.o)
 .ARM.attributes
                0x00000652       0x32 c:/devkitpro/devkitarm/bin/../lib/gcc/arm-eabi/4.6.1/../../../../arm-eabi/lib/thumb\libg.a(lib_a-ctype_.o)
 .ARM.attributes
                0x00000684       0x32 c:/devkitpro/devkitarm/bin/../lib/gcc/arm-eabi/4.6.1/../../../../arm-eabi/lib/thumb\libg.a(lib_a-fflush.o)
 .ARM.attributes
                0x000006b6       0x32 c:/devkitpro/devkitarm/bin/../lib/gcc/arm-eabi/4.6.1/../../../../arm-eabi/lib/thumb\libg.a(lib_a-findfp.o)
 .ARM.attributes
                0x000006e8       0x32 c:/devkitpro/devkitarm/bin/../lib/gcc/arm-eabi/4.6.1/../../../../arm-eabi/lib/thumb\libg.a(lib_a-fputwc.o)
 .ARM.attributes
                0x0000071a       0x32 c:/devkitpro/devkitarm/bin/../lib/gcc/arm-eabi/4.6.1/../../../../arm-eabi/lib/thumb\libg.a(lib_a-freer.o)
 .ARM.attributes
                0x0000074c       0x32 c:/devkitpro/devkitarm/bin/../lib/gcc/arm-eabi/4.6.1/../../../../arm-eabi/lib/thumb\libg.a(lib_a-fvwrite.o)
 .ARM.attributes
                0x0000077e       0x32 c:/devkitpro/devkitarm/bin/../lib/gcc/arm-eabi/4.6.1/../../../../arm-eabi/lib/thumb\libg.a(lib_a-fwalk.o)
 .ARM.attributes
                0x000007b0       0x32 c:/devkitpro/devkitarm/bin/../lib/gcc/arm-eabi/4.6.1/../../../../arm-eabi/lib/thumb\libg.a(lib_a-iswspace.o)
 .ARM.attributes
                0x000007e2       0x32 c:/devkitpro/devkitarm/bin/../lib/gcc/arm-eabi/4.6.1/../../../../arm-eabi/lib/thumb\libg.a(lib_a-jp2uc.o)
 .ARM.attributes
                0x00000814       0x32 c:/devkitpro/devkitarm/bin/../lib/gcc/arm-eabi/4.6.1/../../../../arm-eabi/lib/thumb\libg.a(lib_a-locale.o)
 .ARM.attributes
                0x00000846       0x32 c:/devkitpro/devkitarm/bin/../lib/gcc/arm-eabi/4.6.1/../../../../arm-eabi/lib/thumb\libg.a(lib_a-makebuf.o)
 .ARM.attributes
                0x00000878       0x32 c:/devkitpro/devkitarm/bin/../lib/gcc/arm-eabi/4.6.1/../../../../arm-eabi/lib/thumb\libg.a(lib_a-malloc.o)
 .ARM.attributes
                0x000008aa       0x32 c:/devkitpro/devkitarm/bin/../lib/gcc/arm-eabi/4.6.1/../../../../arm-eabi/lib/thumb\libg.a(lib_a-mallocr.o)
 .ARM.attributes
                0x000008dc       0x32 c:/devkitpro/devkitarm/bin/../lib/gcc/arm-eabi/4.6.1/../../../../arm-eabi/lib/thumb\libg.a(lib_a-mbrtowc.o)
 .ARM.attributes
                0x0000090e       0x32 c:/devkitpro/devkitarm/bin/../lib/gcc/arm-eabi/4.6.1/../../../../arm-eabi/lib/thumb\libg.a(lib_a-mbtowc_r.o)
 .ARM.attributes
                0x00000940       0x32 c:/devkitpro/devkitarm/bin/../lib/gcc/arm-eabi/4.6.1/../../../../arm-eabi/lib/thumb\libg.a(lib_a-memchr.o)
 .ARM.attributes
                0x00000972       0x32 c:/devkitpro/devkitarm/bin/../lib/gcc/arm-eabi/4.6.1/../../../../arm-eabi/lib/thumb\libg.a(lib_a-memmove.o)
 .ARM.attributes
                0x000009a4       0x32 c:/devkitpro/devkitarm/bin/../lib/gcc/arm-eabi/4.6.1/../../../../arm-eabi/lib/thumb\libg.a(lib_a-memset.o)
 .ARM.attributes
                0x000009d6       0x32 c:/devkitpro/devkitarm/bin/../lib/gcc/arm-eabi/4.6.1/../../../../arm-eabi/lib/thumb\libg.a(lib_a-mlock.o)
 .ARM.attributes
                0x00000a08       0x32 c:/devkitpro/devkitarm/bin/../lib/gcc/arm-eabi/4.6.1/../../../../arm-eabi/lib/thumb\libg.a(lib_a-reallocr.o)
 .ARM.attributes
                0x00000a3a       0x32 c:/devkitpro/devkitarm/bin/../lib/gcc/arm-eabi/4.6.1/../../../../arm-eabi/lib/thumb\libg.a(lib_a-sccl.o)
 .ARM.attributes
                0x00000a6c       0x32 c:/devkitpro/devkitarm/bin/../lib/gcc/arm-eabi/4.6.1/../../../../arm-eabi/lib/thumb\libg.a(lib_a-strcasecmp.o)
 .ARM.attributes
                0x00000a9e       0x32 c:/devkitpro/devkitarm/bin/../lib/gcc/arm-eabi/4.6.1/../../../../arm-eabi/lib/thumb\libg.a(lib_a-strcat.o)
 .ARM.attributes
                0x00000ad0       0x32 c:/devkitpro/devkitarm/bin/../lib/gcc/arm-eabi/4.6.1/../../../../arm-eabi/lib/thumb\libg.a(lib_a-strchr.o)
 .ARM.attributes
                0x00000b02       0x32 c:/devkitpro/devkitarm/bin/../lib/gcc/arm-eabi/4.6.1/../../../../arm-eabi/lib/thumb\libg.a(lib_a-strcmp.o)
 .ARM.attributes
                0x00000b34       0x32 c:/devkitpro/devkitarm/bin/../lib/gcc/arm-eabi/4.6.1/../../../../arm-eabi/lib/thumb\libg.a(lib_a-strcpy.o)
 .ARM.attributes
                0x00000b66       0x32 c:/devkitpro/devkitarm/bin/../lib/gcc/arm-eabi/4.6.1/../../../../arm-eabi/lib/thumb\libg.a(lib_a-strlcpy.o)
 .ARM.attributes
                0x00000b98       0x32 c:/devkitpro/devkitarm/bin/../lib/gcc/arm-eabi/4.6.1/../../../../arm-eabi/lib/thumb\libg.a(lib_a-strncasecmp.o)
 .ARM.attributes
                0x00000bca       0x32 c:/devkitpro/devkitarm/bin/../lib/gcc/arm-eabi/4.6.1/../../../../arm-eabi/lib/thumb\libg.a(lib_a-strncmp.o)
 .ARM.attributes
                0x00000bfc       0x32 c:/devkitpro/devkitarm/bin/../lib/gcc/arm-eabi/4.6.1/../../../../arm-eabi/lib/thumb\libg.a(lib_a-strncpy.o)
 .ARM.attributes
                0x00000c2e       0x32 c:/devkitpro/devkitarm/bin/../lib/gcc/arm-eabi/4.6.1/../../../../arm-eabi/lib/thumb\libg.a(lib_a-strtol.o)
 .ARM.attributes
                0x00000c60       0x32 c:/devkitpro/devkitarm/bin/../lib/gcc/arm-eabi/4.6.1/../../../../arm-eabi/lib/thumb\libg.a(lib_a-strtoll_r.o)
 .ARM.attributes
                0x00000c92       0x32 c:/devkitpro/devkitarm/bin/../lib/gcc/arm-eabi/4.6.1/../../../../arm-eabi/lib/thumb\libg.a(lib_a-strtoul.o)
 .ARM.attributes
                0x00000cc4       0x32 c:/devkitpro/devkitarm/bin/../lib/gcc/arm-eabi/4.6.1/../../../../arm-eabi/lib/thumb\libg.a(lib_a-strtoull_r.o)
 .ARM.attributes
                0x00000cf6       0x32 c:/devkitpro/devkitarm/bin/../lib/gcc/arm-eabi/4.6.1/../../../../arm-eabi/lib/thumb\libg.a(lib_a-wbuf.o)
 .ARM.attributes
                0x00000d28       0x32 c:/devkitpro/devkitarm/bin/../lib/gcc/arm-eabi/4.6.1/../../../../arm-eabi/lib/thumb\libg.a(lib_a-wcsnrtombs.o)
 .ARM.attributes
                0x00000d5a       0x32 c:/devkitpro/devkitarm/bin/../lib/gcc/arm-eabi/4.6.1/../../../../arm-eabi/lib/thumb\libg.a(lib_a-fclose.o)
 .ARM.attributes
                0x00000d8c       0x32 c:/devkitpro/devkitarm/bin/../lib/gcc/arm-eabi/4.6.1/../../../../arm-eabi/lib/thumb\libg.a(lib_a-getenv_r.o)
 .ARM.attributes
                0x00000dbe       0x32 c:/devkitpro/devkitarm/bin/../lib/gcc/arm-eabi/4.6.1/../../../../arm-eabi/lib/thumb\libg.a(lib_a-environ.o)
 .ARM.attributes
                0x00000df0       0x32 c:/devkitpro/devkitarm/bin/../lib/gcc/arm-eabi/4.6.1/../../../../arm-eabi/lib/thumb\libg.a(lib_a-envlock.o)
 .ARM.attributes
                0x00000e22       0x32 c:/devkitpro/devkitarm/bin/../lib/gcc/arm-eabi/4.6.1/../../../../arm-eabi/lib/thumb\libsysbase.a(iosupport.o)
 .ARM.attributes
                0x00000e54       0x32 c:/devkitpro/devkitarm/bin/../lib/gcc/arm-eabi/4.6.1/../../../../arm-eabi/lib/thumb\libsysbase.a(close.o)
 .ARM.attributes
                0x00000e86       0x32 c:/devkitpro/devkitarm/bin/../lib/gcc/arm-eabi/4.6.1/../../../../arm-eabi/lib/thumb\libsysbase.a(fstat.o)
 .ARM.attributes
                0x00000eb8       0x32 c:/devkitpro/devkitarm/bin/../lib/gcc/arm-eabi/4.6.1/../../../../arm-eabi/lib/thumb\libsysbase.a(isatty.o)
 .ARM.attributes
                0x00000eea       0x32 c:/devkitpro/devkitarm/bin/../lib/gcc/arm-eabi/4.6.1/../../../../arm-eabi/lib/thumb\libsysbase.a(lseek.o)
 .ARM.attributes
                0x00000f1c       0x32 c:/devkitpro/devkitarm/bin/../lib/gcc/arm-eabi/4.6.1/../../../../arm-eabi/lib/thumb\libsysbase.a(read.o)
 .ARM.attributes
                0x00000f4e       0x32 c:/devkitpro/devkitarm/bin/../lib/gcc/arm-eabi/4.6.1/../../../../arm-eabi/lib/thumb\libsysbase.a(sbrk.o)
 .ARM.attributes
                0x00000f80       0x32 c:/devkitpro/devkitarm/bin/../lib/gcc/arm-eabi/4.6.1/../../../../arm-eabi/lib/thumb\libsysbase.a(times.o)
 .ARM.attributes
                0x00000fb2       0x32 c:/devkitpro/devkitarm/bin/../lib/gcc/arm-eabi/4.6.1/../../../../arm-eabi/lib/thumb\libsysbase.a(write.o)
 .ARM.attributes
                0x00000fe4       0x32 c:/devkitpro/devkitarm/bin/../lib/gcc/arm-eabi/4.6.1/../../../../arm-eabi/lib/thumb\libsysbase.a(malloc_vars.o)
 .ARM.attributes
                0x00001016       0x32 c:/devkitpro/devkitarm/bin/../lib/gcc/arm-eabi/4.6.1/../../../../arm-eabi/lib/thumb\libsysbase.a(build_argv.o)
 .ARM.attributes
                0x00001048       0x32 c:/devkitpro/devkitarm/bin/../lib/gcc/arm-eabi/4.6.1/../../../../arm-eabi/lib/thumb\libsysbase.a(syscall_support.o)
 .ARM.attributes
                0x0000107a       0x32 c:/devkitpro/devkitarm/bin/../lib/gcc/arm-eabi/4.6.1/../../../../arm-eabi/lib/thumb\libsysbase.a(handle_manager.o)
 .ARM.attributes
                0x000010ac       0x1a c:/devkitpro/devkitarm/bin/../lib/gcc/arm-eabi/4.6.1/thumb\libgcc.a(_udivsi3.o)
 .ARM.attributes
                0x000010c6       0x1a c:/devkitpro/devkitarm/bin/../lib/gcc/arm-eabi/4.6.1/thumb\libgcc.a(_aeabi_uldivmod.o)
 .ARM.attributes
                0x000010e0       0x32 c:/devkitpro/devkitarm/bin/../lib/gcc/arm-eabi/4.6.1/thumb\libgcc.a(_muldi3.o)
 .ARM.attributes
                0x00001112       0x32 c:/devkitpro/devkitarm/bin/../lib/gcc/arm-eabi/4.6.1/thumb\libgcc.a(bpabi.o)
 .ARM.attributes
                0x00001144       0x32 c:/devkitpro/devkitarm/bin/../lib/gcc/arm-eabi/4.6.1/thumb\libgcc.a(_divdi3.o)
 .ARM.attributes