Archive member included because of file (symbol)

/opt/devkitPRO/libnds/lib/libnds9.a(console.o)
                              main.o (consoleDemoInit)
/opt/devkitPRO/libnds/lib/libnds9.a(initSystem.o)
                              /opt/devkitPRO/devkitARM/bin/../lib/gcc/arm-none-eabi/4.7.1/../../../../arm-none-eabi/lib/thumb/ds_arm9_crt0.o (initSystem)
/opt/devkitPRO/libnds/lib/libnds9.a(fifosystem.o)
                              /opt/devkitPRO/libnds/lib/libnds9.a(initSystem.o) (fifoSendValue32)
/opt/devkitPRO/libnds/lib/libnds9.a(interrupts.o)
                              /opt/devkitPRO/libnds/lib/libnds9.a(fifosystem.o) (irqSet)
/opt/devkitPRO/libnds/lib/libnds9.a(libnds_exit.arm.o)
                              /opt/devkitPRO/devkitARM/bin/../lib/gcc/arm-none-eabi/4.7.1/../../../../arm-none-eabi/lib/thumb/ds_arm9_crt0.o (__libnds_exit)
/opt/devkitPRO/libnds/lib/libnds9.a(mpu_setup.o)
                              /opt/devkitPRO/devkitARM/bin/../lib/gcc/arm-none-eabi/4.7.1/../../../../arm-none-eabi/lib/thumb/ds_arm9_crt0.o (__libnds_mpu_setup)
/opt/devkitPRO/libnds/lib/libnds9.a(biosCalls.o)
                              /opt/devkitPRO/libnds/lib/libnds9.a(fifosystem.o) (swiIntrWait)
/opt/devkitPRO/libnds/lib/libnds9.a(debugprint.o)
                              /opt/devkitPRO/libnds/lib/libnds9.a(console.o) (nocashWrite)
/opt/devkitPRO/libnds/lib/libnds9.a(interruptDispatcher.o)
                              /opt/devkitPRO/libnds/lib/libnds9.a(interrupts.o) (IntrMain)
/opt/devkitPRO/libnds/lib/libnds9.a(swiSoftReset.o)
                              /opt/devkitPRO/libnds/lib/libnds9.a(fifosystem.o) (swiSoftReset)
/opt/devkitPRO/libnds/lib/libnds9.a(default_font.bin.o)
                              /opt/devkitPRO/libnds/lib/libnds9.a(console.o) (default_font_bin)
/opt/devkitPRO/libnds/lib/libnds9.a(background.o)
                              /opt/devkitPRO/libnds/lib/libnds9.a(console.o) (bgState)
/opt/devkitPRO/libnds/lib/libnds9.a(system.o)
                              /opt/devkitPRO/libnds/lib/libnds9.a(initSystem.o) (systemMsgHandler)
/opt/devkitPRO/libnds/lib/libnds9.a(trig.o)
                              /opt/devkitPRO/libnds/lib/libnds9.a(background.o) (sinLerp)
/opt/devkitPRO/libnds/lib/libnds9.a(video.o)
                              /opt/devkitPRO/libnds/lib/libnds9.a(initSystem.o) (vramDefault)
/media/wind/Dropbox/studia/informatyka/magisterka/code/phase01/sandbox/lib/liblibs.a(basic_lib.o)
                              lib.o (print_int)
/opt/devkitPRO/devkitARM/bin/../lib/gcc/arm-none-eabi/4.7.1/thumb/libgcc.a(_divsi3.o)
                              /opt/devkitPRO/libnds/lib/libnds9.a(console.o) (__aeabi_idivmod)
/opt/devkitPRO/devkitARM/bin/../lib/gcc/arm-none-eabi/4.7.1/thumb/libgcc.a(_dvmd_tls.o)
                              /opt/devkitPRO/devkitARM/bin/../lib/gcc/arm-none-eabi/4.7.1/thumb/libgcc.a(_divsi3.o) (__aeabi_idiv0)
/opt/devkitPRO/devkitARM/bin/../lib/gcc/arm-none-eabi/4.7.1/../../../../arm-none-eabi/lib/thumb/libg.a(lib_a-bsearch.o)
                              /opt/devkitPRO/libnds/lib/libnds9.a(trig.o) (bsearch)
/opt/devkitPRO/devkitARM/bin/../lib/gcc/arm-none-eabi/4.7.1/../../../../arm-none-eabi/lib/thumb/libg.a(lib_a-impure.o)
                              /opt/devkitPRO/libnds/lib/libnds9.a(console.o) (_impure_ptr)
/opt/devkitPRO/devkitARM/bin/../lib/gcc/arm-none-eabi/4.7.1/../../../../arm-none-eabi/lib/thumb/libg.a(lib_a-init.o)
                              /opt/devkitPRO/devkitARM/bin/../lib/gcc/arm-none-eabi/4.7.1/../../../../arm-none-eabi/lib/thumb/ds_arm9_crt0.o (__libc_init_array)
/opt/devkitPRO/devkitARM/bin/../lib/gcc/arm-none-eabi/4.7.1/../../../../arm-none-eabi/lib/thumb/libg.a(lib_a-iprintf.o)
                              main.o (iprintf)
/opt/devkitPRO/devkitARM/bin/../lib/gcc/arm-none-eabi/4.7.1/../../../../arm-none-eabi/lib/thumb/libg.a(lib_a-malloc.o)
                              main.o (malloc)
/opt/devkitPRO/devkitARM/bin/../lib/gcc/arm-none-eabi/4.7.1/../../../../arm-none-eabi/lib/thumb/libg.a(lib_a-mallocr.o)
                              /opt/devkitPRO/devkitARM/bin/../lib/gcc/arm-none-eabi/4.7.1/../../../../arm-none-eabi/lib/thumb/libg.a(lib_a-malloc.o) (_malloc_r)
/opt/devkitPRO/devkitARM/bin/../lib/gcc/arm-none-eabi/4.7.1/../../../../arm-none-eabi/lib/thumb/libg.a(lib_a-memcpy-stub.o)
                              /opt/devkitPRO/libnds/lib/libnds9.a(console.o) (memcpy)
/opt/devkitPRO/devkitARM/bin/../lib/gcc/arm-none-eabi/4.7.1/../../../../arm-none-eabi/lib/thumb/libg.a(lib_a-mlock.o)
                              /opt/devkitPRO/devkitARM/bin/../lib/gcc/arm-none-eabi/4.7.1/../../../../arm-none-eabi/lib/thumb/libg.a(lib_a-mallocr.o) (__malloc_lock)
/opt/devkitPRO/devkitARM/bin/../lib/gcc/arm-none-eabi/4.7.1/../../../../arm-none-eabi/lib/thumb/libg.a(lib_a-setvbuf.o)
                              /opt/devkitPRO/libnds/lib/libnds9.a(console.o) (setvbuf)
[...]
Memory Configuration

Name             Origin             Length             Attributes
rom              0x0000000008000000 0x0000000002000000
ewram            0x0000000002000000 0x00000000003ff000
dtcm             0x000000000b000000 0x0000000000004000
vectors          0x0000000001000000 0x0000000000000100
itcm             0x0000000001000100 0x0000000000007f00
*default*        0x0000000000000000 0xffffffffffffffff

Linker script and memory map

                0x0000000001000000                __vectors_start = ORIGIN (vectors)
                0x0000000001000100                __itcm_start = ORIGIN (itcm)
                0x00000000023ff000                __ewram_end = (ORIGIN (ewram) + 0x3ff000)
                0x00000000023ff000                __eheap_end = (ORIGIN (ewram) + 0x3ff000)
                0x000000000b000000                __dtcm_start = ORIGIN (dtcm)
                0x000000000b004000                __dtcm_top = (ORIGIN (dtcm) + 0x4000)
                0x000000000b003ff8                __irq_flags = (__dtcm_top - 0x8)
                0x000000000b003ffc                __irq_vector = (__dtcm_top - 0x4)
                0x000000000b003f00                __sp_svc = (__dtcm_top - 0x100)
                0x000000000b003e00                __sp_irq = (__sp_svc - 0x100)
                0x000000000b003d00                __sp_usr = (__sp_irq - 0x100)

.init           0x0000000002000000      0x23c
                0x0000000002000000                __text_start = .
 *(.init)
 .init          0x0000000002000000      0x230 /opt/devkitPRO/devkitARM/bin/../lib/gcc/arm-none-eabi/4.7.1/../../../../arm-none-eabi/lib/thumb/ds_arm9_crt0.o
                0x0000000002000000                _start
 .init          0x0000000002000230        0x4 /opt/devkitPRO/devkitARM/bin/../lib/gcc/arm-none-eabi/4.7.1/thumb/crti.o
                0x0000000002000230                _init
 .init          0x0000000002000234        0x8 /opt/devkitPRO/devkitARM/bin/../lib/gcc/arm-none-eabi/4.7.1/thumb/crtn.o
                0x000000000200023c                . = ALIGN (0x4)

.plt
 *(.plt)

.text           0x0000000002000240     0xa2e8
 *(EXCLUDE_FILE(*.itcm*) .text)
 .text          0x0000000002000240        0x0 /opt/devkitPRO/devkitARM/bin/../lib/gcc/arm-none-eabi/4.7.1/../../../../arm-none-eabi/lib/thumb/ds_arm9_crt0.o
 .text          0x0000000002000240        0x0 /opt/devkitPRO/devkitARM/bin/../lib/gcc/arm-none-eabi/4.7.1/thumb/crti.o
 .text          0x0000000002000240       0xd0 /opt/devkitPRO/devkitARM/bin/../lib/gcc/arm-none-eabi/4.7.1/thumb/crtbegin.o
 .text          0x0000000002000310        0x0 main.o
 .text          0x0000000002000310      0x558 lib.o
                0x000000000200033c                call_cc
                0x00000000020004f4                cont_closure_callback
                0x0000000002000548                call_cc2
                0x00000000020005a0                tag_closure
                0x00000000020005b0                call_closure
                0x0000000002000678                make_vector
                0x00000000020006d0                vector_ref
                0x0000000002000718                vector_setEM
                0x0000000002000760                vector_length
                0x000000000200076c                vectorQM
                0x0000000002000780                cons
                0x00000000020007d8                pairQM
                0x00000000020007ec                car
                0x00000000020007f8                cdr
                0x0000000002000808                eqQM
                0x0000000002000818                atomQM
                0x000000000200082c                numberQM
                0x0000000002000840                booleanQM
                0x0000000002000854                referenceQM
 .text          0x0000000002000868      0x770 os.o
                0x0000000002000894                scheme_entry
                0x00000000020008e0                idle_process
                0x00000000020008e4                initialize_processes
                0x0000000002000958                enable_process
                0x0000000002000994                disable_process
                0x00000000020009d0                change_process_state
                0x0000000002000a4c                add_process
                0x0000000002000b50                remove_process
                0x0000000002000be8                initialize_interrupts
                0x0000000002000c64                interrupt_handler
                0x0000000002000ce4                run_process
                0x0000000002000ecc                select_process
                0x0000000002000f80                alloc_mem
 .text          0x0000000002000fd8      0x41c test16.o
                0x0000000002001300                user_code
 .text          0x00000000020013f4      0xa4c /opt/devkitPRO/libnds/lib/libnds9.a(console.o)
                0x0000000002001494                nocash_write
                0x00000000020014a4                consoleGetDefault
                0x00000000020014b0                consoleSelect
                0x00000000020014c0                consoleDebugInit
                0x0000000002001510                consolePrintChar
                0x00000000020016dc                consoleLoadFont
                0x0000000002001964                consoleSetFont
                0x0000000002001984                consoleInit
                0x0000000002001aec                consoleDemoInit
                0x0000000002001b30                con_write
                0x0000000002001e0c                consoleClear
                0x0000000002001e1c                consoleSetWindow
 .text          0x0000000002001e40      0x140 /opt/devkitPRO/libnds/lib/libnds9.a(initSystem.o)
                0x0000000002001e40                initSystem
 .text          0x0000000002001f80      0xc58 /opt/devkitPRO/libnds/lib/libnds9.a(fifosystem.o)
                0x00000000020021d4                fifoSendAddress
                0x0000000002002200                fifoSendValue32
                0x0000000002002240                fifoSendDatamsg
                0x00000000020022b0                fifoGetAddress
                0x0000000002002328                fifoSetAddressHandler
                0x000000000200239c                fifoGetValue32
                0x0000000002002410                fifoSetValue32Handler
                0x0000000002002484                fifoGetDatamsg
                0x0000000002002908                fifoSetDatamsgHandler
                0x00000000020029a0                fifoCheckAddress
                0x00000000020029c4                fifoCheckDatamsg
                0x00000000020029e8                fifoCheckValue32
                0x0000000002002a0c                fifoInit
 .text          0x0000000002002bd8      0x1ec /opt/devkitPRO/libnds/lib/libnds9.a(interrupts.o)
                0x0000000002002bd8                irqDummy
                0x0000000002002bdc                irqSet
                0x0000000002002c48                irqInit
                0x0000000002002c94                irqInitHandler
                0x0000000002002cc4                irqEnable
                0x0000000002002d28                irqDisable
                0x0000000002002d8c                irqClear
 .text          0x0000000002002dc4       0x58 /opt/devkitPRO/libnds/lib/libnds9.a(libnds_exit.arm.o)
                0x0000000002002dc4                systemErrorExit
                0x0000000002002dc8                __libnds_exit
 .text          0x0000000002002e1c      0x1b4 /opt/devkitPRO/libnds/lib/libnds9.a(mpu_setup.o)
                0x0000000002002e1c                __libnds_mpu_setup
                0x0000000002002f5c                memCached
                0x0000000002002f74                memUncached
 .text          0x0000000002002fd0       0x70 /opt/devkitPRO/libnds/lib/libnds9.a(biosCalls.o)
                0x0000000002002fd0                swiDelay
                0x0000000002002fd4                swiIntrWait
                0x0000000002002fd8                swiWaitForVBlank
                0x0000000002002fdc                swiSleep
                0x0000000002002fe0                swiChangeSoundBias
                0x0000000002002fe4                swiDivide
                0x0000000002002fe8                swiRemainder
                0x0000000002002fee                swiDivMod
                0x0000000002002ffa                swiCopy
                0x0000000002002ffe                swiFastCopy
                0x0000000002003002                swiSqrt
                0x0000000002003006                swiCRC16
                0x000000000200300a                swiIsDebugger
                0x000000000200300e                swiUnpackBits
                0x0000000002003012                swiDecompressLZSSWram
                0x0000000002003016                swiDecompressLZSSVramNTR
                0x000000000200301a                swiDecompressLZSSVramTWL
                0x000000000200301e                swiDecompressHuffman
                0x0000000002003022                swiDecompressRLEWram
                0x0000000002003026                swiDecompressRLEVram
                0x000000000200302a                swiWaitForIRQ
                0x000000000200302e                swiDecodeDelta8
                0x0000000002003032                swiDecodeDelta16
                0x0000000002003036                swiSetHaltCR
 .text          0x0000000002003040       0xa4 /opt/devkitPRO/libnds/lib/libnds9.a(debugprint.o)
                0x0000000002003040                nocashWrite
                0x0000000002003042                nocashMessage
 .text          0x00000000020030e4        0x0 /opt/devkitPRO/libnds/lib/libnds9.a(interruptDispatcher.o)
 *fill*         0x00000000020030e4        0xc ff
 .text          0x00000000020030f0       0x30 /opt/devkitPRO/libnds/lib/libnds9.a(swiSoftReset.o)
                0x00000000020030f0                swiSoftReset
 .text          0x0000000002003120        0x0 /opt/devkitPRO/libnds/lib/libnds9.a(default_font.bin.o)
 .text          0x0000000002003120      0x2e8 /opt/devkitPRO/libnds/lib/libnds9.a(background.o)
                0x0000000002003120                bgIsText
                0x000000000200312c                checkIfText
                0x0000000002003184                bgUpdate
                0x0000000002003278                bgInit_call
                0x000000000200333c                bgInitSub_call
 .text          0x0000000002003408      0x128 /opt/devkitPRO/libnds/lib/libnds9.a(system.o)
                0x0000000002003408                setSDcallback
                0x0000000002003414                systemMsgHandler
                0x0000000002003458                systemSleep
                0x0000000002003470                systemValueHandler
                0x00000000020034ac                powerOn
                0x00000000020034d8                powerOff
                0x0000000002003500                ledBlink
                0x0000000002003510                getBatteryLevel
 .text          0x0000000002003530      0x244 /opt/devkitPRO/libnds/lib/libnds9.a(trig.o)
                0x0000000002003530                asinComp
                0x0000000002003558                sinLutLookup
                0x0000000002003594                sinLerp
                0x00000000020035cc                cosLerp
                0x00000000020035e0                tanLutLookup
                0x0000000002003618                tanLerp
                0x00000000020036bc                asinLerp
                0x0000000002003738                acosLerp
                0x000000000200374c                atanComp
 .text          0x0000000002003774      0x1f8 /opt/devkitPRO/libnds/lib/libnds9.a(video.o)
                0x0000000002003774                vramSetPrimaryBanks
                0x00000000020037b8                vramSetMainBanks
                0x00000000020037fc                vramSetBanks_EFG
                0x0000000002003834                vramRestorePrimaryBanks
                0x0000000002003840                vramRestoreMainBanks
                0x000000000200384c                vramRestoreBanks_EFG
                0x0000000002003858                setBrightness
                0x0000000002003898                vramDefault
 .text          0x000000000200396c       0x30 /media/wind/Dropbox/studia/informatyka/magisterka/code/phase01/sandbox/lib/liblibs.a(basic_lib.o)
                0x000000000200396c                print_int
                0x000000000200397c                print_bool
 .text          0x000000000200399c      0x150 /opt/devkitPRO/devkitARM/bin/../lib/gcc/arm-none-eabi/4.7.1/thumb/libgcc.a(_divsi3.o)
                0x000000000200399c                __aeabi_idiv
                0x000000000200399c                __divsi3
                0x0000000002003acc                __aeabi_idivmod
 .text          0x0000000002003aec        0x4 /opt/devkitPRO/devkitARM/bin/../lib/gcc/arm-none-eabi/4.7.1/thumb/libgcc.a(_dvmd_tls.o)
                0x0000000002003aec                __aeabi_ldiv0
                0x0000000002003aec                __aeabi_idiv0
 .text          0x0000000002003af0       0x64 /opt/devkitPRO/devkitARM/bin/../lib/gcc/arm-none-eabi/4.7.1/../../../../arm-none-eabi/lib/thumb/libg.a(lib_a-bsearch.o)
                0x0000000002003af0                bsearch
 .text          0x0000000002003b54        0x0 /opt/devkitPRO/devkitARM/bin/../lib/gcc/arm-none-eabi/4.7.1/../../../../arm-none-eabi/lib/thumb/libg.a(lib_a-impure.o)
 .text          0x0000000002003b54       0x54 /opt/devkitPRO/devkitARM/bin/../lib/gcc/arm-none-eabi/4.7.1/../../../../arm-none-eabi/lib/thumb/libg.a(lib_a-init.o)
                0x0000000002003b54                __libc_init_array
 .text          0x0000000002003ba8       0x40 /opt/devkitPRO/devkitARM/bin/../lib/gcc/arm-none-eabi/4.7.1/../../../../arm-none-eabi/lib/thumb/libg.a(lib_a-iprintf.o)
                0x0000000002003ba8                iprintf
                0x0000000002003bcc                _iprintf_r
 .text          0x0000000002003be8       0x30 /opt/devkitPRO/devkitARM/bin/../lib/gcc/arm-none-eabi/4.7.1/../../../../arm-none-eabi/lib/thumb/libg.a(lib_a-malloc.o)
                0x0000000002003be8                malloc
                0x0000000002003c00                free
 .text          0x0000000002003c18      0x51c /opt/devkitPRO/devkitARM/bin/../lib/gcc/arm-none-eabi/4.7.1/../../../../arm-none-eabi/lib/thumb/libg.a(lib_a-mallocr.o)
                0x0000000002003c18                _malloc_r
 .text          0x0000000002004134       0x90 /opt/devkitPRO/devkitARM/bin/../lib/gcc/arm-none-eabi/4.7.1/../../../../arm-none-eabi/lib/thumb/libg.a(lib_a-memcpy-stub.o)
                0x0000000002004134                memcpy
 .text          0x00000000020041c4        0x8 /opt/devkitPRO/devkitARM/bin/../lib/gcc/arm-none-eabi/4.7.1/../../../../arm-none-eabi/lib/thumb/libg.a(lib_a-mlock.o)
                0x00000000020041c4                __malloc_lock
                0x00000000020041c8                __malloc_unlock
 .text          0x00000000020041cc      0x120 /opt/devkitPRO/devkitARM/bin/../lib/gcc/arm-none-eabi/4.7.1/../../../../arm-none-eabi/lib/thumb/libg.a(lib_a-setvbuf.o)
                0x00000000020041cc                setvbuf
 .text          0x00000000020042ec       0xa0 /opt/devkitPRO/devkitARM/bin/../lib/gcc/arm-none-eabi/4.7.1/../../../../arm-none-eabi/lib/thumb/libg.a(lib_a-siscanf.o)
                0x00000000020042ec                siscanf
                0x000000000200433c                _siscanf_r
 .text          0x000000000200438c       0xac /opt/devkitPRO/devkitARM/bin/../lib/gcc/arm-none-eabi/4.7.1/../../../../arm-none-eabi/lib/thumb/libg.a(lib_a-stdio.o)
                0x000000000200438c                __sread
                0x00000000020043b8                __seofread
                0x00000000020043bc                __swrite
                0x00000000020043f8                __sseek
                0x0000000002004428                __sclose
 .text          0x0000000002004438       0x10 /opt/devkitPRO/devkitARM/bin/../lib/gcc/arm-none-eabi/4.7.1/../../../../arm-none-eabi/lib/thumb/libg.a(lib_a-strlen.o)
                0x0000000002004438                strlen
 .text          0x0000000002004448      0xa98 /opt/devkitPRO/devkitARM/bin/../lib/gcc/arm-none-eabi/4.7.1/../../../../arm-none-eabi/lib/thumb/libg.a(lib_a-svfiscanf.o)
                0x0000000002004448                _sungetc_r
                0x00000000020044d0                __ssrefill_r
                0x0000000002004514                _sfread_r
                0x00000000020045a0                __ssvfiscanf_r
 .text          0x0000000002004ee0      0x188 /opt/devkitPRO/devkitARM/bin/../lib/gcc/arm-none-eabi/4.7.1/../../../../arm-none-eabi/lib/thumb/libg.a(lib_a-ungetc.o)
                0x0000000002004ee0                __submore
                0x0000000002004f68                _ungetc_r
                0x000000000200504c                ungetc
 .text          0x0000000002005068      0xed4 /opt/devkitPRO/devkitARM/bin/../lib/gcc/arm-none-eabi/4.7.1/../../../../arm-none-eabi/lib/thumb/libg.a(lib_a-vfiprintf.o)
                0x0000000002005068                __sprint_r
                0x00000000020050ec                _vfiprintf_r
                0x0000000002005f18                vfiprintf
 .text          0x0000000002005f3c       0xe8 /opt/devkitPRO/devkitARM/bin/../lib/gcc/arm-none-eabi/4.7.1/../../../../arm-none-eabi/lib/thumb/libg.a(lib_a-wcrtomb.o)
                0x0000000002005f3c                _wcrtomb_r
                0x0000000002005fa4                wcrtomb
 .text          0x0000000002006024       0x40 /opt/devkitPRO/devkitARM/bin/../lib/gcc/arm-none-eabi/4.7.1/../../../../arm-none-eabi/lib/thumb/libg.a(lib_a-wcsrtombs.o)
                0x0000000002006024                _wcsrtombs_r
                0x000000000200603c                wcsrtombs
 .text          0x0000000002006064      0x2a4 /opt/devkitPRO/devkitARM/bin/../lib/gcc/arm-none-eabi/4.7.1/../../../../arm-none-eabi/lib/thumb/libg.a(lib_a-wctomb_r.o)
                0x0000000002006064                __utf8_wctomb
                0x0000000002006118                _wctomb_r
                0x0000000002006150                __ascii_wctomb
                0x0000000002006170                __sjis_wctomb
                0x00000000020061ec                __eucjp_wctomb
                0x0000000002006288                __jis_wctomb
 .text          0x0000000002006308       0xd0 /opt/devkitPRO/devkitARM/bin/../lib/gcc/arm-none-eabi/4.7.1/../../../../arm-none-eabi/lib/thumb/libg.a(lib_a-wsetup.o)
                0x0000000002006308                __swsetup_r
 .text          0x00000000020063d8       0x10 /opt/devkitPRO/devkitARM/bin/../lib/gcc/arm-none-eabi/4.7.1/../../../../arm-none-eabi/lib/thumb/libg.a(lib_a-ctype_.o)
                0x00000000020063d8                __set_ctype
 .text          0x00000000020063e8      0x1b8 /opt/devkitPRO/devkitARM/bin/../lib/gcc/arm-none-eabi/4.7.1/../../../../arm-none-eabi/lib/thumb/libg.a(lib_a-fflush.o)
                0x00000000020063e8                __sflush_r
                0x0000000002006540                _fflush_r
                0x0000000002006570                fflush
 .text          0x00000000020065a0      0x1d8 /opt/devkitPRO/devkitARM/bin/../lib/gcc/arm-none-eabi/4.7.1/../../../../arm-none-eabi/lib/thumb/libg.a(lib_a-findfp.o)
                0x00000000020065a8                _cleanup_r
                0x0000000002006608                __sfmoreglue
                0x0000000002006638                _cleanup
                0x000000000200664c                __sinit
                0x00000000020066a0                __sfp
                0x0000000002006730                __sfp_lock_acquire
                0x0000000002006734                __sfp_lock_release
                0x0000000002006738                __sinit_lock_acquire
                0x000000000200673c                __sinit_lock_release
                0x0000000002006740                __fp_lock_all
                0x000000000200675c                __fp_unlock_all
 .text          0x0000000002006778      0x104 /opt/devkitPRO/devkitARM/bin/../lib/gcc/arm-none-eabi/4.7.1/../../../../arm-none-eabi/lib/thumb/libg.a(lib_a-fputwc.o)
                0x0000000002006778                _fputwc_r
                0x0000000002006850                fputwc
 .text          0x000000000200687c      0x238 /opt/devkitPRO/devkitARM/bin/../lib/gcc/arm-none-eabi/4.7.1/../../../../arm-none-eabi/lib/thumb/libg.a(lib_a-freer.o)
                0x000000000200687c                _malloc_trim_r
                0x0000000002006920                _free_r
 .text          0x0000000002006ab4      0x2fc /opt/devkitPRO/devkitARM/bin/../lib/gcc/arm-none-eabi/4.7.1/../../../../arm-none-eabi/lib/thumb/libg.a(lib_a-fvwrite.o)
                0x0000000002006ab4                __sfvwrite_r
 .text          0x0000000002006db0       0xb4 /opt/devkitPRO/devkitARM/bin/../lib/gcc/arm-none-eabi/4.7.1/../../../../arm-none-eabi/lib/thumb/libg.a(lib_a-fwalk.o)
                0x0000000002006db0                _fwalk
                0x0000000002006e04                _fwalk_reent
 .text          0x0000000002006e64       0x78 /opt/devkitPRO/devkitARM/bin/../lib/gcc/arm-none-eabi/4.7.1/../../../../arm-none-eabi/lib/thumb/libg.a(lib_a-iswspace.o)
                0x0000000002006e64                iswspace
 .text          0x0000000002006edc      0x1f0 /opt/devkitPRO/devkitARM/bin/../lib/gcc/arm-none-eabi/4.7.1/../../../../arm-none-eabi/lib/thumb/libg.a(lib_a-jp2uc.o)
                0x0000000002007068                _jp2uc
 .text          0x00000000020070cc      0x950 /opt/devkitPRO/devkitARM/bin/../lib/gcc/arm-none-eabi/4.7.1/../../../../arm-none-eabi/lib/thumb/libg.a(lib_a-locale.o)
                0x00000000020077c0                _setlocale_r
                0x00000000020079bc                __locale_charset
                0x00000000020079c4                __locale_mb_cur_max
                0x00000000020079d0                __locale_msgcharset
                0x00000000020079dc                __locale_cjk_lang
                0x00000000020079e8                _localeconv_r
                0x00000000020079f4                setlocale
                0x0000000002007a10                localeconv
 .text          0x0000000002007a1c       0xe0 /opt/devkitPRO/devkitARM/bin/../lib/gcc/arm-none-eabi/4.7.1/../../../../arm-none-eabi/lib/thumb/libg.a(lib_a-makebuf.o)
                0x0000000002007a1c                __smakebuf_r
 .text          0x0000000002007afc      0x104 /opt/devkitPRO/devkitARM/bin/../lib/gcc/arm-none-eabi/4.7.1/../../../../arm-none-eabi/lib/thumb/libg.a(lib_a-mbrtowc.o)
                0x0000000002007afc                _mbrtowc_r
                0x0000000002007b74                mbrtowc
 .text          0x0000000002007c00      0x584 /opt/devkitPRO/devkitARM/bin/../lib/gcc/arm-none-eabi/4.7.1/../../../../arm-none-eabi/lib/thumb/libg.a(lib_a-mbtowc_r.o)
                0x0000000002007c00                __utf8_mbtowc
                0x0000000002007e60                _mbtowc_r
                0x0000000002007e9c                __ascii_mbtowc
                0x0000000002007ecc                __sjis_mbtowc
                0x0000000002007f8c                __eucjp_mbtowc
                0x0000000002008054                __jis_mbtowc
 .text          0x0000000002008184       0x98 /opt/devkitPRO/devkitARM/bin/../lib/gcc/arm-none-eabi/4.7.1/../../../../arm-none-eabi/lib/thumb/libg.a(lib_a-memchr-stub.o)
                0x0000000002008184                memchr
 .text          0x000000000200821c       0xb0 /opt/devkitPRO/devkitARM/bin/../lib/gcc/arm-none-eabi/4.7.1/../../../../arm-none-eabi/lib/thumb/libg.a(lib_a-memmove.o)
                0x000000000200821c                memmove
 .text          0x00000000020082cc       0x98 /opt/devkitPRO/devkitARM/bin/../lib/gcc/arm-none-eabi/4.7.1/../../../../arm-none-eabi/lib/thumb/libg.a(lib_a-memset.o)
                0x00000000020082cc                memset
 .text          0x0000000002008364      0x3e8 /opt/devkitPRO/devkitARM/bin/../lib/gcc/arm-none-eabi/4.7.1/../../../../arm-none-eabi/lib/thumb/libg.a(lib_a-reallocr.o)
                0x0000000002008364                _realloc_r
 .text          0x000000000200874c       0x7c /opt/devkitPRO/devkitARM/bin/../lib/gcc/arm-none-eabi/4.7.1/../../../../arm-none-eabi/lib/thumb/libg.a(lib_a-sccl.o)
                0x000000000200874c                __sccl
 .text          0x00000000020087c8       0x50 /opt/devkitPRO/devkitARM/bin/../lib/gcc/arm-none-eabi/4.7.1/../../../../arm-none-eabi/lib/thumb/libg.a(lib_a-strcasecmp.o)
                0x00000000020087c8                strcasecmp
 .text          0x0000000002008818       0x50 /opt/devkitPRO/devkitARM/bin/../lib/gcc/arm-none-eabi/4.7.1/../../../../arm-none-eabi/lib/thumb/libg.a(lib_a-strcat.o)
                0x0000000002008818                strcat
 .text          0x0000000002008868       0xd4 /opt/devkitPRO/devkitARM/bin/../lib/gcc/arm-none-eabi/4.7.1/../../../../arm-none-eabi/lib/thumb/libg.a(lib_a-strchr.o)
                0x0000000002008868                strchr
 .text          0x000000000200893c       0x14 /opt/devkitPRO/devkitARM/bin/../lib/gcc/arm-none-eabi/4.7.1/../../../../arm-none-eabi/lib/thumb/libg.a(lib_a-strcmp.o)
                0x000000000200893c                strcmp
 .text          0x0000000002008950       0x10 /opt/devkitPRO/devkitARM/bin/../lib/gcc/arm-none-eabi/4.7.1/../../../../arm-none-eabi/lib/thumb/libg.a(lib_a-strcpy.o)
                0x0000000002008950                strcpy
 .text          0x0000000002008960       0x48 /opt/devkitPRO/devkitARM/bin/../lib/gcc/arm-none-eabi/4.7.1/../../../../arm-none-eabi/lib/thumb/libg.a(lib_a-strlcpy.o)
                0x0000000002008960                strlcpy
 .text          0x00000000020089a8       0x60 /opt/devkitPRO/devkitARM/bin/../lib/gcc/arm-none-eabi/4.7.1/../../../../arm-none-eabi/lib/thumb/libg.a(lib_a-strncasecmp.o)
                0x00000000020089a8                strncasecmp
 .text          0x0000000002008a08       0xbc /opt/devkitPRO/devkitARM/bin/../lib/gcc/arm-none-eabi/4.7.1/../../../../arm-none-eabi/lib/thumb/libg.a(lib_a-strncmp.o)
                0x0000000002008a08                strncmp
 .text          0x0000000002008ac4       0x60 /opt/devkitPRO/devkitARM/bin/../lib/gcc/arm-none-eabi/4.7.1/../../../../arm-none-eabi/lib/thumb/libg.a(lib_a-strncpy.o)
                0x0000000002008ac4                strncpy
 *fill*         0x0000000002008b24        0x4 ff
 .text          0x0000000002008b28      0x208 /opt/devkitPRO/devkitARM/bin/../lib/gcc/arm-none-eabi/4.7.1/../../../../arm-none-eabi/lib/thumb/libg.a(lib_a-strtoll_r.o)
                0x0000000002008b28                _strtoll_r
 .text          0x0000000002008d30      0x190 /opt/devkitPRO/devkitARM/bin/../lib/gcc/arm-none-eabi/4.7.1/../../../../arm-none-eabi/lib/thumb/libg.a(lib_a-strtol.o)
                0x0000000002008d30                _strtol_r
                0x0000000002008ea0                strtol
 .text          0x0000000002008ec0      0x238 /opt/devkitPRO/devkitARM/bin/../lib/gcc/arm-none-eabi/4.7.1/../../../../arm-none-eabi/lib/thumb/libg.a(lib_a-strtoull_r.o)
                0x0000000002008ec0                _strtoull_r
 .text          0x00000000020090f8      0x198 /opt/devkitPRO/devkitARM/bin/../lib/gcc/arm-none-eabi/4.7.1/../../../../arm-none-eabi/lib/thumb/libg.a(lib_a-strtoul.o)
                0x00000000020090f8                _strtoul_r
                0x0000000002009270                strtoul
 .text          0x0000000002009290       0xd0 /opt/devkitPRO/devkitARM/bin/../lib/gcc/arm-none-eabi/4.7.1/../../../../arm-none-eabi/lib/thumb/libg.a(lib_a-wbuf.o)
                0x0000000002009290                __swbuf_r
                0x0000000002009344                __swbuf
 .text          0x0000000002009360      0x150 /opt/devkitPRO/devkitARM/bin/../lib/gcc/arm-none-eabi/4.7.1/../../../../arm-none-eabi/lib/thumb/libg.a(lib_a-wcsnrtombs.o)
                0x0000000002009360                _wcsnrtombs_r
                0x0000000002009480                wcsnrtombs
 .text          0x00000000020094b0       0xb0 /opt/devkitPRO/devkitARM/bin/../lib/gcc/arm-none-eabi/4.7.1/../../../../arm-none-eabi/lib/thumb/libg.a(lib_a-fclose.o)
                0x00000000020094b0                _fclose_r
                0x0000000002009544                fclose
 .text          0x0000000002009560       0xa8 /opt/devkitPRO/devkitARM/bin/../lib/gcc/arm-none-eabi/4.7.1/../../../../arm-none-eabi/lib/thumb/libg.a(lib_a-getenv_r.o)
                0x0000000002009560                _findenv_r
                0x00000000020095f8                _getenv_r
 .text          0x0000000002009608        0x0 /opt/devkitPRO/devkitARM/bin/../lib/gcc/arm-none-eabi/4.7.1/../../../../arm-none-eabi/lib/thumb/libg.a(lib_a-environ.o)
 .text          0x0000000002009608        0x8 /opt/devkitPRO/devkitARM/bin/../lib/gcc/arm-none-eabi/4.7.1/../../../../arm-none-eabi/lib/thumb/libg.a(lib_a-envlock.o)
                0x0000000002009608                __env_lock
                0x000000000200960c                __env_unlock
 .text          0x0000000002009610      0x144 /opt/devkitPRO/devkitARM/bin/../lib/gcc/arm-none-eabi/4.7.1/../../../../arm-none-eabi/lib/thumb/libsysbase.a(iosupport.o)
                0x0000000002009610                setDefaultDevice
                0x0000000002009624                FindDevice
                0x0000000002009694                RemoveDevice
                0x00000000020096b8                AddDevice
                0x0000000002009734                GetDeviceOpTab
 .text          0x0000000002009754       0x50 /opt/devkitPRO/devkitARM/bin/../lib/gcc/arm-none-eabi/4.7.1/../../../../arm-none-eabi/lib/thumb/libsysbase.a(close.o)
                0x0000000002009754                _close_r
 .text          0x00000000020097a4       0x50 /opt/devkitPRO/devkitARM/bin/../lib/gcc/arm-none-eabi/4.7.1/../../../../arm-none-eabi/lib/thumb/libsysbase.a(fstat.o)
                0x00000000020097a4                _fstat_r
 .text          0x00000000020097f4        0x4 /opt/devkitPRO/devkitARM/bin/../lib/gcc/arm-none-eabi/4.7.1/../../../../arm-none-eabi/lib/thumb/libsysbase.a(isatty.o)
                0x00000000020097f4                _isatty_r
 .text          0x00000000020097f8       0x50 /opt/devkitPRO/devkitARM/bin/../lib/gcc/arm-none-eabi/4.7.1/../../../../arm-none-eabi/lib/thumb/libsysbase.a(lseek.o)
                0x00000000020097f8                _lseek_r
 .text          0x0000000002009848       0x50 /opt/devkitPRO/devkitARM/bin/../lib/gcc/arm-none-eabi/4.7.1/../../../../arm-none-eabi/lib/thumb/libsysbase.a(read.o)
                0x0000000002009848                _read_r
 .text          0x0000000002009898       0x54 /opt/devkitPRO/devkitARM/bin/../lib/gcc/arm-none-eabi/4.7.1/../../../../arm-none-eabi/lib/thumb/libsysbase.a(sbrk.o)
                0x0000000002009898                _sbrk_r
 .text          0x00000000020098ec       0x44 /opt/devkitPRO/devkitARM/bin/../lib/gcc/arm-none-eabi/4.7.1/../../../../arm-none-eabi/lib/thumb/libsysbase.a(times.o)
                0x00000000020098ec                _times
                0x0000000002009900                _times_r
                0x0000000002009908                _gettimeofday_r
 .text          0x0000000002009930       0x58 /opt/devkitPRO/devkitARM/bin/../lib/gcc/arm-none-eabi/4.7.1/../../../../arm-none-eabi/lib/thumb/libsysbase.a(write.o)
                0x0000000002009930                _write_r
 .text          0x0000000002009988        0x0 /opt/devkitPRO/devkitARM/bin/../lib/gcc/arm-none-eabi/4.7.1/../../../../arm-none-eabi/lib/thumb/libsysbase.a(malloc_vars.o)
 .text          0x0000000002009988       0x4c /opt/devkitPRO/devkitARM/bin/../lib/gcc/arm-none-eabi/4.7.1/../../../../arm-none-eabi/lib/thumb/libsysbase.a(build_argv.o)
                0x0000000002009988                build_argv
 .text          0x00000000020099d4        0x0 /opt/devkitPRO/devkitARM/bin/../lib/gcc/arm-none-eabi/4.7.1/../../../../arm-none-eabi/lib/thumb/libsysbase.a(syscall_support.o)
 .text          0x00000000020099d4       0x84 /opt/devkitPRO/devkitARM/bin/../lib/gcc/arm-none-eabi/4.7.1/../../../../arm-none-eabi/lib/thumb/libsysbase.a(handle_manager.o)
                0x00000000020099d4                __release_handle
                0x0000000002009a00                __alloc_handle
                0x0000000002009a38                __get_handle
 .text          0x0000000002009a58      0x11c /opt/devkitPRO/devkitARM/bin/../lib/gcc/arm-none-eabi/4.7.1/thumb/libgcc.a(_udivsi3.o)
                0x0000000002009a58                __udivsi3
                0x0000000002009a58                __aeabi_uidiv
                0x0000000002009b54                __aeabi_uidivmod
 .text          0x0000000002009b74       0x3c /opt/devkitPRO/devkitARM/bin/../lib/gcc/arm-none-eabi/4.7.1/thumb/libgcc.a(_aeabi_uldivmod.o)
                0x0000000002009b74                __aeabi_uldivmod
 .text          0x0000000002009bb0       0x4c /opt/devkitPRO/devkitARM/bin/../lib/gcc/arm-none-eabi/4.7.1/thumb/libgcc.a(_muldi3.o)
                0x0000000002009bb0                __aeabi_lmul
                0x0000000002009bb0                __muldi3
 .text          0x0000000002009bfc       0x7c /opt/devkitPRO/devkitARM/bin/../lib/gcc/arm-none-eabi/4.7.1/thumb/libgcc.a(bpabi.o)
                0x0000000002009bfc                __gnu_ldivmod_helper
                0x0000000002009c3c                __gnu_uldivmod_helper
 .text          0x0000000002009c78      0x3d4 /opt/devkitPRO/devkitARM/bin/../lib/gcc/arm-none-eabi/4.7.1/thumb/libgcc.a(_divdi3.o)
                0x0000000002009c78                __divdi3
 .text          0x000000000200a04c      0x3a0 /opt/devkitPRO/devkitARM/bin/../lib/gcc/arm-none-eabi/4.7.1/thumb/libgcc.a(_udivdi3.o)
                0x000000000200a04c                __udivdi3
 .text          0x000000000200a3ec       0x48 /opt/devkitPRO/devkitARM/bin/../lib/gcc/arm-none-eabi/4.7.1/thumb/libgcc.a(_clzsi2.o)
                0x000000000200a3ec                __clzsi2
 .text          0x000000000200a434        0xc /opt/devkitPRO/devkitARM/bin/../lib/gcc/arm-none-eabi/4.7.1/../../../../arm-none-eabi/lib/thumb/libg.a(lib_a-errno.o)
                0x000000000200a434                __errno
 .text          0x000000000200a440        0x0 /opt/devkitPRO/devkitARM/bin/../lib/gcc/arm-none-eabi/4.7.1/thumb/crtend.o
 .text          0x000000000200a440        0x0 /opt/devkitPRO/devkitARM/bin/../lib/gcc/arm-none-eabi/4.7.1/thumb/crtn.o
 *(.text.*)
 .text.startup  0x000000000200a440       0x48 main.o
                0x000000000200a440                main
 .text.startup.stub
                0x000000000200a488       0x88 linker stubs
 *(.stub)
 *(.gnu.warning)
 *(.gnu.linkonce.t*)
 *(.glue_7)
 .glue_7        0x0000000000000000        0x0 linker stubs
 *(.glue_7t)
 .glue_7t       0x0000000000000000        0x0 linker stubs
                0x000000000200a510                . = ALIGN (0x4)

.vfp11_veneer   0x000000000200a528        0x0
 .vfp11_veneer  0x0000000000000000        0x0 linker stubs

.v4_bx          0x000000000200a528        0x0
 .v4_bx         0x0000000000000000        0x0 linker stubs

.iplt           0x000000000200a528        0x0
 .iplt          0x0000000000000000        0x0 /opt/devkitPRO/devkitARM/bin/../lib/gcc/arm-none-eabi/4.7.1/../../../../arm-none-eabi/lib/thumb/ds_arm9_crt0.o

.fini           0x000000000200a528        0xc
 *(.fini)
 .fini          0x000000000200a528        0x4 /opt/devkitPRO/devkitARM/bin/../lib/gcc/arm-none-eabi/4.7.1/thumb/crti.o
                0x000000000200a528                _fini
 .fini          0x000000000200a52c        0x8 /opt/devkitPRO/devkitARM/bin/../lib/gcc/arm-none-eabi/4.7.1/thumb/crtn.o
                0x000000000200a534                __text_end = .

.rodata         0x000000000200a534     0x6408
 *(.rodata)
 .rodata        0x000000000200a534      0x200 /opt/devkitPRO/libnds/lib/libnds9.a(console.o)
 .rodata        0x000000000200a734     0x2004 /opt/devkitPRO/libnds/lib/libnds9.a(default_font.bin.o)
                0x000000000200a734                default_font_bin
                0x000000000200c734                default_font_bin_end
                0x000000000200c734                default_font_bin_size
 .rodata        0x000000000200c738      0x308 /opt/devkitPRO/libnds/lib/libnds9.a(trig.o)
                0x000000000200c738                SIN_LUT
                0x000000000200c83c                TAN_LUT
 .rodata        0x000000000200ca40        0x4 /opt/devkitPRO/devkitARM/bin/../lib/gcc/arm-none-eabi/4.7.1/../../../../arm-none-eabi/lib/thumb/libg.a(lib_a-impure.o)
                0x000000000200ca40                _global_impure_ptr
 .rodata        0x000000000200ca44      0x340 /opt/devkitPRO/devkitARM/bin/../lib/gcc/arm-none-eabi/4.7.1/../../../../arm-none-eabi/lib/thumb/libg.a(lib_a-svfiscanf.o)
 .rodata        0x000000000200cd84      0x184 /opt/devkitPRO/devkitARM/bin/../lib/gcc/arm-none-eabi/4.7.1/../../../../arm-none-eabi/lib/thumb/libg.a(lib_a-vfiprintf.o)
 .rodata        0x000000000200cf08      0x104 /opt/devkitPRO/devkitARM/bin/../lib/gcc/arm-none-eabi/4.7.1/../../../../arm-none-eabi/lib/thumb/libg.a(lib_a-ctype_.o)
                0x000000000200cf08                _ctype_
 .rodata        0x000000000200d00c     0x34f0 /opt/devkitPRO/devkitARM/bin/../lib/gcc/arm-none-eabi/4.7.1/../../../../arm-none-eabi/lib/thumb/libg.a(lib_a-jp2uc.o)
 .rodata        0x00000000020104fc       0xf0 /opt/devkitPRO/devkitARM/bin/../lib/gcc/arm-none-eabi/4.7.1/../../../../arm-none-eabi/lib/thumb/libg.a(lib_a-locale.o)
 .rodata        0x00000000020105ec       0xa8 /opt/devkitPRO/devkitARM/bin/../lib/gcc/arm-none-eabi/4.7.1/../../../../arm-none-eabi/lib/thumb/libg.a(lib_a-mbtowc_r.o)
 .rodata        0x0000000002010694       0x64 /opt/devkitPRO/devkitARM/bin/../lib/gcc/arm-none-eabi/4.7.1/../../../../arm-none-eabi/lib/thumb/libsysbase.a(iosupport.o)
                0x0000000002010694                dotab_stdnull
 *all.rodata*(*)
 *(.roda)
 *(.rodata.*)
 .rodata.str1.4
                0x00000000020106f8       0x5a main.o
                                         0x5c (size before relaxing)
 *fill*         0x0000000002010752        0x2 ff
 .rodata.str1.4
                0x0000000002010754       0x49 /opt/devkitPRO/libnds/lib/libnds9.a(console.o)
                                         0x4c (size before relaxing)
 *fill*         0x000000000201079d        0x3 ff
 .rodata.str1.4
                0x00000000020107a0       0x37 /media/wind/Dropbox/studia/informatyka/magisterka/code/phase01/sandbox/lib/liblibs.a(basic_lib.o)
                                         0x38 (size before relaxing)
 *fill*         0x00000000020107d7        0x1 ff
 .rodata.str1.4
                0x00000000020107d8        0x2 /opt/devkitPRO/devkitARM/bin/../lib/gcc/arm-none-eabi/4.7.1/../../../../arm-none-eabi/lib/thumb/libg.a(lib_a-impure.o)
                                          0x4 (size before relaxing)
 *fill*         0x00000000020107da        0x2 ff
 .rodata.str1.4
                0x00000000020107dc       0x2f /opt/devkitPRO/devkitARM/bin/../lib/gcc/arm-none-eabi/4.7.1/../../../../arm-none-eabi/lib/thumb/libg.a(lib_a-vfiprintf.o)
                                         0x30 (size before relaxing)
 *fill*         0x000000000201080b        0x1 ff
 .rodata.str1.4
                0x000000000201080c       0x12 /opt/devkitPRO/devkitARM/bin/../lib/gcc/arm-none-eabi/4.7.1/../../../../arm-none-eabi/lib/thumb/libg.a(lib_a-jp2uc.o)
                                         0x14 (size before relaxing)
 *fill*         0x000000000201081e        0x2 ff
 .rodata.str1.4
                0x0000000002010820      0x112 /opt/devkitPRO/devkitARM/bin/../lib/gcc/arm-none-eabi/4.7.1/../../../../arm-none-eabi/lib/thumb/libg.a(lib_a-locale.o)
                                        0x130 (size before relaxing)
 .rodata.str1.4
                0x0000000000000000        0x4 /opt/devkitPRO/devkitARM/bin/../lib/gcc/arm-none-eabi/4.7.1/../../../../arm-none-eabi/lib/thumb/libg.a(lib_a-mbrtowc.o)
 *fill*         0x0000000002010932        0x2 ff
 .rodata.str1.4
                0x0000000002010934        0x8 /opt/devkitPRO/devkitARM/bin/../lib/gcc/arm-none-eabi/4.7.1/../../../../arm-none-eabi/lib/thumb/libsysbase.a(iosupport.o)
 *(.gnu.linkonce.r*)
                0x000000000201093c                . = ALIGN (0x4)

.rel.dyn        0x000000000201093c        0x0
 .rel.iplt      0x0000000000000000        0x0 /opt/devkitPRO/devkitARM/bin/../lib/gcc/arm-none-eabi/4.7.1/../../../../arm-none-eabi/lib/thumb/ds_arm9_crt0.o

.ARM.extab
 *(.ARM.extab* .gnu.linkonce.armextab.*)
                0x000000000201093c                __exidx_start = .

ARM.exidx
 *(.ARM.exidx* .gnu.linkonce.armexidx.*)
                0x000000000201093c                __exidx_end = .
                0x000000000201093c                . = ALIGN (0x4)
                0x000000000201093c                PROVIDE (__preinit_array_start, .)

.preinit_array
 *(.preinit_array)
                0x000000000201093c                PROVIDE (__preinit_array_end, .)
                0x000000000201093c                PROVIDE (__init_array_start, .)

.init_array     0x000000000201093c        0x4
 *(SORT(.init_array.*))
 *(.init_array)
 .init_array    0x000000000201093c        0x4 /opt/devkitPRO/devkitARM/bin/../lib/gcc/arm-none-eabi/4.7.1/thumb/crtbegin.o
                0x0000000002010940                PROVIDE (__init_array_end, .)
                0x0000000002010940                PROVIDE (__fini_array_start, .)

.fini_array     0x0000000002010940        0x4
 *(.fini_array)
 .fini_array    0x0000000002010940        0x4 /opt/devkitPRO/devkitARM/bin/../lib/gcc/arm-none-eabi/4.7.1/thumb/crtbegin.o
 *(SORT(.fini_array.*))
                0x0000000002010944                PROVIDE (__fini_array_end, .)

.ctors          0x0000000002010944        0x0
 *crtbegin.o(.ctors)
 *(EXCLUDE_FILE(*crtend.o) .ctors)
 *(SORT(.ctors.*))
 *(.ctors)
                0x0000000002010944                . = ALIGN (0x4)

.dtors          0x0000000002010944        0x0
 *crtbegin.o(.dtors)
 *(EXCLUDE_FILE(*crtend.o) .dtors)
 *(SORT(.dtors.*))
 *(.dtors)
                0x0000000002010944                . = ALIGN (0x4)

.eh_frame       0x0000000002010944        0x4
 *(.eh_frame)
 .eh_frame      0x0000000002010944        0x0 /opt/devkitPRO/devkitARM/bin/../lib/gcc/arm-none-eabi/4.7.1/thumb/crtbegin.o
 .eh_frame      0x0000000002010944        0x4 /opt/devkitPRO/devkitARM/bin/../lib/gcc/arm-none-eabi/4.7.1/thumb/crtend.o
                0x0000000002010948                . = ALIGN (0x4)

.gcc_except_table
                0x0000000002010948        0x0
 *(.gcc_except_table)
                0x0000000002010948                . = ALIGN (0x4)

.jcr            0x0000000002010948        0x4
 *(.jcr)
 .jcr           0x0000000002010948        0x0 /opt/devkitPRO/devkitARM/bin/../lib/gcc/arm-none-eabi/4.7.1/thumb/crtbegin.o
 .jcr           0x0000000002010948        0x4 /opt/devkitPRO/devkitARM/bin/../lib/gcc/arm-none-eabi/4.7.1/thumb/crtend.o

.got
 *(.got.plt)
 *(.got)
 *(.rel.got)

.ewram          0x000000000201094c        0x0
                0x000000000201094c                __ewram_start = ABSOLUTE (.)
 *(.ewram)
 *ewram.*(.text)
                0x000000000201094c                . = ALIGN (0x4)

.data           0x000000000201094c      0xaec
                0x000000000201094c                __data_start = ABSOLUTE (.)
 *(.data)
 .data          0x000000000201094c        0x0 /opt/devkitPRO/devkitARM/bin/../lib/gcc/arm-none-eabi/4.7.1/../../../../arm-none-eabi/lib/thumb/ds_arm9_crt0.o
 .data          0x000000000201094c        0x0 /opt/devkitPRO/devkitARM/bin/../lib/gcc/arm-none-eabi/4.7.1/thumb/crti.o
 .data          0x000000000201094c        0x4 /opt/devkitPRO/devkitARM/bin/../lib/gcc/arm-none-eabi/4.7.1/thumb/crtbegin.o
                0x000000000201094c                __dso_handle
 .data          0x0000000002010950        0x0 main.o
 .data          0x0000000002010950        0x0 lib.o
 .data          0x0000000002010950        0x0 os.o
 .data          0x0000000002010950        0x0 test16.o
 .data          0x0000000002010950       0x64 /opt/devkitPRO/libnds/lib/libnds9.a(console.o)
                0x0000000002010950                currentConsole
                0x0000000002010954                defaultConsole
 .data          0x00000000020109b4        0x0 /opt/devkitPRO/libnds/lib/libnds9.a(initSystem.o)
 .data          0x00000000020109b4       0x10 /opt/devkitPRO/libnds/lib/libnds9.a(fifosystem.o)
                0x00000000020109b4                fifo_buffer_free
                0x00000000020109b8                fifo_freewords
                0x00000000020109bc                fifo_send_queue
                0x00000000020109c0                fifo_receive_queue
 .data          0x00000000020109c4        0x0 /opt/devkitPRO/libnds/lib/libnds9.a(interrupts.o)
 .data          0x00000000020109c4        0x0 /opt/devkitPRO/libnds/lib/libnds9.a(libnds_exit.arm.o)
 .data          0x00000000020109c4        0x0 /opt/devkitPRO/libnds/lib/libnds9.a(mpu_setup.o)
 .data          0x00000000020109c4        0x0 /opt/devkitPRO/libnds/lib/libnds9.a(biosCalls.o)
 .data          0x00000000020109c4        0x0 /opt/devkitPRO/libnds/lib/libnds9.a(debugprint.o)
 .data          0x00000000020109c4        0x0 /opt/devkitPRO/libnds/lib/libnds9.a(interruptDispatcher.o)
 .data          0x00000000020109c4        0x0 /opt/devkitPRO/libnds/lib/libnds9.a(swiSoftReset.o)
 .data          0x00000000020109c4        0x0 /opt/devkitPRO/libnds/lib/libnds9.a(default_font.bin.o)
 .data          0x00000000020109c4       0x60 /opt/devkitPRO/libnds/lib/libnds9.a(background.o)
                0x00000000020109c4                bgScrollTable
                0x00000000020109e4                bgTransform
                0x0000000002010a04                bgControl
 .data          0x0000000002010a24        0x0 /opt/devkitPRO/libnds/lib/libnds9.a(system.o)
 .data          0x0000000002010a24        0x0 /opt/devkitPRO/libnds/lib/libnds9.a(trig.o)
 .data          0x0000000002010a24        0x0 /opt/devkitPRO/libnds/lib/libnds9.a(video.o)
 .data          0x0000000002010a24        0x0 /media/wind/Dropbox/studia/informatyka/magisterka/code/phase01/sandbox/lib/liblibs.a(basic_lib.o)
 .data          0x0000000002010a24        0x0 /opt/devkitPRO/devkitARM/bin/../lib/gcc/arm-none-eabi/4.7.1/thumb/libgcc.a(_divsi3.o)
 .data          0x0000000002010a24        0x0 /opt/devkitPRO/devkitARM/bin/../lib/gcc/arm-none-eabi/4.7.1/thumb/libgcc.a(_dvmd_tls.o)
 .data          0x0000000002010a24        0x0 /opt/devkitPRO/devkitARM/bin/../lib/gcc/arm-none-eabi/4.7.1/../../../../arm-none-eabi/lib/thumb/libg.a(lib_a-bsearch.o)
 *fill*         0x0000000002010a24        0x4 ff
 .data          0x0000000002010a28      0x430 /opt/devkitPRO/devkitARM/bin/../lib/gcc/arm-none-eabi/4.7.1/../../../../arm-none-eabi/lib/thumb/libg.a(lib_a-impure.o)
                0x0000000002010a28                _impure_ptr
 .data          0x0000000002010e58        0x0 /opt/devkitPRO/devkitARM/bin/../lib/gcc/arm-none-eabi/4.7.1/../../../../arm-none-eabi/lib/thumb/libg.a(lib_a-init.o)
 .data          0x0000000002010e58        0x0 /opt/devkitPRO/devkitARM/bin/../lib/gcc/arm-none-eabi/4.7.1/../../../../arm-none-eabi/lib/thumb/libg.a(lib_a-iprintf.o)
 .data          0x0000000002010e58        0x0 /opt/devkitPRO/devkitARM/bin/../lib/gcc/arm-none-eabi/4.7.1/../../../../arm-none-eabi/lib/thumb/libg.a(lib_a-malloc.o)
 .data          0x0000000002010e58      0x410 /opt/devkitPRO/devkitARM/bin/../lib/gcc/arm-none-eabi/4.7.1/../../../../arm-none-eabi/lib/thumb/libg.a(lib_a-mallocr.o)
                0x0000000002010e58                __malloc_av_
                0x0000000002011260                __malloc_sbrk_base
                0x0000000002011264                __malloc_trim_threshold
 .data          0x0000000002011268        0x0 /opt/devkitPRO/devkitARM/bin/../lib/gcc/arm-none-eabi/4.7.1/../../../../arm-none-eabi/lib/thumb/libg.a(lib_a-memcpy-stub.o)
 .data          0x0000000002011268        0x0 /opt/devkitPRO/devkitARM/bin/../lib/gcc/arm-none-eabi/4.7.1/../../../../arm-none-eabi/lib/thumb/libg.a(lib_a-mlock.o)
 .data          0x0000000002011268        0x0 /opt/devkitPRO/devkitARM/bin/../lib/gcc/arm-none-eabi/4.7.1/../../../../arm-none-eabi/lib/thumb/libg.a(lib_a-setvbuf.o)
 .data          0x0000000002011268        0x0 /opt/devkitPRO/devkitARM/bin/../lib/gcc/arm-none-eabi/4.7.1/../../../../arm-none-eabi/lib/thumb/libg.a(lib_a-siscanf.o)
 .data          0x0000000002011268        0x0 /opt/devkitPRO/devkitARM/bin/../lib/gcc/arm-none-eabi/4.7.1/../../../../arm-none-eabi/lib/thumb/libg.a(lib_a-stdio.o)
 .data          0x0000000002011268        0x0 /opt/devkitPRO/devkitARM/bin/../lib/gcc/arm-none-eabi/4.7.1/../../../../arm-none-eabi/lib/thumb/libg.a(lib_a-strlen.o)
 .data          0x0000000002011268        0x0 /opt/devkitPRO/devkitARM/bin/../lib/gcc/arm-none-eabi/4.7.1/../../../../arm-none-eabi/lib/thumb/libg.a(lib_a-svfiscanf.o)
 .data          0x0000000002011268        0x0 /opt/devkitPRO/devkitARM/bin/../lib/gcc/arm-none-eabi/4.7.1/../../../../arm-none-eabi/lib/thumb/libg.a(lib_a-ungetc.o)
 .data          0x0000000002011268        0x0 /opt/devkitPRO/devkitARM/bin/../lib/gcc/arm-none-eabi/4.7.1/../../../../arm-none-eabi/lib/thumb/libg.a(lib_a-vfiprintf.o)
 .data          0x0000000002011268        0x0 /opt/devkitPRO/devkitARM/bin/../lib/gcc/arm-none-eabi/4.7.1/../../../../arm-none-eabi/lib/thumb/libg.a(lib_a-wcrtomb.o)
 .data          0x0000000002011268        0x0 /opt/devkitPRO/devkitARM/bin/../lib/gcc/arm-none-eabi/4.7.1/../../../../arm-none-eabi/lib/thumb/libg.a(lib_a-wcsrtombs.o)
 .data          0x0000000002011268        0x4 /opt/devkitPRO/devkitARM/bin/../lib/gcc/arm-none-eabi/4.7.1/../../../../arm-none-eabi/lib/thumb/libg.a(lib_a-wctomb_r.o)
                0x0000000002011268                __wctomb
 .data          0x000000000201126c        0x0 /opt/devkitPRO/devkitARM/bin/../lib/gcc/arm-none-eabi/4.7.1/../../../../arm-none-eabi/lib/thumb/libg.a(lib_a-wsetup.o)
 .data          0x000000000201126c        0x4 /opt/devkitPRO/devkitARM/bin/../lib/gcc/arm-none-eabi/4.7.1/../../../../arm-none-eabi/lib/thumb/libg.a(lib_a-ctype_.o)
                0x000000000201126c                __ctype_ptr__
 .data          0x0000000002011270        0x0 /opt/devkitPRO/devkitARM/bin/../lib/gcc/arm-none-eabi/4.7.1/../../../../arm-none-eabi/lib/thumb/libg.a(lib_a-fflush.o)
 .data          0x0000000002011270        0x0 /opt/devkitPRO/devkitARM/bin/../lib/gcc/arm-none-eabi/4.7.1/../../../../arm-none-eabi/lib/thumb/libg.a(lib_a-findfp.o)
 .data          0x0000000002011270        0x0 /opt/devkitPRO/devkitARM/bin/../lib/gcc/arm-none-eabi/4.7.1/../../../../arm-none-eabi/lib/thumb/libg.a(lib_a-fputwc.o)
 .data          0x0000000002011270        0x0 /opt/devkitPRO/devkitARM/bin/../lib/gcc/arm-none-eabi/4.7.1/../../../../arm-none-eabi/lib/thumb/libg.a(lib_a-freer.o)
 .data          0x0000000002011270        0x0 /opt/devkitPRO/devkitARM/bin/../lib/gcc/arm-none-eabi/4.7.1/../../../../arm-none-eabi/lib/thumb/libg.a(lib_a-fvwrite.o)
 .data          0x0000000002011270        0x0 /opt/devkitPRO/devkitARM/bin/../lib/gcc/arm-none-eabi/4.7.1/../../../../arm-none-eabi/lib/thumb/libg.a(lib_a-fwalk.o)
 .data          0x0000000002011270        0x0 /opt/devkitPRO/devkitARM/bin/../lib/gcc/arm-none-eabi/4.7.1/../../../../arm-none-eabi/lib/thumb/libg.a(lib_a-iswspace.o)
 .data          0x0000000002011270        0x0 /opt/devkitPRO/devkitARM/bin/../lib/gcc/arm-none-eabi/4.7.1/../../../../arm-none-eabi/lib/thumb/libg.a(lib_a-jp2uc.o)
 .data          0x0000000002011270      0x17c /opt/devkitPRO/devkitARM/bin/../lib/gcc/arm-none-eabi/4.7.1/../../../../arm-none-eabi/lib/thumb/libg.a(lib_a-locale.o)
                0x0000000002011270                __default_locale
                0x0000000002011390                __mb_cur_max
 .data          0x00000000020113ec        0x0 /opt/devkitPRO/devkitARM/bin/../lib/gcc/arm-none-eabi/4.7.1/../../../../arm-none-eabi/lib/thumb/libg.a(lib_a-makebuf.o)
 .data          0x00000000020113ec        0x0 /opt/devkitPRO/devkitARM/bin/../lib/gcc/arm-none-eabi/4.7.1/../../../../arm-none-eabi/lib/thumb/libg.a(lib_a-mbrtowc.o)
 .data          0x00000000020113ec        0x4 /opt/devkitPRO/devkitARM/bin/../lib/gcc/arm-none-eabi/4.7.1/../../../../arm-none-eabi/lib/thumb/libg.a(lib_a-mbtowc_r.o)
                0x00000000020113ec                __mbtowc
 .data          0x00000000020113f0        0x0 /opt/devkitPRO/devkitARM/bin/../lib/gcc/arm-none-eabi/4.7.1/../../../../arm-none-eabi/lib/thumb/libg.a(lib_a-memchr-stub.o)
 .data          0x00000000020113f0        0x0 /opt/devkitPRO/devkitARM/bin/../lib/gcc/arm-none-eabi/4.7.1/../../../../arm-none-eabi/lib/thumb/libg.a(lib_a-memmove.o)
 .data          0x00000000020113f0        0x0 /opt/devkitPRO/devkitARM/bin/../lib/gcc/arm-none-eabi/4.7.1/../../../../arm-none-eabi/lib/thumb/libg.a(lib_a-memset.o)
 .data          0x00000000020113f0        0x0 /opt/devkitPRO/devkitARM/bin/../lib/gcc/arm-none-eabi/4.7.1/../../../../arm-none-eabi/lib/thumb/libg.a(lib_a-reallocr.o)
 .data          0x00000000020113f0        0x0 /opt/devkitPRO/devkitARM/bin/../lib/gcc/arm-none-eabi/4.7.1/../../../../arm-none-eabi/lib/thumb/libg.a(lib_a-sccl.o)
 .data          0x00000000020113f0        0x0 /opt/devkitPRO/devkitARM/bin/../lib/gcc/arm-none-eabi/4.7.1/../../../../arm-none-eabi/lib/thumb/libg.a(lib_a-strcasecmp.o)
 .data          0x00000000020113f0        0x0 /opt/devkitPRO/devkitARM/bin/../lib/gcc/arm-none-eabi/4.7.1/../../../../arm-none-eabi/lib/thumb/libg.a(lib_a-strcat.o)
 .data          0x00000000020113f0        0x0 /opt/devkitPRO/devkitARM/bin/../lib/gcc/arm-none-eabi/4.7.1/../../../../arm-none-eabi/lib/thumb/libg.a(lib_a-strchr.o)
 .data          0x00000000020113f0        0x0 /opt/devkitPRO/devkitARM/bin/../lib/gcc/arm-none-eabi/4.7.1/../../../../arm-none-eabi/lib/thumb/libg.a(lib_a-strcmp.o)
 .data          0x00000000020113f0        0x0 /opt/devkitPRO/devkitARM/bin/../lib/gcc/arm-none-eabi/4.7.1/../../../../arm-none-eabi/lib/thumb/libg.a(lib_a-strcpy.o)
 .data          0x00000000020113f0        0x0 /opt/devkitPRO/devkitARM/bin/../lib/gcc/arm-none-eabi/4.7.1/../../../../arm-none-eabi/lib/thumb/libg.a(lib_a-strlcpy.o)
 .data          0x00000000020113f0        0x0 /opt/devkitPRO/devkitARM/bin/../lib/gcc/arm-none-eabi/4.7.1/../../../../arm-none-eabi/lib/thumb/libg.a(lib_a-strncasecmp.o)
 .data          0x00000000020113f0        0x0 /opt/devkitPRO/devkitARM/bin/../lib/gcc/arm-none-eabi/4.7.1/../../../../arm-none-eabi/lib/thumb/libg.a(lib_a-strncmp.o)
 .data          0x00000000020113f0        0x0 /opt/devkitPRO/devkitARM/bin/../lib/gcc/arm-none-eabi/4.7.1/../../../../arm-none-eabi/lib/thumb/libg.a(lib_a-strncpy.o)
 .data          0x00000000020113f0        0x0 /opt/devkitPRO/devkitARM/bin/../lib/gcc/arm-none-eabi/4.7.1/../../../../arm-none-eabi/lib/thumb/libg.a(lib_a-strtoll_r.o)
 .data          0x00000000020113f0        0x0 /opt/devkitPRO/devkitARM/bin/../lib/gcc/arm-none-eabi/4.7.1/../../../../arm-none-eabi/lib/thumb/libg.a(lib_a-strtol.o)
 .data          0x00000000020113f0        0x0 /opt/devkitPRO/devkitARM/bin/../lib/gcc/arm-none-eabi/4.7.1/../../../../arm-none-eabi/lib/thumb/libg.a(lib_a-strtoull_r.o)
 .data          0x00000000020113f0        0x0 /opt/devkitPRO/devkitARM/bin/../lib/gcc/arm-none-eabi/4.7.1/../../../../arm-none-eabi/lib/thumb/libg.a(lib_a-strtoul.o)
 .data          0x00000000020113f0        0x0 /opt/devkitPRO/devkitARM/bin/../lib/gcc/arm-none-eabi/4.7.1/../../../../arm-none-eabi/lib/thumb/libg.a(lib_a-wbuf.o)
 .data          0x00000000020113f0        0x0 /opt/devkitPRO/devkitARM/bin/../lib/gcc/arm-none-eabi/4.7.1/../../../../arm-none-eabi/lib/thumb/libg.a(lib_a-wcsnrtombs.o)
 .data          0x00000000020113f0        0x0 /opt/devkitPRO/devkitARM/bin/../lib/gcc/arm-none-eabi/4.7.1/../../../../arm-none-eabi/lib/thumb/libg.a(lib_a-fclose.o)
 .data          0x00000000020113f0        0x0 /opt/devkitPRO/devkitARM/bin/../lib/gcc/arm-none-eabi/4.7.1/../../../../arm-none-eabi/lib/thumb/libg.a(lib_a-getenv_r.o)
 .data          0x00000000020113f0        0x4 /opt/devkitPRO/devkitARM/bin/../lib/gcc/arm-none-eabi/4.7.1/../../../../arm-none-eabi/lib/thumb/libg.a(lib_a-environ.o)
                0x00000000020113f0                environ
 .data          0x00000000020113f4        0x0 /opt/devkitPRO/devkitARM/bin/../lib/gcc/arm-none-eabi/4.7.1/../../../../arm-none-eabi/lib/thumb/libg.a(lib_a-envlock.o)
 .data          0x00000000020113f4       0x44 /opt/devkitPRO/devkitARM/bin/../lib/gcc/arm-none-eabi/4.7.1/../../../../arm-none-eabi/lib/thumb/libsysbase.a(iosupport.o)
                0x00000000020113f8                devoptab_list
 .data          0x0000000002011438        0x0 /opt/devkitPRO/devkitARM/bin/../lib/gcc/arm-none-eabi/4.7.1/../../../../arm-none-eabi/lib/thumb/libsysbase.a(close.o)
 .data          0x0000000002011438        0x0 /opt/devkitPRO/devkitARM/bin/../lib/gcc/arm-none-eabi/4.7.1/../../../../arm-none-eabi/lib/thumb/libsysbase.a(fstat.o)
 .data          0x0000000002011438        0x0 /opt/devkitPRO/devkitARM/bin/../lib/gcc/arm-none-eabi/4.7.1/../../../../arm-none-eabi/lib/thumb/libsysbase.a(isatty.o)
 .data          0x0000000002011438        0x0 /opt/devkitPRO/devkitARM/bin/../lib/gcc/arm-none-eabi/4.7.1/../../../../arm-none-eabi/lib/thumb/libsysbase.a(lseek.o)
 .data          0x0000000002011438        0x0 /opt/devkitPRO/devkitARM/bin/../lib/gcc/arm-none-eabi/4.7.1/../../../../arm-none-eabi/lib/thumb/libsysbase.a(read.o)
 .data          0x0000000002011438        0x0 /opt/devkitPRO/devkitARM/bin/../lib/gcc/arm-none-eabi/4.7.1/../../../../arm-none-eabi/lib/thumb/libsysbase.a(sbrk.o)
 .data          0x0000000002011438        0x0 /opt/devkitPRO/devkitARM/bin/../lib/gcc/arm-none-eabi/4.7.1/../../../../arm-none-eabi/lib/thumb/libsysbase.a(times.o)
 .data          0x0000000002011438        0x0 /opt/devkitPRO/devkitARM/bin/../lib/gcc/arm-none-eabi/4.7.1/../../../../arm-none-eabi/lib/thumb/libsysbase.a(write.o)
 .data          0x0000000002011438        0x0 /opt/devkitPRO/devkitARM/bin/../lib/gcc/arm-none-eabi/4.7.1/../../../../arm-none-eabi/lib/thumb/libsysbase.a(malloc_vars.o)
 .data          0x0000000002011438        0x0 /opt/devkitPRO/devkitARM/bin/../lib/gcc/arm-none-eabi/4.7.1/../../../../arm-none-eabi/lib/thumb/libsysbase.a(build_argv.o)
 .data          0x0000000002011438        0x0 /opt/devkitPRO/devkitARM/bin/../lib/gcc/arm-none-eabi/4.7.1/../../../../arm-none-eabi/lib/thumb/libsysbase.a(syscall_support.o)
 .data          0x0000000002011438        0x0 /opt/devkitPRO/devkitARM/bin/../lib/gcc/arm-none-eabi/4.7.1/../../../../arm-none-eabi/lib/thumb/libsysbase.a(handle_manager.o)
 .data          0x0000000002011438        0x0 /opt/devkitPRO/devkitARM/bin/../lib/gcc/arm-none-eabi/4.7.1/thumb/libgcc.a(_udivsi3.o)
 .data          0x0000000002011438        0x0 /opt/devkitPRO/devkitARM/bin/../lib/gcc/arm-none-eabi/4.7.1/thumb/libgcc.a(_aeabi_uldivmod.o)
 .data          0x0000000002011438        0x0 /opt/devkitPRO/devkitARM/bin/../lib/gcc/arm-none-eabi/4.7.1/thumb/libgcc.a(_muldi3.o)
 .data          0x0000000002011438        0x0 /opt/devkitPRO/devkitARM/bin/../lib/gcc/arm-none-eabi/4.7.1/thumb/libgcc.a(bpabi.o)
 .data          0x0000000002011438        0x0 /opt/devkitPRO/devkitARM/bin/../lib/gcc/arm-none-eabi/4.7.1/thumb/libgcc.a(_divdi3.o)
 .data          0x0000000002011438        0x0 /opt/devkitPRO/devkitARM/bin/../lib/gcc/arm-none-eabi/4.7.1/thumb/libgcc.a(_udivdi3.o)
 .data          0x0000000002011438        0x0 /opt/devkitPRO/devkitARM/bin/../lib/gcc/arm-none-eabi/4.7.1/thumb/libgcc.a(_clzsi2.o)
 .data          0x0000000002011438        0x0 /opt/devkitPRO/devkitARM/bin/../lib/gcc/arm-none-eabi/4.7.1/../../../../arm-none-eabi/lib/thumb/libg.a(lib_a-errno.o)
 .data          0x0000000002011438        0x0 /opt/devkitPRO/devkitARM/bin/../lib/gcc/arm-none-eabi/4.7.1/thumb/crtend.o
 .data          0x0000000002011438        0x0 /opt/devkitPRO/devkitARM/bin/../lib/gcc/arm-none-eabi/4.7.1/thumb/crtn.o
 *(.data.*)
 *(.gnu.linkonce.d*)
                0x0000000002011438                . = ALIGN (0x4)
                0x0000000002011438                __data_end = ABSOLUTE (.)
                0x0000000002011438                __dtcm_lma = .
                0x0000000002011438                __bss_vma = .

.igot.plt       0x0000000002011438        0x0
 .igot.plt      0x0000000000000000        0x0 /opt/devkitPRO/devkitARM/bin/../lib/gcc/arm-none-eabi/4.7.1/../../../../arm-none-eabi/lib/thumb/ds_arm9_crt0.o

.tm_clone_table
                0x0000000002011438        0x0
 .tm_clone_table
                0x0000000002011438        0x0 /opt/devkitPRO/devkitARM/bin/../lib/gcc/arm-none-eabi/4.7.1/thumb/crtbegin.o
 .tm_clone_table
                0x0000000002011438        0x0 /opt/devkitPRO/devkitARM/bin/../lib/gcc/arm-none-eabi/4.7.1/thumb/crtend.o

.dtcm           0x000000000b000000        0x0 load address 0x0000000002011438
 *(.dtcm)
 *(.dtcm.*)
                0x000000000b000000                . = ALIGN (0x4)
                0x000000000b000000                __dtcm_end = ABSOLUTE (.)
                0x0000000002011438                __itcm_lma = (__dtcm_lma + SIZEOF (.dtcm))

.itcm           0x0000000001000100      0x194 load address 0x0000000002011438
 *(.itcm)
 .itcm          0x0000000001000100       0xc8 /opt/devkitPRO/libnds/lib/libnds9.a(interrupts.o)
                0x0000000001000100                irqTable
 .itcm          0x00000000010001c8       0xcc /opt/devkitPRO/libnds/lib/libnds9.a(interruptDispatcher.o)
                0x00000000010001c8                IntrMain
 *itcm.*(.text)
                0x0000000001000294                . = ALIGN (0x4)
                0x0000000001000294                __itcm_end = ABSOLUTE (.)
                0x00000000020115cc                __vectors_lma = (__itcm_lma + SIZEOF (.itcm))

.vectors        0x0000000001000000        0x0 load address 0x00000000020115cc
 *(.vectors)
 *vectors.*(.text)
                0x0000000001000000                . = ALIGN (0x4)
                0x0000000001000000                __vectors_end = ABSOLUTE (.)

.sbss           0x000000000b000000        0x0
                0x000000000b000000                __sbss_start = ABSOLUTE (.)
                0x000000000b000000                __sbss_start__ = ABSOLUTE (.)
 *(.sbss)
                0x000000000b000000                . = ALIGN (0x4)
                0x000000000b000000                __sbss_end = ABSOLUTE (.)

.bss            0x0000000002011438     0x1f18
                0x0000000002011438                __bss_start = ABSOLUTE (.)
                0x0000000002011438                __bss_start__ = ABSOLUTE (.)
 *(.dynbss)
 *(.gnu.linkonce.b*)
 *(.bss*)
 .bss           0x0000000002011438        0x0 /opt/devkitPRO/devkitARM/bin/../lib/gcc/arm-none-eabi/4.7.1/../../../../arm-none-eabi/lib/thumb/ds_arm9_crt0.o
 .bss           0x0000000002011438        0x0 /opt/devkitPRO/devkitARM/bin/../lib/gcc/arm-none-eabi/4.7.1/thumb/crti.o
 .bss           0x0000000002011438       0x1c /opt/devkitPRO/devkitARM/bin/../lib/gcc/arm-none-eabi/4.7.1/thumb/crtbegin.o
 .bss           0x0000000002011454        0x0 main.o
 .bss           0x0000000002011454        0x0 lib.o
 .bss           0x0000000002011454        0x0 os.o
 .bss           0x0000000002011454        0x0 test16.o
 .bss           0x0000000002011454        0x0 /opt/devkitPRO/libnds/lib/libnds9.a(console.o)
 .bss           0x0000000002011454        0x0 /opt/devkitPRO/libnds/lib/libnds9.a(initSystem.o)
 .bss           0x0000000002011454        0x8 /opt/devkitPRO/libnds/lib/libnds9.a(fifosystem.o)
                0x0000000002011458                processing
 .bss           0x000000000201145c        0x0 /opt/devkitPRO/libnds/lib/libnds9.a(interrupts.o)
 .bss           0x000000000201145c        0x0 /opt/devkitPRO/libnds/lib/libnds9.a(libnds_exit.arm.o)
 .bss           0x000000000201145c        0x0 /opt/devkitPRO/libnds/lib/libnds9.a(mpu_setup.o)
 .bss           0x000000000201145c        0x0 /opt/devkitPRO/libnds/lib/libnds9.a(biosCalls.o)
 .bss           0x000000000201145c        0x0 /opt/devkitPRO/libnds/lib/libnds9.a(debugprint.o)
 .bss           0x000000000201145c        0x0 /opt/devkitPRO/libnds/lib/libnds9.a(interruptDispatcher.o)
 .bss           0x000000000201145c        0x0 /opt/devkitPRO/libnds/lib/libnds9.a(swiSoftReset.o)
 .bss           0x000000000201145c        0x0 /opt/devkitPRO/libnds/lib/libnds9.a(default_font.bin.o)
 .bss           0x000000000201145c        0x0 /opt/devkitPRO/libnds/lib/libnds9.a(background.o)
 .bss           0x000000000201145c        0x4 /opt/devkitPRO/libnds/lib/libnds9.a(system.o)
 .bss           0x0000000002011460        0x0 /opt/devkitPRO/libnds/lib/libnds9.a(trig.o)
 .bss           0x0000000002011460        0x0 /opt/devkitPRO/libnds/lib/libnds9.a(video.o)
 .bss           0x0000000002011460        0x0 /media/wind/Dropbox/studia/informatyka/magisterka/code/phase01/sandbox/lib/liblibs.a(basic_lib.o)
 .bss           0x0000000002011460        0x0 /opt/devkitPRO/devkitARM/bin/../lib/gcc/arm-none-eabi/4.7.1/thumb/libgcc.a(_divsi3.o)
 .bss           0x0000000002011460        0x0 /opt/devkitPRO/devkitARM/bin/../lib/gcc/arm-none-eabi/4.7.1/thumb/libgcc.a(_dvmd_tls.o)
 .bss           0x0000000002011460        0x0 /opt/devkitPRO/devkitARM/bin/../lib/gcc/arm-none-eabi/4.7.1/../../../../arm-none-eabi/lib/thumb/libg.a(lib_a-bsearch.o)
 .bss           0x0000000002011460        0x0 /opt/devkitPRO/devkitARM/bin/../lib/gcc/arm-none-eabi/4.7.1/../../../../arm-none-eabi/lib/thumb/libg.a(lib_a-impure.o)
 .bss           0x0000000002011460        0x0 /opt/devkitPRO/devkitARM/bin/../lib/gcc/arm-none-eabi/4.7.1/../../../../arm-none-eabi/lib/thumb/libg.a(lib_a-init.o)
 .bss           0x0000000002011460        0x0 /opt/devkitPRO/devkitARM/bin/../lib/gcc/arm-none-eabi/4.7.1/../../../../arm-none-eabi/lib/thumb/libg.a(lib_a-iprintf.o)
 .bss           0x0000000002011460        0x0 /opt/devkitPRO/devkitARM/bin/../lib/gcc/arm-none-eabi/4.7.1/../../../../arm-none-eabi/lib/thumb/libg.a(lib_a-malloc.o)
 .bss           0x0000000002011460       0x34 /opt/devkitPRO/devkitARM/bin/../lib/gcc/arm-none-eabi/4.7.1/../../../../arm-none-eabi/lib/thumb/libg.a(lib_a-mallocr.o)
                0x0000000002011460                __malloc_top_pad
                0x0000000002011464                __malloc_current_mallinfo
                0x000000000201148c                __malloc_max_sbrked_mem
                0x0000000002011490                __malloc_max_total_mem
 .bss           0x0000000002011494        0x0 /opt/devkitPRO/devkitARM/bin/../lib/gcc/arm-none-eabi/4.7.1/../../../../arm-none-eabi/lib/thumb/libg.a(lib_a-memcpy-stub.o)
 .bss           0x0000000002011494        0x0 /opt/devkitPRO/devkitARM/bin/../lib/gcc/arm-none-eabi/4.7.1/../../../../arm-none-eabi/lib/thumb/libg.a(lib_a-mlock.o)
 .bss           0x0000000002011494        0x0 /opt/devkitPRO/devkitARM/bin/../lib/gcc/arm-none-eabi/4.7.1/../../../../arm-none-eabi/lib/thumb/libg.a(lib_a-setvbuf.o)
 .bss           0x0000000002011494        0x0 /opt/devkitPRO/devkitARM/bin/../lib/gcc/arm-none-eabi/4.7.1/../../../../arm-none-eabi/lib/thumb/libg.a(lib_a-siscanf.o)
 .bss           0x0000000002011494        0x0 /opt/devkitPRO/devkitARM/bin/../lib/gcc/arm-none-eabi/4.7.1/../../../../arm-none-eabi/lib/thumb/libg.a(lib_a-stdio.o)
 .bss           0x0000000002011494        0x0 /opt/devkitPRO/devkitARM/bin/../lib/gcc/arm-none-eabi/4.7.1/../../../../arm-none-eabi/lib/thumb/libg.a(lib_a-strlen.o)
 .bss           0x0000000002011494        0x0 /opt/devkitPRO/devkitARM/bin/../lib/gcc/arm-none-eabi/4.7.1/../../../../arm-none-eabi/lib/thumb/libg.a(lib_a-svfiscanf.o)
 .bss           0x0000000002011494        0x0 /opt/devkitPRO/devkitARM/bin/../lib/gcc/arm-none-eabi/4.7.1/../../../../arm-none-eabi/lib/thumb/libg.a(lib_a-ungetc.o)
 .bss           0x0000000002011494        0x0 /opt/devkitPRO/devkitARM/bin/../lib/gcc/arm-none-eabi/4.7.1/../../../../arm-none-eabi/lib/thumb/libg.a(lib_a-vfiprintf.o)
 .bss           0x0000000002011494        0x0 /opt/devkitPRO/devkitARM/bin/../lib/gcc/arm-none-eabi/4.7.1/../../../../arm-none-eabi/lib/thumb/libg.a(lib_a-wcrtomb.o)
 .bss           0x0000000002011494        0x0 /opt/devkitPRO/devkitARM/bin/../lib/gcc/arm-none-eabi/4.7.1/../../../../arm-none-eabi/lib/thumb/libg.a(lib_a-wcsrtombs.o)
 .bss           0x0000000002011494        0x0 /opt/devkitPRO/devkitARM/bin/../lib/gcc/arm-none-eabi/4.7.1/../../../../arm-none-eabi/lib/thumb/libg.a(lib_a-wctomb_r.o)
 .bss           0x0000000002011494        0x0 /opt/devkitPRO/devkitARM/bin/../lib/gcc/arm-none-eabi/4.7.1/../../../../arm-none-eabi/lib/thumb/libg.a(lib_a-wsetup.o)
 .bss           0x0000000002011494        0x0 /opt/devkitPRO/devkitARM/bin/../lib/gcc/arm-none-eabi/4.7.1/../../../../arm-none-eabi/lib/thumb/libg.a(lib_a-ctype_.o)
 .bss           0x0000000002011494        0x0 /opt/devkitPRO/devkitARM/bin/../lib/gcc/arm-none-eabi/4.7.1/../../../../arm-none-eabi/lib/thumb/libg.a(lib_a-fflush.o)
 .bss           0x0000000002011494        0x0 /opt/devkitPRO/devkitARM/bin/../lib/gcc/arm-none-eabi/4.7.1/../../../../arm-none-eabi/lib/thumb/libg.a(lib_a-findfp.o)
 .bss           0x0000000002011494        0x0 /opt/devkitPRO/devkitARM/bin/../lib/gcc/arm-none-eabi/4.7.1/../../../../arm-none-eabi/lib/thumb/libg.a(lib_a-fputwc.o)
 .bss           0x0000000002011494        0x0 /opt/devkitPRO/devkitARM/bin/../lib/gcc/arm-none-eabi/4.7.1/../../../../arm-none-eabi/lib/thumb/libg.a(lib_a-freer.o)
 .bss           0x0000000002011494        0x0 /opt/devkitPRO/devkitARM/bin/../lib/gcc/arm-none-eabi/4.7.1/../../../../arm-none-eabi/lib/thumb/libg.a(lib_a-fvwrite.o)
 .bss           0x0000000002011494        0x0 /opt/devkitPRO/devkitARM/bin/../lib/gcc/arm-none-eabi/4.7.1/../../../../arm-none-eabi/lib/thumb/libg.a(lib_a-fwalk.o)
 .bss           0x0000000002011494        0x0 /opt/devkitPRO/devkitARM/bin/../lib/gcc/arm-none-eabi/4.7.1/../../../../arm-none-eabi/lib/thumb/libg.a(lib_a-iswspace.o)
 .bss           0x0000000002011494        0x0 /opt/devkitPRO/devkitARM/bin/../lib/gcc/arm-none-eabi/4.7.1/../../../../arm-none-eabi/lib/thumb/libg.a(lib_a-jp2uc.o)
 .bss           0x0000000002011494      0x2b8 /opt/devkitPRO/devkitARM/bin/../lib/gcc/arm-none-eabi/4.7.1/../../../../arm-none-eabi/lib/thumb/libg.a(lib_a-locale.o)
                0x0000000002011740                _PathLocale
                0x0000000002011744                __mlocale_changed
                0x0000000002011748                __nlocale_changed
 .bss           0x000000000201174c        0x0 /opt/devkitPRO/devkitARM/bin/../lib/gcc/arm-none-eabi/4.7.1/../../../../arm-none-eabi/lib/thumb/libg.a(lib_a-makebuf.o)
 .bss           0x000000000201174c        0x0 /opt/devkitPRO/devkitARM/bin/../lib/gcc/arm-none-eabi/4.7.1/../../../../arm-none-eabi/lib/thumb/libg.a(lib_a-mbrtowc.o)
 .bss           0x000000000201174c        0x0 /opt/devkitPRO/devkitARM/bin/../lib/gcc/arm-none-eabi/4.7.1/../../../../arm-none-eabi/lib/thumb/libg.a(lib_a-mbtowc_r.o)
 .bss           0x000000000201174c        0x0 /opt/devkitPRO/devkitARM/bin/../lib/gcc/arm-none-eabi/4.7.1/../../../../arm-none-eabi/lib/thumb/libg.a(lib_a-memchr-stub.o)
 .bss           0x000000000201174c        0x0 /opt/devkitPRO/devkitARM/bin/../lib/gcc/arm-none-eabi/4.7.1/../../../../arm-none-eabi/lib/thumb/libg.a(lib_a-memmove.o)
 .bss           0x000000000201174c        0x0 /opt/devkitPRO/devkitARM/bin/../lib/gcc/arm-none-eabi/4.7.1/../../../../arm-none-eabi/lib/thumb/libg.a(lib_a-memset.o)
 .bss           0x000000000201174c        0x0 /opt/devkitPRO/devkitARM/bin/../lib/gcc/arm-none-eabi/4.7.1/../../../../arm-none-eabi/lib/thumb/libg.a(lib_a-reallocr.o)
 .bss           0x000000000201174c        0x0 /opt/devkitPRO/devkitARM/bin/../lib/gcc/arm-none-eabi/4.7.1/../../../../arm-none-eabi/lib/thumb/libg.a(lib_a-sccl.o)
 .bss           0x000000000201174c        0x0 /opt/devkitPRO/devkitARM/bin/../lib/gcc/arm-none-eabi/4.7.1/../../../../arm-none-eabi/lib/thumb/libg.a(lib_a-strcasecmp.o)
 .bss           0x000000000201174c        0x0 /opt/devkitPRO/devkitARM/bin/../lib/gcc/arm-none-eabi/4.7.1/../../../../arm-none-eabi/lib/thumb/libg.a(lib_a-strcat.o)
 .bss           0x000000000201174c        0x0 /opt/devkitPRO/devkitARM/bin/../lib/gcc/arm-none-eabi/4.7.1/../../../../arm-none-eabi/lib/thumb/libg.a(lib_a-strchr.o)
 .bss           0x000000000201174c        0x0 /opt/devkitPRO/devkitARM/bin/../lib/gcc/arm-none-eabi/4.7.1/../../../../arm-none-eabi/lib/thumb/libg.a(lib_a-strcmp.o)
 .bss           0x000000000201174c        0x0 /opt/devkitPRO/devkitARM/bin/../lib/gcc/arm-none-eabi/4.7.1/../../../../arm-none-eabi/lib/thumb/libg.a(lib_a-strcpy.o)
 .bss           0x000000000201174c        0x0 /opt/devkitPRO/devkitARM/bin/../lib/gcc/arm-none-eabi/4.7.1/../../../../arm-none-eabi/lib/thumb/libg.a(lib_a-strlcpy.o)
 .bss           0x000000000201174c        0x0 /opt/devkitPRO/devkitARM/bin/../lib/gcc/arm-none-eabi/4.7.1/../../../../arm-none-eabi/lib/thumb/libg.a(lib_a-strncasecmp.o)
 .bss           0x000000000201174c        0x0 /opt/devkitPRO/devkitARM/bin/../lib/gcc/arm-none-eabi/4.7.1/../../../../arm-none-eabi/lib/thumb/libg.a(lib_a-strncmp.o)
 .bss           0x000000000201174c        0x0 /opt/devkitPRO/devkitARM/bin/../lib/gcc/arm-none-eabi/4.7.1/../../../../arm-none-eabi/lib/thumb/libg.a(lib_a-strncpy.o)
 .bss           0x000000000201174c        0x0 /opt/devkitPRO/devkitARM/bin/../lib/gcc/arm-none-eabi/4.7.1/../../../../arm-none-eabi/lib/thumb/libg.a(lib_a-strtoll_r.o)
 .bss           0x000000000201174c        0x0 /opt/devkitPRO/devkitARM/bin/../lib/gcc/arm-none-eabi/4.7.1/../../../../arm-none-eabi/lib/thumb/libg.a(lib_a-strtol.o)
 .bss           0x000000000201174c        0x0 /opt/devkitPRO/devkitARM/bin/../lib/gcc/arm-none-eabi/4.7.1/../../../../arm-none-eabi/lib/thumb/libg.a(lib_a-strtoull_r.o)
 .bss           0x000000000201174c        0x0 /opt/devkitPRO/devkitARM/bin/../lib/gcc/arm-none-eabi/4.7.1/../../../../arm-none-eabi/lib/thumb/libg.a(lib_a-strtoul.o)
 .bss           0x000000000201174c        0x0 /opt/devkitPRO/devkitARM/bin/../lib/gcc/arm-none-eabi/4.7.1/../../../../arm-none-eabi/lib/thumb/libg.a(lib_a-wbuf.o)
 .bss           0x000000000201174c        0x0 /opt/devkitPRO/devkitARM/bin/../lib/gcc/arm-none-eabi/4.7.1/../../../../arm-none-eabi/lib/thumb/libg.a(lib_a-wcsnrtombs.o)
 .bss           0x000000000201174c        0x0 /opt/devkitPRO/devkitARM/bin/../lib/gcc/arm-none-eabi/4.7.1/../../../../arm-none-eabi/lib/thumb/libg.a(lib_a-fclose.o)
 .bss           0x000000000201174c        0x0 /opt/devkitPRO/devkitARM/bin/../lib/gcc/arm-none-eabi/4.7.1/../../../../arm-none-eabi/lib/thumb/libg.a(lib_a-getenv_r.o)
 .bss           0x000000000201174c        0x4 /opt/devkitPRO/devkitARM/bin/../lib/gcc/arm-none-eabi/4.7.1/../../../../arm-none-eabi/lib/thumb/libg.a(lib_a-environ.o)
 .bss           0x0000000002011750        0x0 /opt/devkitPRO/devkitARM/bin/../lib/gcc/arm-none-eabi/4.7.1/../../../../arm-none-eabi/lib/thumb/libg.a(lib_a-envlock.o)
 .bss           0x0000000002011750        0x0 /opt/devkitPRO/devkitARM/bin/../lib/gcc/arm-none-eabi/4.7.1/../../../../arm-none-eabi/lib/thumb/libsysbase.a(iosupport.o)
 .bss           0x0000000002011750        0x0 /opt/devkitPRO/devkitARM/bin/../lib/gcc/arm-none-eabi/4.7.1/../../../../arm-none-eabi/lib/thumb/libsysbase.a(close.o)
 .bss           0x0000000002011750        0x0 /opt/devkitPRO/devkitARM/bin/../lib/gcc/arm-none-eabi/4.7.1/../../../../arm-none-eabi/lib/thumb/libsysbase.a(fstat.o)
 .bss           0x0000000002011750        0x0 /opt/devkitPRO/devkitARM/bin/../lib/gcc/arm-none-eabi/4.7.1/../../../../arm-none-eabi/lib/thumb/libsysbase.a(isatty.o)
 .bss           0x0000000002011750        0x0 /opt/devkitPRO/devkitARM/bin/../lib/gcc/arm-none-eabi/4.7.1/../../../../arm-none-eabi/lib/thumb/libsysbase.a(lseek.o)
 .bss           0x0000000002011750        0x0 /opt/devkitPRO/devkitARM/bin/../lib/gcc/arm-none-eabi/4.7.1/../../../../arm-none-eabi/lib/thumb/libsysbase.a(read.o)
 .bss           0x0000000002011750        0x4 /opt/devkitPRO/devkitARM/bin/../lib/gcc/arm-none-eabi/4.7.1/../../../../arm-none-eabi/lib/thumb/libsysbase.a(sbrk.o)
 .bss           0x0000000002011754        0x0 /opt/devkitPRO/devkitARM/bin/../lib/gcc/arm-none-eabi/4.7.1/../../../../arm-none-eabi/lib/thumb/libsysbase.a(times.o)
 .bss           0x0000000002011754        0x0 /opt/devkitPRO/devkitARM/bin/../lib/gcc/arm-none-eabi/4.7.1/../../../../arm-none-eabi/lib/thumb/libsysbase.a(write.o)
 .bss           0x0000000002011754        0x8 /opt/devkitPRO/devkitARM/bin/../lib/gcc/arm-none-eabi/4.7.1/../../../../arm-none-eabi/lib/thumb/libsysbase.a(malloc_vars.o)
                0x0000000002011754                fake_heap_start
                0x0000000002011758                fake_heap_end
 .bss           0x000000000201175c        0x0 /opt/devkitPRO/devkitARM/bin/../lib/gcc/arm-none-eabi/4.7.1/../../../../arm-none-eabi/lib/thumb/libsysbase.a(build_argv.o)
 .bss           0x000000000201175c        0x8 /opt/devkitPRO/devkitARM/bin/../lib/gcc/arm-none-eabi/4.7.1/../../../../arm-none-eabi/lib/thumb/libsysbase.a(syscall_support.o)
                0x000000000201175c                __syscalls
 .bss           0x0000000002011764     0x1000 /opt/devkitPRO/devkitARM/bin/../lib/gcc/arm-none-eabi/4.7.1/../../../../arm-none-eabi/lib/thumb/libsysbase.a(handle_manager.o)
 .bss           0x0000000002012764        0x0 /opt/devkitPRO/devkitARM/bin/../lib/gcc/arm-none-eabi/4.7.1/thumb/libgcc.a(_udivsi3.o)
 .bss           0x0000000002012764        0x0 /opt/devkitPRO/devkitARM/bin/../lib/gcc/arm-none-eabi/4.7.1/thumb/libgcc.a(_aeabi_uldivmod.o)
 .bss           0x0000000002012764        0x0 /opt/devkitPRO/devkitARM/bin/../lib/gcc/arm-none-eabi/4.7.1/thumb/libgcc.a(_muldi3.o)
 .bss           0x0000000002012764        0x0 /opt/devkitPRO/devkitARM/bin/../lib/gcc/arm-none-eabi/4.7.1/thumb/libgcc.a(bpabi.o)
 .bss           0x0000000002012764        0x0 /opt/devkitPRO/devkitARM/bin/../lib/gcc/arm-none-eabi/4.7.1/thumb/libgcc.a(_divdi3.o)
 .bss           0x0000000002012764        0x0 /opt/devkitPRO/devkitARM/bin/../lib/gcc/arm-none-eabi/4.7.1/thumb/libgcc.a(_udivdi3.o)
 .bss           0x0000000002012764        0x0 /opt/devkitPRO/devkitARM/bin/../lib/gcc/arm-none-eabi/4.7.1/thumb/libgcc.a(_clzsi2.o)
 .bss           0x0000000002012764        0x0 /opt/devkitPRO/devkitARM/bin/../lib/gcc/arm-none-eabi/4.7.1/../../../../arm-none-eabi/lib/thumb/libg.a(lib_a-errno.o)
 .bss           0x0000000002012764        0x0 /opt/devkitPRO/devkitARM/bin/../lib/gcc/arm-none-eabi/4.7.1/thumb/crtend.o
 .bss           0x0000000002012764        0x0 /opt/devkitPRO/devkitARM/bin/../lib/gcc/arm-none-eabi/4.7.1/thumb/crtn.o
 *(COMMON)
 COMMON         0x0000000002012764       0x5c /opt/devkitPRO/libnds/lib/libnds9.a(console.o)
                0x0000000002012764                currentCopy
 COMMON         0x00000000020127c0        0x1 /opt/devkitPRO/libnds/lib/libnds9.a(initSystem.o)
                0x00000000020127c0                __dsimode
 *fill*         0x00000000020127c1        0x3 00
 COMMON         0x00000000020127c4      0xa40 /opt/devkitPRO/libnds/lib/libnds9.a(fifosystem.o)
                0x00000000020127c4                fifo_datamsg_data
                0x0000000002012804                fifo_buffer
                0x0000000002013004                fifo_value32_func
                0x0000000002013044                fifo_address_func
                0x0000000002013084                fifo_value32_data
                0x00000000020130c4                fifo_value32_queue
                0x0000000002013104                fifo_data_queue
                0x0000000002013144                fifo_address_data
                0x0000000002013184                fifo_datamsg_func
                0x00000000020131c4                fifo_address_queue
 COMMON         0x0000000002013204      0x148 /opt/devkitPRO/libnds/lib/libnds9.a(background.o)
                0x0000000002013204                bgState
                0x0000000002013344                bgIsTextLut
 COMMON         0x000000000201334c        0x4 /opt/devkitPRO/devkitARM/bin/../lib/gcc/arm-none-eabi/4.7.1/../../../../arm-none-eabi/lib/thumb/libsysbase.a(times.o)
                0x000000000201334c                punixTime
                0x0000000002013350                . = ALIGN (0x4)
                0x0000000002013350                __bss_end__ = ABSOLUTE (.)
                0x0000000002013350                __end__ = ABSOLUTE (.)

.stab
 *(.stab)

.stabstr
 *(.stabstr)

.stab.excl
 *(.stab.excl)

.stab.exclstr
 *(.stab.exclstr)

.stab.index
 *(.stab.index)

.stab.indexstr
 *(.stab.indexstr)

.comment        0x0000000000000000       0x66
 *(.comment)
 .comment       0x0000000000000000       0x22 /opt/devkitPRO/devkitARM/bin/../lib/gcc/arm-none-eabi/4.7.1/thumb/crtbegin.o
                                         0x23 (size before relaxing)
 .comment       0x0000000000000000       0x23 main.o
 .comment       0x0000000000000022       0x22 /opt/devkitPRO/libnds/lib/libnds9.a(console.o)
                                         0x23 (size before relaxing)
 .comment       0x0000000000000000       0x23 /opt/devkitPRO/libnds/lib/libnds9.a(initSystem.o)
 .comment       0x0000000000000000       0x23 /opt/devkitPRO/libnds/lib/libnds9.a(fifosystem.o)
 .comment       0x0000000000000000       0x23 /opt/devkitPRO/libnds/lib/libnds9.a(interrupts.o)
 .comment       0x0000000000000000       0x23 /opt/devkitPRO/libnds/lib/libnds9.a(libnds_exit.arm.o)
 .comment       0x0000000000000000       0x23 /opt/devkitPRO/libnds/lib/libnds9.a(background.o)
 .comment       0x0000000000000000       0x23 /opt/devkitPRO/libnds/lib/libnds9.a(system.o)
 .comment       0x0000000000000000       0x23 /opt/devkitPRO/libnds/lib/libnds9.a(trig.o)
 .comment       0x0000000000000000       0x23 /opt/devkitPRO/libnds/lib/libnds9.a(video.o)
 .comment       0x0000000000000044       0x22 /media/wind/Dropbox/studia/informatyka/magisterka/code/phase01/sandbox/lib/liblibs.a(basic_lib.o)
                                         0x23 (size before relaxing)
 .comment       0x0000000000000000       0x23 /opt/devkitPRO/devkitARM/bin/../lib/gcc/arm-none-eabi/4.7.1/../../../../arm-none-eabi/lib/thumb/libg.a(lib_a-bsearch.o)
 .comment       0x0000000000000000       0x23 /opt/devkitPRO/devkitARM/bin/../lib/gcc/arm-none-eabi/4.7.1/../../../../arm-none-eabi/lib/thumb/libg.a(lib_a-impure.o)
 .comment       0x0000000000000000       0x23 /opt/devkitPRO/devkitARM/bin/../lib/gcc/arm-none-eabi/4.7.1/../../../../arm-none-eabi/lib/thumb/libg.a(lib_a-init.o)
 .comment       0x0000000000000000       0x23 /opt/devkitPRO/devkitARM/bin/../lib/gcc/arm-none-eabi/4.7.1/../../../../arm-none-eabi/lib/thumb/libg.a(lib_a-iprintf.o)
 .comment       0x0000000000000000       0x23 /opt/devkitPRO/devkitARM/bin/../lib/gcc/arm-none-eabi/4.7.1/../../../../arm-none-eabi/lib/thumb/libg.a(lib_a-malloc.o)
 .comment       0x0000000000000000       0x23 /opt/devkitPRO/devkitARM/bin/../lib/gcc/arm-none-eabi/4.7.1/../../../../arm-none-eabi/lib/thumb/libg.a(lib_a-mallocr.o)
 .comment       0x0000000000000000       0x23 /opt/devkitPRO/devkitARM/bin/../lib/gcc/arm-none-eabi/4.7.1/../../../../arm-none-eabi/lib/thumb/libg.a(lib_a-memcpy-stub.o)
 .comment       0x0000000000000000       0x23 /opt/devkitPRO/devkitARM/bin/../lib/gcc/arm-none-eabi/4.7.1/../../../../arm-none-eabi/lib/thumb/libg.a(lib_a-mlock.o)
 .comment       0x0000000000000000       0x23 /opt/devkitPRO/devkitARM/bin/../lib/gcc/arm-none-eabi/4.7.1/../../../../arm-none-eabi/lib/thumb/libg.a(lib_a-setvbuf.o)
 .comment       0x0000000000000000       0x23 /opt/devkitPRO/devkitARM/bin/../lib/gcc/arm-none-eabi/4.7.1/../../../../arm-none-eabi/lib/thumb/libg.a(lib_a-siscanf.o)
 .comment       0x0000000000000000       0x23 /opt/devkitPRO/devkitARM/bin/../lib/gcc/arm-none-eabi/4.7.1/../../../../arm-none-eabi/lib/thumb/libg.a(lib_a-stdio.o)
 .comment       0x0000000000000000       0x23 /opt/devkitPRO/devkitARM/bin/../lib/gcc/arm-none-eabi/4.7.1/../../../../arm-none-eabi/lib/thumb/libg.a(lib_a-strlen.o)
 .comment       0x0000000000000000       0x23 /opt/devkitPRO/devkitARM/bin/../lib/gcc/arm-none-eabi/4.7.1/../../../../arm-none-eabi/lib/thumb/libg.a(lib_a-svfiscanf.o)
 .comment       0x0000000000000000       0x23 /opt/devkitPRO/devkitARM/bin/../lib/gcc/arm-none-eabi/4.7.1/../../../../arm-none-eabi/lib/thumb/libg.a(lib_a-ungetc.o)
 .comment       0x0000000000000000       0x23 /opt/devkitPRO/devkitARM/bin/../lib/gcc/arm-none-eabi/4.7.1/../../../../arm-none-eabi/lib/thumb/libg.a(lib_a-vfiprintf.o)
 .comment       0x0000000000000000       0x23 /opt/devkitPRO/devkitARM/bin/../lib/gcc/arm-none-eabi/4.7.1/../../../../arm-none-eabi/lib/thumb/libg.a(lib_a-wcrtomb.o)
 .comment       0x0000000000000000       0x23 /opt/devkitPRO/devkitARM/bin/../lib/gcc/arm-none-eabi/4.7.1/../../../../arm-none-eabi/lib/thumb/libg.a(lib_a-wcsrtombs.o)
 .comment       0x0000000000000000       0x23 /opt/devkitPRO/devkitARM/bin/../lib/gcc/arm-none-eabi/4.7.1/../../../../arm-none-eabi/lib/thumb/libg.a(lib_a-wctomb_r.o)
 .comment       0x0000000000000000       0x23 /opt/devkitPRO/devkitARM/bin/../lib/gcc/arm-none-eabi/4.7.1/../../../../arm-none-eabi/lib/thumb/libg.a(lib_a-wsetup.o)
 .comment       0x0000000000000000       0x23 /opt/devkitPRO/devkitARM/bin/../lib/gcc/arm-none-eabi/4.7.1/../../../../arm-none-eabi/lib/thumb/libg.a(lib_a-ctype_.o)
 .comment       0x0000000000000000       0x23 /opt/devkitPRO/devkitARM/bin/../lib/gcc/arm-none-eabi/4.7.1/../../../../arm-none-eabi/lib/thumb/libg.a(lib_a-fflush.o)
 .comment       0x0000000000000000       0x23 /opt/devkitPRO/devkitARM/bin/../lib/gcc/arm-none-eabi/4.7.1/../../../../arm-none-eabi/lib/thumb/libg.a(lib_a-findfp.o)
 .comment       0x0000000000000000       0x23 /opt/devkitPRO/devkitARM/bin/../lib/gcc/arm-none-eabi/4.7.1/../../../../arm-none-eabi/lib/thumb/libg.a(lib_a-fputwc.o)
 .comment       0x0000000000000000       0x23 /opt/devkitPRO/devkitARM/bin/../lib/gcc/arm-none-eabi/4.7.1/../../../../arm-none-eabi/lib/thumb/libg.a(lib_a-freer.o)
 .comment       0x0000000000000000       0x23 /opt/devkitPRO/devkitARM/bin/../lib/gcc/arm-none-eabi/4.7.1/../../../../arm-none-eabi/lib/thumb/libg.a(lib_a-fvwrite.o)
 .comment       0x0000000000000000       0x23 /opt/devkitPRO/devkitARM/bin/../lib/gcc/arm-none-eabi/4.7.1/../../../../arm-none-eabi/lib/thumb/libg.a(lib_a-fwalk.o)
 .comment       0x0000000000000000       0x23 /opt/devkitPRO/devkitARM/bin/../lib/gcc/arm-none-eabi/4.7.1/../../../../arm-none-eabi/lib/thumb/libg.a(lib_a-iswspace.o)
 .comment       0x0000000000000000       0x23 /opt/devkitPRO/devkitARM/bin/../lib/gcc/arm-none-eabi/4.7.1/../../../../arm-none-eabi/lib/thumb/libg.a(lib_a-jp2uc.o)
 .comment       0x0000000000000000       0x23 /opt/devkitPRO/devkitARM/bin/../lib/gcc/arm-none-eabi/4.7.1/../../../../arm-none-eabi/lib/thumb/libg.a(lib_a-locale.o)
 .comment       0x0000000000000000       0x23 /opt/devkitPRO/devkitARM/bin/../lib/gcc/arm-none-eabi/4.7.1/../../../../arm-none-eabi/lib/thumb/libg.a(lib_a-makebuf.o)
 .comment       0x0000000000000000       0x23 /opt/devkitPRO/devkitARM/bin/../lib/gcc/arm-none-eabi/4.7.1/../../../../arm-none-eabi/lib/thumb/libg.a(lib_a-mbrtowc.o)
 .comment       0x0000000000000000       0x23 /opt/devkitPRO/devkitARM/bin/../lib/gcc/arm-none-eabi/4.7.1/../../../../arm-none-eabi/lib/thumb/libg.a(lib_a-mbtowc_r.o)
 .comment       0x0000000000000000       0x23 /opt/devkitPRO/devkitARM/bin/../lib/gcc/arm-none-eabi/4.7.1/../../../../arm-none-eabi/lib/thumb/libg.a(lib_a-memchr-stub.o)
 .comment       0x0000000000000000       0x23 /opt/devkitPRO/devkitARM/bin/../lib/gcc/arm-none-eabi/4.7.1/../../../../arm-none-eabi/lib/thumb/libg.a(lib_a-memmove.o)
 .comment       0x0000000000000000       0x23 /opt/devkitPRO/devkitARM/bin/../lib/gcc/arm-none-eabi/4.7.1/../../../../arm-none-eabi/lib/thumb/libg.a(lib_a-memset.o)
 .comment       0x0000000000000000       0x23 /opt/devkitPRO/devkitARM/bin/../lib/gcc/arm-none-eabi/4.7.1/../../../../arm-none-eabi/lib/thumb/libg.a(lib_a-reallocr.o)
 .comment       0x0000000000000000       0x23 /opt/devkitPRO/devkitARM/bin/../lib/gcc/arm-none-eabi/4.7.1/../../../../arm-none-eabi/lib/thumb/libg.a(lib_a-sccl.o)
 .comment       0x0000000000000000       0x23 /opt/devkitPRO/devkitARM/bin/../lib/gcc/arm-none-eabi/4.7.1/../../../../arm-none-eabi/lib/thumb/libg.a(lib_a-strcasecmp.o)
 .comment       0x0000000000000000       0x23 /opt/devkitPRO/devkitARM/bin/../lib/gcc/arm-none-eabi/4.7.1/../../../../arm-none-eabi/lib/thumb/libg.a(lib_a-strcat.o)
 .comment       0x0000000000000000       0x23 /opt/devkitPRO/devkitARM/bin/../lib/gcc/arm-none-eabi/4.7.1/../../../../arm-none-eabi/lib/thumb/libg.a(lib_a-strchr.o)
 .comment       0x0000000000000000       0x23 /opt/devkitPRO/devkitARM/bin/../lib/gcc/arm-none-eabi/4.7.1/../../../../arm-none-eabi/lib/thumb/libg.a(lib_a-strcmp.o)
 .comment       0x0000000000000000       0x23 /opt/devkitPRO/devkitARM/bin/../lib/gcc/arm-none-eabi/4.7.1/../../../../arm-none-eabi/lib/thumb/libg.a(lib_a-strcpy.o)
 .comment       0x0000000000000000       0x23 /opt/devkitPRO/devkitARM/bin/../lib/gcc/arm-none-eabi/4.7.1/../../../../arm-none-eabi/lib/thumb/libg.a(lib_a-strlcpy.o)
 .comment       0x0000000000000000       0x23 /opt/devkitPRO/devkitARM/bin/../lib/gcc/arm-none-eabi/4.7.1/../../../../arm-none-eabi/lib/thumb/libg.a(lib_a-strncasecmp.o)
 .comment       0x0000000000000000       0x23 /opt/devkitPRO/devkitARM/bin/../lib/gcc/arm-none-eabi/4.7.1/../../../../arm-none-eabi/lib/thumb/libg.a(lib_a-strncmp.o)
 .comment       0x0000000000000000       0x23 /opt/devkitPRO/devkitARM/bin/../lib/gcc/arm-none-eabi/4.7.1/../../../../arm-none-eabi/lib/thumb/libg.a(lib_a-strncpy.o)
 .comment       0x0000000000000000       0x23 /opt/devkitPRO/devkitARM/bin/../lib/gcc/arm-none-eabi/4.7.1/../../../../arm-none-eabi/lib/thumb/libg.a(lib_a-strtoll_r.o)
 .comment       0x0000000000000000       0x23 /opt/devkitPRO/devkitARM/bin/../lib/gcc/arm-none-eabi/4.7.1/../../../../arm-none-eabi/lib/thumb/libg.a(lib_a-strtol.o)
 .comment       0x0000000000000000       0x23 /opt/devkitPRO/devkitARM/bin/../lib/gcc/arm-none-eabi/4.7.1/../../../../arm-none-eabi/lib/thumb/libg.a(lib_a-strtoull_r.o)
 .comment       0x0000000000000000       0x23 /opt/devkitPRO/devkitARM/bin/../lib/gcc/arm-none-eabi/4.7.1/../../../../arm-none-eabi/lib/thumb/libg.a(lib_a-strtoul.o)
 .comment       0x0000000000000000       0x23 /opt/devkitPRO/devkitARM/bin/../lib/gcc/arm-none-eabi/4.7.1/../../../../arm-none-eabi/lib/thumb/libg.a(lib_a-wbuf.o)
 .comment       0x0000000000000000       0x23 /opt/devkitPRO/devkitARM/bin/../lib/gcc/arm-none-eabi/4.7.1/../../../../arm-none-eabi/lib/thumb/libg.a(lib_a-wcsnrtombs.o)
 .comment       0x0000000000000000       0x23 /opt/devkitPRO/devkitARM/bin/../lib/gcc/arm-none-eabi/4.7.1/../../../../arm-none-eabi/lib/thumb/libg.a(lib_a-fclose.o)
 .comment       0x0000000000000000       0x23 /opt/devkitPRO/devkitARM/bin/../lib/gcc/arm-none-eabi/4.7.1/../../../../arm-none-eabi/lib/thumb/libg.a(lib_a-getenv_r.o)
 .comment       0x0000000000000000       0x23 /opt/devkitPRO/devkitARM/bin/../lib/gcc/arm-none-eabi/4.7.1/../../../../arm-none-eabi/lib/thumb/libg.a(lib_a-environ.o)
 .comment       0x0000000000000000       0x23 /opt/devkitPRO/devkitARM/bin/../lib/gcc/arm-none-eabi/4.7.1/../../../../arm-none-eabi/lib/thumb/libg.a(lib_a-envlock.o)
 .comment       0x0000000000000000       0x23 /opt/devkitPRO/devkitARM/bin/../lib/gcc/arm-none-eabi/4.7.1/../../../../arm-none-eabi/lib/thumb/libsysbase.a(iosupport.o)
 .comment       0x0000000000000000       0x23 /opt/devkitPRO/devkitARM/bin/../lib/gcc/arm-none-eabi/4.7.1/../../../../arm-none-eabi/lib/thumb/libsysbase.a(close.o)
 .comment       0x0000000000000000       0x23 /opt/devkitPRO/devkitARM/bin/../lib/gcc/arm-none-eabi/4.7.1/../../../../arm-none-eabi/lib/thumb/libsysbase.a(fstat.o)
 .comment       0x0000000000000000       0x23 /opt/devkitPRO/devkitARM/bin/../lib/gcc/arm-none-eabi/4.7.1/../../../../arm-none-eabi/lib/thumb/libsysbase.a(isatty.o)
 .comment       0x0000000000000000       0x23 /opt/devkitPRO/devkitARM/bin/../lib/gcc/arm-none-eabi/4.7.1/../../../../arm-none-eabi/lib/thumb/libsysbase.a(lseek.o)
 .comment       0x0000000000000000       0x23 /opt/devkitPRO/devkitARM/bin/../lib/gcc/arm-none-eabi/4.7.1/../../../../arm-none-eabi/lib/thumb/libsysbase.a(read.o)
 .comment       0x0000000000000000       0x23 /opt/devkitPRO/devkitARM/bin/../lib/gcc/arm-none-eabi/4.7.1/../../../../arm-none-eabi/lib/thumb/libsysbase.a(sbrk.o)
 .comment       0x0000000000000000       0x23 /opt/devkitPRO/devkitARM/bin/../lib/gcc/arm-none-eabi/4.7.1/../../../../arm-none-eabi/lib/thumb/libsysbase.a(times.o)
 .comment       0x0000000000000000       0x23 /opt/devkitPRO/devkitARM/bin/../lib/gcc/arm-none-eabi/4.7.1/../../../../arm-none-eabi/lib/thumb/libsysbase.a(write.o)
 .comment       0x0000000000000000       0x23 /opt/devkitPRO/devkitARM/bin/../lib/gcc/arm-none-eabi/4.7.1/../../../../arm-none-eabi/lib/thumb/libsysbase.a(malloc_vars.o)
 .comment       0x0000000000000000       0x23 /opt/devkitPRO/devkitARM/bin/../lib/gcc/arm-none-eabi/4.7.1/../../../../arm-none-eabi/lib/thumb/libsysbase.a(build_argv.o)
 .comment       0x0000000000000000       0x23 /opt/devkitPRO/devkitARM/bin/../lib/gcc/arm-none-eabi/4.7.1/../../../../arm-none-eabi/lib/thumb/libsysbase.a(syscall_support.o)
 .comment       0x0000000000000000       0x23 /opt/devkitPRO/devkitARM/bin/../lib/gcc/arm-none-eabi/4.7.1/../../../../arm-none-eabi/lib/thumb/libsysbase.a(handle_manager.o)
 .comment       0x0000000000000000       0x23 /opt/devkitPRO/devkitARM/bin/../lib/gcc/arm-none-eabi/4.7.1/thumb/libgcc.a(_muldi3.o)
 .comment       0x0000000000000000       0x23 /opt/devkitPRO/devkitARM/bin/../lib/gcc/arm-none-eabi/4.7.1/thumb/libgcc.a(bpabi.o)
 .comment       0x0000000000000000       0x23 /opt/devkitPRO/devkitARM/bin/../lib/gcc/arm-none-eabi/4.7.1/thumb/libgcc.a(_divdi3.o)
 .comment       0x0000000000000000       0x23 /opt/devkitPRO/devkitARM/bin/../lib/gcc/arm-none-eabi/4.7.1/thumb/libgcc.a(_udivdi3.o)
 .comment       0x0000000000000000       0x23 /opt/devkitPRO/devkitARM/bin/../lib/gcc/arm-none-eabi/4.7.1/../../../../arm-none-eabi/lib/thumb/libg.a(lib_a-errno.o)
 .comment       0x0000000000000000       0x23 /opt/devkitPRO/devkitARM/bin/../lib/gcc/arm-none-eabi/4.7.1/thumb/crtend.o

.ARM.attributes
                0x0000000000000000       0x2f
 .ARM.attributes
                0x0000000000000000       0x23 /opt/devkitPRO/devkitARM/bin/../lib/gcc/arm-none-eabi/4.7.1/../../../../arm-none-eabi/lib/thumb/ds_arm9_crt0.o