Archive member included because of file (symbol)

c:/devkitPro/libnds/lib\libnds9.a(console.o)
                              main.o (consoleDemoInit)
c:/devkitPro/libnds/lib\libnds9.a(initSystem.o)
                              c:/devkitpro/devkitarm/bin/../lib/gcc/arm-eabi/4.6.1/../../../../arm-eabi/lib/thumb/ds_arm9_crt0.o (initSystem)
c:/devkitPro/libnds/lib\libnds9.a(fifosystem.o)
                              c:/devkitPro/libnds/lib\libnds9.a(initSystem.o) (fifoSendValue32)
c:/devkitPro/libnds/lib\libnds9.a(interrupts.o)
                              c:/devkitPro/libnds/lib\libnds9.a(fifosystem.o) (irqSet)
c:/devkitPro/libnds/lib\libnds9.a(libnds_exit.o)
                              c:/devkitpro/devkitarm/bin/../lib/gcc/arm-eabi/4.6.1/../../../../arm-eabi/lib/thumb/ds_arm9_crt0.o (__libnds_exit)
c:/devkitPro/libnds/lib\libnds9.a(mpu_setup.o)
                              c:/devkitpro/devkitarm/bin/../lib/gcc/arm-eabi/4.6.1/../../../../arm-eabi/lib/thumb/ds_arm9_crt0.o (__libnds_mpu_setup)
c:/devkitPro/libnds/lib\libnds9.a(biosCalls.o)
                              c:/devkitPro/libnds/lib\libnds9.a(fifosystem.o) (swiIntrWait)
c:/devkitPro/libnds/lib\libnds9.a(debugprint.o)
                              c:/devkitPro/libnds/lib\libnds9.a(console.o) (nocashWrite)
c:/devkitPro/libnds/lib\libnds9.a(interruptDispatcher.o)
                              c:/devkitPro/libnds/lib\libnds9.a(interrupts.o) (IntrMain)
c:/devkitPro/libnds/lib\libnds9.a(swiSoftReset.o)
                              c:/devkitPro/libnds/lib\libnds9.a(fifosystem.o) (swiSoftReset)
c:/devkitPro/libnds/lib\libnds9.a(default_font.bin.o)
                              c:/devkitPro/libnds/lib\libnds9.a(console.o) (default_font_bin)
c:/devkitPro/libnds/lib\libnds9.a(background.o)
                              c:/devkitPro/libnds/lib\libnds9.a(console.o) (bgState)
c:/devkitPro/libnds/lib\libnds9.a(system.o)
                              c:/devkitPro/libnds/lib\libnds9.a(initSystem.o) (systemMsgHandler)
c:/devkitPro/libnds/lib\libnds9.a(trig.o)
                              c:/devkitPro/libnds/lib\libnds9.a(background.o) (sinLerp)
c:/devkitPro/libnds/lib\libnds9.a(video.o)
                              c:/devkitPro/libnds/lib\libnds9.a(initSystem.o) (vramDefault)
d:/Dropbox/studia/informatyka/magisterka/code/phase01/sandbox/lib\liblibs.a(basic_lib.o)
                              test.o (print_int)
c:/devkitpro/devkitarm/bin/../lib/gcc/arm-eabi/4.6.1/thumb\libgcc.a(_divsi3.o)
                              c:/devkitPro/libnds/lib\libnds9.a(console.o) (__aeabi_idivmod)
c:/devkitpro/devkitarm/bin/../lib/gcc/arm-eabi/4.6.1/thumb\libgcc.a(_dvmd_tls.o)
                              c:/devkitpro/devkitarm/bin/../lib/gcc/arm-eabi/4.6.1/thumb\libgcc.a(_divsi3.o) (__aeabi_idiv0)
c:/devkitpro/devkitarm/bin/../lib/gcc/arm-eabi/4.6.1/../../../../arm-eabi/lib/thumb\libg.a(lib_a-bsearch.o)
                              c:/devkitPro/libnds/lib\libnds9.a(trig.o) (bsearch)
c:/devkitpro/devkitarm/bin/../lib/gcc/arm-eabi/4.6.1/../../../../arm-eabi/lib/thumb\libg.a(lib_a-impure.o)
                              c:/devkitPro/libnds/lib\libnds9.a(console.o) (_impure_ptr)
c:/devkitpro/devkitarm/bin/../lib/gcc/arm-eabi/4.6.1/../../../../arm-eabi/lib/thumb\libg.a(lib_a-init.o)
                              c:/devkitpro/devkitarm/bin/../lib/gcc/arm-eabi/4.6.1/../../../../arm-eabi/lib/thumb/ds_arm9_crt0.o (__libc_init_array)
c:/devkitpro/devkitarm/bin/../lib/gcc/arm-eabi/4.6.1/../../../../arm-eabi/lib/thumb\libg.a(lib_a-iprintf.o)
                              main.o (iprintf)
c:/devkitpro/devkitarm/bin/../lib/gcc/arm-eabi/4.6.1/../../../../arm-eabi/lib/thumb\libg.a(lib_a-malloc.o)
                              main.o (malloc)
c:/devkitpro/devkitarm/bin/../lib/gcc/arm-eabi/4.6.1/../../../../arm-eabi/lib/thumb\libg.a(lib_a-mallocr.o)
                              c:/devkitpro/devkitarm/bin/../lib/gcc/arm-eabi/4.6.1/../../../../arm-eabi/lib/thumb\libg.a(lib_a-malloc.o) (_malloc_r)
c:/devkitpro/devkitarm/bin/../lib/gcc/arm-eabi/4.6.1/../../../../arm-eabi/lib/thumb\libg.a(lib_a-memcpy.o)
                              c:/devkitPro/libnds/lib\libnds9.a(console.o) (memcpy)
c:/devkitpro/devkitarm/bin/../lib/gcc/arm-eabi/4.6.1/../../../../arm-eabi/lib/thumb\libg.a(lib_a-mlock.o)
                              c:/devkitpro/devkitarm/bin/../lib/gcc/arm-eabi/4.6.1/../../../../arm-eabi/lib/thumb\libg.a(lib_a-mallocr.o) (__malloc_lock)
c:/devkitpro/devkitarm/bin/../lib/gcc/arm-eabi/4.6.1/../../../../arm-eabi/lib/thumb\libg.a(lib_a-setvbuf.o)
                              c:/devkitPro/libnds/lib\libnds9.a(console.o) (setvbuf)
c:/devkitpro/devkitarm/bin/../lib/gcc/arm-eabi/4.6.1/../../../../arm-eabi/lib/thumb\libg.a(lib_a-siscanf.o)
                              c:/devkitPro/libnds/lib\libnds9.a(console.o) (siscanf)
c:/devkitpro/devkitarm/bin/../lib/gcc/arm-eabi/4.6.1/../../../../arm-eabi/lib/thumb\libg.a(lib_a-stdio.o)
[...]
Memory Configuration

Name             Origin             Length             Attributes
rom              0x08000000         0x02000000
ewram            0x02000000         0x003ff000
dtcm             0x0b000000         0x00004000
vectors          0x01000000         0x00000100
itcm             0x01000100         0x00007f00
*default*        0x00000000         0xffffffff

Linker script and memory map

                0x01000000                __vectors_start = ORIGIN (vectors)
                0x01000100                __itcm_start = ORIGIN (itcm)
                0x023ff000                __ewram_end = (ORIGIN (ewram) + 0x3ff000)
                0x023ff000                __eheap_end = (ORIGIN (ewram) + 0x3ff000)
                0x0b000000                __dtcm_start = ORIGIN (dtcm)
                0x0b004000                __dtcm_top = (ORIGIN (dtcm) + 0x4000)
                0x0b003ff8                __irq_flags = (__dtcm_top - 0x8)
                0x0b003ffc                __irq_vector = (__dtcm_top - 0x4)
                0x0b003f00                __sp_svc = (__dtcm_top - 0x100)
                0x0b003e00                __sp_irq = (__sp_svc - 0x100)
                0x0b003d00                __sp_usr = (__sp_irq - 0x100)

.init           0x02000000      0x23c
                0x02000000                __text_start = .
 *(.init)
 .init          0x02000000      0x230 c:/devkitpro/devkitarm/bin/../lib/gcc/arm-eabi/4.6.1/../../../../arm-eabi/lib/thumb/ds_arm9_crt0.o
                0x02000000                _start
 .init          0x02000230        0x4 c:/devkitpro/devkitarm/bin/../lib/gcc/arm-eabi/4.6.1/thumb/crti.o
                0x02000230                _init
 .init          0x02000234        0x8 c:/devkitpro/devkitarm/bin/../lib/gcc/arm-eabi/4.6.1/thumb/crtn.o
                0x0200023c                . = ALIGN (0x4)

.plt
 *(.plt)

.text           0x02000240     0xb9a0
 *(EXCLUDE_FILE(*.itcm*) .text)
 .text          0x02000240        0x0 c:/devkitpro/devkitarm/bin/../lib/gcc/arm-eabi/4.6.1/../../../../arm-eabi/lib/thumb/ds_arm9_crt0.o
 .text          0x02000240        0x0 c:/devkitpro/devkitarm/bin/../lib/gcc/arm-eabi/4.6.1/thumb/crti.o
 .text          0x02000240       0x6c c:/devkitpro/devkitarm/bin/../lib/gcc/arm-eabi/4.6.1/thumb/crtbegin.o
 .text          0x020002ac        0x0 main.o
 .text          0x020002ac     0x2854 test.o
                0x020002cc                scheme_entry
 .text          0x02002b00      0xa34 c:/devkitPro/libnds/lib\libnds9.a(console.o)
                0x02002b00                nocash_write
                0x02002bc0                consoleGetDefault
                0x02002bcc                consoleSelect
                0x02002bdc                consoleDebugInit
                0x02002c2c                consolePrintChar
                0x02002de0                consoleLoadFont
                0x02003078                consoleSetFont
                0x02003098                consoleInit
                0x020031fc                consoleDemoInit
                0x02003240                con_write
                0x02003500                consoleClear
                0x02003510                consoleSetWindow
 .text          0x02003534      0x19c c:/devkitPro/libnds/lib\libnds9.a(initSystem.o)
                0x02003534                initSystem
 .text          0x020036d0      0xc8c c:/devkitPro/libnds/lib\libnds9.a(fifosystem.o)
                0x02003930                fifoSendAddress
                0x0200395c                fifoSendValue32
                0x0200399c                fifoSendDatamsg
                0x02003a0c                fifoGetAddress
                0x02003a80                fifoSetAddressHandler
                0x02003af4                fifoGetValue32
                0x02003b68                fifoSetValue32Handler
                0x02003bdc                fifoGetDatamsg
                0x02004084                fifoSetDatamsgHandler
                0x0200411c                fifoCheckAddress
                0x02004140                fifoCheckDatamsg
                0x02004164                fifoCheckValue32
                0x02004188                fifoInit
 .text          0x0200435c      0x1f4 c:/devkitPro/libnds/lib\libnds9.a(interrupts.o)
                0x0200435c                irqDummy
                0x02004360                irqSet
                0x020043d0                irqInit
                0x0200441c                irqInitHandler
                0x0200444c                irqEnable
                0x020044b0                irqDisable
                0x02004514                irqClear
 .text          0x02004550       0x40 c:/devkitPro/libnds/lib\libnds9.a(libnds_exit.o)
                0x02004550                systemErrorExit
                0x02004554                __libnds_exit
 .text          0x02004590      0x1b4 c:/devkitPro/libnds/lib\libnds9.a(mpu_setup.o)
                0x02004590                __libnds_mpu_setup
                0x020046d0                memCached
                0x020046e8                memUncached
 *fill*         0x02004744        0xc ff
 .text          0x02004750       0x70 c:/devkitPro/libnds/lib\libnds9.a(biosCalls.o)
                0x02004750                swiDelay
                0x02004754                swiIntrWait
                0x02004758                swiWaitForVBlank
                0x0200475c                swiSleep
                0x02004760                swiChangeSoundBias
                0x02004764                swiDivide
                0x02004768                swiRemainder
                0x0200476e                swiDivMod
                0x0200477a                swiCopy
                0x0200477e                swiFastCopy
                0x02004782                swiSqrt
                0x02004786                swiCRC16
                0x0200478a                swiIsDebugger
                0x0200478e                swiUnpackBits
                0x02004792                swiDecompressLZSSWram
                0x02004796                swiDecompressLZSSVramNTR
                0x0200479a                swiDecompressLZSSVramTWL
                0x0200479e                swiDecompressHuffman
                0x020047a2                swiDecompressRLEWram
                0x020047a6                swiDecompressRLEVram
                0x020047aa                swiWaitForIRQ
                0x020047ae                swiDecodeDelta8
                0x020047b2                swiDecodeDelta16
                0x020047b6                swiSetHaltCR
 .text          0x020047c0       0xa4 c:/devkitPro/libnds/lib\libnds9.a(debugprint.o)
                0x020047c0                nocashWrite
                0x020047c2                nocashMessage
 .text          0x02004864        0x0 c:/devkitPro/libnds/lib\libnds9.a(interruptDispatcher.o)
 *fill*         0x02004864        0xc ff
 .text          0x02004870       0x30 c:/devkitPro/libnds/lib\libnds9.a(swiSoftReset.o)
                0x02004870                swiSoftReset
 .text          0x020048a0        0x0 c:/devkitPro/libnds/lib\libnds9.a(default_font.bin.o)
 .text          0x020048a0      0x314 c:/devkitPro/libnds/lib\libnds9.a(background.o)
                0x020048a0                bgIsText
                0x020048ac                checkIfText
                0x0200490c                bgUpdate
                0x02004a1c                bgInit_call
                0x02004ae0                bgInitSub_call
 .text          0x02004bb4       0xf0 c:/devkitPro/libnds/lib\libnds9.a(system.o)
                0x02004bb4                systemMsgHandler
                0x02004bf8                systemSleep
                0x02004c10                powerValueHandler
                0x02004c20                powerOn
                0x02004c4c                powerOff
                0x02004c74                ledBlink
                0x02004c84                getBatteryLevel
 .text          0x02004ca4      0x248 c:/devkitPro/libnds/lib\libnds9.a(trig.o)
                0x02004ca4                asinComp
                0x02004cc8                sinLutLookup
                0x02004d04                sinLerp
                0x02004d3c                cosLerp
                0x02004d50                tanLutLookup
                0x02004d88                tanLerp
                0x02004e38                asinLerp
                0x02004eb4                acosLerp
                0x02004ec8                atanComp
 .text          0x02004eec      0x1f8 c:/devkitPro/libnds/lib\libnds9.a(video.o)
                0x02004eec                vramSetPrimaryBanks
                0x02004f30                vramSetMainBanks
                0x02004f74                vramSetBanks_EFG
                0x02004fac                vramRestorePrimaryBanks
                0x02004fb8                vramRestoreMainBanks
                0x02004fc4                vramRestoreBanks_EFG
                0x02004fd0                setBrightness
                0x02005010                vramDefault
 .text          0x020050e4       0x30 d:/Dropbox/studia/informatyka/magisterka/code/phase01/sandbox/lib\liblibs.a(basic_lib.o)
                0x020050e4                print_int
                0x020050f4                print_bool
 .text          0x02005114      0x150 c:/devkitpro/devkitarm/bin/../lib/gcc/arm-eabi/4.6.1/thumb\libgcc.a(_divsi3.o)
                0x02005114                __divsi3
                0x02005114                __aeabi_idiv
                0x02005244                __aeabi_idivmod
 .text          0x02005264        0x4 c:/devkitpro/devkitarm/bin/../lib/gcc/arm-eabi/4.6.1/thumb\libgcc.a(_dvmd_tls.o)
                0x02005264                __aeabi_idiv0
                0x02005264                __aeabi_ldiv0
 .text          0x02005268       0x64 c:/devkitpro/devkitarm/bin/../lib/gcc/arm-eabi/4.6.1/../../../../arm-eabi/lib/thumb\libg.a(lib_a-bsearch.o)
                0x02005268                bsearch
 .text          0x020052cc        0x0 c:/devkitpro/devkitarm/bin/../lib/gcc/arm-eabi/4.6.1/../../../../arm-eabi/lib/thumb\libg.a(lib_a-impure.o)
 .text          0x020052cc       0x50 c:/devkitpro/devkitarm/bin/../lib/gcc/arm-eabi/4.6.1/../../../../arm-eabi/lib/thumb\libg.a(lib_a-init.o)
                0x020052cc                __libc_init_array
 .text          0x0200531c       0x40 c:/devkitpro/devkitarm/bin/../lib/gcc/arm-eabi/4.6.1/../../../../arm-eabi/lib/thumb\libg.a(lib_a-iprintf.o)
                0x0200531c                iprintf
                0x02005340                _iprintf_r
 .text          0x0200535c       0x30 c:/devkitpro/devkitarm/bin/../lib/gcc/arm-eabi/4.6.1/../../../../arm-eabi/lib/thumb\libg.a(lib_a-malloc.o)
                0x0200535c                malloc
                0x02005374                free
 .text          0x0200538c      0x514 c:/devkitpro/devkitarm/bin/../lib/gcc/arm-eabi/4.6.1/../../../../arm-eabi/lib/thumb\libg.a(lib_a-mallocr.o)
                0x0200538c                _malloc_r
 .text          0x020058a0       0x80 c:/devkitpro/devkitarm/bin/../lib/gcc/arm-eabi/4.6.1/../../../../arm-eabi/lib/thumb\libg.a(lib_a-memcpy.o)
                0x020058a0                memcpy
 .text          0x02005920        0x8 c:/devkitpro/devkitarm/bin/../lib/gcc/arm-eabi/4.6.1/../../../../arm-eabi/lib/thumb\libg.a(lib_a-mlock.o)
                0x02005920                __malloc_lock
                0x02005924                __malloc_unlock
 .text          0x02005928      0x118 c:/devkitpro/devkitarm/bin/../lib/gcc/arm-eabi/4.6.1/../../../../arm-eabi/lib/thumb\libg.a(lib_a-setvbuf.o)
                0x02005928                setvbuf
 .text          0x02005a40       0xa0 c:/devkitpro/devkitarm/bin/../lib/gcc/arm-eabi/4.6.1/../../../../arm-eabi/lib/thumb\libg.a(lib_a-siscanf.o)
                0x02005a40                siscanf
                0x02005a90                _siscanf_r
 .text          0x02005ae0       0xac c:/devkitpro/devkitarm/bin/../lib/gcc/arm-eabi/4.6.1/../../../../arm-eabi/lib/thumb\libg.a(lib_a-stdio.o)
                0x02005ae0                __sread
                0x02005b0c                __seofread
                0x02005b10                __swrite
                0x02005b4c                __sseek
                0x02005b7c                __sclose
 .text          0x02005b8c       0x10 c:/devkitpro/devkitarm/bin/../lib/gcc/arm-eabi/4.6.1/../../../../arm-eabi/lib/thumb\libg.a(lib_a-strlen.o)
                0x02005b8c                strlen
 .text          0x02005b9c      0xab0 c:/devkitpro/devkitarm/bin/../lib/gcc/arm-eabi/4.6.1/../../../../arm-eabi/lib/thumb\libg.a(lib_a-svfiscanf.o)
                0x02005b9c                _sungetc_r
                0x02005c24                __ssrefill_r
                0x02005c68                _sfread_r
                0x02005cf4                __ssvfiscanf_r
 .text          0x0200664c      0x180 c:/devkitpro/devkitarm/bin/../lib/gcc/arm-eabi/4.6.1/../../../../arm-eabi/lib/thumb\libg.a(lib_a-ungetc.o)
                0x0200664c                __submore
                0x020066d4                _ungetc_r
                0x020067b0                ungetc
 .text          0x020067cc      0xea8 c:/devkitpro/devkitarm/bin/../lib/gcc/arm-eabi/4.6.1/../../../../arm-eabi/lib/thumb\libg.a(lib_a-vfiprintf.o)
                0x020067cc                __sprint_r
                0x02006850                _vfiprintf_r
                0x02007650                vfiprintf
 .text          0x02007674       0xdc c:/devkitpro/devkitarm/bin/../lib/gcc/arm-eabi/4.6.1/../../../../arm-eabi/lib/thumb\libg.a(lib_a-wcrtomb.o)
                0x02007674                _wcrtomb_r
                0x020076d8                wcrtomb
 .text          0x02007750       0x40 c:/devkitpro/devkitarm/bin/../lib/gcc/arm-eabi/4.6.1/../../../../arm-eabi/lib/thumb\libg.a(lib_a-wcsrtombs.o)
                0x02007750                _wcsrtombs_r
                0x02007768                wcsrtombs
 .text          0x02007790      0x27c c:/devkitpro/devkitarm/bin/../lib/gcc/arm-eabi/4.6.1/../../../../arm-eabi/lib/thumb\libg.a(lib_a-wctomb_r.o)
                0x02007790                __utf8_wctomb
                0x02007850                _wctomb_r
                0x02007888                __ascii_wctomb
                0x020078a8                __sjis_wctomb
                0x02007914                __eucjp_wctomb
                0x02007990                __jis_wctomb
 .text          0x02007a0c       0xbc c:/devkitpro/devkitarm/bin/../lib/gcc/arm-eabi/4.6.1/../../../../arm-eabi/lib/thumb\libg.a(lib_a-wsetup.o)
                0x02007a0c                __swsetup_r
 .text          0x02007ac8       0x10 c:/devkitpro/devkitarm/bin/../lib/gcc/arm-eabi/4.6.1/../../../../arm-eabi/lib/thumb\libg.a(lib_a-ctype_.o)
                0x02007ac8                __set_ctype
 .text          0x02007ad8      0x18c c:/devkitpro/devkitarm/bin/../lib/gcc/arm-eabi/4.6.1/../../../../arm-eabi/lib/thumb\libg.a(lib_a-fflush.o)
                0x02007ad8                _fflush_r
                0x02007c34                fflush
 .text          0x02007c64      0x1ec c:/devkitpro/devkitarm/bin/../lib/gcc/arm-eabi/4.6.1/../../../../arm-eabi/lib/thumb\libg.a(lib_a-findfp.o)
                0x02007c6c                _cleanup_r
                0x02007ccc                __sfmoreglue
                0x02007cfc                _cleanup
                0x02007d10                __sinit
                0x02007d64                __sfp
                0x02007e08                __sfp_lock_acquire
                0x02007e0c                __sfp_lock_release
                0x02007e10                __sinit_lock_acquire
                0x02007e14                __sinit_lock_release
                0x02007e18                __fp_lock_all
                0x02007e34                __fp_unlock_all
 .text          0x02007e50      0x108 c:/devkitpro/devkitarm/bin/../lib/gcc/arm-eabi/4.6.1/../../../../arm-eabi/lib/thumb\libg.a(lib_a-fputwc.o)
                0x02007e50                _fputwc_r
                0x02007f2c                fputwc
 .text          0x02007f58      0x248 c:/devkitpro/devkitarm/bin/../lib/gcc/arm-eabi/4.6.1/../../../../arm-eabi/lib/thumb\libg.a(lib_a-freer.o)
                0x02007f58                _malloc_trim_r
                0x02008004                _free_r
 .text          0x020081a0      0x31c c:/devkitpro/devkitarm/bin/../lib/gcc/arm-eabi/4.6.1/../../../../arm-eabi/lib/thumb\libg.a(lib_a-fvwrite.o)
                0x020081a0                __sfvwrite_r
 .text          0x020084bc       0xc4 c:/devkitpro/devkitarm/bin/../lib/gcc/arm-eabi/4.6.1/../../../../arm-eabi/lib/thumb\libg.a(lib_a-fwalk.o)
                0x020084bc                _fwalk
                0x02008518                _fwalk_reent
 .text          0x02008580       0x84 c:/devkitpro/devkitarm/bin/../lib/gcc/arm-eabi/4.6.1/../../../../arm-eabi/lib/thumb\libg.a(lib_a-iswspace.o)
                0x02008580                iswspace
 .text          0x02008604      0x1f4 c:/devkitpro/devkitarm/bin/../lib/gcc/arm-eabi/4.6.1/../../../../arm-eabi/lib/thumb\libg.a(lib_a-jp2uc.o)
                0x02008794                _jp2uc
 .text          0x020087f8      0x938 c:/devkitpro/devkitarm/bin/../lib/gcc/arm-eabi/4.6.1/../../../../arm-eabi/lib/thumb\libg.a(lib_a-locale.o)
                0x02008eb4                _setlocale_r
                0x020090d0                __locale_charset
                0x020090d8                __locale_mb_cur_max
                0x020090e4                __locale_msgcharset
                0x020090f0                __locale_cjk_lang
                0x020090fc                _localeconv_r
                0x02009108                setlocale
                0x02009124                localeconv
 .text          0x02009130       0xe4 c:/devkitpro/devkitarm/bin/../lib/gcc/arm-eabi/4.6.1/../../../../arm-eabi/lib/thumb\libg.a(lib_a-makebuf.o)
                0x02009130                __smakebuf_r
 .text          0x02009214       0xfc c:/devkitpro/devkitarm/bin/../lib/gcc/arm-eabi/4.6.1/../../../../arm-eabi/lib/thumb\libg.a(lib_a-mbrtowc.o)
                0x02009214                _mbrtowc_r
                0x02009288                mbrtowc
 .text          0x02009310      0x5f8 c:/devkitpro/devkitarm/bin/../lib/gcc/arm-eabi/4.6.1/../../../../arm-eabi/lib/thumb\libg.a(lib_a-mbtowc_r.o)
                0x02009310                __utf8_mbtowc
                0x020095d8                _mbtowc_r
                0x02009614                __ascii_mbtowc
                0x02009640                __sjis_mbtowc
                0x020096fc                __eucjp_mbtowc
                0x020097dc                __jis_mbtowc
 .text          0x02009908       0x94 c:/devkitpro/devkitarm/bin/../lib/gcc/arm-eabi/4.6.1/../../../../arm-eabi/lib/thumb\libg.a(lib_a-memchr.o)
                0x02009908                memchr
 .text          0x0200999c       0xa8 c:/devkitpro/devkitarm/bin/../lib/gcc/arm-eabi/4.6.1/../../../../arm-eabi/lib/thumb\libg.a(lib_a-memmove.o)
                0x0200999c                memmove
 .text          0x02009a44       0x98 c:/devkitpro/devkitarm/bin/../lib/gcc/arm-eabi/4.6.1/../../../../arm-eabi/lib/thumb\libg.a(lib_a-memset.o)
                0x02009a44                memset
 .text          0x02009adc      0x3c4 c:/devkitpro/devkitarm/bin/../lib/gcc/arm-eabi/4.6.1/../../../../arm-eabi/lib/thumb\libg.a(lib_a-reallocr.o)
                0x02009adc                _realloc_r
 .text          0x02009ea0       0x7c c:/devkitpro/devkitarm/bin/../lib/gcc/arm-eabi/4.6.1/../../../../arm-eabi/lib/thumb\libg.a(lib_a-sccl.o)
                0x02009ea0                __sccl
 .text          0x02009f1c       0x50 c:/devkitpro/devkitarm/bin/../lib/gcc/arm-eabi/4.6.1/../../../../arm-eabi/lib/thumb\libg.a(lib_a-strcasecmp.o)
                0x02009f1c                strcasecmp
 .text          0x02009f6c       0x58 c:/devkitpro/devkitarm/bin/../lib/gcc/arm-eabi/4.6.1/../../../../arm-eabi/lib/thumb\libg.a(lib_a-strcat.o)
                0x02009f6c                strcat
 .text          0x02009fc4       0xe4 c:/devkitpro/devkitarm/bin/../lib/gcc/arm-eabi/4.6.1/../../../../arm-eabi/lib/thumb\libg.a(lib_a-strchr.o)
                0x02009fc4                strchr
 .text          0x0200a0a8       0x14 c:/devkitpro/devkitarm/bin/../lib/gcc/arm-eabi/4.6.1/../../../../arm-eabi/lib/thumb\libg.a(lib_a-strcmp.o)
                0x0200a0a8                strcmp
 .text          0x0200a0bc       0x10 c:/devkitpro/devkitarm/bin/../lib/gcc/arm-eabi/4.6.1/../../../../arm-eabi/lib/thumb\libg.a(lib_a-strcpy.o)
                0x0200a0bc                strcpy
 .text          0x0200a0cc       0x4c c:/devkitpro/devkitarm/bin/../lib/gcc/arm-eabi/4.6.1/../../../../arm-eabi/lib/thumb\libg.a(lib_a-strlcpy.o)
                0x0200a0cc                strlcpy
 .text          0x0200a118       0x60 c:/devkitpro/devkitarm/bin/../lib/gcc/arm-eabi/4.6.1/../../../../arm-eabi/lib/thumb\libg.a(lib_a-strncasecmp.o)
                0x0200a118                strncasecmp
 .text          0x0200a178       0xc0 c:/devkitpro/devkitarm/bin/../lib/gcc/arm-eabi/4.6.1/../../../../arm-eabi/lib/thumb\libg.a(lib_a-strncmp.o)
                0x0200a178                strncmp
 .text          0x0200a238       0x78 c:/devkitpro/devkitarm/bin/../lib/gcc/arm-eabi/4.6.1/../../../../arm-eabi/lib/thumb\libg.a(lib_a-strncpy.o)
                0x0200a238                strncpy
 .text          0x0200a2b0      0x184 c:/devkitpro/devkitarm/bin/../lib/gcc/arm-eabi/4.6.1/../../../../arm-eabi/lib/thumb\libg.a(lib_a-strtol.o)
                0x0200a2b0                _strtol_r
                0x0200a414                strtol
 *fill*         0x0200a434        0x4 ff
 .text          0x0200a438      0x210 c:/devkitpro/devkitarm/bin/../lib/gcc/arm-eabi/4.6.1/../../../../arm-eabi/lib/thumb\libg.a(lib_a-strtoll_r.o)
                0x0200a438                _strtoll_r
 .text          0x0200a648      0x198 c:/devkitpro/devkitarm/bin/../lib/gcc/arm-eabi/4.6.1/../../../../arm-eabi/lib/thumb\libg.a(lib_a-strtoul.o)
                0x0200a648                _strtoul_r
                0x0200a7c0                strtoul
 .text          0x0200a7e0      0x220 c:/devkitpro/devkitarm/bin/../lib/gcc/arm-eabi/4.6.1/../../../../arm-eabi/lib/thumb\libg.a(lib_a-strtoull_r.o)
                0x0200a7e0                _strtoull_r
 .text          0x0200aa00       0xe4 c:/devkitpro/devkitarm/bin/../lib/gcc/arm-eabi/4.6.1/../../../../arm-eabi/lib/thumb\libg.a(lib_a-wbuf.o)
                0x0200aa00                __swbuf_r
                0x0200aac8                __swbuf
 .text          0x0200aae4      0x13c c:/devkitpro/devkitarm/bin/../lib/gcc/arm-eabi/4.6.1/../../../../arm-eabi/lib/thumb\libg.a(lib_a-wcsnrtombs.o)
                0x0200aae4                _wcsnrtombs_r
                0x0200abf0                wcsnrtombs
 .text          0x0200ac20       0xc0 c:/devkitpro/devkitarm/bin/../lib/gcc/arm-eabi/4.6.1/../../../../arm-eabi/lib/thumb\libg.a(lib_a-fclose.o)
                0x0200ac20                _fclose_r
                0x0200acc4                fclose
 .text          0x0200ace0       0xa8 c:/devkitpro/devkitarm/bin/../lib/gcc/arm-eabi/4.6.1/../../../../arm-eabi/lib/thumb\libg.a(lib_a-getenv_r.o)
                0x0200ace0                _findenv_r
                0x0200ad78                _getenv_r
 .text          0x0200ad88        0x0 c:/devkitpro/devkitarm/bin/../lib/gcc/arm-eabi/4.6.1/../../../../arm-eabi/lib/thumb\libg.a(lib_a-environ.o)
 .text          0x0200ad88        0x8 c:/devkitpro/devkitarm/bin/../lib/gcc/arm-eabi/4.6.1/../../../../arm-eabi/lib/thumb\libg.a(lib_a-envlock.o)
                0x0200ad88                __env_lock
                0x0200ad8c                __env_unlock
 .text          0x0200ad90      0x144 c:/devkitpro/devkitarm/bin/../lib/gcc/arm-eabi/4.6.1/../../../../arm-eabi/lib/thumb\libsysbase.a(iosupport.o)
                0x0200ad90                setDefaultDevice
                0x0200ada4                FindDevice
                0x0200ae14                RemoveDevice
                0x0200ae38                AddDevice
                0x0200aeb4                GetDeviceOpTab
 .text          0x0200aed4       0x50 c:/devkitpro/devkitarm/bin/../lib/gcc/arm-eabi/4.6.1/../../../../arm-eabi/lib/thumb\libsysbase.a(close.o)
                0x0200aed4                _close_r
 .text          0x0200af24       0x58 c:/devkitpro/devkitarm/bin/../lib/gcc/arm-eabi/4.6.1/../../../../arm-eabi/lib/thumb\libsysbase.a(fstat.o)
                0x0200af24                _fstat_r
 .text          0x0200af7c        0x4 c:/devkitpro/devkitarm/bin/../lib/gcc/arm-eabi/4.6.1/../../../../arm-eabi/lib/thumb\libsysbase.a(isatty.o)
                0x0200af7c                _isatty_r
 .text          0x0200af80       0x54 c:/devkitpro/devkitarm/bin/../lib/gcc/arm-eabi/4.6.1/../../../../arm-eabi/lib/thumb\libsysbase.a(lseek.o)
                0x0200af80                _lseek_r
 .text          0x0200afd4       0x54 c:/devkitpro/devkitarm/bin/../lib/gcc/arm-eabi/4.6.1/../../../../arm-eabi/lib/thumb\libsysbase.a(read.o)
                0x0200afd4                _read_r
 .text          0x0200b028       0x54 c:/devkitpro/devkitarm/bin/../lib/gcc/arm-eabi/4.6.1/../../../../arm-eabi/lib/thumb\libsysbase.a(sbrk.o)
                0x0200b028                _sbrk_r
 .text          0x0200b07c       0x48 c:/devkitpro/devkitarm/bin/../lib/gcc/arm-eabi/4.6.1/../../../../arm-eabi/lib/thumb\libsysbase.a(times.o)
                0x0200b07c                _times
                0x0200b090                _times_r
                0x0200b098                _gettimeofday_r
 .text          0x0200b0c4       0x54 c:/devkitpro/devkitarm/bin/../lib/gcc/arm-eabi/4.6.1/../../../../arm-eabi/lib/thumb\libsysbase.a(write.o)
                0x0200b0c4                _write_r
 .text          0x0200b118        0x0 c:/devkitpro/devkitarm/bin/../lib/gcc/arm-eabi/4.6.1/../../../../arm-eabi/lib/thumb\libsysbase.a(malloc_vars.o)
 .text          0x0200b118       0x48 c:/devkitpro/devkitarm/bin/../lib/gcc/arm-eabi/4.6.1/../../../../arm-eabi/lib/thumb\libsysbase.a(build_argv.o)
                0x0200b118                build_argv
 .text          0x0200b160        0x0 c:/devkitpro/devkitarm/bin/../lib/gcc/arm-eabi/4.6.1/../../../../arm-eabi/lib/thumb\libsysbase.a(syscall_support.o)
 .text          0x0200b160       0x80 c:/devkitpro/devkitarm/bin/../lib/gcc/arm-eabi/4.6.1/../../../../arm-eabi/lib/thumb\libsysbase.a(handle_manager.o)
                0x0200b160                __release_handle
                0x0200b18c                __alloc_handle
                0x0200b1c4                __get_handle
 .text          0x0200b1e0      0x11c c:/devkitpro/devkitarm/bin/../lib/gcc/arm-eabi/4.6.1/thumb\libgcc.a(_udivsi3.o)
                0x0200b1e0                __aeabi_uidiv
                0x0200b1e0                __udivsi3
                0x0200b2dc                __aeabi_uidivmod
 .text          0x0200b2fc       0x3c c:/devkitpro/devkitarm/bin/../lib/gcc/arm-eabi/4.6.1/thumb\libgcc.a(_aeabi_uldivmod.o)
                0x0200b2fc                __aeabi_uldivmod
 .text          0x0200b338       0x4c c:/devkitpro/devkitarm/bin/../lib/gcc/arm-eabi/4.6.1/thumb\libgcc.a(_muldi3.o)
                0x0200b338                __muldi3
                0x0200b338                __aeabi_lmul
 .text          0x0200b384       0x74 c:/devkitpro/devkitarm/bin/../lib/gcc/arm-eabi/4.6.1/thumb\libgcc.a(bpabi.o)
                0x0200b384                __gnu_ldivmod_helper
                0x0200b3c0                __gnu_uldivmod_helper
 .text          0x0200b3f8      0x3c8 c:/devkitpro/devkitarm/bin/../lib/gcc/arm-eabi/4.6.1/thumb\libgcc.a(_divdi3.o)
                0x0200b3f8                __divdi3
 .text          0x0200b7c0      0x370 c:/devkitpro/devkitarm/bin/../lib/gcc/arm-eabi/4.6.1/thumb\libgcc.a(_udivdi3.o)
                0x0200b7c0                __udivdi3
 .text          0x0200bb30       0x48 c:/devkitpro/devkitarm/bin/../lib/gcc/arm-eabi/4.6.1/thumb\libgcc.a(_clzsi2.o)
                0x0200bb30                __clzsi2
 .text          0x0200bb78        0xc c:/devkitpro/devkitarm/bin/../lib/gcc/arm-eabi/4.6.1/../../../../arm-eabi/lib/thumb\libg.a(lib_a-errno.o)
                0x0200bb78                __errno
 .text          0x0200bb84        0x0 c:/devkitpro/devkitarm/bin/../lib/gcc/arm-eabi/4.6.1/thumb/crtend.o
 .text          0x0200bb84        0x0 c:/devkitpro/devkitarm/bin/../lib/gcc/arm-eabi/4.6.1/thumb/crtn.o
 *(.text.*)
 .text.startup  0x0200bb84       0x48 main.o
                0x0200bb84                main
 *fill*         0x0200bbcc        0x4 ff
 .text.startup.stub
                0x0200bbd0       0x10 linker stubs
 *(.stub)
 *(.gnu.warning)
 *(.gnu.linkonce.t*)
 *(.glue_7)
 .glue_7        0x00000000        0x0 linker stubs
 *(.glue_7t)
 .glue_7t       0x00000000        0x0 linker stubs
                0x0200bbe0                . = ALIGN (0x4)

.vfp11_veneer   0x0200bbe0        0x0
 .vfp11_veneer  0x00000000        0x0 linker stubs

.v4_bx          0x0200bbe0        0x0
 .v4_bx         0x00000000        0x0 linker stubs

.fini           0x0200bbe0        0xc
 *(.fini)
 .fini          0x0200bbe0        0x4 c:/devkitpro/devkitarm/bin/../lib/gcc/arm-eabi/4.6.1/thumb/crti.o
                0x0200bbe0                _fini
 .fini          0x0200bbe4        0x8 c:/devkitpro/devkitarm/bin/../lib/gcc/arm-eabi/4.6.1/thumb/crtn.o
                0x0200bbec                __text_end = .

.rodata         0x0200bbec     0x6408
 *(.rodata)
 .rodata        0x0200bbec      0x200 c:/devkitPro/libnds/lib\libnds9.a(console.o)
 .rodata        0x0200bdec     0x2004 c:/devkitPro/libnds/lib\libnds9.a(default_font.bin.o)
                0x0200bdec                default_font_bin
                0x0200ddec                default_font_bin_size
                0x0200ddec                default_font_bin_end
 .rodata        0x0200ddf0      0x308 c:/devkitPro/libnds/lib\libnds9.a(trig.o)
                0x0200ddf0                SIN_LUT
                0x0200def4                TAN_LUT
 .rodata        0x0200e0f8        0x4 c:/devkitpro/devkitarm/bin/../lib/gcc/arm-eabi/4.6.1/../../../../arm-eabi/lib/thumb\libg.a(lib_a-impure.o)
                0x0200e0f8                _global_impure_ptr
 .rodata        0x0200e0fc      0x340 c:/devkitpro/devkitarm/bin/../lib/gcc/arm-eabi/4.6.1/../../../../arm-eabi/lib/thumb\libg.a(lib_a-svfiscanf.o)
 .rodata        0x0200e43c      0x184 c:/devkitpro/devkitarm/bin/../lib/gcc/arm-eabi/4.6.1/../../../../arm-eabi/lib/thumb\libg.a(lib_a-vfiprintf.o)
 .rodata        0x0200e5c0      0x104 c:/devkitpro/devkitarm/bin/../lib/gcc/arm-eabi/4.6.1/../../../../arm-eabi/lib/thumb\libg.a(lib_a-ctype_.o)
                0x0200e5c0                _ctype_
 .rodata        0x0200e6c4     0x34f0 c:/devkitpro/devkitarm/bin/../lib/gcc/arm-eabi/4.6.1/../../../../arm-eabi/lib/thumb\libg.a(lib_a-jp2uc.o)
 .rodata        0x02011bb4       0xf0 c:/devkitpro/devkitarm/bin/../lib/gcc/arm-eabi/4.6.1/../../../../arm-eabi/lib/thumb\libg.a(lib_a-locale.o)
 .rodata        0x02011ca4       0xa8 c:/devkitpro/devkitarm/bin/../lib/gcc/arm-eabi/4.6.1/../../../../arm-eabi/lib/thumb\libg.a(lib_a-mbtowc_r.o)
 .rodata        0x02011d4c       0x64 c:/devkitpro/devkitarm/bin/../lib/gcc/arm-eabi/4.6.1/../../../../arm-eabi/lib/thumb\libsysbase.a(iosupport.o)
                0x02011d4c                dotab_stdnull
 *all.rodata*(*)
 *(.roda)
 *(.rodata.*)
 .rodata.str1.4
                0x02011db0       0x5a main.o
                                 0x5c (size before relaxing)
 *fill*         0x02011e0a        0x2 ff
 .rodata.str1.4
                0x02011e0c       0x49 c:/devkitPro/libnds/lib\libnds9.a(console.o)
                                 0x4c (size before relaxing)
 *fill*         0x02011e55        0x3 ff
 .rodata.str1.4
                0x02011e58       0x37 d:/Dropbox/studia/informatyka/magisterka/code/phase01/sandbox/lib\liblibs.a(basic_lib.o)
                                 0x38 (size before relaxing)
 *fill*         0x02011e8f        0x1 ff
 .rodata.str1.4
                0x02011e90        0x2 c:/devkitpro/devkitarm/bin/../lib/gcc/arm-eabi/4.6.1/../../../../arm-eabi/lib/thumb\libg.a(lib_a-impure.o)
                                  0x4 (size before relaxing)
 *fill*         0x02011e92        0x2 ff
 .rodata.str1.4
                0x02011e94       0x2f c:/devkitpro/devkitarm/bin/../lib/gcc/arm-eabi/4.6.1/../../../../arm-eabi/lib/thumb\libg.a(lib_a-vfiprintf.o)
                                 0x30 (size before relaxing)
 *fill*         0x02011ec3        0x1 ff
 .rodata.str1.4
                0x02011ec4       0x12 c:/devkitpro/devkitarm/bin/../lib/gcc/arm-eabi/4.6.1/../../../../arm-eabi/lib/thumb\libg.a(lib_a-jp2uc.o)
                                 0x14 (size before relaxing)
 *fill*         0x02011ed6        0x2 ff
 .rodata.str1.4
                0x02011ed8      0x112 c:/devkitpro/devkitarm/bin/../lib/gcc/arm-eabi/4.6.1/../../../../arm-eabi/lib/thumb\libg.a(lib_a-locale.o)
                                0x130 (size before relaxing)
 .rodata.str1.4
                0x00000000        0x4 c:/devkitpro/devkitarm/bin/../lib/gcc/arm-eabi/4.6.1/../../../../arm-eabi/lib/thumb\libg.a(lib_a-mbrtowc.o)
 *fill*         0x02011fea        0x2 ff
 .rodata.str1.4
                0x02011fec        0x8 c:/devkitpro/devkitarm/bin/../lib/gcc/arm-eabi/4.6.1/../../../../arm-eabi/lib/thumb\libsysbase.a(iosupport.o)
 *(.gnu.linkonce.r*)
                0x02011ff4                . = ALIGN (0x4)

.ARM.extab
 *(.ARM.extab* .gnu.linkonce.armextab.*)
                0x02011ff4                __exidx_start = .

ARM.exidx
 *(.ARM.exidx* .gnu.linkonce.armexidx.*)
                0x02011ff4                __exidx_end = .
                0x02011ff4                . = ALIGN (0x4)
                0x02011ff4                PROVIDE (__preinit_array_start, .)

.preinit_array
 *(.preinit_array)
                0x02011ff4                PROVIDE (__preinit_array_end, .)
                0x02011ff4                PROVIDE (__init_array_start, .)

.init_array     0x02011ff4        0x4
 *(SORT(.init_array.*))
 *(.init_array)
 .init_array    0x02011ff4        0x4 c:/devkitpro/devkitarm/bin/../lib/gcc/arm-eabi/4.6.1/thumb/crtbegin.o
                0x02011ff8                PROVIDE (__init_array_end, .)
                0x02011ff8                PROVIDE (__fini_array_start, .)

.fini_array     0x02011ff8        0x4
 *(.fini_array)
 .fini_array    0x02011ff8        0x4 c:/devkitpro/devkitarm/bin/../lib/gcc/arm-eabi/4.6.1/thumb/crtbegin.o
 *(SORT(.fini_array.*))
                0x02011ffc                PROVIDE (__fini_array_end, .)

.ctors          0x02011ffc        0x0
 *crtbegin.o(.ctors)
 *(EXCLUDE_FILE(*crtend.o) .ctors)
 *(SORT(.ctors.*))
 *(.ctors)
                0x02011ffc                . = ALIGN (0x4)

.dtors          0x02011ffc        0x0
 *crtbegin.o(.dtors)
 *(EXCLUDE_FILE(*crtend.o) .dtors)
 *(SORT(.dtors.*))
 *(.dtors)
                0x02011ffc                . = ALIGN (0x4)

.eh_frame       0x02011ffc        0x4
 *(.eh_frame)
 .eh_frame      0x02011ffc        0x0 c:/devkitpro/devkitarm/bin/../lib/gcc/arm-eabi/4.6.1/thumb/crtbegin.o
 .eh_frame      0x02011ffc        0x4 c:/devkitpro/devkitarm/bin/../lib/gcc/arm-eabi/4.6.1/thumb/crtend.o
                0x02012000                . = ALIGN (0x4)

.gcc_except_table
                0x02012000        0x0
 *(.gcc_except_table)
                0x02012000                . = ALIGN (0x4)

.jcr            0x02012000        0x4
 *(.jcr)
 .jcr           0x02012000        0x0 c:/devkitpro/devkitarm/bin/../lib/gcc/arm-eabi/4.6.1/thumb/crtbegin.o
 .jcr           0x02012000        0x4 c:/devkitpro/devkitarm/bin/../lib/gcc/arm-eabi/4.6.1/thumb/crtend.o

.got
 *(.got.plt)
 *(.got)
 *(.rel.got)

.ewram          0x02012004        0x0
                0x02012004                __ewram_start = ABSOLUTE (.)
 *(.ewram)
 *ewram.*(.text)
                0x02012004                . = ALIGN (0x4)

.data           0x02012004      0xaec
                0x02012004                __data_start = ABSOLUTE (.)
 *(.data)
 .data          0x02012004        0x0 c:/devkitpro/devkitarm/bin/../lib/gcc/arm-eabi/4.6.1/../../../../arm-eabi/lib/thumb/ds_arm9_crt0.o
 .data          0x02012004        0x0 c:/devkitpro/devkitarm/bin/../lib/gcc/arm-eabi/4.6.1/thumb/crti.o
 .data          0x02012004        0x4 c:/devkitpro/devkitarm/bin/../lib/gcc/arm-eabi/4.6.1/thumb/crtbegin.o
                0x02012004                __dso_handle
 .data          0x02012008        0x0 main.o
 .data          0x02012008        0x0 test.o
 .data          0x02012008       0x64 c:/devkitPro/libnds/lib\libnds9.a(console.o)
                0x02012008                currentConsole
                0x0201200c                defaultConsole
 .data          0x0201206c        0x0 c:/devkitPro/libnds/lib\libnds9.a(initSystem.o)
 .data          0x0201206c       0x10 c:/devkitPro/libnds/lib\libnds9.a(fifosystem.o)
                0x0201206c                fifo_freewords
                0x02012070                fifo_buffer_free
                0x02012074                fifo_send_queue
                0x02012078                fifo_receive_queue
 .data          0x0201207c        0x0 c:/devkitPro/libnds/lib\libnds9.a(interrupts.o)
 .data          0x0201207c        0x0 c:/devkitPro/libnds/lib\libnds9.a(libnds_exit.o)
 .data          0x0201207c        0x0 c:/devkitPro/libnds/lib\libnds9.a(mpu_setup.o)
 .data          0x0201207c        0x0 c:/devkitPro/libnds/lib\libnds9.a(biosCalls.o)
 .data          0x0201207c        0x0 c:/devkitPro/libnds/lib\libnds9.a(debugprint.o)
 .data          0x0201207c        0x0 c:/devkitPro/libnds/lib\libnds9.a(interruptDispatcher.o)
 .data          0x0201207c        0x0 c:/devkitPro/libnds/lib\libnds9.a(swiSoftReset.o)
 .data          0x0201207c        0x0 c:/devkitPro/libnds/lib\libnds9.a(default_font.bin.o)
 .data          0x0201207c       0x60 c:/devkitPro/libnds/lib\libnds9.a(background.o)
                0x0201207c                bgScrollTable
                0x0201209c                bgTransform
                0x020120bc                bgControl
 .data          0x020120dc        0x0 c:/devkitPro/libnds/lib\libnds9.a(system.o)
 .data          0x020120dc        0x0 c:/devkitPro/libnds/lib\libnds9.a(trig.o)
 .data          0x020120dc        0x0 c:/devkitPro/libnds/lib\libnds9.a(video.o)
 .data          0x020120dc        0x0 d:/Dropbox/studia/informatyka/magisterka/code/phase01/sandbox/lib\liblibs.a(basic_lib.o)
 .data          0x020120dc        0x0 c:/devkitpro/devkitarm/bin/../lib/gcc/arm-eabi/4.6.1/thumb\libgcc.a(_divsi3.o)
 .data          0x020120dc        0x0 c:/devkitpro/devkitarm/bin/../lib/gcc/arm-eabi/4.6.1/thumb\libgcc.a(_dvmd_tls.o)
 .data          0x020120dc        0x0 c:/devkitpro/devkitarm/bin/../lib/gcc/arm-eabi/4.6.1/../../../../arm-eabi/lib/thumb\libg.a(lib_a-bsearch.o)
 *fill*         0x020120dc        0x4 ff
 .data          0x020120e0      0x430 c:/devkitpro/devkitarm/bin/../lib/gcc/arm-eabi/4.6.1/../../../../arm-eabi/lib/thumb\libg.a(lib_a-impure.o)
                0x020120e0                _impure_ptr
 .data          0x02012510        0x0 c:/devkitpro/devkitarm/bin/../lib/gcc/arm-eabi/4.6.1/../../../../arm-eabi/lib/thumb\libg.a(lib_a-init.o)
 .data          0x02012510        0x0 c:/devkitpro/devkitarm/bin/../lib/gcc/arm-eabi/4.6.1/../../../../arm-eabi/lib/thumb\libg.a(lib_a-iprintf.o)
 .data          0x02012510        0x0 c:/devkitpro/devkitarm/bin/../lib/gcc/arm-eabi/4.6.1/../../../../arm-eabi/lib/thumb\libg.a(lib_a-malloc.o)
 .data          0x02012510      0x410 c:/devkitpro/devkitarm/bin/../lib/gcc/arm-eabi/4.6.1/../../../../arm-eabi/lib/thumb\libg.a(lib_a-mallocr.o)
                0x02012510                __malloc_av_
                0x02012918                __malloc_sbrk_base
                0x0201291c                __malloc_trim_threshold
 .data          0x02012920        0x0 c:/devkitpro/devkitarm/bin/../lib/gcc/arm-eabi/4.6.1/../../../../arm-eabi/lib/thumb\libg.a(lib_a-memcpy.o)
 .data          0x02012920        0x0 c:/devkitpro/devkitarm/bin/../lib/gcc/arm-eabi/4.6.1/../../../../arm-eabi/lib/thumb\libg.a(lib_a-mlock.o)
 .data          0x02012920        0x0 c:/devkitpro/devkitarm/bin/../lib/gcc/arm-eabi/4.6.1/../../../../arm-eabi/lib/thumb\libg.a(lib_a-setvbuf.o)
 .data          0x02012920        0x0 c:/devkitpro/devkitarm/bin/../lib/gcc/arm-eabi/4.6.1/../../../../arm-eabi/lib/thumb\libg.a(lib_a-siscanf.o)
 .data          0x02012920        0x0 c:/devkitpro/devkitarm/bin/../lib/gcc/arm-eabi/4.6.1/../../../../arm-eabi/lib/thumb\libg.a(lib_a-stdio.o)
 .data          0x02012920        0x0 c:/devkitpro/devkitarm/bin/../lib/gcc/arm-eabi/4.6.1/../../../../arm-eabi/lib/thumb\libg.a(lib_a-strlen.o)
 .data          0x02012920        0x0 c:/devkitpro/devkitarm/bin/../lib/gcc/arm-eabi/4.6.1/../../../../arm-eabi/lib/thumb\libg.a(lib_a-svfiscanf.o)
 .data          0x02012920        0x0 c:/devkitpro/devkitarm/bin/../lib/gcc/arm-eabi/4.6.1/../../../../arm-eabi/lib/thumb\libg.a(lib_a-ungetc.o)
 .data          0x02012920        0x0 c:/devkitpro/devkitarm/bin/../lib/gcc/arm-eabi/4.6.1/../../../../arm-eabi/lib/thumb\libg.a(lib_a-vfiprintf.o)
 .data          0x02012920        0x0 c:/devkitpro/devkitarm/bin/../lib/gcc/arm-eabi/4.6.1/../../../../arm-eabi/lib/thumb\libg.a(lib_a-wcrtomb.o)
 .data          0x02012920        0x0 c:/devkitpro/devkitarm/bin/../lib/gcc/arm-eabi/4.6.1/../../../../arm-eabi/lib/thumb\libg.a(lib_a-wcsrtombs.o)
 .data          0x02012920        0x4 c:/devkitpro/devkitarm/bin/../lib/gcc/arm-eabi/4.6.1/../../../../arm-eabi/lib/thumb\libg.a(lib_a-wctomb_r.o)
                0x02012920                __wctomb
 .data          0x02012924        0x0 c:/devkitpro/devkitarm/bin/../lib/gcc/arm-eabi/4.6.1/../../../../arm-eabi/lib/thumb\libg.a(lib_a-wsetup.o)
 .data          0x02012924        0x4 c:/devkitpro/devkitarm/bin/../lib/gcc/arm-eabi/4.6.1/../../../../arm-eabi/lib/thumb\libg.a(lib_a-ctype_.o)
                0x02012924                __ctype_ptr__
 .data          0x02012928        0x0 c:/devkitpro/devkitarm/bin/../lib/gcc/arm-eabi/4.6.1/../../../../arm-eabi/lib/thumb\libg.a(lib_a-fflush.o)
 .data          0x02012928        0x0 c:/devkitpro/devkitarm/bin/../lib/gcc/arm-eabi/4.6.1/../../../../arm-eabi/lib/thumb\libg.a(lib_a-findfp.o)
 .data          0x02012928        0x0 c:/devkitpro/devkitarm/bin/../lib/gcc/arm-eabi/4.6.1/../../../../arm-eabi/lib/thumb\libg.a(lib_a-fputwc.o)
 .data          0x02012928        0x0 c:/devkitpro/devkitarm/bin/../lib/gcc/arm-eabi/4.6.1/../../../../arm-eabi/lib/thumb\libg.a(lib_a-freer.o)
 .data          0x02012928        0x0 c:/devkitpro/devkitarm/bin/../lib/gcc/arm-eabi/4.6.1/../../../../arm-eabi/lib/thumb\libg.a(lib_a-fvwrite.o)
 .data          0x02012928        0x0 c:/devkitpro/devkitarm/bin/../lib/gcc/arm-eabi/4.6.1/../../../../arm-eabi/lib/thumb\libg.a(lib_a-fwalk.o)
 .data          0x02012928        0x0 c:/devkitpro/devkitarm/bin/../lib/gcc/arm-eabi/4.6.1/../../../../arm-eabi/lib/thumb\libg.a(lib_a-iswspace.o)
 .data          0x02012928        0x0 c:/devkitpro/devkitarm/bin/../lib/gcc/arm-eabi/4.6.1/../../../../arm-eabi/lib/thumb\libg.a(lib_a-jp2uc.o)
 .data          0x02012928      0x17c c:/devkitpro/devkitarm/bin/../lib/gcc/arm-eabi/4.6.1/../../../../arm-eabi/lib/thumb\libg.a(lib_a-locale.o)
                0x02012928                __default_locale
                0x02012a48                __mb_cur_max
 .data          0x02012aa4        0x0 c:/devkitpro/devkitarm/bin/../lib/gcc/arm-eabi/4.6.1/../../../../arm-eabi/lib/thumb\libg.a(lib_a-makebuf.o)
 .data          0x02012aa4        0x0 c:/devkitpro/devkitarm/bin/../lib/gcc/arm-eabi/4.6.1/../../../../arm-eabi/lib/thumb\libg.a(lib_a-mbrtowc.o)
 .data          0x02012aa4        0x4 c:/devkitpro/devkitarm/bin/../lib/gcc/arm-eabi/4.6.1/../../../../arm-eabi/lib/thumb\libg.a(lib_a-mbtowc_r.o)
                0x02012aa4                __mbtowc
 .data          0x02012aa8        0x0 c:/devkitpro/devkitarm/bin/../lib/gcc/arm-eabi/4.6.1/../../../../arm-eabi/lib/thumb\libg.a(lib_a-memchr.o)
 .data          0x02012aa8        0x0 c:/devkitpro/devkitarm/bin/../lib/gcc/arm-eabi/4.6.1/../../../../arm-eabi/lib/thumb\libg.a(lib_a-memmove.o)
 .data          0x02012aa8        0x0 c:/devkitpro/devkitarm/bin/../lib/gcc/arm-eabi/4.6.1/../../../../arm-eabi/lib/thumb\libg.a(lib_a-memset.o)
 .data          0x02012aa8        0x0 c:/devkitpro/devkitarm/bin/../lib/gcc/arm-eabi/4.6.1/../../../../arm-eabi/lib/thumb\libg.a(lib_a-reallocr.o)
 .data          0x02012aa8        0x0 c:/devkitpro/devkitarm/bin/../lib/gcc/arm-eabi/4.6.1/../../../../arm-eabi/lib/thumb\libg.a(lib_a-sccl.o)
 .data          0x02012aa8        0x0 c:/devkitpro/devkitarm/bin/../lib/gcc/arm-eabi/4.6.1/../../../../arm-eabi/lib/thumb\libg.a(lib_a-strcasecmp.o)
 .data          0x02012aa8        0x0 c:/devkitpro/devkitarm/bin/../lib/gcc/arm-eabi/4.6.1/../../../../arm-eabi/lib/thumb\libg.a(lib_a-strcat.o)
 .data          0x02012aa8        0x0 c:/devkitpro/devkitarm/bin/../lib/gcc/arm-eabi/4.6.1/../../../../arm-eabi/lib/thumb\libg.a(lib_a-strchr.o)
 .data          0x02012aa8        0x0 c:/devkitpro/devkitarm/bin/../lib/gcc/arm-eabi/4.6.1/../../../../arm-eabi/lib/thumb\libg.a(lib_a-strcmp.o)
 .data          0x02012aa8        0x0 c:/devkitpro/devkitarm/bin/../lib/gcc/arm-eabi/4.6.1/../../../../arm-eabi/lib/thumb\libg.a(lib_a-strcpy.o)
 .data          0x02012aa8        0x0 c:/devkitpro/devkitarm/bin/../lib/gcc/arm-eabi/4.6.1/../../../../arm-eabi/lib/thumb\libg.a(lib_a-strlcpy.o)
 .data          0x02012aa8        0x0 c:/devkitpro/devkitarm/bin/../lib/gcc/arm-eabi/4.6.1/../../../../arm-eabi/lib/thumb\libg.a(lib_a-strncasecmp.o)
 .data          0x02012aa8        0x0 c:/devkitpro/devkitarm/bin/../lib/gcc/arm-eabi/4.6.1/../../../../arm-eabi/lib/thumb\libg.a(lib_a-strncmp.o)
 .data          0x02012aa8        0x0 c:/devkitpro/devkitarm/bin/../lib/gcc/arm-eabi/4.6.1/../../../../arm-eabi/lib/thumb\libg.a(lib_a-strncpy.o)
 .data          0x02012aa8        0x0 c:/devkitpro/devkitarm/bin/../lib/gcc/arm-eabi/4.6.1/../../../../arm-eabi/lib/thumb\libg.a(lib_a-strtol.o)
 .data          0x02012aa8        0x0 c:/devkitpro/devkitarm/bin/../lib/gcc/arm-eabi/4.6.1/../../../../arm-eabi/lib/thumb\libg.a(lib_a-strtoll_r.o)
 .data          0x02012aa8        0x0 c:/devkitpro/devkitarm/bin/../lib/gcc/arm-eabi/4.6.1/../../../../arm-eabi/lib/thumb\libg.a(lib_a-strtoul.o)
 .data          0x02012aa8        0x0 c:/devkitpro/devkitarm/bin/../lib/gcc/arm-eabi/4.6.1/../../../../arm-eabi/lib/thumb\libg.a(lib_a-strtoull_r.o)
 .data          0x02012aa8        0x0 c:/devkitpro/devkitarm/bin/../lib/gcc/arm-eabi/4.6.1/../../../../arm-eabi/lib/thumb\libg.a(lib_a-wbuf.o)
 .data          0x02012aa8        0x0 c:/devkitpro/devkitarm/bin/../lib/gcc/arm-eabi/4.6.1/../../../../arm-eabi/lib/thumb\libg.a(lib_a-wcsnrtombs.o)
 .data          0x02012aa8        0x0 c:/devkitpro/devkitarm/bin/../lib/gcc/arm-eabi/4.6.1/../../../../arm-eabi/lib/thumb\libg.a(lib_a-fclose.o)
 .data          0x02012aa8        0x0 c:/devkitpro/devkitarm/bin/../lib/gcc/arm-eabi/4.6.1/../../../../arm-eabi/lib/thumb\libg.a(lib_a-getenv_r.o)
 .data          0x02012aa8        0x4 c:/devkitpro/devkitarm/bin/../lib/gcc/arm-eabi/4.6.1/../../../../arm-eabi/lib/thumb\libg.a(lib_a-environ.o)
                0x02012aa8                environ
 .data          0x02012aac        0x0 c:/devkitpro/devkitarm/bin/../lib/gcc/arm-eabi/4.6.1/../../../../arm-eabi/lib/thumb\libg.a(lib_a-envlock.o)
 .data          0x02012aac       0x44 c:/devkitpro/devkitarm/bin/../lib/gcc/arm-eabi/4.6.1/../../../../arm-eabi/lib/thumb\libsysbase.a(iosupport.o)
                0x02012ab0                devoptab_list
 .data          0x02012af0        0x0 c:/devkitpro/devkitarm/bin/../lib/gcc/arm-eabi/4.6.1/../../../../arm-eabi/lib/thumb\libsysbase.a(close.o)
 .data          0x02012af0        0x0 c:/devkitpro/devkitarm/bin/../lib/gcc/arm-eabi/4.6.1/../../../../arm-eabi/lib/thumb\libsysbase.a(fstat.o)
 .data          0x02012af0        0x0 c:/devkitpro/devkitarm/bin/../lib/gcc/arm-eabi/4.6.1/../../../../arm-eabi/lib/thumb\libsysbase.a(isatty.o)
 .data          0x02012af0        0x0 c:/devkitpro/devkitarm/bin/../lib/gcc/arm-eabi/4.6.1/../../../../arm-eabi/lib/thumb\libsysbase.a(lseek.o)
 .data          0x02012af0        0x0 c:/devkitpro/devkitarm/bin/../lib/gcc/arm-eabi/4.6.1/../../../../arm-eabi/lib/thumb\libsysbase.a(read.o)
 .data          0x02012af0        0x0 c:/devkitpro/devkitarm/bin/../lib/gcc/arm-eabi/4.6.1/../../../../arm-eabi/lib/thumb\libsysbase.a(sbrk.o)
 .data          0x02012af0        0x0 c:/devkitpro/devkitarm/bin/../lib/gcc/arm-eabi/4.6.1/../../../../arm-eabi/lib/thumb\libsysbase.a(times.o)
 .data          0x02012af0        0x0 c:/devkitpro/devkitarm/bin/../lib/gcc/arm-eabi/4.6.1/../../../../arm-eabi/lib/thumb\libsysbase.a(write.o)
 .data          0x02012af0        0x0 c:/devkitpro/devkitarm/bin/../lib/gcc/arm-eabi/4.6.1/../../../../arm-eabi/lib/thumb\libsysbase.a(malloc_vars.o)
 .data          0x02012af0        0x0 c:/devkitpro/devkitarm/bin/../lib/gcc/arm-eabi/4.6.1/../../../../arm-eabi/lib/thumb\libsysbase.a(build_argv.o)
 .data          0x02012af0        0x0 c:/devkitpro/devkitarm/bin/../lib/gcc/arm-eabi/4.6.1/../../../../arm-eabi/lib/thumb\libsysbase.a(syscall_support.o)
 .data          0x02012af0        0x0 c:/devkitpro/devkitarm/bin/../lib/gcc/arm-eabi/4.6.1/../../../../arm-eabi/lib/thumb\libsysbase.a(handle_manager.o)
 .data          0x02012af0        0x0 c:/devkitpro/devkitarm/bin/../lib/gcc/arm-eabi/4.6.1/thumb\libgcc.a(_udivsi3.o)
 .data          0x02012af0        0x0 c:/devkitpro/devkitarm/bin/../lib/gcc/arm-eabi/4.6.1/thumb\libgcc.a(_aeabi_uldivmod.o)
 .data          0x02012af0        0x0 c:/devkitpro/devkitarm/bin/../lib/gcc/arm-eabi/4.6.1/thumb\libgcc.a(_muldi3.o)
 .data          0x02012af0        0x0 c:/devkitpro/devkitarm/bin/../lib/gcc/arm-eabi/4.6.1/thumb\libgcc.a(bpabi.o)
 .data          0x02012af0        0x0 c:/devkitpro/devkitarm/bin/../lib/gcc/arm-eabi/4.6.1/thumb\libgcc.a(_divdi3.o)
 .data          0x02012af0        0x0 c:/devkitpro/devkitarm/bin/../lib/gcc/arm-eabi/4.6.1/thumb\libgcc.a(_udivdi3.o)
 .data          0x02012af0        0x0 c:/devkitpro/devkitarm/bin/../lib/gcc/arm-eabi/4.6.1/thumb\libgcc.a(_clzsi2.o)
 .data          0x02012af0        0x0 c:/devkitpro/devkitarm/bin/../lib/gcc/arm-eabi/4.6.1/../../../../arm-eabi/lib/thumb\libg.a(lib_a-errno.o)
 .data          0x02012af0        0x0 c:/devkitpro/devkitarm/bin/../lib/gcc/arm-eabi/4.6.1/thumb/crtend.o
 .data          0x02012af0        0x0 c:/devkitpro/devkitarm/bin/../lib/gcc/arm-eabi/4.6.1/thumb/crtn.o
 *(.data.*)
 *(.gnu.linkonce.d*)
                0x02012af0                . = ALIGN (0x4)
                0x02012af0                __data_end = ABSOLUTE (.)
                0x02012af0                __dtcm_lma = .
                0x02012af0                __bss_vma = .

.dtcm           0x0b000000        0x0 load address 0x02012af0
 *(.dtcm)
 *(.dtcm.*)
                0x0b000000                . = ALIGN (0x4)
                0x0b000000                __dtcm_end = ABSOLUTE (.)
                0x02012af0                __itcm_lma = (__dtcm_lma + SIZEOF (.dtcm))

.itcm           0x01000100      0x194 load address 0x02012af0
 *(.itcm)
 .itcm          0x01000100       0xc8 c:/devkitPro/libnds/lib\libnds9.a(interrupts.o)
                0x01000100                irqTable
 .itcm          0x010001c8       0xcc c:/devkitPro/libnds/lib\libnds9.a(interruptDispatcher.o)
                0x010001c8                IntrMain
 *itcm.*(.text)
                0x01000294                . = ALIGN (0x4)
                0x01000294                __itcm_end = ABSOLUTE (.)
                0x02012c84                __vectors_lma = (__itcm_lma + SIZEOF (.itcm))

.vectors        0x01000000        0x0 load address 0x02012c84
 *(.vectors)
 *vectors.*(.text)
                0x01000000                . = ALIGN (0x4)
                0x01000000                __vectors_end = ABSOLUTE (.)

.sbss           0x0b000000        0x0
                0x0b000000                __sbss_start = ABSOLUTE (.)
                0x0b000000                __sbss_start__ = ABSOLUTE (.)
 *(.sbss)
                0x0b000000                . = ALIGN (0x4)
                0x0b000000                __sbss_end = ABSOLUTE (.)

.bss            0x02012af0     0x1f14
                0x02012af0                __bss_start = ABSOLUTE (.)
                0x02012af0                __bss_start__ = ABSOLUTE (.)
 *(.dynbss)
 *(.gnu.linkonce.b*)
 *(.bss*)
 .bss           0x02012af0        0x0 c:/devkitpro/devkitarm/bin/../lib/gcc/arm-eabi/4.6.1/../../../../arm-eabi/lib/thumb/ds_arm9_crt0.o
 .bss           0x02012af0        0x0 c:/devkitpro/devkitarm/bin/../lib/gcc/arm-eabi/4.6.1/thumb/crti.o
 .bss           0x02012af0       0x1c c:/devkitpro/devkitarm/bin/../lib/gcc/arm-eabi/4.6.1/thumb/crtbegin.o
 .bss           0x02012b0c        0x0 main.o
 .bss           0x02012b0c        0x0 test.o
 .bss           0x02012b0c        0x0 c:/devkitPro/libnds/lib\libnds9.a(console.o)
 .bss           0x02012b0c        0x0 c:/devkitPro/libnds/lib\libnds9.a(initSystem.o)
 .bss           0x02012b0c        0x8 c:/devkitPro/libnds/lib\libnds9.a(fifosystem.o)
                0x02012b10                processing
 .bss           0x02012b14        0x0 c:/devkitPro/libnds/lib\libnds9.a(interrupts.o)
 .bss           0x02012b14        0x0 c:/devkitPro/libnds/lib\libnds9.a(libnds_exit.o)
 .bss           0x02012b14        0x0 c:/devkitPro/libnds/lib\libnds9.a(mpu_setup.o)
 .bss           0x02012b14        0x0 c:/devkitPro/libnds/lib\libnds9.a(biosCalls.o)
 .bss           0x02012b14        0x0 c:/devkitPro/libnds/lib\libnds9.a(debugprint.o)
 .bss           0x02012b14        0x0 c:/devkitPro/libnds/lib\libnds9.a(interruptDispatcher.o)
 .bss           0x02012b14        0x0 c:/devkitPro/libnds/lib\libnds9.a(swiSoftReset.o)
 .bss           0x02012b14        0x0 c:/devkitPro/libnds/lib\libnds9.a(default_font.bin.o)
 .bss           0x02012b14        0x0 c:/devkitPro/libnds/lib\libnds9.a(background.o)
 .bss           0x02012b14        0x0 c:/devkitPro/libnds/lib\libnds9.a(system.o)
 .bss           0x02012b14        0x0 c:/devkitPro/libnds/lib\libnds9.a(trig.o)
 .bss           0x02012b14        0x0 c:/devkitPro/libnds/lib\libnds9.a(video.o)
 .bss           0x02012b14        0x0 d:/Dropbox/studia/informatyka/magisterka/code/phase01/sandbox/lib\liblibs.a(basic_lib.o)
 .bss           0x02012b14        0x0 c:/devkitpro/devkitarm/bin/../lib/gcc/arm-eabi/4.6.1/thumb\libgcc.a(_divsi3.o)
 .bss           0x02012b14        0x0 c:/devkitpro/devkitarm/bin/../lib/gcc/arm-eabi/4.6.1/thumb\libgcc.a(_dvmd_tls.o)
 .bss           0x02012b14        0x0 c:/devkitpro/devkitarm/bin/../lib/gcc/arm-eabi/4.6.1/../../../../arm-eabi/lib/thumb\libg.a(lib_a-bsearch.o)
 .bss           0x02012b14        0x0 c:/devkitpro/devkitarm/bin/../lib/gcc/arm-eabi/4.6.1/../../../../arm-eabi/lib/thumb\libg.a(lib_a-impure.o)
 .bss           0x02012b14        0x0 c:/devkitpro/devkitarm/bin/../lib/gcc/arm-eabi/4.6.1/../../../../arm-eabi/lib/thumb\libg.a(lib_a-init.o)
 .bss           0x02012b14        0x0 c:/devkitpro/devkitarm/bin/../lib/gcc/arm-eabi/4.6.1/../../../../arm-eabi/lib/thumb\libg.a(lib_a-iprintf.o)
 .bss           0x02012b14        0x0 c:/devkitpro/devkitarm/bin/../lib/gcc/arm-eabi/4.6.1/../../../../arm-eabi/lib/thumb\libg.a(lib_a-malloc.o)
 .bss           0x02012b14       0x34 c:/devkitpro/devkitarm/bin/../lib/gcc/arm-eabi/4.6.1/../../../../arm-eabi/lib/thumb\libg.a(lib_a-mallocr.o)
                0x02012b14                __malloc_top_pad
                0x02012b18                __malloc_current_mallinfo
                0x02012b40                __malloc_max_sbrked_mem
                0x02012b44                __malloc_max_total_mem
 .bss           0x02012b48        0x0 c:/devkitpro/devkitarm/bin/../lib/gcc/arm-eabi/4.6.1/../../../../arm-eabi/lib/thumb\libg.a(lib_a-memcpy.o)
 .bss           0x02012b48        0x0 c:/devkitpro/devkitarm/bin/../lib/gcc/arm-eabi/4.6.1/../../../../arm-eabi/lib/thumb\libg.a(lib_a-mlock.o)
 .bss           0x02012b48        0x0 c:/devkitpro/devkitarm/bin/../lib/gcc/arm-eabi/4.6.1/../../../../arm-eabi/lib/thumb\libg.a(lib_a-setvbuf.o)
 .bss           0x02012b48        0x0 c:/devkitpro/devkitarm/bin/../lib/gcc/arm-eabi/4.6.1/../../../../arm-eabi/lib/thumb\libg.a(lib_a-siscanf.o)
 .bss           0x02012b48        0x0 c:/devkitpro/devkitarm/bin/../lib/gcc/arm-eabi/4.6.1/../../../../arm-eabi/lib/thumb\libg.a(lib_a-stdio.o)
 .bss           0x02012b48        0x0 c:/devkitpro/devkitarm/bin/../lib/gcc/arm-eabi/4.6.1/../../../../arm-eabi/lib/thumb\libg.a(lib_a-strlen.o)
 .bss           0x02012b48        0x0 c:/devkitpro/devkitarm/bin/../lib/gcc/arm-eabi/4.6.1/../../../../arm-eabi/lib/thumb\libg.a(lib_a-svfiscanf.o)
 .bss           0x02012b48        0x0 c:/devkitpro/devkitarm/bin/../lib/gcc/arm-eabi/4.6.1/../../../../arm-eabi/lib/thumb\libg.a(lib_a-ungetc.o)
 .bss           0x02012b48        0x0 c:/devkitpro/devkitarm/bin/../lib/gcc/arm-eabi/4.6.1/../../../../arm-eabi/lib/thumb\libg.a(lib_a-vfiprintf.o)
 .bss           0x02012b48        0x0 c:/devkitpro/devkitarm/bin/../lib/gcc/arm-eabi/4.6.1/../../../../arm-eabi/lib/thumb\libg.a(lib_a-wcrtomb.o)
 .bss           0x02012b48        0x0 c:/devkitpro/devkitarm/bin/../lib/gcc/arm-eabi/4.6.1/../../../../arm-eabi/lib/thumb\libg.a(lib_a-wcsrtombs.o)
 .bss           0x02012b48        0x0 c:/devkitpro/devkitarm/bin/../lib/gcc/arm-eabi/4.6.1/../../../../arm-eabi/lib/thumb\libg.a(lib_a-wctomb_r.o)
 .bss           0x02012b48        0x0 c:/devkitpro/devkitarm/bin/../lib/gcc/arm-eabi/4.6.1/../../../../arm-eabi/lib/thumb\libg.a(lib_a-wsetup.o)
 .bss           0x02012b48        0x0 c:/devkitpro/devkitarm/bin/../lib/gcc/arm-eabi/4.6.1/../../../../arm-eabi/lib/thumb\libg.a(lib_a-ctype_.o)
 .bss           0x02012b48        0x0 c:/devkitpro/devkitarm/bin/../lib/gcc/arm-eabi/4.6.1/../../../../arm-eabi/lib/thumb\libg.a(lib_a-fflush.o)
 .bss           0x02012b48        0x0 c:/devkitpro/devkitarm/bin/../lib/gcc/arm-eabi/4.6.1/../../../../arm-eabi/lib/thumb\libg.a(lib_a-findfp.o)
 .bss           0x02012b48        0x0 c:/devkitpro/devkitarm/bin/../lib/gcc/arm-eabi/4.6.1/../../../../arm-eabi/lib/thumb\libg.a(lib_a-fputwc.o)
 .bss           0x02012b48        0x0 c:/devkitpro/devkitarm/bin/../lib/gcc/arm-eabi/4.6.1/../../../../arm-eabi/lib/thumb\libg.a(lib_a-freer.o)
 .bss           0x02012b48        0x0 c:/devkitpro/devkitarm/bin/../lib/gcc/arm-eabi/4.6.1/../../../../arm-eabi/lib/thumb\libg.a(lib_a-fvwrite.o)
 .bss           0x02012b48        0x0 c:/devkitpro/devkitarm/bin/../lib/gcc/arm-eabi/4.6.1/../../../../arm-eabi/lib/thumb\libg.a(lib_a-fwalk.o)
 .bss           0x02012b48        0x0 c:/devkitpro/devkitarm/bin/../lib/gcc/arm-eabi/4.6.1/../../../../arm-eabi/lib/thumb\libg.a(lib_a-iswspace.o)
 .bss           0x02012b48        0x0 c:/devkitpro/devkitarm/bin/../lib/gcc/arm-eabi/4.6.1/../../../../arm-eabi/lib/thumb\libg.a(lib_a-jp2uc.o)
 .bss           0x02012b48      0x2b8 c:/devkitpro/devkitarm/bin/../lib/gcc/arm-eabi/4.6.1/../../../../arm-eabi/lib/thumb\libg.a(lib_a-locale.o)
                0x02012df4                _PathLocale
                0x02012df8                __mlocale_changed
                0x02012dfc                __nlocale_changed
 .bss           0x02012e00        0x0 c:/devkitpro/devkitarm/bin/../lib/gcc/arm-eabi/4.6.1/../../../../arm-eabi/lib/thumb\libg.a(lib_a-makebuf.o)
 .bss           0x02012e00        0x0 c:/devkitpro/devkitarm/bin/../lib/gcc/arm-eabi/4.6.1/../../../../arm-eabi/lib/thumb\libg.a(lib_a-mbrtowc.o)
 .bss           0x02012e00        0x0 c:/devkitpro/devkitarm/bin/../lib/gcc/arm-eabi/4.6.1/../../../../arm-eabi/lib/thumb\libg.a(lib_a-mbtowc_r.o)
 .bss           0x02012e00        0x0 c:/devkitpro/devkitarm/bin/../lib/gcc/arm-eabi/4.6.1/../../../../arm-eabi/lib/thumb\libg.a(lib_a-memchr.o)
 .bss           0x02012e00        0x0 c:/devkitpro/devkitarm/bin/../lib/gcc/arm-eabi/4.6.1/../../../../arm-eabi/lib/thumb\libg.a(lib_a-memmove.o)
 .bss           0x02012e00        0x0 c:/devkitpro/devkitarm/bin/../lib/gcc/arm-eabi/4.6.1/../../../../arm-eabi/lib/thumb\libg.a(lib_a-memset.o)
 .bss           0x02012e00        0x0 c:/devkitpro/devkitarm/bin/../lib/gcc/arm-eabi/4.6.1/../../../../arm-eabi/lib/thumb\libg.a(lib_a-reallocr.o)
 .bss           0x02012e00        0x0 c:/devkitpro/devkitarm/bin/../lib/gcc/arm-eabi/4.6.1/../../../../arm-eabi/lib/thumb\libg.a(lib_a-sccl.o)
 .bss           0x02012e00        0x0 c:/devkitpro/devkitarm/bin/../lib/gcc/arm-eabi/4.6.1/../../../../arm-eabi/lib/thumb\libg.a(lib_a-strcasecmp.o)
 .bss           0x02012e00        0x0 c:/devkitpro/devkitarm/bin/../lib/gcc/arm-eabi/4.6.1/../../../../arm-eabi/lib/thumb\libg.a(lib_a-strcat.o)
 .bss           0x02012e00        0x0 c:/devkitpro/devkitarm/bin/../lib/gcc/arm-eabi/4.6.1/../../../../arm-eabi/lib/thumb\libg.a(lib_a-strchr.o)
 .bss           0x02012e00        0x0 c:/devkitpro/devkitarm/bin/../lib/gcc/arm-eabi/4.6.1/../../../../arm-eabi/lib/thumb\libg.a(lib_a-strcmp.o)
 .bss           0x02012e00        0x0 c:/devkitpro/devkitarm/bin/../lib/gcc/arm-eabi/4.6.1/../../../../arm-eabi/lib/thumb\libg.a(lib_a-strcpy.o)
 .bss           0x02012e00        0x0 c:/devkitpro/devkitarm/bin/../lib/gcc/arm-eabi/4.6.1/../../../../arm-eabi/lib/thumb\libg.a(lib_a-strlcpy.o)
 .bss           0x02012e00        0x0 c:/devkitpro/devkitarm/bin/../lib/gcc/arm-eabi/4.6.1/../../../../arm-eabi/lib/thumb\libg.a(lib_a-strncasecmp.o)
 .bss           0x02012e00        0x0 c:/devkitpro/devkitarm/bin/../lib/gcc/arm-eabi/4.6.1/../../../../arm-eabi/lib/thumb\libg.a(lib_a-strncmp.o)
 .bss           0x02012e00        0x0 c:/devkitpro/devkitarm/bin/../lib/gcc/arm-eabi/4.6.1/../../../../arm-eabi/lib/thumb\libg.a(lib_a-strncpy.o)
 .bss           0x02012e00        0x0 c:/devkitpro/devkitarm/bin/../lib/gcc/arm-eabi/4.6.1/../../../../arm-eabi/lib/thumb\libg.a(lib_a-strtol.o)
 .bss           0x02012e00        0x0 c:/devkitpro/devkitarm/bin/../lib/gcc/arm-eabi/4.6.1/../../../../arm-eabi/lib/thumb\libg.a(lib_a-strtoll_r.o)
 .bss           0x02012e00        0x0 c:/devkitpro/devkitarm/bin/../lib/gcc/arm-eabi/4.6.1/../../../../arm-eabi/lib/thumb\libg.a(lib_a-strtoul.o)
 .bss           0x02012e00        0x0 c:/devkitpro/devkitarm/bin/../lib/gcc/arm-eabi/4.6.1/../../../../arm-eabi/lib/thumb\libg.a(lib_a-strtoull_r.o)
 .bss           0x02012e00        0x0 c:/devkitpro/devkitarm/bin/../lib/gcc/arm-eabi/4.6.1/../../../../arm-eabi/lib/thumb\libg.a(lib_a-wbuf.o)
 .bss           0x02012e00        0x0 c:/devkitpro/devkitarm/bin/../lib/gcc/arm-eabi/4.6.1/../../../../arm-eabi/lib/thumb\libg.a(lib_a-wcsnrtombs.o)
 .bss           0x02012e00        0x0 c:/devkitpro/devkitarm/bin/../lib/gcc/arm-eabi/4.6.1/../../../../arm-eabi/lib/thumb\libg.a(lib_a-fclose.o)
 .bss           0x02012e00        0x0 c:/devkitpro/devkitarm/bin/../lib/gcc/arm-eabi/4.6.1/../../../../arm-eabi/lib/thumb\libg.a(lib_a-getenv_r.o)
 .bss           0x02012e00        0x4 c:/devkitpro/devkitarm/bin/../lib/gcc/arm-eabi/4.6.1/../../../../arm-eabi/lib/thumb\libg.a(lib_a-environ.o)
 .bss           0x02012e04        0x0 c:/devkitpro/devkitarm/bin/../lib/gcc/arm-eabi/4.6.1/../../../../arm-eabi/lib/thumb\libg.a(lib_a-envlock.o)
 .bss           0x02012e04        0x0 c:/devkitpro/devkitarm/bin/../lib/gcc/arm-eabi/4.6.1/../../../../arm-eabi/lib/thumb\libsysbase.a(iosupport.o)
 .bss           0x02012e04        0x0 c:/devkitpro/devkitarm/bin/../lib/gcc/arm-eabi/4.6.1/../../../../arm-eabi/lib/thumb\libsysbase.a(close.o)
 .bss           0x02012e04        0x0 c:/devkitpro/devkitarm/bin/../lib/gcc/arm-eabi/4.6.1/../../../../arm-eabi/lib/thumb\libsysbase.a(fstat.o)
 .bss           0x02012e04        0x0 c:/devkitpro/devkitarm/bin/../lib/gcc/arm-eabi/4.6.1/../../../../arm-eabi/lib/thumb\libsysbase.a(isatty.o)
 .bss           0x02012e04        0x0 c:/devkitpro/devkitarm/bin/../lib/gcc/arm-eabi/4.6.1/../../../../arm-eabi/lib/thumb\libsysbase.a(lseek.o)
 .bss           0x02012e04        0x0 c:/devkitpro/devkitarm/bin/../lib/gcc/arm-eabi/4.6.1/../../../../arm-eabi/lib/thumb\libsysbase.a(read.o)
 .bss           0x02012e04        0x4 c:/devkitpro/devkitarm/bin/../lib/gcc/arm-eabi/4.6.1/../../../../arm-eabi/lib/thumb\libsysbase.a(sbrk.o)
 .bss           0x02012e08        0x0 c:/devkitpro/devkitarm/bin/../lib/gcc/arm-eabi/4.6.1/../../../../arm-eabi/lib/thumb\libsysbase.a(times.o)
 .bss           0x02012e08        0x0 c:/devkitpro/devkitarm/bin/../lib/gcc/arm-eabi/4.6.1/../../../../arm-eabi/lib/thumb\libsysbase.a(write.o)
 .bss           0x02012e08        0x8 c:/devkitpro/devkitarm/bin/../lib/gcc/arm-eabi/4.6.1/../../../../arm-eabi/lib/thumb\libsysbase.a(malloc_vars.o)
                0x02012e08                fake_heap_start
                0x02012e0c                fake_heap_end
 .bss           0x02012e10        0x0 c:/devkitpro/devkitarm/bin/../lib/gcc/arm-eabi/4.6.1/../../../../arm-eabi/lib/thumb\libsysbase.a(build_argv.o)
 .bss           0x02012e10        0x8 c:/devkitpro/devkitarm/bin/../lib/gcc/arm-eabi/4.6.1/../../../../arm-eabi/lib/thumb\libsysbase.a(syscall_support.o)
                0x02012e10                __syscalls
 .bss           0x02012e18     0x1000 c:/devkitpro/devkitarm/bin/../lib/gcc/arm-eabi/4.6.1/../../../../arm-eabi/lib/thumb\libsysbase.a(handle_manager.o)
 .bss           0x02013e18        0x0 c:/devkitpro/devkitarm/bin/../lib/gcc/arm-eabi/4.6.1/thumb\libgcc.a(_udivsi3.o)
 .bss           0x02013e18        0x0 c:/devkitpro/devkitarm/bin/../lib/gcc/arm-eabi/4.6.1/thumb\libgcc.a(_aeabi_uldivmod.o)
 .bss           0x02013e18        0x0 c:/devkitpro/devkitarm/bin/../lib/gcc/arm-eabi/4.6.1/thumb\libgcc.a(_muldi3.o)
 .bss           0x02013e18        0x0 c:/devkitpro/devkitarm/bin/../lib/gcc/arm-eabi/4.6.1/thumb\libgcc.a(bpabi.o)
 .bss           0x02013e18        0x0 c:/devkitpro/devkitarm/bin/../lib/gcc/arm-eabi/4.6.1/thumb\libgcc.a(_divdi3.o)
 .bss           0x02013e18        0x0 c:/devkitpro/devkitarm/bin/../lib/gcc/arm-eabi/4.6.1/thumb\libgcc.a(_udivdi3.o)
 .bss           0x02013e18        0x0 c:/devkitpro/devkitarm/bin/../lib/gcc/arm-eabi/4.6.1/thumb\libgcc.a(_clzsi2.o)
 .bss           0x02013e18        0x0 c:/devkitpro/devkitarm/bin/../lib/gcc/arm-eabi/4.6.1/../../../../arm-eabi/lib/thumb\libg.a(lib_a-errno.o)
 .bss           0x02013e18        0x0 c:/devkitpro/devkitarm/bin/../lib/gcc/arm-eabi/4.6.1/thumb/crtend.o
 .bss           0x02013e18        0x0 c:/devkitpro/devkitarm/bin/../lib/gcc/arm-eabi/4.6.1/thumb/crtn.o
 *(COMMON)
 COMMON         0x02013e18       0x5c c:/devkitPro/libnds/lib\libnds9.a(console.o)
                0x02013e18                currentCopy
 COMMON         0x02013e74        0x1 c:/devkitPro/libnds/lib\libnds9.a(initSystem.o)
                0x02013e74                __dsimode
 *fill*         0x02013e75        0x3 00
 COMMON         0x02013e78      0xa40 c:/devkitPro/libnds/lib\libnds9.a(fifosystem.o)
                0x02013e78                fifo_datamsg_data
                0x02013eb8                fifo_buffer
                0x020146b8                fifo_value32_func
                0x020146f8                fifo_address_func
                0x02014738                fifo_value32_data
                0x02014778                fifo_value32_queue
                0x020147b8                fifo_data_queue
                0x020147f8                fifo_address_data
                0x02014838                fifo_datamsg_func
                0x02014878                fifo_address_queue
 COMMON         0x020148b8      0x148 c:/devkitPro/libnds/lib\libnds9.a(background.o)
                0x020148b8                bgState
                0x020149f8                bgIsTextLut
 COMMON         0x02014a00        0x4 c:/devkitpro/devkitarm/bin/../lib/gcc/arm-eabi/4.6.1/../../../../arm-eabi/lib/thumb\libsysbase.a(times.o)
                0x02014a00                punixTime
                0x02014a04                . = ALIGN (0x4)
                0x02014a04                __bss_end__ = ABSOLUTE (.)
                0x02014a04                __end__ = ABSOLUTE (.)

.stab
 *(.stab)

.stabstr
 *(.stabstr)

.stab.excl
 *(.stab.excl)

.stab.exclstr
 *(.stab.exclstr)

.stab.index
 *(.stab.index)

.stab.indexstr
 *(.stab.indexstr)

.comment        0x00000000       0x44
 *(.comment)
 .comment       0x00000000       0x22 c:/devkitpro/devkitarm/bin/../lib/gcc/arm-eabi/4.6.1/thumb/crtbegin.o
                                 0x23 (size before relaxing)
 .comment       0x00000000       0x23 main.o
 .comment       0x00000022       0x22 c:/devkitPro/libnds/lib\libnds9.a(console.o)
                                 0x23 (size before relaxing)
 .comment       0x00000000       0x23 c:/devkitPro/libnds/lib\libnds9.a(initSystem.o)
 .comment       0x00000000       0x23 c:/devkitPro/libnds/lib\libnds9.a(fifosystem.o)
 .comment       0x00000000       0x23 c:/devkitPro/libnds/lib\libnds9.a(interrupts.o)
 .comment       0x00000000       0x23 c:/devkitPro/libnds/lib\libnds9.a(libnds_exit.o)
 .comment       0x00000000       0x23 c:/devkitPro/libnds/lib\libnds9.a(background.o)
 .comment       0x00000000       0x23 c:/devkitPro/libnds/lib\libnds9.a(system.o)
 .comment       0x00000000       0x23 c:/devkitPro/libnds/lib\libnds9.a(trig.o)
 .comment       0x00000000       0x23 c:/devkitPro/libnds/lib\libnds9.a(video.o)
 .comment       0x00000000       0x23 d:/Dropbox/studia/informatyka/magisterka/code/phase01/sandbox/lib\liblibs.a(basic_lib.o)
 .comment       0x00000000       0x23 c:/devkitpro/devkitarm/bin/../lib/gcc/arm-eabi/4.6.1/../../../../arm-eabi/lib/thumb\libg.a(lib_a-bsearch.o)
 .comment       0x00000000       0x23 c:/devkitpro/devkitarm/bin/../lib/gcc/arm-eabi/4.6.1/../../../../arm-eabi/lib/thumb\libg.a(lib_a-impure.o)
 .comment       0x00000000       0x23 c:/devkitpro/devkitarm/bin/../lib/gcc/arm-eabi/4.6.1/../../../../arm-eabi/lib/thumb\libg.a(lib_a-init.o)
 .comment       0x00000000       0x23 c:/devkitpro/devkitarm/bin/../lib/gcc/arm-eabi/4.6.1/../../../../arm-eabi/lib/thumb\libg.a(lib_a-iprintf.o)
 .comment       0x00000000       0x23 c:/devkitpro/devkitarm/bin/../lib/gcc/arm-eabi/4.6.1/../../../../arm-eabi/lib/thumb\libg.a(lib_a-malloc.o)
 .comment       0x00000000       0x23 c:/devkitpro/devkitarm/bin/../lib/gcc/arm-eabi/4.6.1/../../../../arm-eabi/lib/thumb\libg.a(lib_a-mallocr.o)
 .comment       0x00000000       0x23 c:/devkitpro/devkitarm/bin/../lib/gcc/arm-eabi/4.6.1/../../../../arm-eabi/lib/thumb\libg.a(lib_a-memcpy.o)
 .comment       0x00000000       0x23 c:/devkitpro/devkitarm/bin/../lib/gcc/arm-eabi/4.6.1/../../../../arm-eabi/lib/thumb\libg.a(lib_a-mlock.o)
 .comment       0x00000000       0x23 c:/devkitpro/devkitarm/bin/../lib/gcc/arm-eabi/4.6.1/../../../../arm-eabi/lib/thumb\libg.a(lib_a-setvbuf.o)
 .comment       0x00000000       0x23 c:/devkitpro/devkitarm/bin/../lib/gcc/arm-eabi/4.6.1/../../../../arm-eabi/lib/thumb\libg.a(lib_a-siscanf.o)
 .comment       0x00000000       0x23 c:/devkitpro/devkitarm/bin/../lib/gcc/arm-eabi/4.6.1/../../../../arm-eabi/lib/thumb\libg.a(lib_a-stdio.o)
 .comment       0x00000000       0x23 c:/devkitpro/devkitarm/bin/../lib/gcc/arm-eabi/4.6.1/../../../../arm-eabi/lib/thumb\libg.a(lib_a-strlen.o)
 .comment       0x00000000       0x23 c:/devkitpro/devkitarm/bin/../lib/gcc/arm-eabi/4.6.1/../../../../arm-eabi/lib/thumb\libg.a(lib_a-svfiscanf.o)
 .comment       0x00000000       0x23 c:/devkitpro/devkitarm/bin/../lib/gcc/arm-eabi/4.6.1/../../../../arm-eabi/lib/thumb\libg.a(lib_a-ungetc.o)
 .comment       0x00000000       0x23 c:/devkitpro/devkitarm/bin/../lib/gcc/arm-eabi/4.6.1/../../../../arm-eabi/lib/thumb\libg.a(lib_a-vfiprintf.o)
 .comment       0x00000000       0x23 c:/devkitpro/devkitarm/bin/../lib/gcc/arm-eabi/4.6.1/../../../../arm-eabi/lib/thumb\libg.a(lib_a-wcrtomb.o)
 .comment       0x00000000       0x23 c:/devkitpro/devkitarm/bin/../lib/gcc/arm-eabi/4.6.1/../../../../arm-eabi/lib/thumb\libg.a(lib_a-wcsrtombs.o)
 .comment       0x00000000       0x23 c:/devkitpro/devkitarm/bin/../lib/gcc/arm-eabi/4.6.1/../../../../arm-eabi/lib/thumb\libg.a(lib_a-wctomb_r.o)
 .comment       0x00000000       0x23 c:/devkitpro/devkitarm/bin/../lib/gcc/arm-eabi/4.6.1/../../../../arm-eabi/lib/thumb\libg.a(lib_a-wsetup.o)
 .comment       0x00000000       0x23 c:/devkitpro/devkitarm/bin/../lib/gcc/arm-eabi/4.6.1/../../../../arm-eabi/lib/thumb\libg.a(lib_a-ctype_.o)
 .comment       0x00000000       0x23 c:/devkitpro/devkitarm/bin/../lib/gcc/arm-eabi/4.6.1/../../../../arm-eabi/lib/thumb\libg.a(lib_a-fflush.o)
 .comment       0x00000000       0x23 c:/devkitpro/devkitarm/bin/../lib/gcc/arm-eabi/4.6.1/../../../../arm-eabi/lib/thumb\libg.a(lib_a-findfp.o)
 .comment       0x00000000       0x23 c:/devkitpro/devkitarm/bin/../lib/gcc/arm-eabi/4.6.1/../../../../arm-eabi/lib/thumb\libg.a(lib_a-fputwc.o)
 .comment       0x00000000       0x23 c:/devkitpro/devkitarm/bin/../lib/gcc/arm-eabi/4.6.1/../../../../arm-eabi/lib/thumb\libg.a(lib_a-freer.o)
 .comment       0x00000000       0x23 c:/devkitpro/devkitarm/bin/../lib/gcc/arm-eabi/4.6.1/../../../../arm-eabi/lib/thumb\libg.a(lib_a-fvwrite.o)
 .comment       0x00000000       0x23 c:/devkitpro/devkitarm/bin/../lib/gcc/arm-eabi/4.6.1/../../../../arm-eabi/lib/thumb\libg.a(lib_a-fwalk.o)
 .comment       0x00000000       0x23 c:/devkitpro/devkitarm/bin/../lib/gcc/arm-eabi/4.6.1/../../../../arm-eabi/lib/thumb\libg.a(lib_a-iswspace.o)
 .comment       0x00000000       0x23 c:/devkitpro/devkitarm/bin/../lib/gcc/arm-eabi/4.6.1/../../../../arm-eabi/lib/thumb\libg.a(lib_a-jp2uc.o)
 .comment       0x00000000       0x23 c:/devkitpro/devkitarm/bin/../lib/gcc/arm-eabi/4.6.1/../../../../arm-eabi/lib/thumb\libg.a(lib_a-locale.o)
 .comment       0x00000000       0x23 c:/devkitpro/devkitarm/bin/../lib/gcc/arm-eabi/4.6.1/../../../../arm-eabi/lib/thumb\libg.a(lib_a-makebuf.o)
 .comment       0x00000000       0x23 c:/devkitpro/devkitarm/bin/../lib/gcc/arm-eabi/4.6.1/../../../../arm-eabi/lib/thumb\libg.a(lib_a-mbrtowc.o)
 .comment       0x00000000       0x23 c:/devkitpro/devkitarm/bin/../lib/gcc/arm-eabi/4.6.1/../../../../arm-eabi/lib/thumb\libg.a(lib_a-mbtowc_r.o)
 .comment       0x00000000       0x23 c:/devkitpro/devkitarm/bin/../lib/gcc/arm-eabi/4.6.1/../../../../arm-eabi/lib/thumb\libg.a(lib_a-memchr.o)
 .comment       0x00000000       0x23 c:/devkitpro/devkitarm/bin/../lib/gcc/arm-eabi/4.6.1/../../../../arm-eabi/lib/thumb\libg.a(lib_a-memmove.o)
 .comment       0x00000000       0x23 c:/devkitpro/devkitarm/bin/../lib/gcc/arm-eabi/4.6.1/../../../../arm-eabi/lib/thumb\libg.a(lib_a-memset.o)
 .comment       0x00000000       0x23 c:/devkitpro/devkitarm/bin/../lib/gcc/arm-eabi/4.6.1/../../../../arm-eabi/lib/thumb\libg.a(lib_a-reallocr.o)
 .comment       0x00000000       0x23 c:/devkitpro/devkitarm/bin/../lib/gcc/arm-eabi/4.6.1/../../../../arm-eabi/lib/thumb\libg.a(lib_a-sccl.o)
 .comment       0x00000000       0x23 c:/devkitpro/devkitarm/bin/../lib/gcc/arm-eabi/4.6.1/../../../../arm-eabi/lib/thumb\libg.a(lib_a-strcasecmp.o)
 .comment       0x00000000       0x23 c:/devkitpro/devkitarm/bin/../lib/gcc/arm-eabi/4.6.1/../../../../arm-eabi/lib/thumb\libg.a(lib_a-strcat.o)
 .comment       0x00000000       0x23 c:/devkitpro/devkitarm/bin/../lib/gcc/arm-eabi/4.6.1/../../../../arm-eabi/lib/thumb\libg.a(lib_a-strchr.o)
 .comment       0x00000000       0x23 c:/devkitpro/devkitarm/bin/../lib/gcc/arm-eabi/4.6.1/../../../../arm-eabi/lib/thumb\libg.a(lib_a-strcmp.o)
 .comment       0x00000000       0x23 c:/devkitpro/devkitarm/bin/../lib/gcc/arm-eabi/4.6.1/../../../../arm-eabi/lib/thumb\libg.a(lib_a-strcpy.o)
 .comment       0x00000000       0x23 c:/devkitpro/devkitarm/bin/../lib/gcc/arm-eabi/4.6.1/../../../../arm-eabi/lib/thumb\libg.a(lib_a-strlcpy.o)
 .comment       0x00000000       0x23 c:/devkitpro/devkitarm/bin/../lib/gcc/arm-eabi/4.6.1/../../../../arm-eabi/lib/thumb\libg.a(lib_a-strncasecmp.o)
 .comment       0x00000000       0x23 c:/devkitpro/devkitarm/bin/../lib/gcc/arm-eabi/4.6.1/../../../../arm-eabi/lib/thumb\libg.a(lib_a-strncmp.o)
 .comment       0x00000000       0x23 c:/devkitpro/devkitarm/bin/../lib/gcc/arm-eabi/4.6.1/../../../../arm-eabi/lib/thumb\libg.a(lib_a-strncpy.o)
 .comment       0x00000000       0x23 c:/devkitpro/devkitarm/bin/../lib/gcc/arm-eabi/4.6.1/../../../../arm-eabi/lib/thumb\libg.a(lib_a-strtol.o)
 .comment       0x00000000       0x23 c:/devkitpro/devkitarm/bin/../lib/gcc/arm-eabi/4.6.1/../../../../arm-eabi/lib/thumb\libg.a(lib_a-strtoll_r.o)
 .comment       0x00000000       0x23 c:/devkitpro/devkitarm/bin/../lib/gcc/arm-eabi/4.6.1/../../../../arm-eabi/lib/thumb\libg.a(lib_a-strtoul.o)
 .comment       0x00000000       0x23 c:/devkitpro/devkitarm/bin/../lib/gcc/arm-eabi/4.6.1/../../../../arm-eabi/lib/thumb\libg.a(lib_a-strtoull_r.o)
 .comment       0x00000000       0x23 c:/devkitpro/devkitarm/bin/../lib/gcc/arm-eabi/4.6.1/../../../../arm-eabi/lib/thumb\libg.a(lib_a-wbuf.o)
 .comment       0x00000000       0x23 c:/devkitpro/devkitarm/bin/../lib/gcc/arm-eabi/4.6.1/../../../../arm-eabi/lib/thumb\libg.a(lib_a-wcsnrtombs.o)
 .comment       0x00000000       0x23 c:/devkitpro/devkitarm/bin/../lib/gcc/arm-eabi/4.6.1/../../../../arm-eabi/lib/thumb\libg.a(lib_a-fclose.o)
 .comment       0x00000000       0x23 c:/devkitpro/devkitarm/bin/../lib/gcc/arm-eabi/4.6.1/../../../../arm-eabi/lib/thumb\libg.a(lib_a-getenv_r.o)
 .comment       0x00000000       0x23 c:/devkitpro/devkitarm/bin/../lib/gcc/arm-eabi/4.6.1/../../../../arm-eabi/lib/thumb\libg.a(lib_a-environ.o)
 .comment       0x00000000       0x23 c:/devkitpro/devkitarm/bin/../lib/gcc/arm-eabi/4.6.1/../../../../arm-eabi/lib/thumb\libg.a(lib_a-envlock.o)
 .comment       0x00000000       0x23 c:/devkitpro/devkitarm/bin/../lib/gcc/arm-eabi/4.6.1/../../../../arm-eabi/lib/thumb\libsysbase.a(iosupport.o)
 .comment       0x00000000       0x23 c:/devkitpro/devkitarm/bin/../lib/gcc/arm-eabi/4.6.1/../../../../arm-eabi/lib/thumb\libsysbase.a(close.o)
 .comment       0x00000000       0x23 c:/devkitpro/devkitarm/bin/../lib/gcc/arm-eabi/4.6.1/../../../../arm-eabi/lib/thumb\libsysbase.a(fstat.o)
 .comment       0x00000000       0x23 c:/devkitpro/devkitarm/bin/../lib/gcc/arm-eabi/4.6.1/../../../../arm-eabi/lib/thumb\libsysbase.a(isatty.o)
 .comment       0x00000000       0x23 c:/devkitpro/devkitarm/bin/../lib/gcc/arm-eabi/4.6.1/../../../../arm-eabi/lib/thumb\libsysbase.a(lseek.o)
 .comment       0x00000000       0x23 c:/devkitpro/devkitarm/bin/../lib/gcc/arm-eabi/4.6.1/../../../../arm-eabi/lib/thumb\libsysbase.a(read.o)
 .comment       0x00000000       0x23 c:/devkitpro/devkitarm/bin/../lib/gcc/arm-eabi/4.6.1/../../../../arm-eabi/lib/thumb\libsysbase.a(sbrk.o)
 .comment       0x00000000       0x23 c:/devkitpro/devkitarm/bin/../lib/gcc/arm-eabi/4.6.1/../../../../arm-eabi/lib/thumb\libsysbase.a(times.o)
 .comment       0x00000000       0x23 c:/devkitpro/devkitarm/bin/../lib/gcc/arm-eabi/4.6.1/../../../../arm-eabi/lib/thumb\libsysbase.a(write.o)
 .comment       0x00000000       0x23 c:/devkitpro/devkitarm/bin/../lib/gcc/arm-eabi/4.6.1/../../../../arm-eabi/lib/thumb\libsysbase.a(malloc_vars.o)
 .comment       0x00000000       0x23 c:/devkitpro/devkitarm/bin/../lib/gcc/arm-eabi/4.6.1/../../../../arm-eabi/lib/thumb\libsysbase.a(build_argv.o)
 .comment       0x00000000       0x23 c:/devkitpro/devkitarm/bin/../lib/gcc/arm-eabi/4.6.1/../../../../arm-eabi/lib/thumb\libsysbase.a(syscall_support.o)
 .comment       0x00000000       0x23 c:/devkitpro/devkitarm/bin/../lib/gcc/arm-eabi/4.6.1/../../../../arm-eabi/lib/thumb\libsysbase.a(handle_manager.o)
 .comment       0x00000000       0x23 c:/devkitpro/devkitarm/bin/../lib/gcc/arm-eabi/4.6.1/thumb\libgcc.a(_muldi3.o)
 .comment       0x00000000       0x23 c:/devkitpro/devkitarm/bin/../lib/gcc/arm-eabi/4.6.1/thumb\libgcc.a(bpabi.o)
 .comment       0x00000000       0x23 c:/devkitpro/devkitarm/bin/../lib/gcc/arm-eabi/4.6.1/thumb\libgcc.a(_divdi3.o)
 .comment       0x00000000       0x23 c:/devkitpro/devkitarm/bin/../lib/gcc/arm-eabi/4.6.1/thumb\libgcc.a(_udivdi3.o)
 .comment       0x00000000       0x23 c:/devkitpro/devkitarm/bin/../lib/gcc/arm-eabi/4.6.1/../../../../arm-eabi/lib/thumb\libg.a(lib_a-errno.o)
 .comment       0x00000000       0x23 c:/devkitpro/devkitarm/bin/../lib/gcc/arm-eabi/4.6.1/thumb/crtend.o

.ARM.attributes
                0x00000000       0x2f
 .ARM.attributes
                0x00000000       0x23 c:/devkitpro/devkitarm/bin/../lib/gcc/arm-eabi/4.6.1/../../../../arm-eabi/lib/thumb/ds_arm9_crt0.o
 .ARM.attributes
                0x00000023       0x18 c:/devkitpro/devkitarm/bin/../lib/gcc/arm-eabi/4.6.1/thumb/crti.o
 .ARM.attributes
                0x0000003b       0x32 c:/devkitpro/devkitarm/bin/../lib/gcc/arm-eabi/4.6.1/thumb/crtbegin.o
 .ARM.attributes
                0x0000006d       0x29 main.o
 .ARM.attributes
                0x00000096       0x1d test.o
 .ARM.attributes
                0x000000b3       0x29 c:/devkitPro/libnds/lib\libnds9.a(console.o)
 .ARM.attributes
                0x000000dc       0x29 c:/devkitPro/libnds/lib\libnds9.a(initSystem.o)
 .ARM.attributes
                0x00000105       0x29 c:/devkitPro/libnds/lib\libnds9.a(fifosystem.o)
 .ARM.attributes
                0x0000012e       0x29 c:/devkitPro/libnds/lib\libnds9.a(interrupts.o)
 .ARM.attributes
                0x00000157       0x29 c:/devkitPro/libnds/lib\libnds9.a(libnds_exit.o)
 .ARM.attributes
                0x00000180       0x23 c:/devkitPro/libnds/lib\libnds9.a(mpu_setup.o)
 .ARM.attributes
                0x000001a3       0x1d c:/devkitPro/libnds/lib\libnds9.a(biosCalls.o)
 .ARM.attributes
                0x000001c0       0x1d c:/devkitPro/libnds/lib\libnds9.a(debugprint.o)
 .ARM.attributes
                0x000001dd       0x1d c:/devkitPro/libnds/lib\libnds9.a(interruptDispatcher.o)
 .ARM.attributes
                0x000001fa       0x23 c:/devkitPro/libnds/lib\libnds9.a(swiSoftReset.o)
 .ARM.attributes
                0x0000021d       0x16 c:/devkitPro/libnds/lib\libnds9.a(default_font.bin.o)
 .ARM.attributes
                0x00000233       0x29 c:/devkitPro/libnds/lib\libnds9.a(background.o)
 .ARM.attributes
                0x0000025c       0x29 c:/devkitPro/libnds/lib\libnds9.a(system.o)
 .ARM.attributes
                0x00000285       0x29 c:/devkitPro/libnds/lib\libnds9.a(trig.o)
 .ARM.attributes
                0x000002ae       0x29 c:/devkitPro/libnds/lib\libnds9.a(video.o)
 .ARM.attributes
                0x000002d7       0x29 d:/Dropbox/studia/informatyka/magisterka/code/phase01/sandbox/lib\liblibs.a(basic_lib.o)
 .ARM.attributes
                0x00000300       0x1a c:/devkitpro/devkitarm/bin/../lib/gcc/arm-eabi/4.6.1/thumb\libgcc.a(_divsi3.o)
 .ARM.attributes
                0x0000031a       0x18 c:/devkitpro/devkitarm/bin/../lib/gcc/arm-eabi/4.6.1/thumb\libgcc.a(_dvmd_tls.o)
 .ARM.attributes
                0x00000332       0x32 c:/devkitpro/devkitarm/bin/../lib/gcc/arm-eabi/4.6.1/../../../../arm-eabi/lib/thumb\libg.a(lib_a-bsearch.o)
 .ARM.attributes
                0x00000364       0x32 c:/devkitpro/devkitarm/bin/../lib/gcc/arm-eabi/4.6.1/../../../../arm-eabi/lib/thumb\libg.a(lib_a-impure.o)
 .ARM.attributes
                0x00000396       0x32 c:/devkitpro/devkitarm/bin/../lib/gcc/arm-eabi/4.6.1/../../../../arm-eabi/lib/thumb\libg.a(lib_a-init.o)
 .ARM.attributes
                0x000003c8       0x32 c:/devkitpro/devkitarm/bin/../lib/gcc/arm-eabi/4.6.1/../../../../arm-eabi/lib/thumb\libg.a(lib_a-iprintf.o)
 .ARM.attributes
                0x000003fa       0x32 c:/devkitpro/devkitarm/bin/../lib/gcc/arm-eabi/4.6.1/../../../../arm-eabi/lib/thumb\libg.a(lib_a-malloc.o)
 .ARM.attributes
                0x0000042c       0x32 c:/devkitpro/devkitarm/bin/../lib/gcc/arm-eabi/4.6.1/../../../../arm-eabi/lib/thumb\libg.a(lib_a-mallocr.o)
 .ARM.attributes
                0x0000045e       0x32 c:/devkitpro/devkitarm/bin/../lib/gcc/arm-eabi/4.6.1/../../../../arm-eabi/lib/thumb\libg.a(lib_a-memcpy.o)
 .ARM.attributes
                0x00000490       0x32 c:/devkitpro/devkitarm/bin/../lib/gcc/arm-eabi/4.6.1/../../../../arm-eabi/lib/thumb\libg.a(lib_a-mlock.o)
 .ARM.attributes
                0x000004c2       0x32 c:/devkitpro/devkitarm/bin/../lib/gcc/arm-eabi/4.6.1/../../../../arm-eabi/lib/thumb\libg.a(lib_a-setvbuf.o)
 .ARM.attributes
                0x000004f4       0x32 c:/devkitpro/devkitarm/bin/../lib/gcc/arm-eabi/4.6.1/../../../../arm-eabi/lib/thumb\libg.a(lib_a-siscanf.o)
 .ARM.attributes
                0x00000526       0x32 c:/devkitpro/devkitarm/bin/../lib/gcc/arm-eabi/4.6.1/../../../../arm-eabi/lib/thumb\libg.a(lib_a-stdio.o)
 .ARM.attributes
                0x00000558       0x32 c:/devkitpro/devkitarm/bin/../lib/gcc/arm-eabi/4.6.1/../../../../arm-eabi/lib/thumb\libg.a(lib_a-strlen.o)
 .ARM.attributes
                0x0000058a       0x32 c:/devkitpro/devkitarm/bin/../lib/gcc/arm-eabi/4.6.1/../../../../arm-eabi/lib/thumb\libg.a(lib_a-svfiscanf.o)
 .ARM.attributes
                0x000005bc       0x32 c:/devkitpro/devkitarm/bin/../lib/gcc/arm-eabi/4.6.1/../../../../arm-eabi/lib/thumb\libg.a(lib_a-ungetc.o)
 .ARM.attributes
                0x000005ee       0x32 c:/devkitpro/devkitarm/bin/../lib/gcc/arm-eabi/4.6.1/../../../../arm-eabi/lib/thumb\libg.a(lib_a-vfiprintf.o)
 .ARM.attributes
                0x00000620       0x32 c:/devkitpro/devkitarm/bin/../lib/gcc/arm-eabi/4.6.1/../../../../arm-eabi/lib/thumb\libg.a(lib_a-wcrtomb.o)
 .ARM.attributes
                0x00000652       0x32 c:/devkitpro/devkitarm/bin/../lib/gcc/arm-eabi/4.6.1/../../../../arm-eabi/lib/thumb\libg.a(lib_a-wcsrtombs.o)
 .ARM.attributes
                0x00000684       0x32 c:/devkitpro/devkitarm/bin/../lib/gcc/arm-eabi/4.6.1/../../../../arm-eabi/lib/thumb\libg.a(lib_a-wctomb_r.o)
 .ARM.attributes
                0x000006b6       0x32 c:/devkitpro/devkitarm/bin/../lib/gcc/arm-eabi/4.6.1/../../../../arm-eabi/lib/thumb\libg.a(lib_a-wsetup.o)
 .ARM.attributes
                0x000006e8       0x32 c:/devkitpro/devkitarm/bin/../lib/gcc/arm-eabi/4.6.1/../../../../arm-eabi/lib/thumb\libg.a(lib_a-ctype_.o)
 .ARM.attributes
                0x0000071a       0x32 c:/devkitpro/devkitarm/bin/../lib/gcc/arm-eabi/4.6.1/../../../../arm-eabi/lib/thumb\libg.a(lib_a-fflush.o)
 .ARM.attributes
                0x0000074c       0x32 c:/devkitpro/devkitarm/bin/../lib/gcc/arm-eabi/4.6.1/../../../../arm-eabi/lib/thumb\libg.a(lib_a-findfp.o)
 .ARM.attributes
                0x0000077e       0x32 c:/devkitpro/devkitarm/bin/../lib/gcc/arm-eabi/4.6.1/../../../../arm-eabi/lib/thumb\libg.a(lib_a-fputwc.o)
 .ARM.attributes
                0x000007b0       0x32 c:/devkitpro/devkitarm/bin/../lib/gcc/arm-eabi/4.6.1/../../../../arm-eabi/lib/thumb\libg.a(lib_a-freer.o)
 .ARM.attributes
                0x000007e2       0x32 c:/devkitpro/devkitarm/bin/../lib/gcc/arm-eabi/4.6.1/../../../../arm-eabi/lib/thumb\libg.a(lib_a-fvwrite.o)
 .ARM.attributes
                0x00000814       0x32 c:/devkitpro/devkitarm/bin/../lib/gcc/arm-eabi/4.6.1/../../../../arm-eabi/lib/thumb\libg.a(lib_a-fwalk.o)
 .ARM.attributes
                0x00000846       0x32 c:/devkitpro/devkitarm/bin/../lib/gcc/arm-eabi/4.6.1/../../../../arm-eabi/lib/thumb\libg.a(lib_a-iswspace.o)
 .ARM.attributes
                0x00000878       0x32 c:/devkitpro/devkitarm/bin/../lib/gcc/arm-eabi/4.6.1/../../../../arm-eabi/lib/thumb\libg.a(lib_a-jp2uc.o)
 .ARM.attributes
                0x000008aa       0x32 c:/devkitpro/devkitarm/bin/../lib/gcc/arm-eabi/4.6.1/../../../../arm-eabi/lib/thumb\libg.a(lib_a-locale.o)
 .ARM.attributes
                0x000008dc       0x32 c:/devkitpro/devkitarm/bin/../lib/gcc/arm-eabi/4.6.1/../../../../arm-eabi/lib/thumb\libg.a(lib_a-makebuf.o)
 .ARM.attributes
                0x0000090e       0x32 c:/devkitpro/devkitarm/bin/../lib/gcc/arm-eabi/4.6.1/../../../../arm-eabi/lib/thumb\libg.a(lib_a-mbrtowc.o)
 .ARM.attributes
                0x00000940       0x32 c:/devkitpro/devkitarm/bin/../lib/gcc/arm-eabi/4.6.1/../../../../arm-eabi/lib/thumb\libg.a(lib_a-mbtowc_r.o)
 .ARM.attributes
                0x00000972       0x32 c:/devkitpro/devkitarm/bin/../lib/gcc/arm-eabi/4.6.1/../../../../arm-eabi/lib/thumb\libg.a(lib_a-memchr.o)
 .ARM.attributes
                0x000009a4       0x32 c:/devkitpro/devkitarm/bin/../lib/gcc/arm-eabi/4.6.1/../../../../arm-eabi/lib/thumb\libg.a(lib_a-memmove.o)
 .ARM.attributes
                0x000009d6       0x32 c:/devkitpro/devkitarm/bin/../lib/gcc/arm-eabi/4.6.1/../../../../arm-eabi/lib/thumb\libg.a(lib_a-memset.o)
 .ARM.attributes
                0x00000a08       0x32 c:/devkitpro/devkitarm/bin/../lib/gcc/arm-eabi/4.6.1/../../../../arm-eabi/lib/thumb\libg.a(lib_a-reallocr.o)
 .ARM.attributes
                0x00000a3a       0x32 c:/devkitpro/devkitarm/bin/../lib/gcc/arm-eabi/4.6.1/../../../../arm-eabi/lib/thumb\libg.a(lib_a-sccl.o)
 .ARM.attributes
                0x00000a6c       0x32 c:/devkitpro/devkitarm/bin/../lib/gcc/arm-eabi/4.6.1/../../../../arm-eabi/lib/thumb\libg.a(lib_a-strcasecmp.o)
 .ARM.attributes
                0x00000a9e       0x32 c:/devkitpro/devkitarm/bin/../lib/gcc/arm-eabi/4.6.1/../../../../arm-eabi/lib/thumb\libg.a(lib_a-strcat.o)
 .ARM.attributes
                0x00000ad0       0x32 c:/devkitpro/devkitarm/bin/../lib/gcc/arm-eabi/4.6.1/../../../../arm-eabi/lib/thumb\libg.a(lib_a-strchr.o)
 .ARM.attributes
                0x00000b02       0x32 c:/devkitpro/devkitarm/bin/../lib/gcc/arm-eabi/4.6.1/../../../../arm-eabi/lib/thumb\libg.a(lib_a-strcmp.o)
 .ARM.attributes
                0x00000b34       0x32 c:/devkitpro/devkitarm/bin/../lib/gcc/arm-eabi/4.6.1/../../../../arm-eabi/lib/thumb\libg.a(lib_a-strcpy.o)
 .ARM.attributes
                0x00000b66       0x32 c:/devkitpro/devkitarm/bin/../lib/gcc/arm-eabi/4.6.1/../../../../arm-eabi/lib/thumb\libg.a(lib_a-strlcpy.o)
 .ARM.attributes
                0x00000b98       0x32 c:/devkitpro/devkitarm/bin/../lib/gcc/arm-eabi/4.6.1/../../../../arm-eabi/lib/thumb\libg.a(lib_a-strncasecmp.o)
 .ARM.attributes
                0x00000bca       0x32 c:/devkitpro/devkitarm/bin/../lib/gcc/arm-eabi/4.6.1/../../../../arm-eabi/lib/thumb\libg.a(lib_a-strncmp.o)
 .ARM.attributes
                0x00000bfc       0x32 c:/devkitpro/devkitarm/bin/../lib/gcc/arm-eabi/4.6.1/../../../../arm-eabi/lib/thumb\libg.a(lib_a-strncpy.o)
 .ARM.attributes
                0x00000c2e       0x32 c:/devkitpro/devkitarm/bin/../lib/gcc/arm-eabi/4.6.1/../../../../arm-eabi/lib/thumb\libg.a(lib_a-strtol.o)
 .ARM.attributes
                0x00000c60       0x32 c:/devkitpro/devkitarm/bin/../lib/gcc/arm-eabi/4.6.1/../../../../arm-eabi/lib/thumb\libg.a(lib_a-strtoll_r.o)
 .ARM.attributes
                0x00000c92       0x32 c:/devkitpro/devkitarm/bin/../lib/gcc/arm-eabi/4.6.1/../../../../arm-eabi/lib/thumb\libg.a(lib_a-strtoul.o)
 .ARM.attributes
                0x00000cc4       0x32 c:/devkitpro/devkitarm/bin/../lib/gcc/arm-eabi/4.6.1/../../../../arm-eabi/lib/thumb\libg.a(lib_a-strtoull_r.o)
 .ARM.attributes
                0x00000cf6       0x32 c:/devkitpro/devkitarm/bin/../lib/gcc/arm-eabi/4.6.1/../../../../arm-eabi/lib/thumb\libg.a(lib_a-wbuf.o)
 .ARM.attributes
                0x00000d28       0x32 c:/devkitpro/devkitarm/bin/../lib/gcc/arm-eabi/4.6.1/../../../../arm-eabi/lib/thumb\libg.a(lib_a-wcsnrtombs.o)
 .ARM.attributes
                0x00000d5a       0x32 c:/devkitpro/devkitarm/bin/../lib/gcc/arm-eabi/4.6.1/../../../../arm-eabi/lib/thumb\libg.a(lib_a-fclose.o)
 .ARM.attributes
                0x00000d8c       0x32 c:/devkitpro/devkitarm/bin/../lib/gcc/arm-eabi/4.6.1/../../../../arm-eabi/lib/thumb\libg.a(lib_a-getenv_r.o)
 .ARM.attributes
                0x00000dbe       0x32 c:/devkitpro/devkitarm/bin/../lib/gcc/arm-eabi/4.6.1/../../../../arm-eabi/lib/thumb\libg.a(lib_a-environ.o)
 .ARM.attributes
                0x00000df0       0x32 c:/devkitpro/devkitarm/bin/../lib/gcc/arm-eabi/4.6.1/../../../../arm-eabi/lib/thumb\libg.a(lib_a-envlock.o)
 .ARM.attributes
                0x00000e22       0x32 c:/devkitpro/devkitarm/bin/../lib/gcc/arm-eabi/4.6.1/../../../../arm-eabi/lib/thumb\libsysbase.a(iosupport.o)
 .ARM.attributes
                0x00000e54       0x32 c:/devkitpro/devkitarm/bin/../lib/gcc/arm-eabi/4.6.1/../../../../arm-eabi/lib/thumb\libsysbase.a(close.o)
 .ARM.attributes
                0x00000e86       0x32 c:/devkitpro/devkitarm/bin/../lib/gcc/arm-eabi/4.6.1/../../../../arm-eabi/lib/thumb\libsysbase.a(fstat.o)
 .ARM.attributes
                0x00000eb8       0x32 c:/devkitpro/devkitarm/bin/../lib/gcc/arm-eabi/4.6.1/../../../../arm-eabi/lib/thumb\libsysbase.a(isatty.o)
 .ARM.attributes
                0x00000eea       0x32 c:/devkitpro/devkitarm/bin/../lib/gcc/arm-eabi/4.6.1/../../../../arm-eabi/lib/thumb\libsysbase.a(lseek.o)
 .ARM.attributes
                0x00000f1c       0x32 c:/devkitpro/devkitarm/bin/../lib/gcc/arm-eabi/4.6.1/../../../../arm-eabi/lib/thumb\libsysbase.a(read.o)
 .ARM.attributes
                0x00000f4e       0x32 c:/devkitpro/devkitarm/bin/../lib/gcc/arm-eabi/4.6.1/../../../../arm-eabi/lib/thumb\libsysbase.a(sbrk.o)
 .ARM.attributes
                0x00000f80       0x32 c:/devkitpro/devkitarm/bin/../lib/gcc/arm-eabi/4.6.1/../../../../arm-eabi/lib/thumb\libsysbase.a(times.o)
 .ARM.attributes
                0x00000fb2       0x32 c:/devkitpro/devkitarm/bin/../lib/gcc/arm-eabi/4.6.1/../../../../arm-eabi/lib/thumb\libsysbase.a(write.o)
 .ARM.attributes
                0x00000fe4       0x32 c:/devkitpro/devkitarm/bin/../lib/gcc/arm-eabi/4.6.1/../../../../arm-eabi/lib/thumb\libsysbase.a(malloc_vars.o)
 .ARM.attributes
                0x00001016       0x32 c:/devkitpro/devkitarm/bin/../lib/gcc/arm-eabi/4.6.1/../../../../arm-eabi/lib/thumb\libsysbase.a(build_argv.o)
 .ARM.attributes
                0x00001048       0x32 c:/devkitpro/devkitarm/bin/../lib/gcc/arm-eabi/4.6.1/../../../../arm-eabi/lib/thumb\libsysbase.a(syscall_support.o)
 .ARM.attributes
                0x0000107a       0x32 c:/devkitpro/devkitarm/bin/../lib/gcc/arm-eabi/4.6.1/../../../../arm-eabi/lib/thumb\libsysbase.a(handle_manager.o)
 .ARM.attributes
                0x000010ac       0x1a c:/devkitpro/devkitarm/bin/../lib/gcc/arm-eabi/4.6.1/thumb\libgcc.a(_udivsi3.o)
 .ARM.attributes
                0x000010c6       0x1a c:/devkitpro/devkitarm/bin/../lib/gcc/arm-eabi/4.6.1/thumb\libgcc.a(_aeabi_uldivmod.o)
 .ARM.attributes
                0x000010e0       0x32 c:/devkitpro/devkitarm/bin/../lib/gcc/arm-eabi/4.6.1/thumb\libgcc.a(_muldi3.o)
 .ARM.attributes
                0x00001112       0x32 c:/devkitpro/devkitarm/bin/../lib/gcc/arm-eabi/4.6.1/thumb\libgcc.a(bpabi.o)
 .ARM.attributes
                0x00001144       0x32 c:/devkitpro/devkitarm/bin/../lib/gcc/arm-eabi/4.6.1/thumb\libgcc.a(_divdi3.o)
 .ARM.attributes